
> subcode@0.1.0 build
> next build --turbopack

   Γû▓ Next.js 15.5.3 (Turbopack)

   Creating an optimized production build ...
 Γ£ô Finished writing to disk in 160ms
node.exe : 
At C:\Program 
Files\nodejs\npm.ps1:29 
char:3
+   & $NODE_EXE 
$NPM_CLI_JS $args
+   ~~~~~~~~~~~~~~~~~~~~
~~~~~~~~~
    + CategoryInfo      
        : NotSpecified  
  : (:String) [], Rem   
 oteException
    + FullyQualifiedErr 
   orId : NativeComman  
  dError
 
> Build error occurred
Error: Turbopack build 
failed with 201 errors:
./src/app/[locale]/deals
/page.jsx:19:1
Module not found: Can't 
resolve 
'@/actions/deals'
[0m [90m 17 |[39m 
[36mimport[39m 
[33mAddDealForm[39m 
[36mfrom[39m [32m"@/c
omponents/deals/add-deal
-form"[39m[33m;[39m
 [90m 18 |[39m 
[36mimport[39m 
[33mDealsTable[39m 
[36mfrom[39m [32m"@/c
omponents/shared/deals-t
able"[39m[33m;[39m
[31m[1m>[22m[39m[90
m 19 |[39m 
[36mimport[39m { 
getDirectDeals } 
[36mfrom[39m [32m"@/a
ctions/deals"[39m[33m;
[39m
 [90m    |[39m [31m[
1m^[22m[39m[31m[1m^
[22m[39m[31m[1m^[22m
[39m[31m[1m^[22m[39
m[31m[1m^[22m[39m[3
1m[1m^[22m[39m[31m[
1m^[22m[39m[31m[1m^
[22m[39m[31m[1m^[22m
[39m[31m[1m^[22m[39
m[31m[1m^[22m[39m[3
1m[1m^[22m[39m[31m[
1m^[22m[39m[31m[1m^
[22m[39m[31m[1m^[22m
[39m[31m[1m^[22m[39
m[31m[1m^[22m[39m[3
1m[1m^[22m[39m[31m[
1m^[22m[39m[31m[1m^
[22m[39m[31m[1m^[22m
[39m[31m[1m^[22m[39
m[31m[1m^[22m[39m[3
1m[1m^[22m[39m[31m[
1m^[22m[39m[31m[1m^
[22m[39m[31m[1m^[22m
[39m[31m[1m^[22m[39
m[31m[1m^[22m[39m[3
1m[1m^[22m[39m[31m[
1m^[22m[39m[31m[1m^
[22m[39m[31m[1m^[22m
[39m[31m[1m^[22m[39
m[31m[1m^[22m[39m[3
1m[1m^[22m[39m[31m[
1m^[22m[39m[31m[1m^
[22m[39m[31m[1m^[22m
[39m[31m[1m^[22m[39
m[31m[1m^[22m[39m[3
1m[1m^[22m[39m[31m[
1m^[22m[39m[31m[1m^
[22m[39m[31m[1m^[22m
[39m[31m[1m^[22m[39
m[31m[1m^[22m[39m[3
1m[1m^[22m[39m[31m[
1m^[22m[39m
 [90m 20 |[39m 
[36mimport[39m { 
toast } [36mfrom[39m 
[32m"sonner"[39m[33m;
[39m
 [90m 21 |[39m
 [90m 22 |[39m 
[36mconst[39m 
[33mPage[39m 
[33m=[39m () 
[33m=>[39m {[0m



https://nextjs.org/docs/
messages/module-not-foun
d


./src/app/[locale]/deals
/page.jsx:19:1
Module not found: Can't 
resolve 
'@/actions/deals'
[0m [90m 17 |[39m 
[36mimport[39m 
[33mAddDealForm[39m 
[36mfrom[39m [32m"@/c
omponents/deals/add-deal
-form"[39m[33m;[39m
 [90m 18 |[39m 
[36mimport[39m 
[33mDealsTable[39m 
[36mfrom[39m [32m"@/c
omponents/shared/deals-t
able"[39m[33m;[39m
[31m[1m>[22m[39m[90
m 19 |[39m 
[36mimport[39m { 
getDirectDeals } 
[36mfrom[39m [32m"@/a
ctions/deals"[39m[33m;
[39m
 [90m    |[39m [31m[
1m^[22m[39m[31m[1m^
[22m[39m[31m[1m^[22m
[39m[31m[1m^[22m[39
m[31m[1m^[22m[39m[3
1m[1m^[22m[39m[31m[
1m^[22m[39m[31m[1m^
[22m[39m[31m[1m^[22m
[39m[31m[1m^[22m[39
m[31m[1m^[22m[39m[3
1m[1m^[22m[39m[31m[
1m^[22m[39m[31m[1m^
[22m[39m[31m[1m^[22m
[39m[31m[1m^[22m[39
m[31m[1m^[22m[39m[3
1m[1m^[22m[39m[31m[
1m^[22m[39m[31m[1m^
[22m[39m[31m[1m^[22m
[39m[31m[1m^[22m[39
m[31m[1m^[22m[39m[3
1m[1m^[22m[39m[31m[
1m^[22m[39m[31m[1m^
[22m[39m[31m[1m^[22m
[39m[31m[1m^[22m[39
m[31m[1m^[22m[39m[3
1m[1m^[22m[39m[31m[
1m^[22m[39m[31m[1m^
[22m[39m[31m[1m^[22m
[39m[31m[1m^[22m[39
m[31m[1m^[22m[39m[3
1m[1m^[22m[39m[31m[
1m^[22m[39m[31m[1m^
[22m[39m[31m[1m^[22m
[39m[31m[1m^[22m[39
m[31m[1m^[22m[39m[3
1m[1m^[22m[39m[31m[
1m^[22m[39m[31m[1m^
[22m[39m[31m[1m^[22m
[39m[31m[1m^[22m[39
m[31m[1m^[22m[39m[3
1m[1m^[22m[39m[31m[
1m^[22m[39m
 [90m 20 |[39m 
[36mimport[39m { 
toast } [36mfrom[39m 
[32m"sonner"[39m[33m;
[39m
 [90m 21 |[39m
 [90m 22 |[39m 
[36mconst[39m 
[33mPage[39m 
[33m=[39m () 
[33m=>[39m {[0m



https://nextjs.org/docs/
messages/module-not-foun
d


./src/app/[locale]/deals
/page.jsx:19:1
Module not found: Can't 
resolve 
'@/actions/deals'
[0m [90m 17 |[39m 
[36mimport[39m 
[33mAddDealForm[39m 
[36mfrom[39m [32m"@/c
omponents/deals/add-deal
-form"[39m[33m;[39m
 [90m 18 |[39m 
[36mimport[39m 
[33mDealsTable[39m 
[36mfrom[39m [32m"@/c
omponents/shared/deals-t
able"[39m[33m;[39m
[31m[1m>[22m[39m[90
m 19 |[39m 
[36mimport[39m { 
getDirectDeals } 
[36mfrom[39m [32m"@/a
ctions/deals"[39m[33m;
[39m
 [90m    |[39m [31m[
1m^[22m[39m[31m[1m^
[22m[39m[31m[1m^[22m
[39m[31m[1m^[22m[39
m[31m[1m^[22m[39m[3
1m[1m^[22m[39m[31m[
1m^[22m[39m[31m[1m^
[22m[39m[31m[1m^[22m
[39m[31m[1m^[22m[39
m[31m[1m^[22m[39m[3
1m[1m^[22m[39m[31m[
1m^[22m[39m[31m[1m^
[22m[39m[31m[1m^[22m
[39m[31m[1m^[22m[39
m[31m[1m^[22m[39m[3
1m[1m^[22m[39m[31m[
1m^[22m[39m[31m[1m^
[22m[39m[31m[1m^[22m
[39m[31m[1m^[22m[39
m[31m[1m^[22m[39m[3
1m[1m^[22m[39m[31m[
1m^[22m[39m[31m[1m^
[22m[39m[31m[1m^[22m
[39m[31m[1m^[22m[39
m[31m[1m^[22m[39m[3
1m[1m^[22m[39m[31m[
1m^[22m[39m[31m[1m^
[22m[39m[31m[1m^[22m
[39m[31m[1m^[22m[39
m[31m[1m^[22m[39m[3
1m[1m^[22m[39m[31m[
1m^[22m[39m[31m[1m^
[22m[39m[31m[1m^[22m
[39m[31m[1m^[22m[39
m[31m[1m^[22m[39m[3
1m[1m^[22m[39m[31m[
1m^[22m[39m[31m[1m^
[22m[39m[31m[1m^[22m
[39m[31m[1m^[22m[39
m[31m[1m^[22m[39m[3
1m[1m^[22m[39m[31m[
1m^[22m[39m
 [90m 20 |[39m 
[36mimport[39m { 
toast } [36mfrom[39m 
[32m"sonner"[39m[33m;
[39m
 [90m 21 |[39m
 [90m 22 |[39m 
[36mconst[39m 
[33mPage[39m 
[33m=[39m () 
[33m=>[39m {[0m



https://nextjs.org/docs/
messages/module-not-foun
d


./src/app/[locale]/deals
/page.jsx:19:1
Module not found: Can't 
resolve 
'@/actions/deals'
[0m [90m 17 |[39m 
[36mimport[39m 
[33mAddDealForm[39m 
[36mfrom[39m [32m"@/c
omponents/deals/add-deal
-form"[39m[33m;[39m
 [90m 18 |[39m 
[36mimport[39m 
[33mDealsTable[39m 
[36mfrom[39m [32m"@/c
omponents/shared/deals-t
able"[39m[33m;[39m
[31m[1m>[22m[39m[90
m 19 |[39m 
[36mimport[39m { 
getDirectDeals } 
[36mfrom[39m [32m"@/a
ctions/deals"[39m[33m;
[39m
 [90m    |[39m [31m[
1m^[22m[39m[31m[1m^
[22m[39m[31m[1m^[22m
[39m[31m[1m^[22m[39
m[31m[1m^[22m[39m[3
1m[1m^[22m[39m[31m[
1m^[22m[39m[31m[1m^
[22m[39m[31m[1m^[22m
[39m[31m[1m^[22m[39
m[31m[1m^[22m[39m[3
1m[1m^[22m[39m[31m[
1m^[22m[39m[31m[1m^
[22m[39m[31m[1m^[22m
[39m[31m[1m^[22m[39
m[31m[1m^[22m[39m[3
1m[1m^[22m[39m[31m[
1m^[22m[39m[31m[1m^
[22m[39m[31m[1m^[22m
[39m[31m[1m^[22m[39
m[31m[1m^[22m[39m[3
1m[1m^[22m[39m[31m[
1m^[22m[39m[31m[1m^
[22m[39m[31m[1m^[22m
[39m[31m[1m^[22m[39
m[31m[1m^[22m[39m[3
1m[1m^[22m[39m[31m[
1m^[22m[39m[31m[1m^
[22m[39m[31m[1m^[22m
[39m[31m[1m^[22m[39
m[31m[1m^[22m[39m[3
1m[1m^[22m[39m[31m[
1m^[22m[39m[31m[1m^
[22m[39m[31m[1m^[22m
[39m[31m[1m^[22m[39
m[31m[1m^[22m[39m[3
1m[1m^[22m[39m[31m[
1m^[22m[39m[31m[1m^
[22m[39m[31m[1m^[22m
[39m[31m[1m^[22m[39
m[31m[1m^[22m[39m[3
1m[1m^[22m[39m[31m[
1m^[22m[39m
 [90m 20 |[39m 
[36mimport[39m { 
toast } [36mfrom[39m 
[32m"sonner"[39m[33m;
[39m
 [90m 21 |[39m
 [90m 22 |[39m 
[36mconst[39m 
[33mPage[39m 
[33m=[39m () 
[33m=>[39m {[0m



https://nextjs.org/docs/
messages/module-not-foun
d


./src/app/[locale]/estat
s/[slug]/page.jsx:11:1
Module not found: Can't 
resolve 
'@/assets/ryal.svg'
[0m [90m  9 |[39m   
[33mMdOutlineTsunami[39
m[33m,[39m
 [90m 10 |[39m } 
[36mfrom[39m [32m"rea
ct-icons/md"[39m[33m;
[39m
[31m[1m>[22m[39m[90
m 11 |[39m 
[36mimport[39m ryal 
[36mfrom[39m [32m"@/a
ssets/ryal.svg"[39m[33
m;[39m
 [90m    |[39m [31m[
1m^[22m[39m[31m[1m^
[22m[39m[31m[1m^[22m
[39m[31m[1m^[22m[39
m[31m[1m^[22m[39m[3
1m[1m^[22m[39m[31m[
1m^[22m[39m[31m[1m^
[22m[39m[31m[1m^[22m
[39m[31m[1m^[22m[39
m[31m[1m^[22m[39m[3
1m[1m^[22m[39m[31m[
1m^[22m[39m[31m[1m^
[22m[39m[31m[1m^[22m
[39m[31m[1m^[22m[39
m[31m[1m^[22m[39m[3
1m[1m^[22m[39m[31m[
1m^[22m[39m[31m[1m^
[22m[39m[31m[1m^[22m
[39m[31m[1m^[22m[39
m[31m[1m^[22m[39m[3
1m[1m^[22m[39m[31m[
1m^[22m[39m[31m[1m^
[22m[39m[31m[1m^[22m
[39m[31m[1m^[22m[39
m[31m[1m^[22m[39m[3
1m[1m^[22m[39m[31m[
1m^[22m[39m[31m[1m^
[22m[39m[31m[1m^[22m
[39m[31m[1m^[22m[39
m[31m[1m^[22m[39m[3
1m[1m^[22m[39m[31m[
1m^[22m[39m
 [90m 12 |[39m 
[36mimport[39m 
[33mImage[39m 
[36mfrom[39m [32m"nex
t/image"[39m[33m;[39m
 [90m 13 |[39m 
[36mimport[39m { 
[33mTiHomeOutline[39m 
} [36mfrom[39m [32m"r
eact-icons/ti"[39m[33m
;[39m
 [90m 14 |[39m 
[36mimport[39m { [33m
IoIosCheckmarkCircle[39
m } [36mfrom[39m [32m
"react-icons/io"[39m[3
3m;[39m[0m



https://nextjs.org/docs/
messages/module-not-foun
d


./src/app/[locale]/estat
s/[slug]/page.jsx:11:1
Module not found: Can't 
resolve 
'@/assets/ryal.svg'
[0m [90m  9 |[39m   
[33mMdOutlineTsunami[39
m[33m,[39m
 [90m 10 |[39m } 
[36mfrom[39m [32m"rea
ct-icons/md"[39m[33m;
[39m
[31m[1m>[22m[39m[90
m 11 |[39m 
[36mimport[39m ryal 
[36mfrom[39m [32m"@/a
ssets/ryal.svg"[39m[33
m;[39m
 [90m    |[39m [31m[
1m^[22m[39m[31m[1m^
[22m[39m[31m[1m^[22m
[39m[31m[1m^[22m[39
m[31m[1m^[22m[39m[3
1m[1m^[22m[39m[31m[
1m^[22m[39m[31m[1m^
[22m[39m[31m[1m^[22m
[39m[31m[1m^[22m[39
m[31m[1m^[22m[39m[3
1m[1m^[22m[39m[31m[
1m^[22m[39m[31m[1m^
[22m[39m[31m[1m^[22m
[39m[31m[1m^[22m[39
m[31m[1m^[22m[39m[3
1m[1m^[22m[39m[31m[
1m^[22m[39m[31m[1m^
[22m[39m[31m[1m^[22m
[39m[31m[1m^[22m[39
m[31m[1m^[22m[39m[3
1m[1m^[22m[39m[31m[
1m^[22m[39m[31m[1m^
[22m[39m[31m[1m^[22m
[39m[31m[1m^[22m[39
m[31m[1m^[22m[39m[3
1m[1m^[22m[39m[31m[
1m^[22m[39m[31m[1m^
[22m[39m[31m[1m^[22m
[39m[31m[1m^[22m[39
m[31m[1m^[22m[39m[3
1m[1m^[22m[39m[31m[
1m^[22m[39m
 [90m 12 |[39m 
[36mimport[39m 
[33mImage[39m 
[36mfrom[39m [32m"nex
t/image"[39m[33m;[39m
 [90m 13 |[39m 
[36mimport[39m { 
[33mTiHomeOutline[39m 
} [36mfrom[39m [32m"r
eact-icons/ti"[39m[33m
;[39m
 [90m 14 |[39m 
[36mimport[39m { [33m
IoIosCheckmarkCircle[39
m } [36mfrom[39m [32m
"react-icons/io"[39m[3
3m;[39m[0m



https://nextjs.org/docs/
messages/module-not-foun
d


./src/app/[locale]/auth/
forgot-password/page.jsx
:1:1
Module not found: Can't 
resolve '@/components/au
th/forget-form'
[0m[31m[1m>[22m[39m
[90m 1 |[39m 
[36mimport[39m 
[33mForgetForm[39m 
[36mfrom[39m [32m'@/c
omponents/auth/forget-fo
rm'[39m
 [90m   |[39m [31m[1
m^[22m[39m[31m[1m^[
22m[39m[31m[1m^[22m
[39m[31m[1m^[22m[39m
[31m[1m^[22m[39m[31
m[1m^[22m[39m[31m[1
m^[22m[39m[31m[1m^[
22m[39m[31m[1m^[22m
[39m[31m[1m^[22m[39m
[31m[1m^[22m[39m[31
m[1m^[22m[39m[31m[1
m^[22m[39m[31m[1m^[
22m[39m[31m[1m^[22m
[39m[31m[1m^[22m[39m
[31m[1m^[22m[39m[31
m[1m^[22m[39m[31m[1
m^[22m[39m[31m[1m^[
22m[39m[31m[1m^[22m
[39m[31m[1m^[22m[39m
[31m[1m^[22m[39m[31
m[1m^[22m[39m[31m[1
m^[22m[39m[31m[1m^[
22m[39m[31m[1m^[22m
[39m[31m[1m^[22m[39m
[31m[1m^[22m[39m[31
m[1m^[22m[39m[31m[1
m^[22m[39m[31m[1m^[
22m[39m[31m[1m^[22m
[39m[31m[1m^[22m[39m
[31m[1m^[22m[39m[31
m[1m^[22m[39m[31m[1
m^[22m[39m[31m[1m^[
22m[39m[31m[1m^[22m
[39m[31m[1m^[22m[39m
[31m[1m^[22m[39m[31
m[1m^[22m[39m[31m[1
m^[22m[39m[31m[1m^[
22m[39m[31m[1m^[22m
[39m[31m[1m^[22m[39m
[31m[1m^[22m[39m[31
m[1m^[22m[39m[31m[1
m^[22m[39m[31m[1m^[
22m[39m[31m[1m^[22m
[39m[31m[1m^[22m[39m
[31m[1m^[22m[39m[31
m[1m^[22m[39m
 [90m 2 |[39m 
[36mimport[39m [33mCu
stomBreadcrumbs[39m 
[36mfrom[39m [32m'@/c
omponents/shared/custom-
breadcrumbs'[39m
 [90m 3 |[39m 
[36mimport[39m 
[33mImage[39m 
[36mfrom[39m 
[32m'next/image'[39m
 [90m 4 |[39m 
[36mimport[39m { 
useTranslations } 
[36mfrom[39m [32m'nex
t-intl'[39m[0m



https://nextjs.org/docs/
messages/module-not-foun
d


./src/app/[locale]/auth/
forgot-password/page.jsx
:1:1
Module not found: Can't 
resolve '@/components/au
th/forget-form'
[0m[31m[1m>[22m[39m
[90m 1 |[39m 
[36mimport[39m 
[33mForgetForm[39m 
[36mfrom[39m [32m'@/c
omponents/auth/forget-fo
rm'[39m
 [90m   |[39m [31m[1
m^[22m[39m[31m[1m^[
22m[39m[31m[1m^[22m
[39m[31m[1m^[22m[39m
[31m[1m^[22m[39m[31
m[1m^[22m[39m[31m[1
m^[22m[39m[31m[1m^[
22m[39m[31m[1m^[22m
[39m[31m[1m^[22m[39m
[31m[1m^[22m[39m[31
m[1m^[22m[39m[31m[1
m^[22m[39m[31m[1m^[
22m[39m[31m[1m^[22m
[39m[31m[1m^[22m[39m
[31m[1m^[22m[39m[31
m[1m^[22m[39m[31m[1
m^[22m[39m[31m[1m^[
22m[39m[31m[1m^[22m
[39m[31m[1m^[22m[39m
[31m[1m^[22m[39m[31
m[1m^[22m[39m[31m[1
m^[22m[39m[31m[1m^[
22m[39m[31m[1m^[22m
[39m[31m[1m^[22m[39m
[31m[1m^[22m[39m[31
m[1m^[22m[39m[31m[1
m^[22m[39m[31m[1m^[
22m[39m[31m[1m^[22m
[39m[31m[1m^[22m[39m
[31m[1m^[22m[39m[31
m[1m^[22m[39m[31m[1
m^[22m[39m[31m[1m^[
22m[39m[31m[1m^[22m
[39m[31m[1m^[22m[39m
[31m[1m^[22m[39m[31
m[1m^[22m[39m[31m[1
m^[22m[39m[31m[1m^[
22m[39m[31m[1m^[22m
[39m[31m[1m^[22m[39m
[31m[1m^[22m[39m[31
m[1m^[22m[39m[31m[1
m^[22m[39m[31m[1m^[
22m[39m[31m[1m^[22m
[39m[31m[1m^[22m[39m
[31m[1m^[22m[39m[31
m[1m^[22m[39m
 [90m 2 |[39m 
[36mimport[39m [33mCu
stomBreadcrumbs[39m 
[36mfrom[39m [32m'@/c
omponents/shared/custom-
breadcrumbs'[39m
 [90m 3 |[39m 
[36mimport[39m 
[33mImage[39m 
[36mfrom[39m 
[32m'next/image'[39m
 [90m 4 |[39m 
[36mimport[39m { 
useTranslations } 
[36mfrom[39m [32m'nex
t-intl'[39m[0m



https://nextjs.org/docs/
messages/module-not-foun
d


./src/app/[locale]/auth/
login/page.jsx:3:1
Module not found: Can't 
resolve '@/components/au
th/login-form'
[0m [90m 1 |[39m 
[36mimport[39m 
[33mReact[39m 
[36mfrom[39m 
[32m'react'[39m
 [90m 2 |[39m 
[36mimport[39m 
[33mImage[39m 
[36mfrom[39m 
[32m'next/image'[39m
[31m[1m>[22m[39m[90
m 3 |[39m 
[36mimport[39m 
[33mLoginForm[39m 
[36mfrom[39m [32m'@/c
omponents/auth/login-for
m'[39m
 [90m   |[39m [31m[1
m^[22m[39m[31m[1m^[
22m[39m[31m[1m^[22m
[39m[31m[1m^[22m[39m
[31m[1m^[22m[39m[31
m[1m^[22m[39m[31m[1
m^[22m[39m[31m[1m^[
22m[39m[31m[1m^[22m
[39m[31m[1m^[22m[39m
[31m[1m^[22m[39m[31
m[1m^[22m[39m[31m[1
m^[22m[39m[31m[1m^[
22m[39m[31m[1m^[22m
[39m[31m[1m^[22m[39m
[31m[1m^[22m[39m[31
m[1m^[22m[39m[31m[1
m^[22m[39m[31m[1m^[
22m[39m[31m[1m^[22m
[39m[31m[1m^[22m[39m
[31m[1m^[22m[39m[31
m[1m^[22m[39m[31m[1
m^[22m[39m[31m[1m^[
22m[39m[31m[1m^[22m
[39m[31m[1m^[22m[39m
[31m[1m^[22m[39m[31
m[1m^[22m[39m[31m[1
m^[22m[39m[31m[1m^[
22m[39m[31m[1m^[22m
[39m[31m[1m^[22m[39m
[31m[1m^[22m[39m[31
m[1m^[22m[39m[31m[1
m^[22m[39m[31m[1m^[
22m[39m[31m[1m^[22m
[39m[31m[1m^[22m[39m
[31m[1m^[22m[39m[31
m[1m^[22m[39m[31m[1
m^[22m[39m[31m[1m^[
22m[39m[31m[1m^[22m
[39m[31m[1m^[22m[39m
[31m[1m^[22m[39m[31
m[1m^[22m[39m[31m[1
m^[22m[39m[31m[1m^[
22m[39m[31m[1m^[22m
[39m[31m[1m^[22m[39m
 [90m 4 |[39m 
[36mimport[39m [33mCu
stomBreadcrumbs[39m 
[36mfrom[39m [32m'@/c
omponents/shared/custom-
breadcrumbs'[39m
 [90m 5 |[39m 
[36mimport[39m { 
useTranslations } 
[36mfrom[39m 
[32m'next-intl'[39m
 [90m 6 |[39m[0m



https://nextjs.org/docs/
messages/module-not-foun
d


./src/app/[locale]/auth/
login/page.jsx:3:1
Module not found: Can't 
resolve '@/components/au
th/login-form'
[0m [90m 1 |[39m 
[36mimport[39m 
[33mReact[39m 
[36mfrom[39m 
[32m'react'[39m
 [90m 2 |[39m 
[36mimport[39m 
[33mImage[39m 
[36mfrom[39m 
[32m'next/image'[39m
[31m[1m>[22m[39m[90
m 3 |[39m 
[36mimport[39m 
[33mLoginForm[39m 
[36mfrom[39m [32m'@/c
omponents/auth/login-for
m'[39m
 [90m   |[39m [31m[1
m^[22m[39m[31m[1m^[
22m[39m[31m[1m^[22m
[39m[31m[1m^[22m[39m
[31m[1m^[22m[39m[31
m[1m^[22m[39m[31m[1
m^[22m[39m[31m[1m^[
22m[39m[31m[1m^[22m
[39m[31m[1m^[22m[39m
[31m[1m^[22m[39m[31
m[1m^[22m[39m[31m[1
m^[22m[39m[31m[1m^[
22m[39m[31m[1m^[22m
[39m[31m[1m^[22m[39m
[31m[1m^[22m[39m[31
m[1m^[22m[39m[31m[1
m^[22m[39m[31m[1m^[
22m[39m[31m[1m^[22m
[39m[31m[1m^[22m[39m
[31m[1m^[22m[39m[31
m[1m^[22m[39m[31m[1
m^[22m[39m[31m[1m^[
22m[39m[31m[1m^[22m
[39m[31m[1m^[22m[39m
[31m[1m^[22m[39m[31
m[1m^[22m[39m[31m[1
m^[22m[39m[31m[1m^[
22m[39m[31m[1m^[22m
[39m[31m[1m^[22m[39m
[31m[1m^[22m[39m[31
m[1m^[22m[39m[31m[1
m^[22m[39m[31m[1m^[
22m[39m[31m[1m^[22m
[39m[31m[1m^[22m[39m
[31m[1m^[22m[39m[31
m[1m^[22m[39m[31m[1
m^[22m[39m[31m[1m^[
22m[39m[31m[1m^[22m
[39m[31m[1m^[22m[39m
[31m[1m^[22m[39m[31
m[1m^[22m[39m[31m[1
m^[22m[39m[31m[1m^[
22m[39m[31m[1m^[22m
[39m[31m[1m^[22m[39m
 [90m 4 |[39m 
[36mimport[39m [33mCu
stomBreadcrumbs[39m 
[36mfrom[39m [32m'@/c
omponents/shared/custom-
breadcrumbs'[39m
 [90m 5 |[39m 
[36mimport[39m { 
useTranslations } 
[36mfrom[39m 
[32m'next-intl'[39m
 [90m 6 |[39m[0m



https://nextjs.org/docs/
messages/module-not-foun
d


./src/app/[locale]/auth/
new-password/page.jsx:3:
1
Module not found: Can't 
resolve '@/components/au
th/login-form'
[0m [90m 1 |[39m 
[36mimport[39m 
[33mReact[39m 
[36mfrom[39m 
[32m'react'[39m
 [90m 2 |[39m 
[36mimport[39m 
[33mImage[39m 
[36mfrom[39m 
[32m'next/image'[39m
[31m[1m>[22m[39m[90
m 3 |[39m 
[36mimport[39m 
[33mLoginForm[39m 
[36mfrom[39m [32m'@/c
omponents/auth/login-for
m'[39m
 [90m   |[39m [31m[1
m^[22m[39m[31m[1m^[
22m[39m[31m[1m^[22m
[39m[31m[1m^[22m[39m
[31m[1m^[22m[39m[31
m[1m^[22m[39m[31m[1
m^[22m[39m[31m[1m^[
22m[39m[31m[1m^[22m
[39m[31m[1m^[22m[39m
[31m[1m^[22m[39m[31
m[1m^[22m[39m[31m[1
m^[22m[39m[31m[1m^[
22m[39m[31m[1m^[22m
[39m[31m[1m^[22m[39m
[31m[1m^[22m[39m[31
m[1m^[22m[39m[31m[1
m^[22m[39m[31m[1m^[
22m[39m[31m[1m^[22m
[39m[31m[1m^[22m[39m
[31m[1m^[22m[39m[31
m[1m^[22m[39m[31m[1
m^[22m[39m[31m[1m^[
22m[39m[31m[1m^[22m
[39m[31m[1m^[22m[39m
[31m[1m^[22m[39m[31
m[1m^[22m[39m[31m[1
m^[22m[39m[31m[1m^[
22m[39m[31m[1m^[22m
[39m[31m[1m^[22m[39m
[31m[1m^[22m[39m[31
m[1m^[22m[39m[31m[1
m^[22m[39m[31m[1m^[
22m[39m[31m[1m^[22m
[39m[31m[1m^[22m[39m
[31m[1m^[22m[39m[31
m[1m^[22m[39m[31m[1
m^[22m[39m[31m[1m^[
22m[39m[31m[1m^[22m
[39m[31m[1m^[22m[39m
[31m[1m^[22m[39m[31
m[1m^[22m[39m[31m[1
m^[22m[39m[31m[1m^[
22m[39m[31m[1m^[22m
[39m[31m[1m^[22m[39m
 [90m 4 |[39m 
[36mimport[39m [33mCu
stomBreadcrumbs[39m 
[36mfrom[39m [32m'@/c
omponents/shared/custom-
breadcrumbs'[39m
 [90m 5 |[39m 
[36mimport[39m [33mNe
wPasswordForm[39m 
[36mfrom[39m [32m'@/c
omponents/auth/new-passw
ord-form'[39m
 [90m 6 |[39m 
[36mimport[39m { 
useTranslations } 
[36mfrom[39m [32m'nex
t-intl'[39m[0m



https://nextjs.org/docs/
messages/module-not-foun
d


./src/app/[locale]/auth/
new-password/page.jsx:5:
1
Module not found: Can't 
resolve '@/components/au
th/new-password-form'
[0m [90m 3 |[39m 
[36mimport[39m 
[33mLoginForm[39m 
[36mfrom[39m [32m'@/c
omponents/auth/login-for
m'[39m
 [90m 4 |[39m 
[36mimport[39m [33mCu
stomBreadcrumbs[39m 
[36mfrom[39m [32m'@/c
omponents/shared/custom-
breadcrumbs'[39m
[31m[1m>[22m[39m[90
m 5 |[39m 
[36mimport[39m [33mNe
wPasswordForm[39m 
[36mfrom[39m [32m'@/c
omponents/auth/new-passw
ord-form'[39m
 [90m   |[39m [31m[1
m^[22m[39m[31m[1m^[
22m[39m[31m[1m^[22m
[39m[31m[1m^[22m[39m
[31m[1m^[22m[39m[31
m[1m^[22m[39m[31m[1
m^[22m[39m[31m[1m^[
22m[39m[31m[1m^[22m
[39m[31m[1m^[22m[39m
[31m[1m^[22m[39m[31
m[1m^[22m[39m[31m[1
m^[22m[39m[31m[1m^[
22m[39m[31m[1m^[22m
[39m[31m[1m^[22m[39m
[31m[1m^[22m[39m[31
m[1m^[22m[39m[31m[1
m^[22m[39m[31m[1m^[
22m[39m[31m[1m^[22m
[39m[31m[1m^[22m[39m
[31m[1m^[22m[39m[31
m[1m^[22m[39m[31m[1
m^[22m[39m[31m[1m^[
22m[39m[31m[1m^[22m
[39m[31m[1m^[22m[39m
[31m[1m^[22m[39m[31
m[1m^[22m[39m[31m[1
m^[22m[39m[31m[1m^[
22m[39m[31m[1m^[22m
[39m[31m[1m^[22m[39m
[31m[1m^[22m[39m[31
m[1m^[22m[39m[31m[1
m^[22m[39m[31m[1m^[
22m[39m[31m[1m^[22m
[39m[31m[1m^[22m[39m
[31m[1m^[22m[39m[31
m[1m^[22m[39m[31m[1
m^[22m[39m[31m[1m^[
22m[39m[31m[1m^[22m
[39m[31m[1m^[22m[39m
[31m[1m^[22m[39m[31
m[1m^[22m[39m[31m[1
m^[22m[39m[31m[1m^[
22m[39m[31m[1m^[22m
[39m[31m[1m^[22m[39m
[31m[1m^[22m[39m[31
m[1m^[22m[39m[31m[1
m^[22m[39m[31m[1m^[
22m[39m[31m[1m^[22m
[39m[31m[1m^[22m[39m
[31m[1m^[22m[39m[31
m[1m^[22m[39m[31m[1
m^[22m[39m[31m[1m^[
22m[39m[31m[1m^[22m
[39m[31m[1m^[22m[39m
[31m[1m^[22m[39m
 [90m 6 |[39m 
[36mimport[39m { 
useTranslations } 
[36mfrom[39m 
[32m'next-intl'[39m
 [90m 7 |[39m
 [90m 8 |[39m 
[36mconst[39m [33mNew
PasswordPage[39m 
[33m=[39m () 
[33m=>[39m {[0m



https://nextjs.org/docs/
messages/module-not-foun
d


./src/app/[locale]/auth/
new-password/page.jsx:5:
1
Module not found: Can't 
resolve '@/components/au
th/new-password-form'
[0m [90m 3 |[39m 
[36mimport[39m 
[33mLoginForm[39m 
[36mfrom[39m [32m'@/c
omponents/auth/login-for
m'[39m
 [90m 4 |[39m 
[36mimport[39m [33mCu
stomBreadcrumbs[39m 
[36mfrom[39m [32m'@/c
omponents/shared/custom-
breadcrumbs'[39m
[31m[1m>[22m[39m[90
m 5 |[39m 
[36mimport[39m [33mNe
wPasswordForm[39m 
[36mfrom[39m [32m'@/c
omponents/auth/new-passw
ord-form'[39m
 [90m   |[39m [31m[1
m^[22m[39m[31m[1m^[
22m[39m[31m[1m^[22m
[39m[31m[1m^[22m[39m
[31m[1m^[22m[39m[31
m[1m^[22m[39m[31m[1
m^[22m[39m[31m[1m^[
22m[39m[31m[1m^[22m
[39m[31m[1m^[22m[39m
[31m[1m^[22m[39m[31
m[1m^[22m[39m[31m[1
m^[22m[39m[31m[1m^[
22m[39m[31m[1m^[22m
[39m[31m[1m^[22m[39m
[31m[1m^[22m[39m[31
m[1m^[22m[39m[31m[1
m^[22m[39m[31m[1m^[
22m[39m[31m[1m^[22m
[39m[31m[1m^[22m[39m
[31m[1m^[22m[39m[31
m[1m^[22m[39m[31m[1
m^[22m[39m[31m[1m^[
22m[39m[31m[1m^[22m
[39m[31m[1m^[22m[39m
[31m[1m^[22m[39m[31
m[1m^[22m[39m[31m[1
m^[22m[39m[31m[1m^[
22m[39m[31m[1m^[22m
[39m[31m[1m^[22m[39m
[31m[1m^[22m[39m[31
m[1m^[22m[39m[31m[1
m^[22m[39m[31m[1m^[
22m[39m[31m[1m^[22m
[39m[31m[1m^[22m[39m
[31m[1m^[22m[39m[31
m[1m^[22m[39m[31m[1
m^[22m[39m[31m[1m^[
22m[39m[31m[1m^[22m
[39m[31m[1m^[22m[39m
[31m[1m^[22m[39m[31
m[1m^[22m[39m[31m[1
m^[22m[39m[31m[1m^[
22m[39m[31m[1m^[22m
[39m[31m[1m^[22m[39m
[31m[1m^[22m[39m[31
m[1m^[22m[39m[31m[1
m^[22m[39m[31m[1m^[
22m[39m[31m[1m^[22m
[39m[31m[1m^[22m[39m
[31m[1m^[22m[39m[31
m[1m^[22m[39m[31m[1
m^[22m[39m[31m[1m^[
22m[39m[31m[1m^[22m
[39m[31m[1m^[22m[39m
[31m[1m^[22m[39m
 [90m 6 |[39m 
[36mimport[39m { 
useTranslations } 
[36mfrom[39m 
[32m'next-intl'[39m
 [90m 7 |[39m
 [90m 8 |[39m 
[36mconst[39m [33mNew
PasswordPage[39m 
[33m=[39m () 
[33m=>[39m {[0m



https://nextjs.org/docs/
messages/module-not-foun
d


./src/app/[locale]/auth/
reset-code/page.jsx:4:1
Module not found: Can't 
resolve '@/components/au
th/otp-form'
[0m [90m 2 |[39m 
[36mimport[39m [33mCu
stomBreadcrumbs[39m 
[36mfrom[39m [32m'@/c
omponents/shared/custom-
breadcrumbs'[39m
 [90m 3 |[39m 
[36mimport[39m 
[33mImage[39m 
[36mfrom[39m 
[32m'next/image'[39m
[31m[1m>[22m[39m[90
m 4 |[39m 
[36mimport[39m 
[33mOtpForm[39m 
[36mfrom[39m [32m'@/c
omponents/auth/otp-form'
[39m
 [90m   |[39m [31m[1
m^[22m[39m[31m[1m^[
22m[39m[31m[1m^[22m
[39m[31m[1m^[22m[39m
[31m[1m^[22m[39m[31
m[1m^[22m[39m[31m[1
m^[22m[39m[31m[1m^[
22m[39m[31m[1m^[22m
[39m[31m[1m^[22m[39m
[31m[1m^[22m[39m[31
m[1m^[22m[39m[31m[1
m^[22m[39m[31m[1m^[
22m[39m[31m[1m^[22m
[39m[31m[1m^[22m[39m
[31m[1m^[22m[39m[31
m[1m^[22m[39m[31m[1
m^[22m[39m[31m[1m^[
22m[39m[31m[1m^[22m
[39m[31m[1m^[22m[39m
[31m[1m^[22m[39m[31
m[1m^[22m[39m[31m[1
m^[22m[39m[31m[1m^[
22m[39m[31m[1m^[22m
[39m[31m[1m^[22m[39m
[31m[1m^[22m[39m[31
m[1m^[22m[39m[31m[1
m^[22m[39m[31m[1m^[
22m[39m[31m[1m^[22m
[39m[31m[1m^[22m[39m
[31m[1m^[22m[39m[31
m[1m^[22m[39m[31m[1
m^[22m[39m[31m[1m^[
22m[39m[31m[1m^[22m
[39m[31m[1m^[22m[39m
[31m[1m^[22m[39m[31
m[1m^[22m[39m[31m[1
m^[22m[39m[31m[1m^[
22m[39m[31m[1m^[22m
[39m[31m[1m^[22m[39m
[31m[1m^[22m[39m[31
m[1m^[22m[39m
 [90m 5 |[39m 
[36mimport[39m { 
useTranslations } 
[36mfrom[39m 
[32m'next-intl'[39m
 [90m 6 |[39m 
[36mimport[39m 
[33mResetCodeForm[39m 
[36mfrom[39m [32m'@/c
omponents/auth/reset-cod
e-form'[39m
 [90m 7 |[39m[0m



https://nextjs.org/docs/
messages/module-not-foun
d


./src/app/[locale]/auth/
verfiy-otp/page.jsx:4:1
Module not found: Can't 
resolve '@/components/au
th/otp-form'
[0m [90m 2 |[39m 
[36mimport[39m [33mCu
stomBreadcrumbs[39m 
[36mfrom[39m [32m'@/c
omponents/shared/custom-
breadcrumbs'[39m
 [90m 3 |[39m 
[36mimport[39m 
[33mImage[39m 
[36mfrom[39m 
[32m'next/image'[39m
[31m[1m>[22m[39m[90
m 4 |[39m 
[36mimport[39m 
[33mOtpForm[39m 
[36mfrom[39m [32m'@/c
omponents/auth/otp-form'
[39m
 [90m   |[39m [31m[1
m^[22m[39m[31m[1m^[
22m[39m[31m[1m^[22m
[39m[31m[1m^[22m[39m
[31m[1m^[22m[39m[31
m[1m^[22m[39m[31m[1
m^[22m[39m[31m[1m^[
22m[39m[31m[1m^[22m
[39m[31m[1m^[22m[39m
[31m[1m^[22m[39m[31
m[1m^[22m[39m[31m[1
m^[22m[39m[31m[1m^[
22m[39m[31m[1m^[22m
[39m[31m[1m^[22m[39m
[31m[1m^[22m[39m[31
m[1m^[22m[39m[31m[1
m^[22m[39m[31m[1m^[
22m[39m[31m[1m^[22m
[39m[31m[1m^[22m[39m
[31m[1m^[22m[39m[31
m[1m^[22m[39m[31m[1
m^[22m[39m[31m[1m^[
22m[39m[31m[1m^[22m
[39m[31m[1m^[22m[39m
[31m[1m^[22m[39m[31
m[1m^[22m[39m[31m[1
m^[22m[39m[31m[1m^[
22m[39m[31m[1m^[22m
[39m[31m[1m^[22m[39m
[31m[1m^[22m[39m[31
m[1m^[22m[39m[31m[1
m^[22m[39m[31m[1m^[
22m[39m[31m[1m^[22m
[39m[31m[1m^[22m[39m
[31m[1m^[22m[39m[31
m[1m^[22m[39m[31m[1
m^[22m[39m[31m[1m^[
22m[39m[31m[1m^[22m
[39m[31m[1m^[22m[39m
[31m[1m^[22m[39m[31
m[1m^[22m[39m
 [90m 5 |[39m 
[36mimport[39m { 
useTranslations } 
[36mfrom[39m 
[32m'next-intl'[39m
 [90m 6 |[39m
 [90m 7 |[39m 
[36mconst[39m 
[33mVrefiyOtpPage[39m 
[33m=[39m () 
[33m=>[39m {[0m



https://nextjs.org/docs/
messages/module-not-foun
d


./src/app/[locale]/auth/
verfiy-otp/page.jsx:4:1
Module not found: Can't 
resolve '@/components/au
th/otp-form'
[0m [90m 2 |[39m 
[36mimport[39m [33mCu
stomBreadcrumbs[39m 
[36mfrom[39m [32m'@/c
omponents/shared/custom-
breadcrumbs'[39m
 [90m 3 |[39m 
[36mimport[39m 
[33mImage[39m 
[36mfrom[39m 
[32m'next/image'[39m
[31m[1m>[22m[39m[90
m 4 |[39m 
[36mimport[39m 
[33mOtpForm[39m 
[36mfrom[39m [32m'@/c
omponents/auth/otp-form'
[39m
 [90m   |[39m [31m[1
m^[22m[39m[31m[1m^[
22m[39m[31m[1m^[22m
[39m[31m[1m^[22m[39m
[31m[1m^[22m[39m[31
m[1m^[22m[39m[31m[1
m^[22m[39m[31m[1m^[
22m[39m[31m[1m^[22m
[39m[31m[1m^[22m[39m
[31m[1m^[22m[39m[31
m[1m^[22m[39m[31m[1
m^[22m[39m[31m[1m^[
22m[39m[31m[1m^[22m
[39m[31m[1m^[22m[39m
[31m[1m^[22m[39m[31
m[1m^[22m[39m[31m[1
m^[22m[39m[31m[1m^[
22m[39m[31m[1m^[22m
[39m[31m[1m^[22m[39m
[31m[1m^[22m[39m[31
m[1m^[22m[39m[31m[1
m^[22m[39m[31m[1m^[
22m[39m[31m[1m^[22m
[39m[31m[1m^[22m[39m
[31m[1m^[22m[39m[31
m[1m^[22m[39m[31m[1
m^[22m[39m[31m[1m^[
22m[39m[31m[1m^[22m
[39m[31m[1m^[22m[39m
[31m[1m^[22m[39m[31
m[1m^[22m[39m[31m[1
m^[22m[39m[31m[1m^[
22m[39m[31m[1m^[22m
[39m[31m[1m^[22m[39m
[31m[1m^[22m[39m[31
m[1m^[22m[39m[31m[1
m^[22m[39m[31m[1m^[
22m[39m[31m[1m^[22m
[39m[31m[1m^[22m[39m
[31m[1m^[22m[39m[31
m[1m^[22m[39m
 [90m 5 |[39m 
[36mimport[39m { 
useTranslations } 
[36mfrom[39m 
[32m'next-intl'[39m
 [90m 6 |[39m
 [90m 7 |[39m 
[36mconst[39m 
[33mVrefiyOtpPage[39m 
[33m=[39m () 
[33m=>[39m {[0m



https://nextjs.org/docs/
messages/module-not-foun
d


./src/app/[locale]/auth/
reset-code/page.jsx:6:1
Module not found: Can't 
resolve '@/components/au
th/reset-code-form'
[0m [90m 4 |[39m 
[36mimport[39m 
[33mOtpForm[39m 
[36mfrom[39m [32m'@/c
omponents/auth/otp-form'
[39m
 [90m 5 |[39m 
[36mimport[39m { 
useTranslations } 
[36mfrom[39m 
[32m'next-intl'[39m
[31m[1m>[22m[39m[90
m 6 |[39m 
[36mimport[39m 
[33mResetCodeForm[39m 
[36mfrom[39m [32m'@/c
omponents/auth/reset-cod
e-form'[39m
 [90m   |[39m [31m[1
m^[22m[39m[31m[1m^[
22m[39m[31m[1m^[22m
[39m[31m[1m^[22m[39m
[31m[1m^[22m[39m[31
m[1m^[22m[39m[31m[1
m^[22m[39m[31m[1m^[
22m[39m[31m[1m^[22m
[39m[31m[1m^[22m[39m
[31m[1m^[22m[39m[31
m[1m^[22m[39m[31m[1
m^[22m[39m[31m[1m^[
22m[39m[31m[1m^[22m
[39m[31m[1m^[22m[39m
[31m[1m^[22m[39m[31
m[1m^[22m[39m[31m[1
m^[22m[39m[31m[1m^[
22m[39m[31m[1m^[22m
[39m[31m[1m^[22m[39m
[31m[1m^[22m[39m[31
m[1m^[22m[39m[31m[1
m^[22m[39m[31m[1m^[
22m[39m[31m[1m^[22m
[39m[31m[1m^[22m[39m
[31m[1m^[22m[39m[31
m[1m^[22m[39m[31m[1
m^[22m[39m[31m[1m^[
22m[39m[31m[1m^[22m
[39m[31m[1m^[22m[39m
[31m[1m^[22m[39m[31
m[1m^[22m[39m[31m[1
m^[22m[39m[31m[1m^[
22m[39m[31m[1m^[22m
[39m[31m[1m^[22m[39m
[31m[1m^[22m[39m[31
m[1m^[22m[39m[31m[1
m^[22m[39m[31m[1m^[
22m[39m[31m[1m^[22m
[39m[31m[1m^[22m[39m
[31m[1m^[22m[39m[31
m[1m^[22m[39m[31m[1
m^[22m[39m[31m[1m^[
22m[39m[31m[1m^[22m
[39m[31m[1m^[22m[39m
[31m[1m^[22m[39m[31
m[1m^[22m[39m[31m[1
m^[22m[39m[31m[1m^[
22m[39m[31m[1m^[22m
[39m[31m[1m^[22m[39m
[31m[1m^[22m[39m[31
m[1m^[22m[39m[31m[1
m^[22m[39m
 [90m 7 |[39m
 [90m 8 |[39m 
[36mconst[39m 
[33mVrefiyOtpPage[39m 
[33m=[39m () 
[33m=>[39m {
 [90m 9 |[39m   
[36mconst[39m t 
[33m=[39m useTranslati
ons([32m"otp"[39m)[0m



https://nextjs.org/docs/
messages/module-not-foun
d


./src/app/[locale]/auth/
reset-code/page.jsx:6:1
Module not found: Can't 
resolve '@/components/au
th/reset-code-form'
[0m [90m 4 |[39m 
[36mimport[39m 
[33mOtpForm[39m 
[36mfrom[39m [32m'@/c
omponents/auth/otp-form'
[39m
 [90m 5 |[39m 
[36mimport[39m { 
useTranslations } 
[36mfrom[39m 
[32m'next-intl'[39m
[31m[1m>[22m[39m[90
m 6 |[39m 
[36mimport[39m 
[33mResetCodeForm[39m 
[36mfrom[39m [32m'@/c
omponents/auth/reset-cod
e-form'[39m
 [90m   |[39m [31m[1
m^[22m[39m[31m[1m^[
22m[39m[31m[1m^[22m
[39m[31m[1m^[22m[39m
[31m[1m^[22m[39m[31
m[1m^[22m[39m[31m[1
m^[22m[39m[31m[1m^[
22m[39m[31m[1m^[22m
[39m[31m[1m^[22m[39m
[31m[1m^[22m[39m[31
m[1m^[22m[39m[31m[1
m^[22m[39m[31m[1m^[
22m[39m[31m[1m^[22m
[39m[31m[1m^[22m[39m
[31m[1m^[22m[39m[31
m[1m^[22m[39m[31m[1
m^[22m[39m[31m[1m^[
22m[39m[31m[1m^[22m
[39m[31m[1m^[22m[39m
[31m[1m^[22m[39m[31
m[1m^[22m[39m[31m[1
m^[22m[39m[31m[1m^[
22m[39m[31m[1m^[22m
[39m[31m[1m^[22m[39m
[31m[1m^[22m[39m[31
m[1m^[22m[39m[31m[1
m^[22m[39m[31m[1m^[
22m[39m[31m[1m^[22m
[39m[31m[1m^[22m[39m
[31m[1m^[22m[39m[31
m[1m^[22m[39m[31m[1
m^[22m[39m[31m[1m^[
22m[39m[31m[1m^[22m
[39m[31m[1m^[22m[39m
[31m[1m^[22m[39m[31
m[1m^[22m[39m[31m[1
m^[22m[39m[31m[1m^[
22m[39m[31m[1m^[22m
[39m[31m[1m^[22m[39m
[31m[1m^[22m[39m[31
m[1m^[22m[39m[31m[1
m^[22m[39m[31m[1m^[
22m[39m[31m[1m^[22m
[39m[31m[1m^[22m[39m
[31m[1m^[22m[39m[31
m[1m^[22m[39m[31m[1
m^[22m[39m[31m[1m^[
22m[39m[31m[1m^[22m
[39m[31m[1m^[22m[39m
[31m[1m^[22m[39m[31
m[1m^[22m[39m[31m[1
m^[22m[39m
 [90m 7 |[39m
 [90m 8 |[39m 
[36mconst[39m 
[33mVrefiyOtpPage[39m 
[33m=[39m () 
[33m=>[39m {
 [90m 9 |[39m   
[36mconst[39m t 
[33m=[39m useTranslati
ons([32m"otp"[39m)[0m



https://nextjs.org/docs/
messages/module-not-foun
d


./src/app/[locale]/auth/
sign-up/page.jsx:4:1
Module not found: Can't 
resolve '@/components/au
th/sign-up-form'
[0m [90m 2 |[39m 
[36mimport[39m 
[33mReact[39m 
[36mfrom[39m 
[32m'react'[39m
 [90m 3 |[39m 
[36mimport[39m 
[33mImage[39m 
[36mfrom[39m 
[32m'next/image'[39m
[31m[1m>[22m[39m[90
m 4 |[39m 
[36mimport[39m 
[33mSignUpForm[39m 
[36mfrom[39m [32m'@/c
omponents/auth/sign-up-f
orm'[39m
 [90m   |[39m [31m[1
m^[22m[39m[31m[1m^[
22m[39m[31m[1m^[22m
[39m[31m[1m^[22m[39m
[31m[1m^[22m[39m[31
m[1m^[22m[39m[31m[1
m^[22m[39m[31m[1m^[
22m[39m[31m[1m^[22m
[39m[31m[1m^[22m[39m
[31m[1m^[22m[39m[31
m[1m^[22m[39m[31m[1
m^[22m[39m[31m[1m^[
22m[39m[31m[1m^[22m
[39m[31m[1m^[22m[39m
[31m[1m^[22m[39m[31
m[1m^[22m[39m[31m[1
m^[22m[39m[31m[1m^[
22m[39m[31m[1m^[22m
[39m[31m[1m^[22m[39m
[31m[1m^[22m[39m[31
m[1m^[22m[39m[31m[1
m^[22m[39m[31m[1m^[
22m[39m[31m[1m^[22m
[39m[31m[1m^[22m[39m
[31m[1m^[22m[39m[31
m[1m^[22m[39m[31m[1
m^[22m[39m[31m[1m^[
22m[39m[31m[1m^[22m
[39m[31m[1m^[22m[39m
[31m[1m^[22m[39m[31
m[1m^[22m[39m[31m[1
m^[22m[39m[31m[1m^[
22m[39m[31m[1m^[22m
[39m[31m[1m^[22m[39m
[31m[1m^[22m[39m[31
m[1m^[22m[39m[31m[1
m^[22m[39m[31m[1m^[
22m[39m[31m[1m^[22m
[39m[31m[1m^[22m[39m
[31m[1m^[22m[39m[31
m[1m^[22m[39m[31m[1
m^[22m[39m[31m[1m^[
22m[39m[31m[1m^[22m
[39m[31m[1m^[22m[39m
[31m[1m^[22m[39m[31
m[1m^[22m[39m[31m[1
m^[22m[39m
 [90m 5 |[39m 
[36mimport[39m { 
useTranslations } 
[36mfrom[39m 
[32m'next-intl'[39m
 [90m 6 |[39m 
[36mconst[39m 
[33mSignUpPage[39m 
[33m=[39m () 
[33m=>[39m {
 [90m 7 |[39m   
[36mconst[39m t 
[33m=[39m useTranslati
ons([32m"sign_up"[39m)
[0m



https://nextjs.org/docs/
messages/module-not-foun
d


./src/app/[locale]/auth/
sign-up/page.jsx:4:1
Module not found: Can't 
resolve '@/components/au
th/sign-up-form'
[0m [90m 2 |[39m 
[36mimport[39m 
[33mReact[39m 
[36mfrom[39m 
[32m'react'[39m
 [90m 3 |[39m 
[36mimport[39m 
[33mImage[39m 
[36mfrom[39m 
[32m'next/image'[39m
[31m[1m>[22m[39m[90
m 4 |[39m 
[36mimport[39m 
[33mSignUpForm[39m 
[36mfrom[39m [32m'@/c
omponents/auth/sign-up-f
orm'[39m
 [90m   |[39m [31m[1
m^[22m[39m[31m[1m^[
22m[39m[31m[1m^[22m
[39m[31m[1m^[22m[39m
[31m[1m^[22m[39m[31
m[1m^[22m[39m[31m[1
m^[22m[39m[31m[1m^[
22m[39m[31m[1m^[22m
[39m[31m[1m^[22m[39m
[31m[1m^[22m[39m[31
m[1m^[22m[39m[31m[1
m^[22m[39m[31m[1m^[
22m[39m[31m[1m^[22m
[39m[31m[1m^[22m[39m
[31m[1m^[22m[39m[31
m[1m^[22m[39m[31m[1
m^[22m[39m[31m[1m^[
22m[39m[31m[1m^[22m
[39m[31m[1m^[22m[39m
[31m[1m^[22m[39m[31
m[1m^[22m[39m[31m[1
m^[22m[39m[31m[1m^[
22m[39m[31m[1m^[22m
[39m[31m[1m^[22m[39m
[31m[1m^[22m[39m[31
m[1m^[22m[39m[31m[1
m^[22m[39m[31m[1m^[
22m[39m[31m[1m^[22m
[39m[31m[1m^[22m[39m
[31m[1m^[22m[39m[31
m[1m^[22m[39m[31m[1
m^[22m[39m[31m[1m^[
22m[39m[31m[1m^[22m
[39m[31m[1m^[22m[39m
[31m[1m^[22m[39m[31
m[1m^[22m[39m[31m[1
m^[22m[39m[31m[1m^[
22m[39m[31m[1m^[22m
[39m[31m[1m^[22m[39m
[31m[1m^[22m[39m[31
m[1m^[22m[39m[31m[1
m^[22m[39m[31m[1m^[
22m[39m[31m[1m^[22m
[39m[31m[1m^[22m[39m
[31m[1m^[22m[39m[31
m[1m^[22m[39m[31m[1
m^[22m[39m
 [90m 5 |[39m 
[36mimport[39m { 
useTranslations } 
[36mfrom[39m 
[32m'next-intl'[39m
 [90m 6 |[39m 
[36mconst[39m 
[33mSignUpPage[39m 
[33m=[39m () 
[33m=>[39m {
 [90m 7 |[39m   
[36mconst[39m t 
[33m=[39m useTranslati
ons([32m"sign_up"[39m)
[0m



https://nextjs.org/docs/
messages/module-not-foun
d


./src/app/[locale]/deals
/page.jsx:17:1
Module not found: Can't 
resolve '@/components/de
als/add-deal-form'
[0m [90m 15 |[39m   
[33mDialogTrigger[39m[
33m,[39m
 [90m 16 |[39m } 
[36mfrom[39m [32m"@/c
omponents/ui/dialog"[39
m[33m;[39m
[31m[1m>[22m[39m[90
m 17 |[39m 
[36mimport[39m 
[33mAddDealForm[39m 
[36mfrom[39m [32m"@/c
omponents/deals/add-deal
-form"[39m[33m;[39m
 [90m    |[39m [31m[
1m^[22m[39m[31m[1m^
[22m[39m[31m[1m^[22m
[39m[31m[1m^[22m[39
m[31m[1m^[22m[39m[3
1m[1m^[22m[39m[31m[
1m^[22m[39m[31m[1m^
[22m[39m[31m[1m^[22m
[39m[31m[1m^[22m[39
m[31m[1m^[22m[39m[3
1m[1m^[22m[39m[31m[
1m^[22m[39m[31m[1m^
[22m[39m[31m[1m^[22m
[39m[31m[1m^[22m[39
m[31m[1m^[22m[39m[3
1m[1m^[22m[39m[31m[
1m^[22m[39m[31m[1m^
[22m[39m[31m[1m^[22m
[39m[31m[1m^[22m[39
m[31m[1m^[22m[39m[3
1m[1m^[22m[39m[31m[
1m^[22m[39m[31m[1m^
[22m[39m[31m[1m^[22m
[39m[31m[1m^[22m[39
m[31m[1m^[22m[39m[3
1m[1m^[22m[39m[31m[
1m^[22m[39m[31m[1m^
[22m[39m[31m[1m^[22m
[39m[31m[1m^[22m[39
m[31m[1m^[22m[39m[3
1m[1m^[22m[39m[31m[
1m^[22m[39m[31m[1m^
[22m[39m[31m[1m^[22m
[39m[31m[1m^[22m[39
m[31m[1m^[22m[39m[3
1m[1m^[22m[39m[31m[
1m^[22m[39m[31m[1m^
[22m[39m[31m[1m^[22m
[39m[31m[1m^[22m[39
m[31m[1m^[22m[39m[3
1m[1m^[22m[39m[31m[
1m^[22m[39m[31m[1m^
[22m[39m[31m[1m^[22m
[39m[31m[1m^[22m[39
m[31m[1m^[22m[39m[3
1m[1m^[22m[39m[31m[
1m^[22m[39m[31m[1m^
[22m[39m[31m[1m^[22m
[39m[31m[1m^[22m[39
m[31m[1m^[22m[39m
 [90m 18 |[39m 
[36mimport[39m 
[33mDealsTable[39m 
[36mfrom[39m [32m"@/c
omponents/shared/deals-t
able"[39m[33m;[39m
 [90m 19 |[39m 
[36mimport[39m { 
getDirectDeals } 
[36mfrom[39m [32m"@/a
ctions/deals"[39m[33m;
[39m
 [90m 20 |[39m 
[36mimport[39m { 
toast } [36mfrom[39m 
[32m"sonner"[39m[33m;
[39m[0m



https://nextjs.org/docs/
messages/module-not-foun
d


./src/app/[locale]/deals
/page.jsx:17:1
Module not found: Can't 
resolve '@/components/de
als/add-deal-form'
[0m [90m 15 |[39m   
[33mDialogTrigger[39m[
33m,[39m
 [90m 16 |[39m } 
[36mfrom[39m [32m"@/c
omponents/ui/dialog"[39
m[33m;[39m
[31m[1m>[22m[39m[90
m 17 |[39m 
[36mimport[39m 
[33mAddDealForm[39m 
[36mfrom[39m [32m"@/c
omponents/deals/add-deal
-form"[39m[33m;[39m
 [90m    |[39m [31m[
1m^[22m[39m[31m[1m^
[22m[39m[31m[1m^[22m
[39m[31m[1m^[22m[39
m[31m[1m^[22m[39m[3
1m[1m^[22m[39m[31m[
1m^[22m[39m[31m[1m^
[22m[39m[31m[1m^[22m
[39m[31m[1m^[22m[39
m[31m[1m^[22m[39m[3
1m[1m^[22m[39m[31m[
1m^[22m[39m[31m[1m^
[22m[39m[31m[1m^[22m
[39m[31m[1m^[22m[39
m[31m[1m^[22m[39m[3
1m[1m^[22m[39m[31m[
1m^[22m[39m[31m[1m^
[22m[39m[31m[1m^[22m
[39m[31m[1m^[22m[39
m[31m[1m^[22m[39m[3
1m[1m^[22m[39m[31m[
1m^[22m[39m[31m[1m^
[22m[39m[31m[1m^[22m
[39m[31m[1m^[22m[39
m[31m[1m^[22m[39m[3
1m[1m^[22m[39m[31m[
1m^[22m[39m[31m[1m^
[22m[39m[31m[1m^[22m
[39m[31m[1m^[22m[39
m[31m[1m^[22m[39m[3
1m[1m^[22m[39m[31m[
1m^[22m[39m[31m[1m^
[22m[39m[31m[1m^[22m
[39m[31m[1m^[22m[39
m[31m[1m^[22m[39m[3
1m[1m^[22m[39m[31m[
1m^[22m[39m[31m[1m^
[22m[39m[31m[1m^[22m
[39m[31m[1m^[22m[39
m[31m[1m^[22m[39m[3
1m[1m^[22m[39m[31m[
1m^[22m[39m[31m[1m^
[22m[39m[31m[1m^[22m
[39m[31m[1m^[22m[39
m[31m[1m^[22m[39m[3
1m[1m^[22m[39m[31m[
1m^[22m[39m[31m[1m^
[22m[39m[31m[1m^[22m
[39m[31m[1m^[22m[39
m[31m[1m^[22m[39m
 [90m 18 |[39m 
[36mimport[39m 
[33mDealsTable[39m 
[36mfrom[39m [32m"@/c
omponents/shared/deals-t
able"[39m[33m;[39m
 [90m 19 |[39m 
[36mimport[39m { 
getDirectDeals } 
[36mfrom[39m [32m"@/a
ctions/deals"[39m[33m;
[39m
 [90m 20 |[39m 
[36mimport[39m { 
toast } [36mfrom[39m 
[32m"sonner"[39m[33m;
[39m[0m



https://nextjs.org/docs/
messages/module-not-foun
d


./src/app/[locale]/deals
/page.jsx:17:1
Module not found: Can't 
resolve '@/components/de
als/add-deal-form'
[0m [90m 15 |[39m   
[33mDialogTrigger[39m[
33m,[39m
 [90m 16 |[39m } 
[36mfrom[39m [32m"@/c
omponents/ui/dialog"[39
m[33m;[39m
[31m[1m>[22m[39m[90
m 17 |[39m 
[36mimport[39m 
[33mAddDealForm[39m 
[36mfrom[39m [32m"@/c
omponents/deals/add-deal
-form"[39m[33m;[39m
 [90m    |[39m [31m[
1m^[22m[39m[31m[1m^
[22m[39m[31m[1m^[22m
[39m[31m[1m^[22m[39
m[31m[1m^[22m[39m[3
1m[1m^[22m[39m[31m[
1m^[22m[39m[31m[1m^
[22m[39m[31m[1m^[22m
[39m[31m[1m^[22m[39
m[31m[1m^[22m[39m[3
1m[1m^[22m[39m[31m[
1m^[22m[39m[31m[1m^
[22m[39m[31m[1m^[22m
[39m[31m[1m^[22m[39
m[31m[1m^[22m[39m[3
1m[1m^[22m[39m[31m[
1m^[22m[39m[31m[1m^
[22m[39m[31m[1m^[22m
[39m[31m[1m^[22m[39
m[31m[1m^[22m[39m[3
1m[1m^[22m[39m[31m[
1m^[22m[39m[31m[1m^
[22m[39m[31m[1m^[22m
[39m[31m[1m^[22m[39
m[31m[1m^[22m[39m[3
1m[1m^[22m[39m[31m[
1m^[22m[39m[31m[1m^
[22m[39m[31m[1m^[22m
[39m[31m[1m^[22m[39
m[31m[1m^[22m[39m[3
1m[1m^[22m[39m[31m[
1m^[22m[39m[31m[1m^
[22m[39m[31m[1m^[22m
[39m[31m[1m^[22m[39
m[31m[1m^[22m[39m[3
1m[1m^[22m[39m[31m[
1m^[22m[39m[31m[1m^
[22m[39m[31m[1m^[22m
[39m[31m[1m^[22m[39
m[31m[1m^[22m[39m[3
1m[1m^[22m[39m[31m[
1m^[22m[39m[31m[1m^
[22m[39m[31m[1m^[22m
[39m[31m[1m^[22m[39
m[31m[1m^[22m[39m[3
1m[1m^[22m[39m[31m[
1m^[22m[39m[31m[1m^
[22m[39m[31m[1m^[22m
[39m[31m[1m^[22m[39
m[31m[1m^[22m[39m
 [90m 18 |[39m 
[36mimport[39m 
[33mDealsTable[39m 
[36mfrom[39m [32m"@/c
omponents/shared/deals-t
able"[39m[33m;[39m
 [90m 19 |[39m 
[36mimport[39m { 
getDirectDeals } 
[36mfrom[39m [32m"@/a
ctions/deals"[39m[33m;
[39m
 [90m 20 |[39m 
[36mimport[39m { 
toast } [36mfrom[39m 
[32m"sonner"[39m[33m;
[39m[0m



https://nextjs.org/docs/
messages/module-not-foun
d


./src/app/[locale]/deals
/page.jsx:17:1
Module not found: Can't 
resolve '@/components/de
als/add-deal-form'
[0m [90m 15 |[39m   
[33mDialogTrigger[39m[
33m,[39m
 [90m 16 |[39m } 
[36mfrom[39m [32m"@/c
omponents/ui/dialog"[39
m[33m;[39m
[31m[1m>[22m[39m[90
m 17 |[39m 
[36mimport[39m 
[33mAddDealForm[39m 
[36mfrom[39m [32m"@/c
omponents/deals/add-deal
-form"[39m[33m;[39m
 [90m    |[39m [31m[
1m^[22m[39m[31m[1m^
[22m[39m[31m[1m^[22m
[39m[31m[1m^[22m[39
m[31m[1m^[22m[39m[3
1m[1m^[22m[39m[31m[
1m^[22m[39m[31m[1m^
[22m[39m[31m[1m^[22m
[39m[31m[1m^[22m[39
m[31m[1m^[22m[39m[3
1m[1m^[22m[39m[31m[
1m^[22m[39m[31m[1m^
[22m[39m[31m[1m^[22m
[39m[31m[1m^[22m[39
m[31m[1m^[22m[39m[3
1m[1m^[22m[39m[31m[
1m^[22m[39m[31m[1m^
[22m[39m[31m[1m^[22m
[39m[31m[1m^[22m[39
m[31m[1m^[22m[39m[3
1m[1m^[22m[39m[31m[
1m^[22m[39m[31m[1m^
[22m[39m[31m[1m^[22m
[39m[31m[1m^[22m[39
m[31m[1m^[22m[39m[3
1m[1m^[22m[39m[31m[
1m^[22m[39m[31m[1m^
[22m[39m[31m[1m^[22m
[39m[31m[1m^[22m[39
m[31m[1m^[22m[39m[3
1m[1m^[22m[39m[31m[
1m^[22m[39m[31m[1m^
[22m[39m[31m[1m^[22m
[39m[31m[1m^[22m[39
m[31m[1m^[22m[39m[3
1m[1m^[22m[39m[31m[
1m^[22m[39m[31m[1m^
[22m[39m[31m[1m^[22m
[39m[31m[1m^[22m[39
m[31m[1m^[22m[39m[3
1m[1m^[22m[39m[31m[
1m^[22m[39m[31m[1m^
[22m[39m[31m[1m^[22m
[39m[31m[1m^[22m[39
m[31m[1m^[22m[39m[3
1m[1m^[22m[39m[31m[
1m^[22m[39m[31m[1m^
[22m[39m[31m[1m^[22m
[39m[31m[1m^[22m[39
m[31m[1m^[22m[39m
 [90m 18 |[39m 
[36mimport[39m 
[33mDealsTable[39m 
[36mfrom[39m [32m"@/c
omponents/shared/deals-t
able"[39m[33m;[39m
 [90m 19 |[39m 
[36mimport[39m { 
getDirectDeals } 
[36mfrom[39m [32m"@/a
ctions/deals"[39m[33m;
[39m
 [90m 20 |[39m 
[36mimport[39m { 
toast } [36mfrom[39m 
[32m"sonner"[39m[33m;
[39m[0m



https://nextjs.org/docs/
messages/module-not-foun
d


./src/app/[locale]/partn
ers/[id]/page.jsx:1:1
Module not found: Can't 
resolve '@/components/es
tates/estate-card'
[0m[31m[1m>[22m[39m
[90m 1 |[39m 
[36mimport[39m 
[33mEstateCard[39m 
[36mfrom[39m [32m"@/c
omponents/estates/estate
-card"[39m[33m;[39m
 [90m   |[39m [31m[1
m^[22m[39m[31m[1m^[
22m[39m[31m[1m^[22m
[39m[31m[1m^[22m[39m
[31m[1m^[22m[39m[31
m[1m^[22m[39m[31m[1
m^[22m[39m[31m[1m^[
22m[39m[31m[1m^[22m
[39m[31m[1m^[22m[39m
[31m[1m^[22m[39m[31
m[1m^[22m[39m[31m[1
m^[22m[39m[31m[1m^[
22m[39m[31m[1m^[22m
[39m[31m[1m^[22m[39m
[31m[1m^[22m[39m[31
m[1m^[22m[39m[31m[1
m^[22m[39m[31m[1m^[
22m[39m[31m[1m^[22m
[39m[31m[1m^[22m[39m
[31m[1m^[22m[39m[31
m[1m^[22m[39m[31m[1
m^[22m[39m[31m[1m^[
22m[39m[31m[1m^[22m
[39m[31m[1m^[22m[39m
[31m[1m^[22m[39m[31
m[1m^[22m[39m[31m[1
m^[22m[39m[31m[1m^[
22m[39m[31m[1m^[22m
[39m[31m[1m^[22m[39m
[31m[1m^[22m[39m[31
m[1m^[22m[39m[31m[1
m^[22m[39m[31m[1m^[
22m[39m[31m[1m^[22m
[39m[31m[1m^[22m[39m
[31m[1m^[22m[39m[31
m[1m^[22m[39m[31m[1
m^[22m[39m[31m[1m^[
22m[39m[31m[1m^[22m
[39m[31m[1m^[22m[39m
[31m[1m^[22m[39m[31
m[1m^[22m[39m[31m[1
m^[22m[39m[31m[1m^[
22m[39m[31m[1m^[22m
[39m[31m[1m^[22m[39m
[31m[1m^[22m[39m[31
m[1m^[22m[39m[31m[1
m^[22m[39m[31m[1m^[
22m[39m[31m[1m^[22m
[39m[31m[1m^[22m[39m
 [90m 2 |[39m 
[36mimport[39m [33mCu
stomBreadcrumbs[39m 
[36mfrom[39m [32m"@/c
omponents/shared/custom-
breadcrumbs"[39m[33m;
[39m
 [90m 3 |[39m 
[36mimport[39m 
[33mSectionHeader[39m 
[36mfrom[39m [32m"@/c
omponents/shared/section
-header"[39m[33m;[39m
 [90m 4 |[39m 
[36mimport[39m 
[33mImage[39m 
[36mfrom[39m [32m"nex
t/image"[39m[33m;[39m
[0m



https://nextjs.org/docs/
messages/module-not-foun
d


./src/app/[locale]/wishl
ist/page.jsx:1:1
Module not found: Can't 
resolve '@/components/es
tates/estate-card'
[0m[31m[1m>[22m[39m
[90m 1 |[39m 
[36mimport[39m 
[33mEstateCard[39m 
[36mfrom[39m [32m'@/c
omponents/estates/estate
-card'[39m
 [90m   |[39m [31m[1
m^[22m[39m[31m[1m^[
22m[39m[31m[1m^[22m
[39m[31m[1m^[22m[39m
[31m[1m^[22m[39m[31
m[1m^[22m[39m[31m[1
m^[22m[39m[31m[1m^[
22m[39m[31m[1m^[22m
[39m[31m[1m^[22m[39m
[31m[1m^[22m[39m[31
m[1m^[22m[39m[31m[1
m^[22m[39m[31m[1m^[
22m[39m[31m[1m^[22m
[39m[31m[1m^[22m[39m
[31m[1m^[22m[39m[31
m[1m^[22m[39m[31m[1
m^[22m[39m[31m[1m^[
22m[39m[31m[1m^[22m
[39m[31m[1m^[22m[39m
[31m[1m^[22m[39m[31
m[1m^[22m[39m[31m[1
m^[22m[39m[31m[1m^[
22m[39m[31m[1m^[22m
[39m[31m[1m^[22m[39m
[31m[1m^[22m[39m[31
m[1m^[22m[39m[31m[1
m^[22m[39m[31m[1m^[
22m[39m[31m[1m^[22m
[39m[31m[1m^[22m[39m
[31m[1m^[22m[39m[31
m[1m^[22m[39m[31m[1
m^[22m[39m[31m[1m^[
22m[39m[31m[1m^[22m
[39m[31m[1m^[22m[39m
[31m[1m^[22m[39m[31
m[1m^[22m[39m[31m[1
m^[22m[39m[31m[1m^[
22m[39m[31m[1m^[22m
[39m[31m[1m^[22m[39m
[31m[1m^[22m[39m[31
m[1m^[22m[39m[31m[1
m^[22m[39m[31m[1m^[
22m[39m[31m[1m^[22m
[39m[31m[1m^[22m[39m
[31m[1m^[22m[39m[31
m[1m^[22m[39m[31m[1
m^[22m[39m[31m[1m^[
22m[39m[31m[1m^[22m
[39m
 [90m 2 |[39m 
[36mimport[39m [33mCu
stomBreadcrumbs[39m 
[36mfrom[39m [32m'@/c
omponents/shared/custom-
breadcrumbs'[39m
 [90m 3 |[39m 
[36mimport[39m 
[33mReact[39m 
[36mfrom[39m 
[32m'react'[39m
 [90m 4 |[39m[0m



https://nextjs.org/docs/
messages/module-not-foun
d


./src/app/[locale]/wishl
ist/page.jsx:1:1
Module not found: Can't 
resolve '@/components/es
tates/estate-card'
[0m[31m[1m>[22m[39m
[90m 1 |[39m 
[36mimport[39m 
[33mEstateCard[39m 
[36mfrom[39m [32m'@/c
omponents/estates/estate
-card'[39m
 [90m   |[39m [31m[1
m^[22m[39m[31m[1m^[
22m[39m[31m[1m^[22m
[39m[31m[1m^[22m[39m
[31m[1m^[22m[39m[31
m[1m^[22m[39m[31m[1
m^[22m[39m[31m[1m^[
22m[39m[31m[1m^[22m
[39m[31m[1m^[22m[39m
[31m[1m^[22m[39m[31
m[1m^[22m[39m[31m[1
m^[22m[39m[31m[1m^[
22m[39m[31m[1m^[22m
[39m[31m[1m^[22m[39m
[31m[1m^[22m[39m[31
m[1m^[22m[39m[31m[1
m^[22m[39m[31m[1m^[
22m[39m[31m[1m^[22m
[39m[31m[1m^[22m[39m
[31m[1m^[22m[39m[31
m[1m^[22m[39m[31m[1
m^[22m[39m[31m[1m^[
22m[39m[31m[1m^[22m
[39m[31m[1m^[22m[39m
[31m[1m^[22m[39m[31
m[1m^[22m[39m[31m[1
m^[22m[39m[31m[1m^[
22m[39m[31m[1m^[22m
[39m[31m[1m^[22m[39m
[31m[1m^[22m[39m[31
m[1m^[22m[39m[31m[1
m^[22m[39m[31m[1m^[
22m[39m[31m[1m^[22m
[39m[31m[1m^[22m[39m
[31m[1m^[22m[39m[31
m[1m^[22m[39m[31m[1
m^[22m[39m[31m[1m^[
22m[39m[31m[1m^[22m
[39m[31m[1m^[22m[39m
[31m[1m^[22m[39m[31
m[1m^[22m[39m[31m[1
m^[22m[39m[31m[1m^[
22m[39m[31m[1m^[22m
[39m[31m[1m^[22m[39m
[31m[1m^[22m[39m[31
m[1m^[22m[39m[31m[1
m^[22m[39m[31m[1m^[
22m[39m[31m[1m^[22m
[39m
 [90m 2 |[39m 
[36mimport[39m [33mCu
stomBreadcrumbs[39m 
[36mfrom[39m [32m'@/c
omponents/shared/custom-
breadcrumbs'[39m
 [90m 3 |[39m 
[36mimport[39m 
[33mReact[39m 
[36mfrom[39m 
[32m'react'[39m
 [90m 4 |[39m[0m



https://nextjs.org/docs/
messages/module-not-foun
d


./src/app/[locale]/estat
s/page.jsx:6:1
Module not found: Can't 
resolve '@/components/es
tates/estates-filter'
[0m [90m 4 |[39m 
[36mimport[39m { 
useLocale } 
[36mfrom[39m [32m"nex
t-intl"[39m[33m;[39m
 [90m 5 |[39m 
[36mimport[39m [33mCu
stomBreadcrumbs[39m 
[36mfrom[39m [32m"@/c
omponents/shared/custom-
breadcrumbs"[39m[33m;
[39m
[31m[1m>[22m[39m[90
m 6 |[39m 
[36mimport[39m [33mEs
tateFilterPanel[39m 
[36mfrom[39m [32m"@/c
omponents/estates/estate
s-filter"[39m[33m;[39
m
 [90m   |[39m [31m[1
m^[22m[39m[31m[1m^[
22m[39m[31m[1m^[22m
[39m[31m[1m^[22m[39m
[31m[1m^[22m[39m[31
m[1m^[22m[39m[31m[1
m^[22m[39m[31m[1m^[
22m[39m[31m[1m^[22m
[39m[31m[1m^[22m[39m
[31m[1m^[22m[39m[31
m[1m^[22m[39m[31m[1
m^[22m[39m[31m[1m^[
22m[39m[31m[1m^[22m
[39m[31m[1m^[22m[39m
[31m[1m^[22m[39m[31
m[1m^[22m[39m[31m[1
m^[22m[39m[31m[1m^[
22m[39m[31m[1m^[22m
[39m[31m[1m^[22m[39m
[31m[1m^[22m[39m[31
m[1m^[22m[39m[31m[1
m^[22m[39m[31m[1m^[
22m[39m[31m[1m^[22m
[39m[31m[1m^[22m[39m
[31m[1m^[22m[39m[31
m[1m^[22m[39m[31m[1
m^[22m[39m[31m[1m^[
22m[39m[31m[1m^[22m
[39m[31m[1m^[22m[39m
[31m[1m^[22m[39m[31
m[1m^[22m[39m[31m[1
m^[22m[39m[31m[1m^[
22m[39m[31m[1m^[22m
[39m[31m[1m^[22m[39m
[31m[1m^[22m[39m[31
m[1m^[22m[39m[31m[1
m^[22m[39m[31m[1m^[
22m[39m[31m[1m^[22m
[39m[31m[1m^[22m[39m
[31m[1m^[22m[39m[31
m[1m^[22m[39m[31m[1
m^[22m[39m[31m[1m^[
22m[39m[31m[1m^[22m
[39m[31m[1m^[22m[39m
[31m[1m^[22m[39m[31
m[1m^[22m[39m[31m[1
m^[22m[39m[31m[1m^[
22m[39m[31m[1m^[22m
[39m[31m[1m^[22m[39m
[31m[1m^[22m[39m[31
m[1m^[22m[39m[31m[1
m^[22m[39m[31m[1m^[
22m[39m[31m[1m^[22m
[39m[31m[1m^[22m[39m
[31m[1m^[22m[39m[31
m[1m^[22m[39m[31m[1
m^[22m[39m[31m[1m^[
22m[39m
 [90m 7 |[39m 
[36mimport[39m 
[33mEstatesGrid[39m 
[36mfrom[39m [32m"@/c
omponents/estates/estate
s-grid"[39m[33m;[39m
 [90m 8 |[39m 
[36mimport[39m { 
motion } [36mfrom[39m 
[32m"motion/react"[39m
[33m;[39m
 [90m 9 |[39m[0m



https://nextjs.org/docs/
messages/module-not-foun
d


./src/app/[locale]/estat
s/page.jsx:6:1
Module not found: Can't 
resolve '@/components/es
tates/estates-filter'
[0m [90m 4 |[39m 
[36mimport[39m { 
useLocale } 
[36mfrom[39m [32m"nex
t-intl"[39m[33m;[39m
 [90m 5 |[39m 
[36mimport[39m [33mCu
stomBreadcrumbs[39m 
[36mfrom[39m [32m"@/c
omponents/shared/custom-
breadcrumbs"[39m[33m;
[39m
[31m[1m>[22m[39m[90
m 6 |[39m 
[36mimport[39m [33mEs
tateFilterPanel[39m 
[36mfrom[39m [32m"@/c
omponents/estates/estate
s-filter"[39m[33m;[39
m
 [90m   |[39m [31m[1
m^[22m[39m[31m[1m^[
22m[39m[31m[1m^[22m
[39m[31m[1m^[22m[39m
[31m[1m^[22m[39m[31
m[1m^[22m[39m[31m[1
m^[22m[39m[31m[1m^[
22m[39m[31m[1m^[22m
[39m[31m[1m^[22m[39m
[31m[1m^[22m[39m[31
m[1m^[22m[39m[31m[1
m^[22m[39m[31m[1m^[
22m[39m[31m[1m^[22m
[39m[31m[1m^[22m[39m
[31m[1m^[22m[39m[31
m[1m^[22m[39m[31m[1
m^[22m[39m[31m[1m^[
22m[39m[31m[1m^[22m
[39m[31m[1m^[22m[39m
[31m[1m^[22m[39m[31
m[1m^[22m[39m[31m[1
m^[22m[39m[31m[1m^[
22m[39m[31m[1m^[22m
[39m[31m[1m^[22m[39m
[31m[1m^[22m[39m[31
m[1m^[22m[39m[31m[1
m^[22m[39m[31m[1m^[
22m[39m[31m[1m^[22m
[39m[31m[1m^[22m[39m
[31m[1m^[22m[39m[31
m[1m^[22m[39m[31m[1
m^[22m[39m[31m[1m^[
22m[39m[31m[1m^[22m
[39m[31m[1m^[22m[39m
[31m[1m^[22m[39m[31
m[1m^[22m[39m[31m[1
m^[22m[39m[31m[1m^[
22m[39m[31m[1m^[22m
[39m[31m[1m^[22m[39m
[31m[1m^[22m[39m[31
m[1m^[22m[39m[31m[1
m^[22m[39m[31m[1m^[
22m[39m[31m[1m^[22m
[39m[31m[1m^[22m[39m
[31m[1m^[22m[39m[31
m[1m^[22m[39m[31m[1
m^[22m[39m[31m[1m^[
22m[39m[31m[1m^[22m
[39m[31m[1m^[22m[39m
[31m[1m^[22m[39m[31
m[1m^[22m[39m[31m[1
m^[22m[39m[31m[1m^[
22m[39m[31m[1m^[22m
[39m[31m[1m^[22m[39m
[31m[1m^[22m[39m[31
m[1m^[22m[39m[31m[1
m^[22m[39m[31m[1m^[
22m[39m
 [90m 7 |[39m 
[36mimport[39m 
[33mEstatesGrid[39m 
[36mfrom[39m [32m"@/c
omponents/estates/estate
s-grid"[39m[33m;[39m
 [90m 8 |[39m 
[36mimport[39m { 
motion } [36mfrom[39m 
[32m"motion/react"[39m
[33m;[39m
 [90m 9 |[39m[0m



https://nextjs.org/docs/
messages/module-not-foun
d


./src/app/[locale]/estat
s/page.jsx:6:1
Module not found: Can't 
resolve '@/components/es
tates/estates-filter'
[0m [90m 4 |[39m 
[36mimport[39m { 
useLocale } 
[36mfrom[39m [32m"nex
t-intl"[39m[33m;[39m
 [90m 5 |[39m 
[36mimport[39m [33mCu
stomBreadcrumbs[39m 
[36mfrom[39m [32m"@/c
omponents/shared/custom-
breadcrumbs"[39m[33m;
[39m
[31m[1m>[22m[39m[90
m 6 |[39m 
[36mimport[39m [33mEs
tateFilterPanel[39m 
[36mfrom[39m [32m"@/c
omponents/estates/estate
s-filter"[39m[33m;[39
m
 [90m   |[39m [31m[1
m^[22m[39m[31m[1m^[
22m[39m[31m[1m^[22m
[39m[31m[1m^[22m[39m
[31m[1m^[22m[39m[31
m[1m^[22m[39m[31m[1
m^[22m[39m[31m[1m^[
22m[39m[31m[1m^[22m
[39m[31m[1m^[22m[39m
[31m[1m^[22m[39m[31
m[1m^[22m[39m[31m[1
m^[22m[39m[31m[1m^[
22m[39m[31m[1m^[22m
[39m[31m[1m^[22m[39m
[31m[1m^[22m[39m[31
m[1m^[22m[39m[31m[1
m^[22m[39m[31m[1m^[
22m[39m[31m[1m^[22m
[39m[31m[1m^[22m[39m
[31m[1m^[22m[39m[31
m[1m^[22m[39m[31m[1
m^[22m[39m[31m[1m^[
22m[39m[31m[1m^[22m
[39m[31m[1m^[22m[39m
[31m[1m^[22m[39m[31
m[1m^[22m[39m[31m[1
m^[22m[39m[31m[1m^[
22m[39m[31m[1m^[22m
[39m[31m[1m^[22m[39m
[31m[1m^[22m[39m[31
m[1m^[22m[39m[31m[1
m^[22m[39m[31m[1m^[
22m[39m[31m[1m^[22m
[39m[31m[1m^[22m[39m
[31m[1m^[22m[39m[31
m[1m^[22m[39m[31m[1
m^[22m[39m[31m[1m^[
22m[39m[31m[1m^[22m
[39m[31m[1m^[22m[39m
[31m[1m^[22m[39m[31
m[1m^[22m[39m[31m[1
m^[22m[39m[31m[1m^[
22m[39m[31m[1m^[22m
[39m[31m[1m^[22m[39m
[31m[1m^[22m[39m[31
m[1m^[22m[39m[31m[1
m^[22m[39m[31m[1m^[
22m[39m[31m[1m^[22m
[39m[31m[1m^[22m[39m
[31m[1m^[22m[39m[31
m[1m^[22m[39m[31m[1
m^[22m[39m[31m[1m^[
22m[39m[31m[1m^[22m
[39m[31m[1m^[22m[39m
[31m[1m^[22m[39m[31
m[1m^[22m[39m[31m[1
m^[22m[39m[31m[1m^[
22m[39m
 [90m 7 |[39m 
[36mimport[39m 
[33mEstatesGrid[39m 
[36mfrom[39m [32m"@/c
omponents/estates/estate
s-grid"[39m[33m;[39m
 [90m 8 |[39m 
[36mimport[39m { 
motion } [36mfrom[39m 
[32m"motion/react"[39m
[33m;[39m
 [90m 9 |[39m[0m



https://nextjs.org/docs/
messages/module-not-foun
d


./src/app/[locale]/estat
s/page.jsx:6:1
Module not found: Can't 
resolve '@/components/es
tates/estates-filter'
[0m [90m 4 |[39m 
[36mimport[39m { 
useLocale } 
[36mfrom[39m [32m"nex
t-intl"[39m[33m;[39m
 [90m 5 |[39m 
[36mimport[39m [33mCu
stomBreadcrumbs[39m 
[36mfrom[39m [32m"@/c
omponents/shared/custom-
breadcrumbs"[39m[33m;
[39m
[31m[1m>[22m[39m[90
m 6 |[39m 
[36mimport[39m [33mEs
tateFilterPanel[39m 
[36mfrom[39m [32m"@/c
omponents/estates/estate
s-filter"[39m[33m;[39
m
 [90m   |[39m [31m[1
m^[22m[39m[31m[1m^[
22m[39m[31m[1m^[22m
[39m[31m[1m^[22m[39m
[31m[1m^[22m[39m[31
m[1m^[22m[39m[31m[1
m^[22m[39m[31m[1m^[
22m[39m[31m[1m^[22m
[39m[31m[1m^[22m[39m
[31m[1m^[22m[39m[31
m[1m^[22m[39m[31m[1
m^[22m[39m[31m[1m^[
22m[39m[31m[1m^[22m
[39m[31m[1m^[22m[39m
[31m[1m^[22m[39m[31
m[1m^[22m[39m[31m[1
m^[22m[39m[31m[1m^[
22m[39m[31m[1m^[22m
[39m[31m[1m^[22m[39m
[31m[1m^[22m[39m[31
m[1m^[22m[39m[31m[1
m^[22m[39m[31m[1m^[
22m[39m[31m[1m^[22m
[39m[31m[1m^[22m[39m
[31m[1m^[22m[39m[31
m[1m^[22m[39m[31m[1
m^[22m[39m[31m[1m^[
22m[39m[31m[1m^[22m
[39m[31m[1m^[22m[39m
[31m[1m^[22m[39m[31
m[1m^[22m[39m[31m[1
m^[22m[39m[31m[1m^[
22m[39m[31m[1m^[22m
[39m[31m[1m^[22m[39m
[31m[1m^[22m[39m[31
m[1m^[22m[39m[31m[1
m^[22m[39m[31m[1m^[
22m[39m[31m[1m^[22m
[39m[31m[1m^[22m[39m
[31m[1m^[22m[39m[31
m[1m^[22m[39m[31m[1
m^[22m[39m[31m[1m^[
22m[39m[31m[1m^[22m
[39m[31m[1m^[22m[39m
[31m[1m^[22m[39m[31
m[1m^[22m[39m[31m[1
m^[22m[39m[31m[1m^[
22m[39m[31m[1m^[22m
[39m[31m[1m^[22m[39m
[31m[1m^[22m[39m[31
m[1m^[22m[39m[31m[1
m^[22m[39m[31m[1m^[
22m[39m[31m[1m^[22m
[39m[31m[1m^[22m[39m
[31m[1m^[22m[39m[31
m[1m^[22m[39m[31m[1
m^[22m[39m[31m[1m^[
22m[39m
 [90m 7 |[39m 
[36mimport[39m 
[33mEstatesGrid[39m 
[36mfrom[39m [32m"@/c
omponents/estates/estate
s-grid"[39m[33m;[39m
 [90m 8 |[39m 
[36mimport[39m { 
motion } [36mfrom[39m 
[32m"motion/react"[39m
[33m;[39m
 [90m 9 |[39m[0m



https://nextjs.org/docs/
messages/module-not-foun
d


./src/app/[locale]/estat
s/page.jsx:7:1
Module not found: Can't 
resolve '@/components/es
tates/estates-grid'
[0m [90m  5 |[39m 
[36mimport[39m [33mCu
stomBreadcrumbs[39m 
[36mfrom[39m [32m"@/c
omponents/shared/custom-
breadcrumbs"[39m[33m;
[39m
 [90m  6 |[39m 
[36mimport[39m [33mEs
tateFilterPanel[39m 
[36mfrom[39m [32m"@/c
omponents/estates/estate
s-filter"[39m[33m;[39
m
[31m[1m>[22m[39m[90
m  7 |[39m 
[36mimport[39m 
[33mEstatesGrid[39m 
[36mfrom[39m [32m"@/c
omponents/estates/estate
s-grid"[39m[33m;[39m
 [90m    |[39m [31m[
1m^[22m[39m[31m[1m^
[22m[39m[31m[1m^[22m
[39m[31m[1m^[22m[39
m[31m[1m^[22m[39m[3
1m[1m^[22m[39m[31m[
1m^[22m[39m[31m[1m^
[22m[39m[31m[1m^[22m
[39m[31m[1m^[22m[39
m[31m[1m^[22m[39m[3
1m[1m^[22m[39m[31m[
1m^[22m[39m[31m[1m^
[22m[39m[31m[1m^[22m
[39m[31m[1m^[22m[39
m[31m[1m^[22m[39m[3
1m[1m^[22m[39m[31m[
1m^[22m[39m[31m[1m^
[22m[39m[31m[1m^[22m
[39m[31m[1m^[22m[39
m[31m[1m^[22m[39m[3
1m[1m^[22m[39m[31m[
1m^[22m[39m[31m[1m^
[22m[39m[31m[1m^[22m
[39m[31m[1m^[22m[39
m[31m[1m^[22m[39m[3
1m[1m^[22m[39m[31m[
1m^[22m[39m[31m[1m^
[22m[39m[31m[1m^[22m
[39m[31m[1m^[22m[39
m[31m[1m^[22m[39m[3
1m[1m^[22m[39m[31m[
1m^[22m[39m[31m[1m^
[22m[39m[31m[1m^[22m
[39m[31m[1m^[22m[39
m[31m[1m^[22m[39m[3
1m[1m^[22m[39m[31m[
1m^[22m[39m[31m[1m^
[22m[39m[31m[1m^[22m
[39m[31m[1m^[22m[39
m[31m[1m^[22m[39m[3
1m[1m^[22m[39m[31m[
1m^[22m[39m[31m[1m^
[22m[39m[31m[1m^[22m
[39m[31m[1m^[22m[39
m[31m[1m^[22m[39m[3
1m[1m^[22m[39m[31m[
1m^[22m[39m[31m[1m^
[22m[39m[31m[1m^[22m
[39m[31m[1m^[22m[39
m[31m[1m^[22m[39m[3
1m[1m^[22m[39m
 [90m  8 |[39m 
[36mimport[39m { 
motion } [36mfrom[39m 
[32m"motion/react"[39m
[33m;[39m
 [90m  9 |[39m
 [90m 10 |[39m 
[36mconst[39m 
[33mEstatsPage[39m 
[33m=[39m () 
[33m=>[39m {[0m



https://nextjs.org/docs/
messages/module-not-foun
d


./src/app/[locale]/estat
s/page.jsx:7:1
Module not found: Can't 
resolve '@/components/es
tates/estates-grid'
[0m [90m  5 |[39m 
[36mimport[39m [33mCu
stomBreadcrumbs[39m 
[36mfrom[39m [32m"@/c
omponents/shared/custom-
breadcrumbs"[39m[33m;
[39m
 [90m  6 |[39m 
[36mimport[39m [33mEs
tateFilterPanel[39m 
[36mfrom[39m [32m"@/c
omponents/estates/estate
s-filter"[39m[33m;[39
m
[31m[1m>[22m[39m[90
m  7 |[39m 
[36mimport[39m 
[33mEstatesGrid[39m 
[36mfrom[39m [32m"@/c
omponents/estates/estate
s-grid"[39m[33m;[39m
 [90m    |[39m [31m[
1m^[22m[39m[31m[1m^
[22m[39m[31m[1m^[22m
[39m[31m[1m^[22m[39
m[31m[1m^[22m[39m[3
1m[1m^[22m[39m[31m[
1m^[22m[39m[31m[1m^
[22m[39m[31m[1m^[22m
[39m[31m[1m^[22m[39
m[31m[1m^[22m[39m[3
1m[1m^[22m[39m[31m[
1m^[22m[39m[31m[1m^
[22m[39m[31m[1m^[22m
[39m[31m[1m^[22m[39
m[31m[1m^[22m[39m[3
1m[1m^[22m[39m[31m[
1m^[22m[39m[31m[1m^
[22m[39m[31m[1m^[22m
[39m[31m[1m^[22m[39
m[31m[1m^[22m[39m[3
1m[1m^[22m[39m[31m[
1m^[22m[39m[31m[1m^
[22m[39m[31m[1m^[22m
[39m[31m[1m^[22m[39
m[31m[1m^[22m[39m[3
1m[1m^[22m[39m[31m[
1m^[22m[39m[31m[1m^
[22m[39m[31m[1m^[22m
[39m[31m[1m^[22m[39
m[31m[1m^[22m[39m[3
1m[1m^[22m[39m[31m[
1m^[22m[39m[31m[1m^
[22m[39m[31m[1m^[22m
[39m[31m[1m^[22m[39
m[31m[1m^[22m[39m[3
1m[1m^[22m[39m[31m[
1m^[22m[39m[31m[1m^
[22m[39m[31m[1m^[22m
[39m[31m[1m^[22m[39
m[31m[1m^[22m[39m[3
1m[1m^[22m[39m[31m[
1m^[22m[39m[31m[1m^
[22m[39m[31m[1m^[22m
[39m[31m[1m^[22m[39
m[31m[1m^[22m[39m[3
1m[1m^[22m[39m[31m[
1m^[22m[39m[31m[1m^
[22m[39m[31m[1m^[22m
[39m[31m[1m^[22m[39
m[31m[1m^[22m[39m[3
1m[1m^[22m[39m
 [90m  8 |[39m 
[36mimport[39m { 
motion } [36mfrom[39m 
[32m"motion/react"[39m
[33m;[39m
 [90m  9 |[39m
 [90m 10 |[39m 
[36mconst[39m 
[33mEstatsPage[39m 
[33m=[39m () 
[33m=>[39m {[0m



https://nextjs.org/docs/
messages/module-not-foun
d


./src/app/[locale]/estat
s/page.jsx:7:1
Module not found: Can't 
resolve '@/components/es
tates/estates-grid'
[0m [90m  5 |[39m 
[36mimport[39m [33mCu
stomBreadcrumbs[39m 
[36mfrom[39m [32m"@/c
omponents/shared/custom-
breadcrumbs"[39m[33m;
[39m
 [90m  6 |[39m 
[36mimport[39m [33mEs
tateFilterPanel[39m 
[36mfrom[39m [32m"@/c
omponents/estates/estate
s-filter"[39m[33m;[39
m
[31m[1m>[22m[39m[90
m  7 |[39m 
[36mimport[39m 
[33mEstatesGrid[39m 
[36mfrom[39m [32m"@/c
omponents/estates/estate
s-grid"[39m[33m;[39m
 [90m    |[39m [31m[
1m^[22m[39m[31m[1m^
[22m[39m[31m[1m^[22m
[39m[31m[1m^[22m[39
m[31m[1m^[22m[39m[3
1m[1m^[22m[39m[31m[
1m^[22m[39m[31m[1m^
[22m[39m[31m[1m^[22m
[39m[31m[1m^[22m[39
m[31m[1m^[22m[39m[3
1m[1m^[22m[39m[31m[
1m^[22m[39m[31m[1m^
[22m[39m[31m[1m^[22m
[39m[31m[1m^[22m[39
m[31m[1m^[22m[39m[3
1m[1m^[22m[39m[31m[
1m^[22m[39m[31m[1m^
[22m[39m[31m[1m^[22m
[39m[31m[1m^[22m[39
m[31m[1m^[22m[39m[3
1m[1m^[22m[39m[31m[
1m^[22m[39m[31m[1m^
[22m[39m[31m[1m^[22m
[39m[31m[1m^[22m[39
m[31m[1m^[22m[39m[3
1m[1m^[22m[39m[31m[
1m^[22m[39m[31m[1m^
[22m[39m[31m[1m^[22m
[39m[31m[1m^[22m[39
m[31m[1m^[22m[39m[3
1m[1m^[22m[39m[31m[
1m^[22m[39m[31m[1m^
[22m[39m[31m[1m^[22m
[39m[31m[1m^[22m[39
m[31m[1m^[22m[39m[3
1m[1m^[22m[39m[31m[
1m^[22m[39m[31m[1m^
[22m[39m[31m[1m^[22m
[39m[31m[1m^[22m[39
m[31m[1m^[22m[39m[3
1m[1m^[22m[39m[31m[
1m^[22m[39m[31m[1m^
[22m[39m[31m[1m^[22m
[39m[31m[1m^[22m[39
m[31m[1m^[22m[39m[3
1m[1m^[22m[39m[31m[
1m^[22m[39m[31m[1m^
[22m[39m[31m[1m^[22m
[39m[31m[1m^[22m[39
m[31m[1m^[22m[39m[3
1m[1m^[22m[39m
 [90m  8 |[39m 
[36mimport[39m { 
motion } [36mfrom[39m 
[32m"motion/react"[39m
[33m;[39m
 [90m  9 |[39m
 [90m 10 |[39m 
[36mconst[39m 
[33mEstatsPage[39m 
[33m=[39m () 
[33m=>[39m {[0m



https://nextjs.org/docs/
messages/module-not-foun
d


./src/app/[locale]/estat
s/page.jsx:7:1
Module not found: Can't 
resolve '@/components/es
tates/estates-grid'
[0m [90m  5 |[39m 
[36mimport[39m [33mCu
stomBreadcrumbs[39m 
[36mfrom[39m [32m"@/c
omponents/shared/custom-
breadcrumbs"[39m[33m;
[39m
 [90m  6 |[39m 
[36mimport[39m [33mEs
tateFilterPanel[39m 
[36mfrom[39m [32m"@/c
omponents/estates/estate
s-filter"[39m[33m;[39
m
[31m[1m>[22m[39m[90
m  7 |[39m 
[36mimport[39m 
[33mEstatesGrid[39m 
[36mfrom[39m [32m"@/c
omponents/estates/estate
s-grid"[39m[33m;[39m
 [90m    |[39m [31m[
1m^[22m[39m[31m[1m^
[22m[39m[31m[1m^[22m
[39m[31m[1m^[22m[39
m[31m[1m^[22m[39m[3
1m[1m^[22m[39m[31m[
1m^[22m[39m[31m[1m^
[22m[39m[31m[1m^[22m
[39m[31m[1m^[22m[39
m[31m[1m^[22m[39m[3
1m[1m^[22m[39m[31m[
1m^[22m[39m[31m[1m^
[22m[39m[31m[1m^[22m
[39m[31m[1m^[22m[39
m[31m[1m^[22m[39m[3
1m[1m^[22m[39m[31m[
1m^[22m[39m[31m[1m^
[22m[39m[31m[1m^[22m
[39m[31m[1m^[22m[39
m[31m[1m^[22m[39m[3
1m[1m^[22m[39m[31m[
1m^[22m[39m[31m[1m^
[22m[39m[31m[1m^[22m
[39m[31m[1m^[22m[39
m[31m[1m^[22m[39m[3
1m[1m^[22m[39m[31m[
1m^[22m[39m[31m[1m^
[22m[39m[31m[1m^[22m
[39m[31m[1m^[22m[39
m[31m[1m^[22m[39m[3
1m[1m^[22m[39m[31m[
1m^[22m[39m[31m[1m^
[22m[39m[31m[1m^[22m
[39m[31m[1m^[22m[39
m[31m[1m^[22m[39m[3
1m[1m^[22m[39m[31m[
1m^[22m[39m[31m[1m^
[22m[39m[31m[1m^[22m
[39m[31m[1m^[22m[39
m[31m[1m^[22m[39m[3
1m[1m^[22m[39m[31m[
1m^[22m[39m[31m[1m^
[22m[39m[31m[1m^[22m
[39m[31m[1m^[22m[39
m[31m[1m^[22m[39m[3
1m[1m^[22m[39m[31m[
1m^[22m[39m[31m[1m^
[22m[39m[31m[1m^[22m
[39m[31m[1m^[22m[39
m[31m[1m^[22m[39m[3
1m[1m^[22m[39m
 [90m  8 |[39m 
[36mimport[39m { 
motion } [36mfrom[39m 
[32m"motion/react"[39m
[33m;[39m
 [90m  9 |[39m
 [90m 10 |[39m 
[36mconst[39m 
[33mEstatsPage[39m 
[33m=[39m () 
[33m=>[39m {[0m



https://nextjs.org/docs/
messages/module-not-foun
d


./src/app/[locale]/estat
s/[slug]/page.jsx:19:1
Module not found: Can't 
resolve '@/components/es
tates/property-actions'
[0m [90m 17 |[39m 
[36mimport[39m 
[33mStatesSection[39m 
[36mfrom[39m [32m"@/c
omponents/home/states-se
ction"[39m[33m;[39m
 [90m 18 |[39m 
[36mimport[39m [33mPr
opertyGallery[39m 
[36mfrom[39m [32m"@/c
omponents/estates/proper
ty-gallery"[39m[33m;[
39m
[31m[1m>[22m[39m[90
m 19 |[39m 
[36mimport[39m [33mPr
opertyActions[39m 
[36mfrom[39m [32m"@/c
omponents/estates/proper
ty-actions"[39m[33m;[
39m
 [90m    |[39m [31m[
1m^[22m[39m[31m[1m^
[22m[39m[31m[1m^[22m
[39m[31m[1m^[22m[39
m[31m[1m^[22m[39m[3
1m[1m^[22m[39m[31m[
1m^[22m[39m[31m[1m^
[22m[39m[31m[1m^[22m
[39m[31m[1m^[22m[39
m[31m[1m^[22m[39m[3
1m[1m^[22m[39m[31m[
1m^[22m[39m[31m[1m^
[22m[39m[31m[1m^[22m
[39m[31m[1m^[22m[39
m[31m[1m^[22m[39m[3
1m[1m^[22m[39m[31m[
1m^[22m[39m[31m[1m^
[22m[39m[31m[1m^[22m
[39m[31m[1m^[22m[39
m[31m[1m^[22m[39m[3
1m[1m^[22m[39m[31m[
1m^[22m[39m[31m[1m^
[22m[39m[31m[1m^[22m
[39m[31m[1m^[22m[39
m[31m[1m^[22m[39m[3
1m[1m^[22m[39m[31m[
1m^[22m[39m[31m[1m^
[22m[39m[31m[1m^[22m
[39m[31m[1m^[22m[39
m[31m[1m^[22m[39m[3
1m[1m^[22m[39m[31m[
1m^[22m[39m[31m[1m^
[22m[39m[31m[1m^[22m
[39m[31m[1m^[22m[39
m[31m[1m^[22m[39m[3
1m[1m^[22m[39m[31m[
1m^[22m[39m[31m[1m^
[22m[39m[31m[1m^[22m
[39m[31m[1m^[22m[39
m[31m[1m^[22m[39m[3
1m[1m^[22m[39m[31m[
1m^[22m[39m[31m[1m^
[22m[39m[31m[1m^[22m
[39m[31m[1m^[22m[39
m[31m[1m^[22m[39m[3
1m[1m^[22m[39m[31m[
1m^[22m[39m[31m[1m^
[22m[39m[31m[1m^[22m
[39m[31m[1m^[22m[39
m[31m[1m^[22m[39m[3
1m[1m^[22m[39m[31m[
1m^[22m[39m[31m[1m^
[22m[39m[31m[1m^[22m
[39m[31m[1m^[22m[39
m[31m[1m^[22m[39m[3
1m[1m^[22m[39m[31m[
1m^[22m[39m[31m[1m^
[22m[39m
 [90m 20 |[39m 
[36mimport[39m [33mPr
opertyReviews[39m 
[36mfrom[39m [32m"@/c
omponents/estates/proper
ty-reviews"[39m[33m;[
39m
 [90m 21 |[39m 
[36mimport[39m {
 [90m 22 |[39m   getPr
opertyBySlug[33m,[39m
[0m



https://nextjs.org/docs/
messages/module-not-foun
d


./src/app/[locale]/estat
s/[slug]/page.jsx:19:1
Module not found: Can't 
resolve '@/components/es
tates/property-actions'
[0m [90m 17 |[39m 
[36mimport[39m 
[33mStatesSection[39m 
[36mfrom[39m [32m"@/c
omponents/home/states-se
ction"[39m[33m;[39m
 [90m 18 |[39m 
[36mimport[39m [33mPr
opertyGallery[39m 
[36mfrom[39m [32m"@/c
omponents/estates/proper
ty-gallery"[39m[33m;[
39m
[31m[1m>[22m[39m[90
m 19 |[39m 
[36mimport[39m [33mPr
opertyActions[39m 
[36mfrom[39m [32m"@/c
omponents/estates/proper
ty-actions"[39m[33m;[
39m
 [90m    |[39m [31m[
1m^[22m[39m[31m[1m^
[22m[39m[31m[1m^[22m
[39m[31m[1m^[22m[39
m[31m[1m^[22m[39m[3
1m[1m^[22m[39m[31m[
1m^[22m[39m[31m[1m^
[22m[39m[31m[1m^[22m
[39m[31m[1m^[22m[39
m[31m[1m^[22m[39m[3
1m[1m^[22m[39m[31m[
1m^[22m[39m[31m[1m^
[22m[39m[31m[1m^[22m
[39m[31m[1m^[22m[39
m[31m[1m^[22m[39m[3
1m[1m^[22m[39m[31m[
1m^[22m[39m[31m[1m^
[22m[39m[31m[1m^[22m
[39m[31m[1m^[22m[39
m[31m[1m^[22m[39m[3
1m[1m^[22m[39m[31m[
1m^[22m[39m[31m[1m^
[22m[39m[31m[1m^[22m
[39m[31m[1m^[22m[39
m[31m[1m^[22m[39m[3
1m[1m^[22m[39m[31m[
1m^[22m[39m[31m[1m^
[22m[39m[31m[1m^[22m
[39m[31m[1m^[22m[39
m[31m[1m^[22m[39m[3
1m[1m^[22m[39m[31m[
1m^[22m[39m[31m[1m^
[22m[39m[31m[1m^[22m
[39m[31m[1m^[22m[39
m[31m[1m^[22m[39m[3
1m[1m^[22m[39m[31m[
1m^[22m[39m[31m[1m^
[22m[39m[31m[1m^[22m
[39m[31m[1m^[22m[39
m[31m[1m^[22m[39m[3
1m[1m^[22m[39m[31m[
1m^[22m[39m[31m[1m^
[22m[39m[31m[1m^[22m
[39m[31m[1m^[22m[39
m[31m[1m^[22m[39m[3
1m[1m^[22m[39m[31m[
1m^[22m[39m[31m[1m^
[22m[39m[31m[1m^[22m
[39m[31m[1m^[22m[39
m[31m[1m^[22m[39m[3
1m[1m^[22m[39m[31m[
1m^[22m[39m[31m[1m^
[22m[39m[31m[1m^[22m
[39m[31m[1m^[22m[39
m[31m[1m^[22m[39m[3
1m[1m^[22m[39m[31m[
1m^[22m[39m[31m[1m^
[22m[39m
 [90m 20 |[39m 
[36mimport[39m [33mPr
opertyReviews[39m 
[36mfrom[39m [32m"@/c
omponents/estates/proper
ty-reviews"[39m[33m;[
39m
 [90m 21 |[39m 
[36mimport[39m {
 [90m 22 |[39m   getPr
opertyBySlug[33m,[39m
[0m



https://nextjs.org/docs/
messages/module-not-foun
d


./src/app/[locale]/estat
s/[slug]/page.jsx:18:1
Module not found: Can't 
resolve '@/components/es
tates/property-gallery'
[0m [90m 16 |[39m 
[36mimport[39m { [33m
FaMoneyBillWave[39m } 
[36mfrom[39m [32m"rea
ct-icons/fa"[39m[33m;
[39m
 [90m 17 |[39m 
[36mimport[39m 
[33mStatesSection[39m 
[36mfrom[39m [32m"@/c
omponents/home/states-se
ction"[39m[33m;[39m
[31m[1m>[22m[39m[90
m 18 |[39m 
[36mimport[39m [33mPr
opertyGallery[39m 
[36mfrom[39m [32m"@/c
omponents/estates/proper
ty-gallery"[39m[33m;[
39m
 [90m    |[39m [31m[
1m^[22m[39m[31m[1m^
[22m[39m[31m[1m^[22m
[39m[31m[1m^[22m[39
m[31m[1m^[22m[39m[3
1m[1m^[22m[39m[31m[
1m^[22m[39m[31m[1m^
[22m[39m[31m[1m^[22m
[39m[31m[1m^[22m[39
m[31m[1m^[22m[39m[3
1m[1m^[22m[39m[31m[
1m^[22m[39m[31m[1m^
[22m[39m[31m[1m^[22m
[39m[31m[1m^[22m[39
m[31m[1m^[22m[39m[3
1m[1m^[22m[39m[31m[
1m^[22m[39m[31m[1m^
[22m[39m[31m[1m^[22m
[39m[31m[1m^[22m[39
m[31m[1m^[22m[39m[3
1m[1m^[22m[39m[31m[
1m^[22m[39m[31m[1m^
[22m[39m[31m[1m^[22m
[39m[31m[1m^[22m[39
m[31m[1m^[22m[39m[3
1m[1m^[22m[39m[31m[
1m^[22m[39m[31m[1m^
[22m[39m[31m[1m^[22m
[39m[31m[1m^[22m[39
m[31m[1m^[22m[39m[3
1m[1m^[22m[39m[31m[
1m^[22m[39m[31m[1m^
[22m[39m[31m[1m^[22m
[39m[31m[1m^[22m[39
m[31m[1m^[22m[39m[3
1m[1m^[22m[39m[31m[
1m^[22m[39m[31m[1m^
[22m[39m[31m[1m^[22m
[39m[31m[1m^[22m[39
m[31m[1m^[22m[39m[3
1m[1m^[22m[39m[31m[
1m^[22m[39m[31m[1m^
[22m[39m[31m[1m^[22m
[39m[31m[1m^[22m[39
m[31m[1m^[22m[39m[3
1m[1m^[22m[39m[31m[
1m^[22m[39m[31m[1m^
[22m[39m[31m[1m^[22m
[39m[31m[1m^[22m[39
m[31m[1m^[22m[39m[3
1m[1m^[22m[39m[31m[
1m^[22m[39m[31m[1m^
[22m[39m[31m[1m^[22m
[39m[31m[1m^[22m[39
m[31m[1m^[22m[39m[3
1m[1m^[22m[39m[31m[
1m^[22m[39m[31m[1m^
[22m[39m
 [90m 19 |[39m 
[36mimport[39m [33mPr
opertyActions[39m 
[36mfrom[39m [32m"@/c
omponents/estates/proper
ty-actions"[39m[33m;[
39m
 [90m 20 |[39m 
[36mimport[39m [33mPr
opertyReviews[39m 
[36mfrom[39m [32m"@/c
omponents/estates/proper
ty-reviews"[39m[33m;[
39m
 [90m 21 |[39m 
[36mimport[39m {[0m



https://nextjs.org/docs/
messages/module-not-foun
d


./src/app/[locale]/estat
s/[slug]/page.jsx:18:1
Module not found: Can't 
resolve '@/components/es
tates/property-gallery'
[0m [90m 16 |[39m 
[36mimport[39m { [33m
FaMoneyBillWave[39m } 
[36mfrom[39m [32m"rea
ct-icons/fa"[39m[33m;
[39m
 [90m 17 |[39m 
[36mimport[39m 
[33mStatesSection[39m 
[36mfrom[39m [32m"@/c
omponents/home/states-se
ction"[39m[33m;[39m
[31m[1m>[22m[39m[90
m 18 |[39m 
[36mimport[39m [33mPr
opertyGallery[39m 
[36mfrom[39m [32m"@/c
omponents/estates/proper
ty-gallery"[39m[33m;[
39m
 [90m    |[39m [31m[
1m^[22m[39m[31m[1m^
[22m[39m[31m[1m^[22m
[39m[31m[1m^[22m[39
m[31m[1m^[22m[39m[3
1m[1m^[22m[39m[31m[
1m^[22m[39m[31m[1m^
[22m[39m[31m[1m^[22m
[39m[31m[1m^[22m[39
m[31m[1m^[22m[39m[3
1m[1m^[22m[39m[31m[
1m^[22m[39m[31m[1m^
[22m[39m[31m[1m^[22m
[39m[31m[1m^[22m[39
m[31m[1m^[22m[39m[3
1m[1m^[22m[39m[31m[
1m^[22m[39m[31m[1m^
[22m[39m[31m[1m^[22m
[39m[31m[1m^[22m[39
m[31m[1m^[22m[39m[3
1m[1m^[22m[39m[31m[
1m^[22m[39m[31m[1m^
[22m[39m[31m[1m^[22m
[39m[31m[1m^[22m[39
m[31m[1m^[22m[39m[3
1m[1m^[22m[39m[31m[
1m^[22m[39m[31m[1m^
[22m[39m[31m[1m^[22m
[39m[31m[1m^[22m[39
m[31m[1m^[22m[39m[3
1m[1m^[22m[39m[31m[
1m^[22m[39m[31m[1m^
[22m[39m[31m[1m^[22m
[39m[31m[1m^[22m[39
m[31m[1m^[22m[39m[3
1m[1m^[22m[39m[31m[
1m^[22m[39m[31m[1m^
[22m[39m[31m[1m^[22m
[39m[31m[1m^[22m[39
m[31m[1m^[22m[39m[3
1m[1m^[22m[39m[31m[
1m^[22m[39m[31m[1m^
[22m[39m[31m[1m^[22m
[39m[31m[1m^[22m[39
m[31m[1m^[22m[39m[3
1m[1m^[22m[39m[31m[
1m^[22m[39m[31m[1m^
[22m[39m[31m[1m^[22m
[39m[31m[1m^[22m[39
m[31m[1m^[22m[39m[3
1m[1m^[22m[39m[31m[
1m^[22m[39m[31m[1m^
[22m[39m[31m[1m^[22m
[39m[31m[1m^[22m[39
m[31m[1m^[22m[39m[3
1m[1m^[22m[39m[31m[
1m^[22m[39m[31m[1m^
[22m[39m
 [90m 19 |[39m 
[36mimport[39m [33mPr
opertyActions[39m 
[36mfrom[39m [32m"@/c
omponents/estates/proper
ty-actions"[39m[33m;[
39m
 [90m 20 |[39m 
[36mimport[39m [33mPr
opertyReviews[39m 
[36mfrom[39m [32m"@/c
omponents/estates/proper
ty-reviews"[39m[33m;[
39m
 [90m 21 |[39m 
[36mimport[39m {[0m



https://nextjs.org/docs/
messages/module-not-foun
d


./src/app/[locale]/estat
s/[slug]/page.jsx:20:1
Module not found: Can't 
resolve '@/components/es
tates/property-reviews'
[0m [90m 18 |[39m 
[36mimport[39m [33mPr
opertyGallery[39m 
[36mfrom[39m [32m"@/c
omponents/estates/proper
ty-gallery"[39m[33m;[
39m
 [90m 19 |[39m 
[36mimport[39m [33mPr
opertyActions[39m 
[36mfrom[39m [32m"@/c
omponents/estates/proper
ty-actions"[39m[33m;[
39m
[31m[1m>[22m[39m[90
m 20 |[39m 
[36mimport[39m [33mPr
opertyReviews[39m 
[36mfrom[39m [32m"@/c
omponents/estates/proper
ty-reviews"[39m[33m;[
39m
 [90m    |[39m [31m[
1m^[22m[39m[31m[1m^
[22m[39m[31m[1m^[22m
[39m[31m[1m^[22m[39
m[31m[1m^[22m[39m[3
1m[1m^[22m[39m[31m[
1m^[22m[39m[31m[1m^
[22m[39m[31m[1m^[22m
[39m[31m[1m^[22m[39
m[31m[1m^[22m[39m[3
1m[1m^[22m[39m[31m[
1m^[22m[39m[31m[1m^
[22m[39m[31m[1m^[22m
[39m[31m[1m^[22m[39
m[31m[1m^[22m[39m[3
1m[1m^[22m[39m[31m[
1m^[22m[39m[31m[1m^
[22m[39m[31m[1m^[22m
[39m[31m[1m^[22m[39
m[31m[1m^[22m[39m[3
1m[1m^[22m[39m[31m[
1m^[22m[39m[31m[1m^
[22m[39m[31m[1m^[22m
[39m[31m[1m^[22m[39
m[31m[1m^[22m[39m[3
1m[1m^[22m[39m[31m[
1m^[22m[39m[31m[1m^
[22m[39m[31m[1m^[22m
[39m[31m[1m^[22m[39
m[31m[1m^[22m[39m[3
1m[1m^[22m[39m[31m[
1m^[22m[39m[31m[1m^
[22m[39m[31m[1m^[22m
[39m[31m[1m^[22m[39
m[31m[1m^[22m[39m[3
1m[1m^[22m[39m[31m[
1m^[22m[39m[31m[1m^
[22m[39m[31m[1m^[22m
[39m[31m[1m^[22m[39
m[31m[1m^[22m[39m[3
1m[1m^[22m[39m[31m[
1m^[22m[39m[31m[1m^
[22m[39m[31m[1m^[22m
[39m[31m[1m^[22m[39
m[31m[1m^[22m[39m[3
1m[1m^[22m[39m[31m[
1m^[22m[39m[31m[1m^
[22m[39m[31m[1m^[22m
[39m[31m[1m^[22m[39
m[31m[1m^[22m[39m[3
1m[1m^[22m[39m[31m[
1m^[22m[39m[31m[1m^
[22m[39m[31m[1m^[22m
[39m[31m[1m^[22m[39
m[31m[1m^[22m[39m[3
1m[1m^[22m[39m[31m[
1m^[22m[39m[31m[1m^
[22m[39m
 [90m 21 |[39m 
[36mimport[39m {
 [90m 22 |[39m   getPr
opertyBySlug[33m,[39m
 [90m 23 |[39m   getSi
milarProperties[33m,[3
9m[0m



https://nextjs.org/docs/
messages/module-not-foun
d


./src/app/[locale]/estat
s/[slug]/page.jsx:20:1
Module not found: Can't 
resolve '@/components/es
tates/property-reviews'
[0m [90m 18 |[39m 
[36mimport[39m [33mPr
opertyGallery[39m 
[36mfrom[39m [32m"@/c
omponents/estates/proper
ty-gallery"[39m[33m;[
39m
 [90m 19 |[39m 
[36mimport[39m [33mPr
opertyActions[39m 
[36mfrom[39m [32m"@/c
omponents/estates/proper
ty-actions"[39m[33m;[
39m
[31m[1m>[22m[39m[90
m 20 |[39m 
[36mimport[39m [33mPr
opertyReviews[39m 
[36mfrom[39m [32m"@/c
omponents/estates/proper
ty-reviews"[39m[33m;[
39m
 [90m    |[39m [31m[
1m^[22m[39m[31m[1m^
[22m[39m[31m[1m^[22m
[39m[31m[1m^[22m[39
m[31m[1m^[22m[39m[3
1m[1m^[22m[39m[31m[
1m^[22m[39m[31m[1m^
[22m[39m[31m[1m^[22m
[39m[31m[1m^[22m[39
m[31m[1m^[22m[39m[3
1m[1m^[22m[39m[31m[
1m^[22m[39m[31m[1m^
[22m[39m[31m[1m^[22m
[39m[31m[1m^[22m[39
m[31m[1m^[22m[39m[3
1m[1m^[22m[39m[31m[
1m^[22m[39m[31m[1m^
[22m[39m[31m[1m^[22m
[39m[31m[1m^[22m[39
m[31m[1m^[22m[39m[3
1m[1m^[22m[39m[31m[
1m^[22m[39m[31m[1m^
[22m[39m[31m[1m^[22m
[39m[31m[1m^[22m[39
m[31m[1m^[22m[39m[3
1m[1m^[22m[39m[31m[
1m^[22m[39m[31m[1m^
[22m[39m[31m[1m^[22m
[39m[31m[1m^[22m[39
m[31m[1m^[22m[39m[3
1m[1m^[22m[39m[31m[
1m^[22m[39m[31m[1m^
[22m[39m[31m[1m^[22m
[39m[31m[1m^[22m[39
m[31m[1m^[22m[39m[3
1m[1m^[22m[39m[31m[
1m^[22m[39m[31m[1m^
[22m[39m[31m[1m^[22m
[39m[31m[1m^[22m[39
m[31m[1m^[22m[39m[3
1m[1m^[22m[39m[31m[
1m^[22m[39m[31m[1m^
[22m[39m[31m[1m^[22m
[39m[31m[1m^[22m[39
m[31m[1m^[22m[39m[3
1m[1m^[22m[39m[31m[
1m^[22m[39m[31m[1m^
[22m[39m[31m[1m^[22m
[39m[31m[1m^[22m[39
m[31m[1m^[22m[39m[3
1m[1m^[22m[39m[31m[
1m^[22m[39m[31m[1m^
[22m[39m[31m[1m^[22m
[39m[31m[1m^[22m[39
m[31m[1m^[22m[39m[3
1m[1m^[22m[39m[31m[
1m^[22m[39m[31m[1m^
[22m[39m
 [90m 21 |[39m 
[36mimport[39m {
 [90m 22 |[39m   getPr
opertyBySlug[33m,[39m
 [90m 23 |[39m   getSi
milarProperties[33m,[3
9m[0m



https://nextjs.org/docs/
messages/module-not-foun
d


./src/app/[locale]/page.
jsx:1:1
Module not found: Can't 
resolve '@/components/ho
me/about-section'
[0m[31m[1m>[22m[39m
[90m 1 |[39m 
[36mimport[39m 
[33mAboutSection[39m 
[36mfrom[39m [32m"@/c
omponents/home/about-sec
tion"[39m[33m;[39m
 [90m   |[39m [31m[1
m^[22m[39m[31m[1m^[
22m[39m[31m[1m^[22m
[39m[31m[1m^[22m[39m
[31m[1m^[22m[39m[31
m[1m^[22m[39m[31m[1
m^[22m[39m[31m[1m^[
22m[39m[31m[1m^[22m
[39m[31m[1m^[22m[39m
[31m[1m^[22m[39m[31
m[1m^[22m[39m[31m[1
m^[22m[39m[31m[1m^[
22m[39m[31m[1m^[22m
[39m[31m[1m^[22m[39m
[31m[1m^[22m[39m[31
m[1m^[22m[39m[31m[1
m^[22m[39m[31m[1m^[
22m[39m[31m[1m^[22m
[39m[31m[1m^[22m[39m
[31m[1m^[22m[39m[31
m[1m^[22m[39m[31m[1
m^[22m[39m[31m[1m^[
22m[39m[31m[1m^[22m
[39m[31m[1m^[22m[39m
[31m[1m^[22m[39m[31
m[1m^[22m[39m[31m[1
m^[22m[39m[31m[1m^[
22m[39m[31m[1m^[22m
[39m[31m[1m^[22m[39m
[31m[1m^[22m[39m[31
m[1m^[22m[39m[31m[1
m^[22m[39m[31m[1m^[
22m[39m[31m[1m^[22m
[39m[31m[1m^[22m[39m
[31m[1m^[22m[39m[31
m[1m^[22m[39m[31m[1
m^[22m[39m[31m[1m^[
22m[39m[31m[1m^[22m
[39m[31m[1m^[22m[39m
[31m[1m^[22m[39m[31
m[1m^[22m[39m[31m[1
m^[22m[39m[31m[1m^[
22m[39m[31m[1m^[22m
[39m[31m[1m^[22m[39m
[31m[1m^[22m[39m[31
m[1m^[22m[39m[31m[1
m^[22m[39m[31m[1m^[
22m[39m[31m[1m^[22m
[39m[31m[1m^[22m[39m
[31m[1m^[22m[39m
 [90m 2 |[39m 
[36mimport[39m 
[33mBlogSection[39m 
[36mfrom[39m [32m"@/c
omponents/home/blog-sect
ion"[39m[33m;[39m
 [90m 3 |[39m 
[36mimport[39m 
[33mClientReviews[39m 
[36mfrom[39m [32m"@/c
omponents/home/client-re
views"[39m[33m;[39m
 [90m 4 |[39m 
[36mimport[39m 
[33mHeroSection[39m 
[36mfrom[39m [32m"@/c
omponents/home/hero-sect
ion"[39m[33m;[39m[0m



https://nextjs.org/docs/
messages/module-not-foun
d


./src/app/[locale]/page.
jsx:1:1
Module not found: Can't 
resolve '@/components/ho
me/about-section'
[0m[31m[1m>[22m[39m
[90m 1 |[39m 
[36mimport[39m 
[33mAboutSection[39m 
[36mfrom[39m [32m"@/c
omponents/home/about-sec
tion"[39m[33m;[39m
 [90m   |[39m [31m[1
m^[22m[39m[31m[1m^[
22m[39m[31m[1m^[22m
[39m[31m[1m^[22m[39m
[31m[1m^[22m[39m[31
m[1m^[22m[39m[31m[1
m^[22m[39m[31m[1m^[
22m[39m[31m[1m^[22m
[39m[31m[1m^[22m[39m
[31m[1m^[22m[39m[31
m[1m^[22m[39m[31m[1
m^[22m[39m[31m[1m^[
22m[39m[31m[1m^[22m
[39m[31m[1m^[22m[39m
[31m[1m^[22m[39m[31
m[1m^[22m[39m[31m[1
m^[22m[39m[31m[1m^[
22m[39m[31m[1m^[22m
[39m[31m[1m^[22m[39m
[31m[1m^[22m[39m[31
m[1m^[22m[39m[31m[1
m^[22m[39m[31m[1m^[
22m[39m[31m[1m^[22m
[39m[31m[1m^[22m[39m
[31m[1m^[22m[39m[31
m[1m^[22m[39m[31m[1
m^[22m[39m[31m[1m^[
22m[39m[31m[1m^[22m
[39m[31m[1m^[22m[39m
[31m[1m^[22m[39m[31
m[1m^[22m[39m[31m[1
m^[22m[39m[31m[1m^[
22m[39m[31m[1m^[22m
[39m[31m[1m^[22m[39m
[31m[1m^[22m[39m[31
m[1m^[22m[39m[31m[1
m^[22m[39m[31m[1m^[
22m[39m[31m[1m^[22m
[39m[31m[1m^[22m[39m
[31m[1m^[22m[39m[31
m[1m^[22m[39m[31m[1
m^[22m[39m[31m[1m^[
22m[39m[31m[1m^[22m
[39m[31m[1m^[22m[39m
[31m[1m^[22m[39m[31
m[1m^[22m[39m[31m[1
m^[22m[39m[31m[1m^[
22m[39m[31m[1m^[22m
[39m[31m[1m^[22m[39m
[31m[1m^[22m[39m
 [90m 2 |[39m 
[36mimport[39m 
[33mBlogSection[39m 
[36mfrom[39m [32m"@/c
omponents/home/blog-sect
ion"[39m[33m;[39m
 [90m 3 |[39m 
[36mimport[39m 
[33mClientReviews[39m 
[36mfrom[39m [32m"@/c
omponents/home/client-re
views"[39m[33m;[39m
 [90m 4 |[39m 
[36mimport[39m 
[33mHeroSection[39m 
[36mfrom[39m [32m"@/c
omponents/home/hero-sect
ion"[39m[33m;[39m[0m



https://nextjs.org/docs/
messages/module-not-foun
d


./src/app/[locale]/blogs
/[id]/page.jsx:1:1
Module not found: Can't 
resolve '@/components/ho
me/blog-section'
[0m[31m[1m>[22m[39m
[90m 1 |[39m 
[36mimport[39m 
[33mBlogSection[39m 
[36mfrom[39m [32m"@/c
omponents/home/blog-sect
ion"[39m[33m;[39m
 [90m   |[39m [31m[1
m^[22m[39m[31m[1m^[
22m[39m[31m[1m^[22m
[39m[31m[1m^[22m[39m
[31m[1m^[22m[39m[31
m[1m^[22m[39m[31m[1
m^[22m[39m[31m[1m^[
22m[39m[31m[1m^[22m
[39m[31m[1m^[22m[39m
[31m[1m^[22m[39m[31
m[1m^[22m[39m[31m[1
m^[22m[39m[31m[1m^[
22m[39m[31m[1m^[22m
[39m[31m[1m^[22m[39m
[31m[1m^[22m[39m[31
m[1m^[22m[39m[31m[1
m^[22m[39m[31m[1m^[
22m[39m[31m[1m^[22m
[39m[31m[1m^[22m[39m
[31m[1m^[22m[39m[31
m[1m^[22m[39m[31m[1
m^[22m[39m[31m[1m^[
22m[39m[31m[1m^[22m
[39m[31m[1m^[22m[39m
[31m[1m^[22m[39m[31
m[1m^[22m[39m[31m[1
m^[22m[39m[31m[1m^[
22m[39m[31m[1m^[22m
[39m[31m[1m^[22m[39m
[31m[1m^[22m[39m[31
m[1m^[22m[39m[31m[1
m^[22m[39m[31m[1m^[
22m[39m[31m[1m^[22m
[39m[31m[1m^[22m[39m
[31m[1m^[22m[39m[31
m[1m^[22m[39m[31m[1
m^[22m[39m[31m[1m^[
22m[39m[31m[1m^[22m
[39m[31m[1m^[22m[39m
[31m[1m^[22m[39m[31
m[1m^[22m[39m[31m[1
m^[22m[39m[31m[1m^[
22m[39m[31m[1m^[22m
[39m[31m[1m^[22m[39m
[31m[1m^[22m[39m[31
m[1m^[22m[39m[31m[1
m^[22m[39m[31m[1m^[
22m[39m[31m[1m^[22m
[39m
 [90m 2 |[39m 
[36mimport[39m [33mCu
stomBreadcrumbs[39m 
[36mfrom[39m [32m"@/c
omponents/shared/custom-
breadcrumbs"[39m[33m;
[39m
 [90m 3 |[39m 
[36mimport[39m 
[33mImage[39m 
[36mfrom[39m [32m"nex
t/image"[39m[33m;[39m
 [90m 4 |[39m 
[36mimport[39m 
[33mReact[39m 
[36mfrom[39m [32m"rea
ct"[39m[33m;[39m[0m



https://nextjs.org/docs/
messages/module-not-foun
d


./src/app/[locale]/blogs
/[id]/page.jsx:1:1
Module not found: Can't 
resolve '@/components/ho
me/blog-section'
[0m[31m[1m>[22m[39m
[90m 1 |[39m 
[36mimport[39m 
[33mBlogSection[39m 
[36mfrom[39m [32m"@/c
omponents/home/blog-sect
ion"[39m[33m;[39m
 [90m   |[39m [31m[1
m^[22m[39m[31m[1m^[
22m[39m[31m[1m^[22m
[39m[31m[1m^[22m[39m
[31m[1m^[22m[39m[31
m[1m^[22m[39m[31m[1
m^[22m[39m[31m[1m^[
22m[39m[31m[1m^[22m
[39m[31m[1m^[22m[39m
[31m[1m^[22m[39m[31
m[1m^[22m[39m[31m[1
m^[22m[39m[31m[1m^[
22m[39m[31m[1m^[22m
[39m[31m[1m^[22m[39m
[31m[1m^[22m[39m[31
m[1m^[22m[39m[31m[1
m^[22m[39m[31m[1m^[
22m[39m[31m[1m^[22m
[39m[31m[1m^[22m[39m
[31m[1m^[22m[39m[31
m[1m^[22m[39m[31m[1
m^[22m[39m[31m[1m^[
22m[39m[31m[1m^[22m
[39m[31m[1m^[22m[39m
[31m[1m^[22m[39m[31
m[1m^[22m[39m[31m[1
m^[22m[39m[31m[1m^[
22m[39m[31m[1m^[22m
[39m[31m[1m^[22m[39m
[31m[1m^[22m[39m[31
m[1m^[22m[39m[31m[1
m^[22m[39m[31m[1m^[
22m[39m[31m[1m^[22m
[39m[31m[1m^[22m[39m
[31m[1m^[22m[39m[31
m[1m^[22m[39m[31m[1
m^[22m[39m[31m[1m^[
22m[39m[31m[1m^[22m
[39m[31m[1m^[22m[39m
[31m[1m^[22m[39m[31
m[1m^[22m[39m[31m[1
m^[22m[39m[31m[1m^[
22m[39m[31m[1m^[22m
[39m[31m[1m^[22m[39m
[31m[1m^[22m[39m[31
m[1m^[22m[39m[31m[1
m^[22m[39m[31m[1m^[
22m[39m[31m[1m^[22m
[39m
 [90m 2 |[39m 
[36mimport[39m [33mCu
stomBreadcrumbs[39m 
[36mfrom[39m [32m"@/c
omponents/shared/custom-
breadcrumbs"[39m[33m;
[39m
 [90m 3 |[39m 
[36mimport[39m 
[33mImage[39m 
[36mfrom[39m [32m"nex
t/image"[39m[33m;[39m
 [90m 4 |[39m 
[36mimport[39m 
[33mReact[39m 
[36mfrom[39m [32m"rea
ct"[39m[33m;[39m[0m



https://nextjs.org/docs/
messages/module-not-foun
d


./src/app/[locale]/page.
jsx:2:1
Module not found: Can't 
resolve '@/components/ho
me/blog-section'
[0m [90m 1 |[39m 
[36mimport[39m 
[33mAboutSection[39m 
[36mfrom[39m [32m"@/c
omponents/home/about-sec
tion"[39m[33m;[39m
[31m[1m>[22m[39m[90
m 2 |[39m 
[36mimport[39m 
[33mBlogSection[39m 
[36mfrom[39m [32m"@/c
omponents/home/blog-sect
ion"[39m[33m;[39m
 [90m   |[39m [31m[1
m^[22m[39m[31m[1m^[
22m[39m[31m[1m^[22m
[39m[31m[1m^[22m[39m
[31m[1m^[22m[39m[31
m[1m^[22m[39m[31m[1
m^[22m[39m[31m[1m^[
22m[39m[31m[1m^[22m
[39m[31m[1m^[22m[39m
[31m[1m^[22m[39m[31
m[1m^[22m[39m[31m[1
m^[22m[39m[31m[1m^[
22m[39m[31m[1m^[22m
[39m[31m[1m^[22m[39m
[31m[1m^[22m[39m[31
m[1m^[22m[39m[31m[1
m^[22m[39m[31m[1m^[
22m[39m[31m[1m^[22m
[39m[31m[1m^[22m[39m
[31m[1m^[22m[39m[31
m[1m^[22m[39m[31m[1
m^[22m[39m[31m[1m^[
22m[39m[31m[1m^[22m
[39m[31m[1m^[22m[39m
[31m[1m^[22m[39m[31
m[1m^[22m[39m[31m[1
m^[22m[39m[31m[1m^[
22m[39m[31m[1m^[22m
[39m[31m[1m^[22m[39m
[31m[1m^[22m[39m[31
m[1m^[22m[39m[31m[1
m^[22m[39m[31m[1m^[
22m[39m[31m[1m^[22m
[39m[31m[1m^[22m[39m
[31m[1m^[22m[39m[31
m[1m^[22m[39m[31m[1
m^[22m[39m[31m[1m^[
22m[39m[31m[1m^[22m
[39m[31m[1m^[22m[39m
[31m[1m^[22m[39m[31
m[1m^[22m[39m[31m[1
m^[22m[39m[31m[1m^[
22m[39m[31m[1m^[22m
[39m[31m[1m^[22m[39m
[31m[1m^[22m[39m[31
m[1m^[22m[39m[31m[1
m^[22m[39m[31m[1m^[
22m[39m[31m[1m^[22m
[39m
 [90m 3 |[39m 
[36mimport[39m 
[33mClientReviews[39m 
[36mfrom[39m [32m"@/c
omponents/home/client-re
views"[39m[33m;[39m
 [90m 4 |[39m 
[36mimport[39m 
[33mHeroSection[39m 
[36mfrom[39m [32m"@/c
omponents/home/hero-sect
ion"[39m[33m;[39m
 [90m 5 |[39m 
[36mimport[39m [33mPa
rtnerSection[39m 
[36mfrom[39m [32m"@/c
omponents/home/partner-s
ection"[39m[33m;[39m
[0m



https://nextjs.org/docs/
messages/module-not-foun
d


./src/app/[locale]/page.
jsx:2:1
Module not found: Can't 
resolve '@/components/ho
me/blog-section'
[0m [90m 1 |[39m 
[36mimport[39m 
[33mAboutSection[39m 
[36mfrom[39m [32m"@/c
omponents/home/about-sec
tion"[39m[33m;[39m
[31m[1m>[22m[39m[90
m 2 |[39m 
[36mimport[39m 
[33mBlogSection[39m 
[36mfrom[39m [32m"@/c
omponents/home/blog-sect
ion"[39m[33m;[39m
 [90m   |[39m [31m[1
m^[22m[39m[31m[1m^[
22m[39m[31m[1m^[22m
[39m[31m[1m^[22m[39m
[31m[1m^[22m[39m[31
m[1m^[22m[39m[31m[1
m^[22m[39m[31m[1m^[
22m[39m[31m[1m^[22m
[39m[31m[1m^[22m[39m
[31m[1m^[22m[39m[31
m[1m^[22m[39m[31m[1
m^[22m[39m[31m[1m^[
22m[39m[31m[1m^[22m
[39m[31m[1m^[22m[39m
[31m[1m^[22m[39m[31
m[1m^[22m[39m[31m[1
m^[22m[39m[31m[1m^[
22m[39m[31m[1m^[22m
[39m[31m[1m^[22m[39m
[31m[1m^[22m[39m[31
m[1m^[22m[39m[31m[1
m^[22m[39m[31m[1m^[
22m[39m[31m[1m^[22m
[39m[31m[1m^[22m[39m
[31m[1m^[22m[39m[31
m[1m^[22m[39m[31m[1
m^[22m[39m[31m[1m^[
22m[39m[31m[1m^[22m
[39m[31m[1m^[22m[39m
[31m[1m^[22m[39m[31
m[1m^[22m[39m[31m[1
m^[22m[39m[31m[1m^[
22m[39m[31m[1m^[22m
[39m[31m[1m^[22m[39m
[31m[1m^[22m[39m[31
m[1m^[22m[39m[31m[1
m^[22m[39m[31m[1m^[
22m[39m[31m[1m^[22m
[39m[31m[1m^[22m[39m
[31m[1m^[22m[39m[31
m[1m^[22m[39m[31m[1
m^[22m[39m[31m[1m^[
22m[39m[31m[1m^[22m
[39m[31m[1m^[22m[39m
[31m[1m^[22m[39m[31
m[1m^[22m[39m[31m[1
m^[22m[39m[31m[1m^[
22m[39m[31m[1m^[22m
[39m
 [90m 3 |[39m 
[36mimport[39m 
[33mClientReviews[39m 
[36mfrom[39m [32m"@/c
omponents/home/client-re
views"[39m[33m;[39m
 [90m 4 |[39m 
[36mimport[39m 
[33mHeroSection[39m 
[36mfrom[39m [32m"@/c
omponents/home/hero-sect
ion"[39m[33m;[39m
 [90m 5 |[39m 
[36mimport[39m [33mPa
rtnerSection[39m 
[36mfrom[39m [32m"@/c
omponents/home/partner-s
ection"[39m[33m;[39m
[0m



https://nextjs.org/docs/
messages/module-not-foun
d


./src/app/[locale]/page.
jsx:3:1
Module not found: Can't 
resolve '@/components/ho
me/client-reviews'
[0m [90m 1 |[39m 
[36mimport[39m 
[33mAboutSection[39m 
[36mfrom[39m [32m"@/c
omponents/home/about-sec
tion"[39m[33m;[39m
 [90m 2 |[39m 
[36mimport[39m 
[33mBlogSection[39m 
[36mfrom[39m [32m"@/c
omponents/home/blog-sect
ion"[39m[33m;[39m
[31m[1m>[22m[39m[90
m 3 |[39m 
[36mimport[39m 
[33mClientReviews[39m 
[36mfrom[39m [32m"@/c
omponents/home/client-re
views"[39m[33m;[39m
 [90m   |[39m [31m[1
m^[22m[39m[31m[1m^[
22m[39m[31m[1m^[22m
[39m[31m[1m^[22m[39m
[31m[1m^[22m[39m[31
m[1m^[22m[39m[31m[1
m^[22m[39m[31m[1m^[
22m[39m[31m[1m^[22m
[39m[31m[1m^[22m[39m
[31m[1m^[22m[39m[31
m[1m^[22m[39m[31m[1
m^[22m[39m[31m[1m^[
22m[39m[31m[1m^[22m
[39m[31m[1m^[22m[39m
[31m[1m^[22m[39m[31
m[1m^[22m[39m[31m[1
m^[22m[39m[31m[1m^[
22m[39m[31m[1m^[22m
[39m[31m[1m^[22m[39m
[31m[1m^[22m[39m[31
m[1m^[22m[39m[31m[1
m^[22m[39m[31m[1m^[
22m[39m[31m[1m^[22m
[39m[31m[1m^[22m[39m
[31m[1m^[22m[39m[31
m[1m^[22m[39m[31m[1
m^[22m[39m[31m[1m^[
22m[39m[31m[1m^[22m
[39m[31m[1m^[22m[39m
[31m[1m^[22m[39m[31
m[1m^[22m[39m[31m[1
m^[22m[39m[31m[1m^[
22m[39m[31m[1m^[22m
[39m[31m[1m^[22m[39m
[31m[1m^[22m[39m[31
m[1m^[22m[39m[31m[1
m^[22m[39m[31m[1m^[
22m[39m[31m[1m^[22m
[39m[31m[1m^[22m[39m
[31m[1m^[22m[39m[31
m[1m^[22m[39m[31m[1
m^[22m[39m[31m[1m^[
22m[39m[31m[1m^[22m
[39m[31m[1m^[22m[39m
[31m[1m^[22m[39m[31
m[1m^[22m[39m[31m[1
m^[22m[39m[31m[1m^[
22m[39m[31m[1m^[22m
[39m[31m[1m^[22m[39m
[31m[1m^[22m[39m[31
m[1m^[22m[39m[31m[1
m^[22m[39m
 [90m 4 |[39m 
[36mimport[39m 
[33mHeroSection[39m 
[36mfrom[39m [32m"@/c
omponents/home/hero-sect
ion"[39m[33m;[39m
 [90m 5 |[39m 
[36mimport[39m [33mPa
rtnerSection[39m 
[36mfrom[39m [32m"@/c
omponents/home/partner-s
ection"[39m[33m;[39m
 [90m 6 |[39m 
[36mimport[39m [33mSe
rvicesSection[39m 
[36mfrom[39m [32m"@/c
omponents/home/services-
section"[39m[33m;[39m
[0m



https://nextjs.org/docs/
messages/module-not-foun
d


./src/app/[locale]/page.
jsx:3:1
Module not found: Can't 
resolve '@/components/ho
me/client-reviews'
[0m [90m 1 |[39m 
[36mimport[39m 
[33mAboutSection[39m 
[36mfrom[39m [32m"@/c
omponents/home/about-sec
tion"[39m[33m;[39m
 [90m 2 |[39m 
[36mimport[39m 
[33mBlogSection[39m 
[36mfrom[39m [32m"@/c
omponents/home/blog-sect
ion"[39m[33m;[39m
[31m[1m>[22m[39m[90
m 3 |[39m 
[36mimport[39m 
[33mClientReviews[39m 
[36mfrom[39m [32m"@/c
omponents/home/client-re
views"[39m[33m;[39m
 [90m   |[39m [31m[1
m^[22m[39m[31m[1m^[
22m[39m[31m[1m^[22m
[39m[31m[1m^[22m[39m
[31m[1m^[22m[39m[31
m[1m^[22m[39m[31m[1
m^[22m[39m[31m[1m^[
22m[39m[31m[1m^[22m
[39m[31m[1m^[22m[39m
[31m[1m^[22m[39m[31
m[1m^[22m[39m[31m[1
m^[22m[39m[31m[1m^[
22m[39m[31m[1m^[22m
[39m[31m[1m^[22m[39m
[31m[1m^[22m[39m[31
m[1m^[22m[39m[31m[1
m^[22m[39m[31m[1m^[
22m[39m[31m[1m^[22m
[39m[31m[1m^[22m[39m
[31m[1m^[22m[39m[31
m[1m^[22m[39m[31m[1
m^[22m[39m[31m[1m^[
22m[39m[31m[1m^[22m
[39m[31m[1m^[22m[39m
[31m[1m^[22m[39m[31
m[1m^[22m[39m[31m[1
m^[22m[39m[31m[1m^[
22m[39m[31m[1m^[22m
[39m[31m[1m^[22m[39m
[31m[1m^[22m[39m[31
m[1m^[22m[39m[31m[1
m^[22m[39m[31m[1m^[
22m[39m[31m[1m^[22m
[39m[31m[1m^[22m[39m
[31m[1m^[22m[39m[31
m[1m^[22m[39m[31m[1
m^[22m[39m[31m[1m^[
22m[39m[31m[1m^[22m
[39m[31m[1m^[22m[39m
[31m[1m^[22m[39m[31
m[1m^[22m[39m[31m[1
m^[22m[39m[31m[1m^[
22m[39m[31m[1m^[22m
[39m[31m[1m^[22m[39m
[31m[1m^[22m[39m[31
m[1m^[22m[39m[31m[1
m^[22m[39m[31m[1m^[
22m[39m[31m[1m^[22m
[39m[31m[1m^[22m[39m
[31m[1m^[22m[39m[31
m[1m^[22m[39m[31m[1
m^[22m[39m
 [90m 4 |[39m 
[36mimport[39m 
[33mHeroSection[39m 
[36mfrom[39m [32m"@/c
omponents/home/hero-sect
ion"[39m[33m;[39m
 [90m 5 |[39m 
[36mimport[39m [33mPa
rtnerSection[39m 
[36mfrom[39m [32m"@/c
omponents/home/partner-s
ection"[39m[33m;[39m
 [90m 6 |[39m 
[36mimport[39m [33mSe
rvicesSection[39m 
[36mfrom[39m [32m"@/c
omponents/home/services-
section"[39m[33m;[39m
[0m



https://nextjs.org/docs/
messages/module-not-foun
d


./src/app/[locale]/page.
jsx:4:1
Module not found: Can't 
resolve '@/components/ho
me/hero-section'
[0m [90m 2 |[39m 
[36mimport[39m 
[33mBlogSection[39m 
[36mfrom[39m [32m"@/c
omponents/home/blog-sect
ion"[39m[33m;[39m
 [90m 3 |[39m 
[36mimport[39m 
[33mClientReviews[39m 
[36mfrom[39m [32m"@/c
omponents/home/client-re
views"[39m[33m;[39m
[31m[1m>[22m[39m[90
m 4 |[39m 
[36mimport[39m 
[33mHeroSection[39m 
[36mfrom[39m [32m"@/c
omponents/home/hero-sect
ion"[39m[33m;[39m
 [90m   |[39m [31m[1
m^[22m[39m[31m[1m^[
22m[39m[31m[1m^[22m
[39m[31m[1m^[22m[39m
[31m[1m^[22m[39m[31
m[1m^[22m[39m[31m[1
m^[22m[39m[31m[1m^[
22m[39m[31m[1m^[22m
[39m[31m[1m^[22m[39m
[31m[1m^[22m[39m[31
m[1m^[22m[39m[31m[1
m^[22m[39m[31m[1m^[
22m[39m[31m[1m^[22m
[39m[31m[1m^[22m[39m
[31m[1m^[22m[39m[31
m[1m^[22m[39m[31m[1
m^[22m[39m[31m[1m^[
22m[39m[31m[1m^[22m
[39m[31m[1m^[22m[39m
[31m[1m^[22m[39m[31
m[1m^[22m[39m[31m[1
m^[22m[39m[31m[1m^[
22m[39m[31m[1m^[22m
[39m[31m[1m^[22m[39m
[31m[1m^[22m[39m[31
m[1m^[22m[39m[31m[1
m^[22m[39m[31m[1m^[
22m[39m[31m[1m^[22m
[39m[31m[1m^[22m[39m
[31m[1m^[22m[39m[31
m[1m^[22m[39m[31m[1
m^[22m[39m[31m[1m^[
22m[39m[31m[1m^[22m
[39m[31m[1m^[22m[39m
[31m[1m^[22m[39m[31
m[1m^[22m[39m[31m[1
m^[22m[39m[31m[1m^[
22m[39m[31m[1m^[22m
[39m[31m[1m^[22m[39m
[31m[1m^[22m[39m[31
m[1m^[22m[39m[31m[1
m^[22m[39m[31m[1m^[
22m[39m[31m[1m^[22m
[39m[31m[1m^[22m[39m
[31m[1m^[22m[39m[31
m[1m^[22m[39m[31m[1
m^[22m[39m[31m[1m^[
22m[39m[31m[1m^[22m
[39m
 [90m 5 |[39m 
[36mimport[39m [33mPa
rtnerSection[39m 
[36mfrom[39m [32m"@/c
omponents/home/partner-s
ection"[39m[33m;[39m
 [90m 6 |[39m 
[36mimport[39m [33mSe
rvicesSection[39m 
[36mfrom[39m [32m"@/c
omponents/home/services-
section"[39m[33m;[39m
 [90m 7 |[39m 
[36mimport[39m [33mSt
ateFilterSection[39m 
[36mfrom[39m [32m"@/c
omponents/home/state-fil
ter"[39m[33m;[39m[0m



https://nextjs.org/docs/
messages/module-not-foun
d


./src/app/[locale]/page.
jsx:4:1
Module not found: Can't 
resolve '@/components/ho
me/hero-section'
[0m [90m 2 |[39m 
[36mimport[39m 
[33mBlogSection[39m 
[36mfrom[39m [32m"@/c
omponents/home/blog-sect
ion"[39m[33m;[39m
 [90m 3 |[39m 
[36mimport[39m 
[33mClientReviews[39m 
[36mfrom[39m [32m"@/c
omponents/home/client-re
views"[39m[33m;[39m
[31m[1m>[22m[39m[90
m 4 |[39m 
[36mimport[39m 
[33mHeroSection[39m 
[36mfrom[39m [32m"@/c
omponents/home/hero-sect
ion"[39m[33m;[39m
 [90m   |[39m [31m[1
m^[22m[39m[31m[1m^[
22m[39m[31m[1m^[22m
[39m[31m[1m^[22m[39m
[31m[1m^[22m[39m[31
m[1m^[22m[39m[31m[1
m^[22m[39m[31m[1m^[
22m[39m[31m[1m^[22m
[39m[31m[1m^[22m[39m
[31m[1m^[22m[39m[31
m[1m^[22m[39m[31m[1
m^[22m[39m[31m[1m^[
22m[39m[31m[1m^[22m
[39m[31m[1m^[22m[39m
[31m[1m^[22m[39m[31
m[1m^[22m[39m[31m[1
m^[22m[39m[31m[1m^[
22m[39m[31m[1m^[22m
[39m[31m[1m^[22m[39m
[31m[1m^[22m[39m[31
m[1m^[22m[39m[31m[1
m^[22m[39m[31m[1m^[
22m[39m[31m[1m^[22m
[39m[31m[1m^[22m[39m
[31m[1m^[22m[39m[31
m[1m^[22m[39m[31m[1
m^[22m[39m[31m[1m^[
22m[39m[31m[1m^[22m
[39m[31m[1m^[22m[39m
[31m[1m^[22m[39m[31
m[1m^[22m[39m[31m[1
m^[22m[39m[31m[1m^[
22m[39m[31m[1m^[22m
[39m[31m[1m^[22m[39m
[31m[1m^[22m[39m[31
m[1m^[22m[39m[31m[1
m^[22m[39m[31m[1m^[
22m[39m[31m[1m^[22m
[39m[31m[1m^[22m[39m
[31m[1m^[22m[39m[31
m[1m^[22m[39m[31m[1
m^[22m[39m[31m[1m^[
22m[39m[31m[1m^[22m
[39m[31m[1m^[22m[39m
[31m[1m^[22m[39m[31
m[1m^[22m[39m[31m[1
m^[22m[39m[31m[1m^[
22m[39m[31m[1m^[22m
[39m
 [90m 5 |[39m 
[36mimport[39m [33mPa
rtnerSection[39m 
[36mfrom[39m [32m"@/c
omponents/home/partner-s
ection"[39m[33m;[39m
 [90m 6 |[39m 
[36mimport[39m [33mSe
rvicesSection[39m 
[36mfrom[39m [32m"@/c
omponents/home/services-
section"[39m[33m;[39m
 [90m 7 |[39m 
[36mimport[39m [33mSt
ateFilterSection[39m 
[36mfrom[39m [32m"@/c
omponents/home/state-fil
ter"[39m[33m;[39m[0m



https://nextjs.org/docs/
messages/module-not-foun
d


./src/app/[locale]/page.
jsx:5:1
Module not found: Can't 
resolve '@/components/ho
me/partner-section'
[0m [90m 3 |[39m 
[36mimport[39m 
[33mClientReviews[39m 
[36mfrom[39m [32m"@/c
omponents/home/client-re
views"[39m[33m;[39m
 [90m 4 |[39m 
[36mimport[39m 
[33mHeroSection[39m 
[36mfrom[39m [32m"@/c
omponents/home/hero-sect
ion"[39m[33m;[39m
[31m[1m>[22m[39m[90
m 5 |[39m 
[36mimport[39m [33mPa
rtnerSection[39m 
[36mfrom[39m [32m"@/c
omponents/home/partner-s
ection"[39m[33m;[39m
 [90m   |[39m [31m[1
m^[22m[39m[31m[1m^[
22m[39m[31m[1m^[22m
[39m[31m[1m^[22m[39m
[31m[1m^[22m[39m[31
m[1m^[22m[39m[31m[1
m^[22m[39m[31m[1m^[
22m[39m[31m[1m^[22m
[39m[31m[1m^[22m[39m
[31m[1m^[22m[39m[31
m[1m^[22m[39m[31m[1
m^[22m[39m[31m[1m^[
22m[39m[31m[1m^[22m
[39m[31m[1m^[22m[39m
[31m[1m^[22m[39m[31
m[1m^[22m[39m[31m[1
m^[22m[39m[31m[1m^[
22m[39m[31m[1m^[22m
[39m[31m[1m^[22m[39m
[31m[1m^[22m[39m[31
m[1m^[22m[39m[31m[1
m^[22m[39m[31m[1m^[
22m[39m[31m[1m^[22m
[39m[31m[1m^[22m[39m
[31m[1m^[22m[39m[31
m[1m^[22m[39m[31m[1
m^[22m[39m[31m[1m^[
22m[39m[31m[1m^[22m
[39m[31m[1m^[22m[39m
[31m[1m^[22m[39m[31
m[1m^[22m[39m[31m[1
m^[22m[39m[31m[1m^[
22m[39m[31m[1m^[22m
[39m[31m[1m^[22m[39m
[31m[1m^[22m[39m[31
m[1m^[22m[39m[31m[1
m^[22m[39m[31m[1m^[
22m[39m[31m[1m^[22m
[39m[31m[1m^[22m[39m
[31m[1m^[22m[39m[31
m[1m^[22m[39m[31m[1
m^[22m[39m[31m[1m^[
22m[39m[31m[1m^[22m
[39m[31m[1m^[22m[39m
[31m[1m^[22m[39m[31
m[1m^[22m[39m[31m[1
m^[22m[39m[31m[1m^[
22m[39m[31m[1m^[22m
[39m[31m[1m^[22m[39m
[31m[1m^[22m[39m[31
m[1m^[22m[39m[31m[1
m^[22m[39m[31m[1m^[
22m[39m[31m[1m^[22m
[39m
 [90m 6 |[39m 
[36mimport[39m [33mSe
rvicesSection[39m 
[36mfrom[39m [32m"@/c
omponents/home/services-
section"[39m[33m;[39m
 [90m 7 |[39m 
[36mimport[39m [33mSt
ateFilterSection[39m 
[36mfrom[39m [32m"@/c
omponents/home/state-fil
ter"[39m[33m;[39m
 [90m 8 |[39m 
[36mimport[39m 
[33mStatesSection[39m 
[36mfrom[39m [32m"@/c
omponents/home/states-se
ction"[39m[33m;[39m[
0m



https://nextjs.org/docs/
messages/module-not-foun
d


./src/app/[locale]/page.
jsx:5:1
Module not found: Can't 
resolve '@/components/ho
me/partner-section'
[0m [90m 3 |[39m 
[36mimport[39m 
[33mClientReviews[39m 
[36mfrom[39m [32m"@/c
omponents/home/client-re
views"[39m[33m;[39m
 [90m 4 |[39m 
[36mimport[39m 
[33mHeroSection[39m 
[36mfrom[39m [32m"@/c
omponents/home/hero-sect
ion"[39m[33m;[39m
[31m[1m>[22m[39m[90
m 5 |[39m 
[36mimport[39m [33mPa
rtnerSection[39m 
[36mfrom[39m [32m"@/c
omponents/home/partner-s
ection"[39m[33m;[39m
 [90m   |[39m [31m[1
m^[22m[39m[31m[1m^[
22m[39m[31m[1m^[22m
[39m[31m[1m^[22m[39m
[31m[1m^[22m[39m[31
m[1m^[22m[39m[31m[1
m^[22m[39m[31m[1m^[
22m[39m[31m[1m^[22m
[39m[31m[1m^[22m[39m
[31m[1m^[22m[39m[31
m[1m^[22m[39m[31m[1
m^[22m[39m[31m[1m^[
22m[39m[31m[1m^[22m
[39m[31m[1m^[22m[39m
[31m[1m^[22m[39m[31
m[1m^[22m[39m[31m[1
m^[22m[39m[31m[1m^[
22m[39m[31m[1m^[22m
[39m[31m[1m^[22m[39m
[31m[1m^[22m[39m[31
m[1m^[22m[39m[31m[1
m^[22m[39m[31m[1m^[
22m[39m[31m[1m^[22m
[39m[31m[1m^[22m[39m
[31m[1m^[22m[39m[31
m[1m^[22m[39m[31m[1
m^[22m[39m[31m[1m^[
22m[39m[31m[1m^[22m
[39m[31m[1m^[22m[39m
[31m[1m^[22m[39m[31
m[1m^[22m[39m[31m[1
m^[22m[39m[31m[1m^[
22m[39m[31m[1m^[22m
[39m[31m[1m^[22m[39m
[31m[1m^[22m[39m[31
m[1m^[22m[39m[31m[1
m^[22m[39m[31m[1m^[
22m[39m[31m[1m^[22m
[39m[31m[1m^[22m[39m
[31m[1m^[22m[39m[31
m[1m^[22m[39m[31m[1
m^[22m[39m[31m[1m^[
22m[39m[31m[1m^[22m
[39m[31m[1m^[22m[39m
[31m[1m^[22m[39m[31
m[1m^[22m[39m[31m[1
m^[22m[39m[31m[1m^[
22m[39m[31m[1m^[22m
[39m[31m[1m^[22m[39m
[31m[1m^[22m[39m[31
m[1m^[22m[39m[31m[1
m^[22m[39m[31m[1m^[
22m[39m[31m[1m^[22m
[39m
 [90m 6 |[39m 
[36mimport[39m [33mSe
rvicesSection[39m 
[36mfrom[39m [32m"@/c
omponents/home/services-
section"[39m[33m;[39m
 [90m 7 |[39m 
[36mimport[39m [33mSt
ateFilterSection[39m 
[36mfrom[39m [32m"@/c
omponents/home/state-fil
ter"[39m[33m;[39m
 [90m 8 |[39m 
[36mimport[39m 
[33mStatesSection[39m 
[36mfrom[39m [32m"@/c
omponents/home/states-se
ction"[39m[33m;[39m[
0m



https://nextjs.org/docs/
messages/module-not-foun
d


./src/app/[locale]/page.
jsx:6:1
Module not found: Can't 
resolve '@/components/ho
me/services-section'
[0m [90m 4 |[39m 
[36mimport[39m 
[33mHeroSection[39m 
[36mfrom[39m [32m"@/c
omponents/home/hero-sect
ion"[39m[33m;[39m
 [90m 5 |[39m 
[36mimport[39m [33mPa
rtnerSection[39m 
[36mfrom[39m [32m"@/c
omponents/home/partner-s
ection"[39m[33m;[39m
[31m[1m>[22m[39m[90
m 6 |[39m 
[36mimport[39m [33mSe
rvicesSection[39m 
[36mfrom[39m [32m"@/c
omponents/home/services-
section"[39m[33m;[39m
 [90m   |[39m [31m[1
m^[22m[39m[31m[1m^[
22m[39m[31m[1m^[22m
[39m[31m[1m^[22m[39m
[31m[1m^[22m[39m[31
m[1m^[22m[39m[31m[1
m^[22m[39m[31m[1m^[
22m[39m[31m[1m^[22m
[39m[31m[1m^[22m[39m
[31m[1m^[22m[39m[31
m[1m^[22m[39m[31m[1
m^[22m[39m[31m[1m^[
22m[39m[31m[1m^[22m
[39m[31m[1m^[22m[39m
[31m[1m^[22m[39m[31
m[1m^[22m[39m[31m[1
m^[22m[39m[31m[1m^[
22m[39m[31m[1m^[22m
[39m[31m[1m^[22m[39m
[31m[1m^[22m[39m[31
m[1m^[22m[39m[31m[1
m^[22m[39m[31m[1m^[
22m[39m[31m[1m^[22m
[39m[31m[1m^[22m[39m
[31m[1m^[22m[39m[31
m[1m^[22m[39m[31m[1
m^[22m[39m[31m[1m^[
22m[39m[31m[1m^[22m
[39m[31m[1m^[22m[39m
[31m[1m^[22m[39m[31
m[1m^[22m[39m[31m[1
m^[22m[39m[31m[1m^[
22m[39m[31m[1m^[22m
[39m[31m[1m^[22m[39m
[31m[1m^[22m[39m[31
m[1m^[22m[39m[31m[1
m^[22m[39m[31m[1m^[
22m[39m[31m[1m^[22m
[39m[31m[1m^[22m[39m
[31m[1m^[22m[39m[31
m[1m^[22m[39m[31m[1
m^[22m[39m[31m[1m^[
22m[39m[31m[1m^[22m
[39m[31m[1m^[22m[39m
[31m[1m^[22m[39m[31
m[1m^[22m[39m[31m[1
m^[22m[39m[31m[1m^[
22m[39m[31m[1m^[22m
[39m[31m[1m^[22m[39m
[31m[1m^[22m[39m[31
m[1m^[22m[39m[31m[1
m^[22m[39m[31m[1m^[
22m[39m[31m[1m^[22m
[39m[31m[1m^[22m[39m
[31m[1m^[22m[39m
 [90m 7 |[39m 
[36mimport[39m [33mSt
ateFilterSection[39m 
[36mfrom[39m [32m"@/c
omponents/home/state-fil
ter"[39m[33m;[39m
 [90m 8 |[39m 
[36mimport[39m 
[33mStatesSection[39m 
[36mfrom[39m [32m"@/c
omponents/home/states-se
ction"[39m[33m;[39m
 [90m 9 |[39m 
[36mimport[39m { 
getData } 
[36mfrom[39m [32m"@/l
ib/fetch-methods"[39m[
33m;[39m[0m



https://nextjs.org/docs/
messages/module-not-foun
d


./src/app/[locale]/page.
jsx:6:1
Module not found: Can't 
resolve '@/components/ho
me/services-section'
[0m [90m 4 |[39m 
[36mimport[39m 
[33mHeroSection[39m 
[36mfrom[39m [32m"@/c
omponents/home/hero-sect
ion"[39m[33m;[39m
 [90m 5 |[39m 
[36mimport[39m [33mPa
rtnerSection[39m 
[36mfrom[39m [32m"@/c
omponents/home/partner-s
ection"[39m[33m;[39m
[31m[1m>[22m[39m[90
m 6 |[39m 
[36mimport[39m [33mSe
rvicesSection[39m 
[36mfrom[39m [32m"@/c
omponents/home/services-
section"[39m[33m;[39m
 [90m   |[39m [31m[1
m^[22m[39m[31m[1m^[
22m[39m[31m[1m^[22m
[39m[31m[1m^[22m[39m
[31m[1m^[22m[39m[31
m[1m^[22m[39m[31m[1
m^[22m[39m[31m[1m^[
22m[39m[31m[1m^[22m
[39m[31m[1m^[22m[39m
[31m[1m^[22m[39m[31
m[1m^[22m[39m[31m[1
m^[22m[39m[31m[1m^[
22m[39m[31m[1m^[22m
[39m[31m[1m^[22m[39m
[31m[1m^[22m[39m[31
m[1m^[22m[39m[31m[1
m^[22m[39m[31m[1m^[
22m[39m[31m[1m^[22m
[39m[31m[1m^[22m[39m
[31m[1m^[22m[39m[31
m[1m^[22m[39m[31m[1
m^[22m[39m[31m[1m^[
22m[39m[31m[1m^[22m
[39m[31m[1m^[22m[39m
[31m[1m^[22m[39m[31
m[1m^[22m[39m[31m[1
m^[22m[39m[31m[1m^[
22m[39m[31m[1m^[22m
[39m[31m[1m^[22m[39m
[31m[1m^[22m[39m[31
m[1m^[22m[39m[31m[1
m^[22m[39m[31m[1m^[
22m[39m[31m[1m^[22m
[39m[31m[1m^[22m[39m
[31m[1m^[22m[39m[31
m[1m^[22m[39m[31m[1
m^[22m[39m[31m[1m^[
22m[39m[31m[1m^[22m
[39m[31m[1m^[22m[39m
[31m[1m^[22m[39m[31
m[1m^[22m[39m[31m[1
m^[22m[39m[31m[1m^[
22m[39m[31m[1m^[22m
[39m[31m[1m^[22m[39m
[31m[1m^[22m[39m[31
m[1m^[22m[39m[31m[1
m^[22m[39m[31m[1m^[
22m[39m[31m[1m^[22m
[39m[31m[1m^[22m[39m
[31m[1m^[22m[39m[31
m[1m^[22m[39m[31m[1
m^[22m[39m[31m[1m^[
22m[39m[31m[1m^[22m
[39m[31m[1m^[22m[39m
[31m[1m^[22m[39m
 [90m 7 |[39m 
[36mimport[39m [33mSt
ateFilterSection[39m 
[36mfrom[39m [32m"@/c
omponents/home/state-fil
ter"[39m[33m;[39m
 [90m 8 |[39m 
[36mimport[39m 
[33mStatesSection[39m 
[36mfrom[39m [32m"@/c
omponents/home/states-se
ction"[39m[33m;[39m
 [90m 9 |[39m 
[36mimport[39m { 
getData } 
[36mfrom[39m [32m"@/l
ib/fetch-methods"[39m[
33m;[39m[0m



https://nextjs.org/docs/
messages/module-not-foun
d


./src/app/[locale]/page.
jsx:7:1
Module not found: Can't 
resolve '@/components/ho
me/state-filter'
[0m [90m  5 |[39m 
[36mimport[39m [33mPa
rtnerSection[39m 
[36mfrom[39m [32m"@/c
omponents/home/partner-s
ection"[39m[33m;[39m
 [90m  6 |[39m 
[36mimport[39m [33mSe
rvicesSection[39m 
[36mfrom[39m [32m"@/c
omponents/home/services-
section"[39m[33m;[39m
[31m[1m>[22m[39m[90
m  7 |[39m 
[36mimport[39m [33mSt
ateFilterSection[39m 
[36mfrom[39m [32m"@/c
omponents/home/state-fil
ter"[39m[33m;[39m
 [90m    |[39m [31m[
1m^[22m[39m[31m[1m^
[22m[39m[31m[1m^[22m
[39m[31m[1m^[22m[39
m[31m[1m^[22m[39m[3
1m[1m^[22m[39m[31m[
1m^[22m[39m[31m[1m^
[22m[39m[31m[1m^[22m
[39m[31m[1m^[22m[39
m[31m[1m^[22m[39m[3
1m[1m^[22m[39m[31m[
1m^[22m[39m[31m[1m^
[22m[39m[31m[1m^[22m
[39m[31m[1m^[22m[39
m[31m[1m^[22m[39m[3
1m[1m^[22m[39m[31m[
1m^[22m[39m[31m[1m^
[22m[39m[31m[1m^[22m
[39m[31m[1m^[22m[39
m[31m[1m^[22m[39m[3
1m[1m^[22m[39m[31m[
1m^[22m[39m[31m[1m^
[22m[39m[31m[1m^[22m
[39m[31m[1m^[22m[39
m[31m[1m^[22m[39m[3
1m[1m^[22m[39m[31m[
1m^[22m[39m[31m[1m^
[22m[39m[31m[1m^[22m
[39m[31m[1m^[22m[39
m[31m[1m^[22m[39m[3
1m[1m^[22m[39m[31m[
1m^[22m[39m[31m[1m^
[22m[39m[31m[1m^[22m
[39m[31m[1m^[22m[39
m[31m[1m^[22m[39m[3
1m[1m^[22m[39m[31m[
1m^[22m[39m[31m[1m^
[22m[39m[31m[1m^[22m
[39m[31m[1m^[22m[39
m[31m[1m^[22m[39m[3
1m[1m^[22m[39m[31m[
1m^[22m[39m[31m[1m^
[22m[39m[31m[1m^[22m
[39m[31m[1m^[22m[39
m[31m[1m^[22m[39m[3
1m[1m^[22m[39m[31m[
1m^[22m[39m[31m[1m^
[22m[39m[31m[1m^[22m
[39m[31m[1m^[22m[39
m[31m[1m^[22m[39m[3
1m[1m^[22m[39m[31m[
1m^[22m[39m[31m[1m^
[22m[39m[31m[1m^[22m
[39m[31m[1m^[22m[39
m
 [90m  8 |[39m 
[36mimport[39m 
[33mStatesSection[39m 
[36mfrom[39m [32m"@/c
omponents/home/states-se
ction"[39m[33m;[39m
 [90m  9 |[39m 
[36mimport[39m { 
getData } 
[36mfrom[39m [32m"@/l
ib/fetch-methods"[39m[
33m;[39m
 [90m 10 |[39m 
[36mimport[39m { 
getSettings } 
[36mfrom[39m [32m"@/l
ib/settings-actions"[39
m[33m;[39m[0m



https://nextjs.org/docs/
messages/module-not-foun
d


./src/app/[locale]/page.
jsx:7:1
Module not found: Can't 
resolve '@/components/ho
me/state-filter'
[0m [90m  5 |[39m 
[36mimport[39m [33mPa
rtnerSection[39m 
[36mfrom[39m [32m"@/c
omponents/home/partner-s
ection"[39m[33m;[39m
 [90m  6 |[39m 
[36mimport[39m [33mSe
rvicesSection[39m 
[36mfrom[39m [32m"@/c
omponents/home/services-
section"[39m[33m;[39m
[31m[1m>[22m[39m[90
m  7 |[39m 
[36mimport[39m [33mSt
ateFilterSection[39m 
[36mfrom[39m [32m"@/c
omponents/home/state-fil
ter"[39m[33m;[39m
 [90m    |[39m [31m[
1m^[22m[39m[31m[1m^
[22m[39m[31m[1m^[22m
[39m[31m[1m^[22m[39
m[31m[1m^[22m[39m[3
1m[1m^[22m[39m[31m[
1m^[22m[39m[31m[1m^
[22m[39m[31m[1m^[22m
[39m[31m[1m^[22m[39
m[31m[1m^[22m[39m[3
1m[1m^[22m[39m[31m[
1m^[22m[39m[31m[1m^
[22m[39m[31m[1m^[22m
[39m[31m[1m^[22m[39
m[31m[1m^[22m[39m[3
1m[1m^[22m[39m[31m[
1m^[22m[39m[31m[1m^
[22m[39m[31m[1m^[22m
[39m[31m[1m^[22m[39
m[31m[1m^[22m[39m[3
1m[1m^[22m[39m[31m[
1m^[22m[39m[31m[1m^
[22m[39m[31m[1m^[22m
[39m[31m[1m^[22m[39
m[31m[1m^[22m[39m[3
1m[1m^[22m[39m[31m[
1m^[22m[39m[31m[1m^
[22m[39m[31m[1m^[22m
[39m[31m[1m^[22m[39
m[31m[1m^[22m[39m[3
1m[1m^[22m[39m[31m[
1m^[22m[39m[31m[1m^
[22m[39m[31m[1m^[22m
[39m[31m[1m^[22m[39
m[31m[1m^[22m[39m[3
1m[1m^[22m[39m[31m[
1m^[22m[39m[31m[1m^
[22m[39m[31m[1m^[22m
[39m[31m[1m^[22m[39
m[31m[1m^[22m[39m[3
1m[1m^[22m[39m[31m[
1m^[22m[39m[31m[1m^
[22m[39m[31m[1m^[22m
[39m[31m[1m^[22m[39
m[31m[1m^[22m[39m[3
1m[1m^[22m[39m[31m[
1m^[22m[39m[31m[1m^
[22m[39m[31m[1m^[22m
[39m[31m[1m^[22m[39
m[31m[1m^[22m[39m[3
1m[1m^[22m[39m[31m[
1m^[22m[39m[31m[1m^
[22m[39m[31m[1m^[22m
[39m[31m[1m^[22m[39
m
 [90m  8 |[39m 
[36mimport[39m 
[33mStatesSection[39m 
[36mfrom[39m [32m"@/c
omponents/home/states-se
ction"[39m[33m;[39m
 [90m  9 |[39m 
[36mimport[39m { 
getData } 
[36mfrom[39m [32m"@/l
ib/fetch-methods"[39m[
33m;[39m
 [90m 10 |[39m 
[36mimport[39m { 
getSettings } 
[36mfrom[39m [32m"@/l
ib/settings-actions"[39
m[33m;[39m[0m



https://nextjs.org/docs/
messages/module-not-foun
d


./src/app/[locale]/estat
s/[slug]/page.jsx:17:1
Module not found: Can't 
resolve '@/components/ho
me/states-section'
[0m [90m 15 |[39m 
[36mimport[39m { 
[33mBsBank[39m } 
[36mfrom[39m [32m"rea
ct-icons/bs"[39m[33m;
[39m
 [90m 16 |[39m 
[36mimport[39m { [33m
FaMoneyBillWave[39m } 
[36mfrom[39m [32m"rea
ct-icons/fa"[39m[33m;
[39m
[31m[1m>[22m[39m[90
m 17 |[39m 
[36mimport[39m 
[33mStatesSection[39m 
[36mfrom[39m [32m"@/c
omponents/home/states-se
ction"[39m[33m;[39m
 [90m    |[39m [31m[
1m^[22m[39m[31m[1m^
[22m[39m[31m[1m^[22m
[39m[31m[1m^[22m[39
m[31m[1m^[22m[39m[3
1m[1m^[22m[39m[31m[
1m^[22m[39m[31m[1m^
[22m[39m[31m[1m^[22m
[39m[31m[1m^[22m[39
m[31m[1m^[22m[39m[3
1m[1m^[22m[39m[31m[
1m^[22m[39m[31m[1m^
[22m[39m[31m[1m^[22m
[39m[31m[1m^[22m[39
m[31m[1m^[22m[39m[3
1m[1m^[22m[39m[31m[
1m^[22m[39m[31m[1m^
[22m[39m[31m[1m^[22m
[39m[31m[1m^[22m[39
m[31m[1m^[22m[39m[3
1m[1m^[22m[39m[31m[
1m^[22m[39m[31m[1m^
[22m[39m[31m[1m^[22m
[39m[31m[1m^[22m[39
m[31m[1m^[22m[39m[3
1m[1m^[22m[39m[31m[
1m^[22m[39m[31m[1m^
[22m[39m[31m[1m^[22m
[39m[31m[1m^[22m[39
m[31m[1m^[22m[39m[3
1m[1m^[22m[39m[31m[
1m^[22m[39m[31m[1m^
[22m[39m[31m[1m^[22m
[39m[31m[1m^[22m[39
m[31m[1m^[22m[39m[3
1m[1m^[22m[39m[31m[
1m^[22m[39m[31m[1m^
[22m[39m[31m[1m^[22m
[39m[31m[1m^[22m[39
m[31m[1m^[22m[39m[3
1m[1m^[22m[39m[31m[
1m^[22m[39m[31m[1m^
[22m[39m[31m[1m^[22m
[39m[31m[1m^[22m[39
m[31m[1m^[22m[39m[3
1m[1m^[22m[39m[31m[
1m^[22m[39m[31m[1m^
[22m[39m[31m[1m^[22m
[39m[31m[1m^[22m[39
m[31m[1m^[22m[39m[3
1m[1m^[22m[39m[31m[
1m^[22m[39m
 [90m 18 |[39m 
[36mimport[39m [33mPr
opertyGallery[39m 
[36mfrom[39m [32m"@/c
omponents/estates/proper
ty-gallery"[39m[33m;[
39m
 [90m 19 |[39m 
[36mimport[39m [33mPr
opertyActions[39m 
[36mfrom[39m [32m"@/c
omponents/estates/proper
ty-actions"[39m[33m;[
39m
 [90m 20 |[39m 
[36mimport[39m [33mPr
opertyReviews[39m 
[36mfrom[39m [32m"@/c
omponents/estates/proper
ty-reviews"[39m[33m;[
39m[0m



https://nextjs.org/docs/
messages/module-not-foun
d


./src/app/[locale]/estat
s/[slug]/page.jsx:17:1
Module not found: Can't 
resolve '@/components/ho
me/states-section'
[0m [90m 15 |[39m 
[36mimport[39m { 
[33mBsBank[39m } 
[36mfrom[39m [32m"rea
ct-icons/bs"[39m[33m;
[39m
 [90m 16 |[39m 
[36mimport[39m { [33m
FaMoneyBillWave[39m } 
[36mfrom[39m [32m"rea
ct-icons/fa"[39m[33m;
[39m
[31m[1m>[22m[39m[90
m 17 |[39m 
[36mimport[39m 
[33mStatesSection[39m 
[36mfrom[39m [32m"@/c
omponents/home/states-se
ction"[39m[33m;[39m
 [90m    |[39m [31m[
1m^[22m[39m[31m[1m^
[22m[39m[31m[1m^[22m
[39m[31m[1m^[22m[39
m[31m[1m^[22m[39m[3
1m[1m^[22m[39m[31m[
1m^[22m[39m[31m[1m^
[22m[39m[31m[1m^[22m
[39m[31m[1m^[22m[39
m[31m[1m^[22m[39m[3
1m[1m^[22m[39m[31m[
1m^[22m[39m[31m[1m^
[22m[39m[31m[1m^[22m
[39m[31m[1m^[22m[39
m[31m[1m^[22m[39m[3
1m[1m^[22m[39m[31m[
1m^[22m[39m[31m[1m^
[22m[39m[31m[1m^[22m
[39m[31m[1m^[22m[39
m[31m[1m^[22m[39m[3
1m[1m^[22m[39m[31m[
1m^[22m[39m[31m[1m^
[22m[39m[31m[1m^[22m
[39m[31m[1m^[22m[39
m[31m[1m^[22m[39m[3
1m[1m^[22m[39m[31m[
1m^[22m[39m[31m[1m^
[22m[39m[31m[1m^[22m
[39m[31m[1m^[22m[39
m[31m[1m^[22m[39m[3
1m[1m^[22m[39m[31m[
1m^[22m[39m[31m[1m^
[22m[39m[31m[1m^[22m
[39m[31m[1m^[22m[39
m[31m[1m^[22m[39m[3
1m[1m^[22m[39m[31m[
1m^[22m[39m[31m[1m^
[22m[39m[31m[1m^[22m
[39m[31m[1m^[22m[39
m[31m[1m^[22m[39m[3
1m[1m^[22m[39m[31m[
1m^[22m[39m[31m[1m^
[22m[39m[31m[1m^[22m
[39m[31m[1m^[22m[39
m[31m[1m^[22m[39m[3
1m[1m^[22m[39m[31m[
1m^[22m[39m[31m[1m^
[22m[39m[31m[1m^[22m
[39m[31m[1m^[22m[39
m[31m[1m^[22m[39m[3
1m[1m^[22m[39m[31m[
1m^[22m[39m
 [90m 18 |[39m 
[36mimport[39m [33mPr
opertyGallery[39m 
[36mfrom[39m [32m"@/c
omponents/estates/proper
ty-gallery"[39m[33m;[
39m
 [90m 19 |[39m 
[36mimport[39m [33mPr
opertyActions[39m 
[36mfrom[39m [32m"@/c
omponents/estates/proper
ty-actions"[39m[33m;[
39m
 [90m 20 |[39m 
[36mimport[39m [33mPr
opertyReviews[39m 
[36mfrom[39m [32m"@/c
omponents/estates/proper
ty-reviews"[39m[33m;[
39m[0m



https://nextjs.org/docs/
messages/module-not-foun
d


./src/app/[locale]/page.
jsx:8:1
Module not found: Can't 
resolve '@/components/ho
me/states-section'
[0m [90m  6 |[39m 
[36mimport[39m [33mSe
rvicesSection[39m 
[36mfrom[39m [32m"@/c
omponents/home/services-
section"[39m[33m;[39m
 [90m  7 |[39m 
[36mimport[39m [33mSt
ateFilterSection[39m 
[36mfrom[39m [32m"@/c
omponents/home/state-fil
ter"[39m[33m;[39m
[31m[1m>[22m[39m[90
m  8 |[39m 
[36mimport[39m 
[33mStatesSection[39m 
[36mfrom[39m [32m"@/c
omponents/home/states-se
ction"[39m[33m;[39m
 [90m    |[39m [31m[
1m^[22m[39m[31m[1m^
[22m[39m[31m[1m^[22m
[39m[31m[1m^[22m[39
m[31m[1m^[22m[39m[3
1m[1m^[22m[39m[31m[
1m^[22m[39m[31m[1m^
[22m[39m[31m[1m^[22m
[39m[31m[1m^[22m[39
m[31m[1m^[22m[39m[3
1m[1m^[22m[39m[31m[
1m^[22m[39m[31m[1m^
[22m[39m[31m[1m^[22m
[39m[31m[1m^[22m[39
m[31m[1m^[22m[39m[3
1m[1m^[22m[39m[31m[
1m^[22m[39m[31m[1m^
[22m[39m[31m[1m^[22m
[39m[31m[1m^[22m[39
m[31m[1m^[22m[39m[3
1m[1m^[22m[39m[31m[
1m^[22m[39m[31m[1m^
[22m[39m[31m[1m^[22m
[39m[31m[1m^[22m[39
m[31m[1m^[22m[39m[3
1m[1m^[22m[39m[31m[
1m^[22m[39m[31m[1m^
[22m[39m[31m[1m^[22m
[39m[31m[1m^[22m[39
m[31m[1m^[22m[39m[3
1m[1m^[22m[39m[31m[
1m^[22m[39m[31m[1m^
[22m[39m[31m[1m^[22m
[39m[31m[1m^[22m[39
m[31m[1m^[22m[39m[3
1m[1m^[22m[39m[31m[
1m^[22m[39m[31m[1m^
[22m[39m[31m[1m^[22m
[39m[31m[1m^[22m[39
m[31m[1m^[22m[39m[3
1m[1m^[22m[39m[31m[
1m^[22m[39m[31m[1m^
[22m[39m[31m[1m^[22m
[39m[31m[1m^[22m[39
m[31m[1m^[22m[39m[3
1m[1m^[22m[39m[31m[
1m^[22m[39m[31m[1m^
[22m[39m[31m[1m^[22m
[39m[31m[1m^[22m[39
m[31m[1m^[22m[39m[3
1m[1m^[22m[39m[31m[
1m^[22m[39m
 [90m  9 |[39m 
[36mimport[39m { 
getData } 
[36mfrom[39m [32m"@/l
ib/fetch-methods"[39m[
33m;[39m
 [90m 10 |[39m 
[36mimport[39m { 
getSettings } 
[36mfrom[39m [32m"@/l
ib/settings-actions"[39
m[33m;[39m
 [90m 11 |[39m[0m



https://nextjs.org/docs/
messages/module-not-foun
d


./src/app/[locale]/page.
jsx:8:1
Module not found: Can't 
resolve '@/components/ho
me/states-section'
[0m [90m  6 |[39m 
[36mimport[39m [33mSe
rvicesSection[39m 
[36mfrom[39m [32m"@/c
omponents/home/services-
section"[39m[33m;[39m
 [90m  7 |[39m 
[36mimport[39m [33mSt
ateFilterSection[39m 
[36mfrom[39m [32m"@/c
omponents/home/state-fil
ter"[39m[33m;[39m
[31m[1m>[22m[39m[90
m  8 |[39m 
[36mimport[39m 
[33mStatesSection[39m 
[36mfrom[39m [32m"@/c
omponents/home/states-se
ction"[39m[33m;[39m
 [90m    |[39m [31m[
1m^[22m[39m[31m[1m^
[22m[39m[31m[1m^[22m
[39m[31m[1m^[22m[39
m[31m[1m^[22m[39m[3
1m[1m^[22m[39m[31m[
1m^[22m[39m[31m[1m^
[22m[39m[31m[1m^[22m
[39m[31m[1m^[22m[39
m[31m[1m^[22m[39m[3
1m[1m^[22m[39m[31m[
1m^[22m[39m[31m[1m^
[22m[39m[31m[1m^[22m
[39m[31m[1m^[22m[39
m[31m[1m^[22m[39m[3
1m[1m^[22m[39m[31m[
1m^[22m[39m[31m[1m^
[22m[39m[31m[1m^[22m
[39m[31m[1m^[22m[39
m[31m[1m^[22m[39m[3
1m[1m^[22m[39m[31m[
1m^[22m[39m[31m[1m^
[22m[39m[31m[1m^[22m
[39m[31m[1m^[22m[39
m[31m[1m^[22m[39m[3
1m[1m^[22m[39m[31m[
1m^[22m[39m[31m[1m^
[22m[39m[31m[1m^[22m
[39m[31m[1m^[22m[39
m[31m[1m^[22m[39m[3
1m[1m^[22m[39m[31m[
1m^[22m[39m[31m[1m^
[22m[39m[31m[1m^[22m
[39m[31m[1m^[22m[39
m[31m[1m^[22m[39m[3
1m[1m^[22m[39m[31m[
1m^[22m[39m[31m[1m^
[22m[39m[31m[1m^[22m
[39m[31m[1m^[22m[39
m[31m[1m^[22m[39m[3
1m[1m^[22m[39m[31m[
1m^[22m[39m[31m[1m^
[22m[39m[31m[1m^[22m
[39m[31m[1m^[22m[39
m[31m[1m^[22m[39m[3
1m[1m^[22m[39m[31m[
1m^[22m[39m[31m[1m^
[22m[39m[31m[1m^[22m
[39m[31m[1m^[22m[39
m[31m[1m^[22m[39m[3
1m[1m^[22m[39m[31m[
1m^[22m[39m
 [90m  9 |[39m 
[36mimport[39m { 
getData } 
[36mfrom[39m [32m"@/l
ib/fetch-methods"[39m[
33m;[39m
 [90m 10 |[39m 
[36mimport[39m { 
getSettings } 
[36mfrom[39m [32m"@/l
ib/settings-actions"[39
m[33m;[39m
 [90m 11 |[39m[0m



https://nextjs.org/docs/
messages/module-not-foun
d


./src/app/[locale]/blogs
/page.jsx:6:1
Module not found: Can't 
resolve '@/components/mo
tion/animated-section'
[0m [90m 4 |[39m 
[36mimport[39m { 
getTranslations } 
[36mfrom[39m [32m"nex
t-intl/server"[39m[33m
;[39m
 [90m 5 |[39m 
[36mimport[39m { 
getBlogs } 
[36mfrom[39m [32m"@/l
ib/blog-actions"[39m[3
3m;[39m
[31m[1m>[22m[39m[90
m 6 |[39m 
[36mimport[39m { [33m
AnimatedSection[39m } 
[36mfrom[39m [32m"@/c
omponents/motion/animate
d-section"[39m[33m;[3
9m
 [90m   |[39m [31m[1
m^[22m[39m[31m[1m^[
22m[39m[31m[1m^[22m
[39m[31m[1m^[22m[39m
[31m[1m^[22m[39m[31
m[1m^[22m[39m[31m[1
m^[22m[39m[31m[1m^[
22m[39m[31m[1m^[22m
[39m[31m[1m^[22m[39m
[31m[1m^[22m[39m[31
m[1m^[22m[39m[31m[1
m^[22m[39m[31m[1m^[
22m[39m[31m[1m^[22m
[39m[31m[1m^[22m[39m
[31m[1m^[22m[39m[31
m[1m^[22m[39m[31m[1
m^[22m[39m[31m[1m^[
22m[39m[31m[1m^[22m
[39m[31m[1m^[22m[39m
[31m[1m^[22m[39m[31
m[1m^[22m[39m[31m[1
m^[22m[39m[31m[1m^[
22m[39m[31m[1m^[22m
[39m[31m[1m^[22m[39m
[31m[1m^[22m[39m[31
m[1m^[22m[39m[31m[1
m^[22m[39m[31m[1m^[
22m[39m[31m[1m^[22m
[39m[31m[1m^[22m[39m
[31m[1m^[22m[39m[31
m[1m^[22m[39m[31m[1
m^[22m[39m[31m[1m^[
22m[39m[31m[1m^[22m
[39m[31m[1m^[22m[39m
[31m[1m^[22m[39m[31
m[1m^[22m[39m[31m[1
m^[22m[39m[31m[1m^[
22m[39m[31m[1m^[22m
[39m[31m[1m^[22m[39m
[31m[1m^[22m[39m[31
m[1m^[22m[39m[31m[1
m^[22m[39m[31m[1m^[
22m[39m[31m[1m^[22m
[39m[31m[1m^[22m[39m
[31m[1m^[22m[39m[31
m[1m^[22m[39m[31m[1
m^[22m[39m[31m[1m^[
22m[39m[31m[1m^[22m
[39m[31m[1m^[22m[39m
[31m[1m^[22m[39m[31
m[1m^[22m[39m[31m[1
m^[22m[39m[31m[1m^[
22m[39m[31m[1m^[22m
[39m[31m[1m^[22m[39m
[31m[1m^[22m[39m[31
m[1m^[22m[39m[31m[1
m^[22m[39m[31m[1m^[
22m[39m[31m[1m^[22m
[39m[31m[1m^[22m[39m
[31m[1m^[22m[39m
 [90m 7 |[39m 
[36mimport[39m { 
[33mAnimatedItem[39m 
} [36mfrom[39m [32m"@
/components/motion/anima
ted-section"[39m[33m;
[39m
 [90m 8 |[39m
 [90m 9 |[39m 
[36mconst[39m 
[33mBlogsPage[39m 
[33m=[39m 
[36masync[39m ({ 
searchParams }) 
[33m=>[39m {[0m



https://nextjs.org/docs/
messages/module-not-foun
d


./src/app/[locale]/blogs
/page.jsx:6:1
Module not found: Can't 
resolve '@/components/mo
tion/animated-section'
[0m [90m 4 |[39m 
[36mimport[39m { 
getTranslations } 
[36mfrom[39m [32m"nex
t-intl/server"[39m[33m
;[39m
 [90m 5 |[39m 
[36mimport[39m { 
getBlogs } 
[36mfrom[39m [32m"@/l
ib/blog-actions"[39m[3
3m;[39m
[31m[1m>[22m[39m[90
m 6 |[39m 
[36mimport[39m { [33m
AnimatedSection[39m } 
[36mfrom[39m [32m"@/c
omponents/motion/animate
d-section"[39m[33m;[3
9m
 [90m   |[39m [31m[1
m^[22m[39m[31m[1m^[
22m[39m[31m[1m^[22m
[39m[31m[1m^[22m[39m
[31m[1m^[22m[39m[31
m[1m^[22m[39m[31m[1
m^[22m[39m[31m[1m^[
22m[39m[31m[1m^[22m
[39m[31m[1m^[22m[39m
[31m[1m^[22m[39m[31
m[1m^[22m[39m[31m[1
m^[22m[39m[31m[1m^[
22m[39m[31m[1m^[22m
[39m[31m[1m^[22m[39m
[31m[1m^[22m[39m[31
m[1m^[22m[39m[31m[1
m^[22m[39m[31m[1m^[
22m[39m[31m[1m^[22m
[39m[31m[1m^[22m[39m
[31m[1m^[22m[39m[31
m[1m^[22m[39m[31m[1
m^[22m[39m[31m[1m^[
22m[39m[31m[1m^[22m
[39m[31m[1m^[22m[39m
[31m[1m^[22m[39m[31
m[1m^[22m[39m[31m[1
m^[22m[39m[31m[1m^[
22m[39m[31m[1m^[22m
[39m[31m[1m^[22m[39m
[31m[1m^[22m[39m[31
m[1m^[22m[39m[31m[1
m^[22m[39m[31m[1m^[
22m[39m[31m[1m^[22m
[39m[31m[1m^[22m[39m
[31m[1m^[22m[39m[31
m[1m^[22m[39m[31m[1
m^[22m[39m[31m[1m^[
22m[39m[31m[1m^[22m
[39m[31m[1m^[22m[39m
[31m[1m^[22m[39m[31
m[1m^[22m[39m[31m[1
m^[22m[39m[31m[1m^[
22m[39m[31m[1m^[22m
[39m[31m[1m^[22m[39m
[31m[1m^[22m[39m[31
m[1m^[22m[39m[31m[1
m^[22m[39m[31m[1m^[
22m[39m[31m[1m^[22m
[39m[31m[1m^[22m[39m
[31m[1m^[22m[39m[31
m[1m^[22m[39m[31m[1
m^[22m[39m[31m[1m^[
22m[39m[31m[1m^[22m
[39m[31m[1m^[22m[39m
[31m[1m^[22m[39m[31
m[1m^[22m[39m[31m[1
m^[22m[39m[31m[1m^[
22m[39m[31m[1m^[22m
[39m[31m[1m^[22m[39m
[31m[1m^[22m[39m
 [90m 7 |[39m 
[36mimport[39m { 
[33mAnimatedItem[39m 
} [36mfrom[39m [32m"@
/components/motion/anima
ted-section"[39m[33m;
[39m
 [90m 8 |[39m
 [90m 9 |[39m 
[36mconst[39m 
[33mBlogsPage[39m 
[33m=[39m 
[36masync[39m ({ 
searchParams }) 
[33m=>[39m {[0m



https://nextjs.org/docs/
messages/module-not-foun
d


./src/app/[locale]/blogs
/page.jsx:7:1
Module not found: Can't 
resolve '@/components/mo
tion/animated-section'
[0m [90m  5 |[39m 
[36mimport[39m { 
getBlogs } 
[36mfrom[39m [32m"@/l
ib/blog-actions"[39m[3
3m;[39m
 [90m  6 |[39m 
[36mimport[39m { [33m
AnimatedSection[39m } 
[36mfrom[39m [32m"@/c
omponents/motion/animate
d-section"[39m[33m;[3
9m
[31m[1m>[22m[39m[90
m  7 |[39m 
[36mimport[39m { 
[33mAnimatedItem[39m 
} [36mfrom[39m [32m"@
/components/motion/anima
ted-section"[39m[33m;
[39m
 [90m    |[39m [31m[
1m^[22m[39m[31m[1m^
[22m[39m[31m[1m^[22m
[39m[31m[1m^[22m[39
m[31m[1m^[22m[39m[3
1m[1m^[22m[39m[31m[
1m^[22m[39m[31m[1m^
[22m[39m[31m[1m^[22m
[39m[31m[1m^[22m[39
m[31m[1m^[22m[39m[3
1m[1m^[22m[39m[31m[
1m^[22m[39m[31m[1m^
[22m[39m[31m[1m^[22m
[39m[31m[1m^[22m[39
m[31m[1m^[22m[39m[3
1m[1m^[22m[39m[31m[
1m^[22m[39m[31m[1m^
[22m[39m[31m[1m^[22m
[39m[31m[1m^[22m[39
m[31m[1m^[22m[39m[3
1m[1m^[22m[39m[31m[
1m^[22m[39m[31m[1m^
[22m[39m[31m[1m^[22m
[39m[31m[1m^[22m[39
m[31m[1m^[22m[39m[3
1m[1m^[22m[39m[31m[
1m^[22m[39m[31m[1m^
[22m[39m[31m[1m^[22m
[39m[31m[1m^[22m[39
m[31m[1m^[22m[39m[3
1m[1m^[22m[39m[31m[
1m^[22m[39m[31m[1m^
[22m[39m[31m[1m^[22m
[39m[31m[1m^[22m[39
m[31m[1m^[22m[39m[3
1m[1m^[22m[39m[31m[
1m^[22m[39m[31m[1m^
[22m[39m[31m[1m^[22m
[39m[31m[1m^[22m[39
m[31m[1m^[22m[39m[3
1m[1m^[22m[39m[31m[
1m^[22m[39m[31m[1m^
[22m[39m[31m[1m^[22m
[39m[31m[1m^[22m[39
m[31m[1m^[22m[39m[3
1m[1m^[22m[39m[31m[
1m^[22m[39m[31m[1m^
[22m[39m[31m[1m^[22m
[39m[31m[1m^[22m[39
m[31m[1m^[22m[39m[3
1m[1m^[22m[39m[31m[
1m^[22m[39m[31m[1m^
[22m[39m[31m[1m^[22m
[39m[31m[1m^[22m[39
m[31m[1m^[22m[39m[3
1m[1m^[22m[39m[31m[
1m^[22m[39m[31m[1m^
[22m[39m
 [90m  8 |[39m
 [90m  9 |[39m 
[36mconst[39m 
[33mBlogsPage[39m 
[33m=[39m 
[36masync[39m ({ 
searchParams }) 
[33m=>[39m {
 [90m 10 |[39m   
[36mconst[39m t 
[33m=[39m 
[36mawait[39m getTrans
lations([32m"breadcrumb
s"[39m)[33m;[39m[0m



https://nextjs.org/docs/
messages/module-not-foun
d


./src/app/[locale]/blogs
/page.jsx:7:1
Module not found: Can't 
resolve '@/components/mo
tion/animated-section'
[0m [90m  5 |[39m 
[36mimport[39m { 
getBlogs } 
[36mfrom[39m [32m"@/l
ib/blog-actions"[39m[3
3m;[39m
 [90m  6 |[39m 
[36mimport[39m { [33m
AnimatedSection[39m } 
[36mfrom[39m [32m"@/c
omponents/motion/animate
d-section"[39m[33m;[3
9m
[31m[1m>[22m[39m[90
m  7 |[39m 
[36mimport[39m { 
[33mAnimatedItem[39m 
} [36mfrom[39m [32m"@
/components/motion/anima
ted-section"[39m[33m;
[39m
 [90m    |[39m [31m[
1m^[22m[39m[31m[1m^
[22m[39m[31m[1m^[22m
[39m[31m[1m^[22m[39
m[31m[1m^[22m[39m[3
1m[1m^[22m[39m[31m[
1m^[22m[39m[31m[1m^
[22m[39m[31m[1m^[22m
[39m[31m[1m^[22m[39
m[31m[1m^[22m[39m[3
1m[1m^[22m[39m[31m[
1m^[22m[39m[31m[1m^
[22m[39m[31m[1m^[22m
[39m[31m[1m^[22m[39
m[31m[1m^[22m[39m[3
1m[1m^[22m[39m[31m[
1m^[22m[39m[31m[1m^
[22m[39m[31m[1m^[22m
[39m[31m[1m^[22m[39
m[31m[1m^[22m[39m[3
1m[1m^[22m[39m[31m[
1m^[22m[39m[31m[1m^
[22m[39m[31m[1m^[22m
[39m[31m[1m^[22m[39
m[31m[1m^[22m[39m[3
1m[1m^[22m[39m[31m[
1m^[22m[39m[31m[1m^
[22m[39m[31m[1m^[22m
[39m[31m[1m^[22m[39
m[31m[1m^[22m[39m[3
1m[1m^[22m[39m[31m[
1m^[22m[39m[31m[1m^
[22m[39m[31m[1m^[22m
[39m[31m[1m^[22m[39
m[31m[1m^[22m[39m[3
1m[1m^[22m[39m[31m[
1m^[22m[39m[31m[1m^
[22m[39m[31m[1m^[22m
[39m[31m[1m^[22m[39
m[31m[1m^[22m[39m[3
1m[1m^[22m[39m[31m[
1m^[22m[39m[31m[1m^
[22m[39m[31m[1m^[22m
[39m[31m[1m^[22m[39
m[31m[1m^[22m[39m[3
1m[1m^[22m[39m[31m[
1m^[22m[39m[31m[1m^
[22m[39m[31m[1m^[22m
[39m[31m[1m^[22m[39
m[31m[1m^[22m[39m[3
1m[1m^[22m[39m[31m[
1m^[22m[39m[31m[1m^
[22m[39m[31m[1m^[22m
[39m[31m[1m^[22m[39
m[31m[1m^[22m[39m[3
1m[1m^[22m[39m[31m[
1m^[22m[39m[31m[1m^
[22m[39m
 [90m  8 |[39m
 [90m  9 |[39m 
[36mconst[39m 
[33mBlogsPage[39m 
[33m=[39m 
[36masync[39m ({ 
searchParams }) 
[33m=>[39m {
 [90m 10 |[39m   
[36mconst[39m t 
[33m=[39m 
[36mawait[39m getTrans
lations([32m"breadcrumb
s"[39m)[33m;[39m[0m



https://nextjs.org/docs/
messages/module-not-foun
d


./src/app/[locale]/packa
ges/page.jsx:5:1
Module not found: Can't 
resolve '@/components/mo
tion/animated-section'
[0m [90m  3 |[39m 
[36mimport[39m 
[33mReact[39m 
[36mfrom[39m [32m"rea
ct"[39m[33m;[39m
 [90m  4 |[39m 
[36mimport[39m { 
getTranslations } 
[36mfrom[39m [32m"nex
t-intl/server"[39m[33m
;[39m
[31m[1m>[22m[39m[90
m  5 |[39m 
[36mimport[39m {
 [90m    |[39m [31m[
1m^[22m[39m[31m[1m^
[22m[39m[31m[1m^[22m
[39m[31m[1m^[22m[39
m[31m[1m^[22m[39m[3
1m[1m^[22m[39m[31m[
1m^[22m[39m[31m[1m^
[22m[39m
[31m[1m>[22m[39m[90
m  6 |[39m   [33mAnima
tedSection[39m[33m,[3
9m
 [90m    |[39m [31m[
1m^[22m[39m[31m[1m^
[22m[39m[31m[1m^[22m
[39m[31m[1m^[22m[39
m[31m[1m^[22m[39m[3
1m[1m^[22m[39m[31m[
1m^[22m[39m[31m[1m^
[22m[39m[31m[1m^[22m
[39m[31m[1m^[22m[39
m[31m[1m^[22m[39m[3
1m[1m^[22m[39m[31m[
1m^[22m[39m[31m[1m^
[22m[39m[31m[1m^[22m
[39m[31m[1m^[22m[39
m[31m[1m^[22m[39m[3
1m[1m^[22m[39m
[31m[1m>[22m[39m[90
m  7 |[39m   [33mAnima
tedItem[39m[33m,[39m
 [90m    |[39m [31m[
1m^[22m[39m[31m[1m^
[22m[39m[31m[1m^[22m
[39m[31m[1m^[22m[39
m[31m[1m^[22m[39m[3
1m[1m^[22m[39m[31m[
1m^[22m[39m[31m[1m^
[22m[39m[31m[1m^[22m
[39m[31m[1m^[22m[39
m[31m[1m^[22m[39m[3
1m[1m^[22m[39m[31m[
1m^[22m[39m[31m[1m^
[22m[39m[31m[1m^[22m
[39m[31m[1m^[22m[39
m[31m[1m^[22m[39m[3
1m[1m^[22m[39m
[31m[1m>[22m[39m[90
m  8 |[39m } 
[36mfrom[39m [32m"@/c
omponents/motion/animate
d-section"[39m[33m;[3
9m
 [90m    |[39m [31m[
1m^[22m[39m[31m[1m^
[22m[39m[31m[1m^[22m
[39m[31m[1m^[22m[39
m[31m[1m^[22m[39m[3
1m[1m^[22m[39m[31m[
1m^[22m[39m[31m[1m^
[22m[39m[31m[1m^[22m
[39m[31m[1m^[22m[39
m[31m[1m^[22m[39m[3
1m[1m^[22m[39m[31m[
1m^[22m[39m[31m[1m^
[22m[39m[31m[1m^[22m
[39m[31m[1m^[22m[39
m[31m[1m^[22m[39m[3
1m[1m^[22m[39m[31m[
1m^[22m[39m[31m[1m^
[22m[39m[31m[1m^[22m
[39m[31m[1m^[22m[39
m[31m[1m^[22m[39m[3
1m[1m^[22m[39m[31m[
1m^[22m[39m[31m[1m^
[22m[39m[31m[1m^[22m
[39m[31m[1m^[22m[39
m[31m[1m^[22m[39m[3
1m[1m^[22m[39m[31m[
1m^[22m[39m[31m[1m^
[22m[39m[31m[1m^[22m
[39m[31m[1m^[22m[39
m[31m[1m^[22m[39m[3
1m[1m^[22m[39m[31m[
1m^[22m[39m[31m[1m^
[22m[39m[31m[1m^[22m
[39m[31m[1m^[22m[39
m[31m[1m^[22m[39m[3
1m[1m^[22m[39m[31m[
1m^[22m[39m[31m[1m^
[22m[39m[31m[1m^[22m
[39m[31m[1m^[22m[39
m[31m[1m^[22m[39m
 [90m  9 |[39m
 [90m 10 |[39m 
[36mconst[39m 
[33mPackagesPage[39m 
[33m=[39m 
[36masync[39m () 
[33m=>[39m {
 [90m 11 |[39m   
[36mconst[39m t 
[33m=[39m 
[36mawait[39m getTrans
lations([32m"packages_p
age"[39m)[33m;[39m[0
m



https://nextjs.org/docs/
messages/module-not-foun
d


./src/app/[locale]/packa
ges/page.jsx:5:1
Module not found: Can't 
resolve '@/components/mo
tion/animated-section'
[0m [90m  3 |[39m 
[36mimport[39m 
[33mReact[39m 
[36mfrom[39m [32m"rea
ct"[39m[33m;[39m
 [90m  4 |[39m 
[36mimport[39m { 
getTranslations } 
[36mfrom[39m [32m"nex
t-intl/server"[39m[33m
;[39m
[31m[1m>[22m[39m[90
m  5 |[39m 
[36mimport[39m {
 [90m    |[39m [31m[
1m^[22m[39m[31m[1m^
[22m[39m[31m[1m^[22m
[39m[31m[1m^[22m[39
m[31m[1m^[22m[39m[3
1m[1m^[22m[39m[31m[
1m^[22m[39m[31m[1m^
[22m[39m
[31m[1m>[22m[39m[90
m  6 |[39m   [33mAnima
tedSection[39m[33m,[3
9m
 [90m    |[39m [31m[
1m^[22m[39m[31m[1m^
[22m[39m[31m[1m^[22m
[39m[31m[1m^[22m[39
m[31m[1m^[22m[39m[3
1m[1m^[22m[39m[31m[
1m^[22m[39m[31m[1m^
[22m[39m[31m[1m^[22m
[39m[31m[1m^[22m[39
m[31m[1m^[22m[39m[3
1m[1m^[22m[39m[31m[
1m^[22m[39m[31m[1m^
[22m[39m[31m[1m^[22m
[39m[31m[1m^[22m[39
m[31m[1m^[22m[39m[3
1m[1m^[22m[39m
[31m[1m>[22m[39m[90
m  7 |[39m   [33mAnima
tedItem[39m[33m,[39m
 [90m    |[39m [31m[
1m^[22m[39m[31m[1m^
[22m[39m[31m[1m^[22m
[39m[31m[1m^[22m[39
m[31m[1m^[22m[39m[3
1m[1m^[22m[39m[31m[
1m^[22m[39m[31m[1m^
[22m[39m[31m[1m^[22m
[39m[31m[1m^[22m[39
m[31m[1m^[22m[39m[3
1m[1m^[22m[39m[31m[
1m^[22m[39m[31m[1m^
[22m[39m[31m[1m^[22m
[39m[31m[1m^[22m[39
m[31m[1m^[22m[39m[3
1m[1m^[22m[39m
[31m[1m>[22m[39m[90
m  8 |[39m } 
[36mfrom[39m [32m"@/c
omponents/motion/animate
d-section"[39m[33m;[3
9m
 [90m    |[39m [31m[
1m^[22m[39m[31m[1m^
[22m[39m[31m[1m^[22m
[39m[31m[1m^[22m[39
m[31m[1m^[22m[39m[3
1m[1m^[22m[39m[31m[
1m^[22m[39m[31m[1m^
[22m[39m[31m[1m^[22m
[39m[31m[1m^[22m[39
m[31m[1m^[22m[39m[3
1m[1m^[22m[39m[31m[
1m^[22m[39m[31m[1m^
[22m[39m[31m[1m^[22m
[39m[31m[1m^[22m[39
m[31m[1m^[22m[39m[3
1m[1m^[22m[39m[31m[
1m^[22m[39m[31m[1m^
[22m[39m[31m[1m^[22m
[39m[31m[1m^[22m[39
m[31m[1m^[22m[39m[3
1m[1m^[22m[39m[31m[
1m^[22m[39m[31m[1m^
[22m[39m[31m[1m^[22m
[39m[31m[1m^[22m[39
m[31m[1m^[22m[39m[3
1m[1m^[22m[39m[31m[
1m^[22m[39m[31m[1m^
[22m[39m[31m[1m^[22m
[39m[31m[1m^[22m[39
m[31m[1m^[22m[39m[3
1m[1m^[22m[39m[31m[
1m^[22m[39m[31m[1m^
[22m[39m[31m[1m^[22m
[39m[31m[1m^[22m[39
m[31m[1m^[22m[39m[3
1m[1m^[22m[39m[31m[
1m^[22m[39m[31m[1m^
[22m[39m[31m[1m^[22m
[39m[31m[1m^[22m[39
m[31m[1m^[22m[39m
 [90m  9 |[39m
 [90m 10 |[39m 
[36mconst[39m 
[33mPackagesPage[39m 
[33m=[39m 
[36masync[39m () 
[33m=>[39m {
 [90m 11 |[39m   
[36mconst[39m t 
[33m=[39m 
[36mawait[39m getTrans
lations([32m"packages_p
age"[39m)[33m;[39m[0
m



https://nextjs.org/docs/
messages/module-not-foun
d


./src/app/[locale]/packa
ges/page.jsx:5:1
Module not found: Can't 
resolve '@/components/mo
tion/animated-section'
[0m [90m  3 |[39m 
[36mimport[39m 
[33mReact[39m 
[36mfrom[39m [32m"rea
ct"[39m[33m;[39m
 [90m  4 |[39m 
[36mimport[39m { 
getTranslations } 
[36mfrom[39m [32m"nex
t-intl/server"[39m[33m
;[39m
[31m[1m>[22m[39m[90
m  5 |[39m 
[36mimport[39m {
 [90m    |[39m [31m[
1m^[22m[39m[31m[1m^
[22m[39m[31m[1m^[22m
[39m[31m[1m^[22m[39
m[31m[1m^[22m[39m[3
1m[1m^[22m[39m[31m[
1m^[22m[39m[31m[1m^
[22m[39m
[31m[1m>[22m[39m[90
m  6 |[39m   [33mAnima
tedSection[39m[33m,[3
9m
 [90m    |[39m [31m[
1m^[22m[39m[31m[1m^
[22m[39m[31m[1m^[22m
[39m[31m[1m^[22m[39
m[31m[1m^[22m[39m[3
1m[1m^[22m[39m[31m[
1m^[22m[39m[31m[1m^
[22m[39m[31m[1m^[22m
[39m[31m[1m^[22m[39
m[31m[1m^[22m[39m[3
1m[1m^[22m[39m[31m[
1m^[22m[39m[31m[1m^
[22m[39m[31m[1m^[22m
[39m[31m[1m^[22m[39
m[31m[1m^[22m[39m[3
1m[1m^[22m[39m
[31m[1m>[22m[39m[90
m  7 |[39m   [33mAnima
tedItem[39m[33m,[39m
 [90m    |[39m [31m[
1m^[22m[39m[31m[1m^
[22m[39m[31m[1m^[22m
[39m[31m[1m^[22m[39
m[31m[1m^[22m[39m[3
1m[1m^[22m[39m[31m[
1m^[22m[39m[31m[1m^
[22m[39m[31m[1m^[22m
[39m[31m[1m^[22m[39
m[31m[1m^[22m[39m[3
1m[1m^[22m[39m[31m[
1m^[22m[39m[31m[1m^
[22m[39m[31m[1m^[22m
[39m[31m[1m^[22m[39
m[31m[1m^[22m[39m[3
1m[1m^[22m[39m
[31m[1m>[22m[39m[90
m  8 |[39m } 
[36mfrom[39m [32m"@/c
omponents/motion/animate
d-section"[39m[33m;[3
9m
 [90m    |[39m [31m[
1m^[22m[39m[31m[1m^
[22m[39m[31m[1m^[22m
[39m[31m[1m^[22m[39
m[31m[1m^[22m[39m[3
1m[1m^[22m[39m[31m[
1m^[22m[39m[31m[1m^
[22m[39m[31m[1m^[22m
[39m[31m[1m^[22m[39
m[31m[1m^[22m[39m[3
1m[1m^[22m[39m[31m[
1m^[22m[39m[31m[1m^
[22m[39m[31m[1m^[22m
[39m[31m[1m^[22m[39
m[31m[1m^[22m[39m[3
1m[1m^[22m[39m[31m[
1m^[22m[39m[31m[1m^
[22m[39m[31m[1m^[22m
[39m[31m[1m^[22m[39
m[31m[1m^[22m[39m[3
1m[1m^[22m[39m[31m[
1m^[22m[39m[31m[1m^
[22m[39m[31m[1m^[22m
[39m[31m[1m^[22m[39
m[31m[1m^[22m[39m[3
1m[1m^[22m[39m[31m[
1m^[22m[39m[31m[1m^
[22m[39m[31m[1m^[22m
[39m[31m[1m^[22m[39
m[31m[1m^[22m[39m[3
1m[1m^[22m[39m[31m[
1m^[22m[39m[31m[1m^
[22m[39m[31m[1m^[22m
[39m[31m[1m^[22m[39
m[31m[1m^[22m[39m[3
1m[1m^[22m[39m[31m[
1m^[22m[39m[31m[1m^
[22m[39m[31m[1m^[22m
[39m[31m[1m^[22m[39
m[31m[1m^[22m[39m
 [90m  9 |[39m
 [90m 10 |[39m 
[36mconst[39m 
[33mPackagesPage[39m 
[33m=[39m 
[36masync[39m () 
[33m=>[39m {
 [90m 11 |[39m   
[36mconst[39m t 
[33m=[39m 
[36mawait[39m getTrans
lations([32m"packages_p
age"[39m)[33m;[39m[0
m



https://nextjs.org/docs/
messages/module-not-foun
d


./src/app/[locale]/partn
ers/page.jsx:7:1
Module not found: Can't 
resolve '@/components/mo
tion/animated-section'
[0m [90m  5 |[39m 
[36mimport[39m { 
getTranslations } 
[36mfrom[39m [32m"nex
t-intl/server"[39m[33m
;[39m
 [90m  6 |[39m 
[36mimport[39m { 
getData } 
[36mfrom[39m [32m"@/l
ib/fetch-methods"[39m[
33m;[39m
[31m[1m>[22m[39m[90
m  7 |[39m 
[36mimport[39m {
 [90m    |[39m [31m[
1m^[22m[39m[31m[1m^
[22m[39m[31m[1m^[22m
[39m[31m[1m^[22m[39
m[31m[1m^[22m[39m[3
1m[1m^[22m[39m[31m[
1m^[22m[39m[31m[1m^
[22m[39m
[31m[1m>[22m[39m[90
m  8 |[39m   [33mAnima
tedSection[39m[33m,[3
9m
 [90m    |[39m [31m[
1m^[22m[39m[31m[1m^
[22m[39m[31m[1m^[22m
[39m[31m[1m^[22m[39
m[31m[1m^[22m[39m[3
1m[1m^[22m[39m[31m[
1m^[22m[39m[31m[1m^
[22m[39m[31m[1m^[22m
[39m[31m[1m^[22m[39
m[31m[1m^[22m[39m[3
1m[1m^[22m[39m[31m[
1m^[22m[39m[31m[1m^
[22m[39m[31m[1m^[22m
[39m[31m[1m^[22m[39
m[31m[1m^[22m[39m[3
1m[1m^[22m[39m
[31m[1m>[22m[39m[90
m  9 |[39m   [33mAnima
tedItem[39m[33m,[39m
 [90m    |[39m [31m[
1m^[22m[39m[31m[1m^
[22m[39m[31m[1m^[22m
[39m[31m[1m^[22m[39
m[31m[1m^[22m[39m[3
1m[1m^[22m[39m[31m[
1m^[22m[39m[31m[1m^
[22m[39m[31m[1m^[22m
[39m[31m[1m^[22m[39
m[31m[1m^[22m[39m[3
1m[1m^[22m[39m[31m[
1m^[22m[39m[31m[1m^
[22m[39m[31m[1m^[22m
[39m[31m[1m^[22m[39
m[31m[1m^[22m[39m[3
1m[1m^[22m[39m
[31m[1m>[22m[39m[90
m 10 |[39m } 
[36mfrom[39m [32m"@/c
omponents/motion/animate
d-section"[39m[33m;[3
9m
 [90m    |[39m [31m[
1m^[22m[39m[31m[1m^
[22m[39m[31m[1m^[22m
[39m[31m[1m^[22m[39
m[31m[1m^[22m[39m[3
1m[1m^[22m[39m[31m[
1m^[22m[39m[31m[1m^
[22m[39m[31m[1m^[22m
[39m[31m[1m^[22m[39
m[31m[1m^[22m[39m[3
1m[1m^[22m[39m[31m[
1m^[22m[39m[31m[1m^
[22m[39m[31m[1m^[22m
[39m[31m[1m^[22m[39
m[31m[1m^[22m[39m[3
1m[1m^[22m[39m[31m[
1m^[22m[39m[31m[1m^
[22m[39m[31m[1m^[22m
[39m[31m[1m^[22m[39
m[31m[1m^[22m[39m[3
1m[1m^[22m[39m[31m[
1m^[22m[39m[31m[1m^
[22m[39m[31m[1m^[22m
[39m[31m[1m^[22m[39
m[31m[1m^[22m[39m[3
1m[1m^[22m[39m[31m[
1m^[22m[39m[31m[1m^
[22m[39m[31m[1m^[22m
[39m[31m[1m^[22m[39
m[31m[1m^[22m[39m[3
1m[1m^[22m[39m[31m[
1m^[22m[39m[31m[1m^
[22m[39m[31m[1m^[22m
[39m[31m[1m^[22m[39
m[31m[1m^[22m[39m[3
1m[1m^[22m[39m[31m[
1m^[22m[39m[31m[1m^
[22m[39m[31m[1m^[22m
[39m[31m[1m^[22m[39
m[31m[1m^[22m[39m
 [90m 11 |[39m
 [90m 12 |[39m 
[36mconst[39m 
[33mPartnersPage[39m 
[33m=[39m 
[36masync[39m ({ 
searchParams }) 
[33m=>[39m {
 [90m 13 |[39m   
[36mconst[39m t 
[33m=[39m 
[36mawait[39m getTrans
lations([32m"breadcrumb
s"[39m)[33m;[39m[0m



https://nextjs.org/docs/
messages/module-not-foun
d


./src/app/[locale]/partn
ers/page.jsx:7:1
Module not found: Can't 
resolve '@/components/mo
tion/animated-section'
[0m [90m  5 |[39m 
[36mimport[39m { 
getTranslations } 
[36mfrom[39m [32m"nex
t-intl/server"[39m[33m
;[39m
 [90m  6 |[39m 
[36mimport[39m { 
getData } 
[36mfrom[39m [32m"@/l
ib/fetch-methods"[39m[
33m;[39m
[31m[1m>[22m[39m[90
m  7 |[39m 
[36mimport[39m {
 [90m    |[39m [31m[
1m^[22m[39m[31m[1m^
[22m[39m[31m[1m^[22m
[39m[31m[1m^[22m[39
m[31m[1m^[22m[39m[3
1m[1m^[22m[39m[31m[
1m^[22m[39m[31m[1m^
[22m[39m
[31m[1m>[22m[39m[90
m  8 |[39m   [33mAnima
tedSection[39m[33m,[3
9m
 [90m    |[39m [31m[
1m^[22m[39m[31m[1m^
[22m[39m[31m[1m^[22m
[39m[31m[1m^[22m[39
m[31m[1m^[22m[39m[3
1m[1m^[22m[39m[31m[
1m^[22m[39m[31m[1m^
[22m[39m[31m[1m^[22m
[39m[31m[1m^[22m[39
m[31m[1m^[22m[39m[3
1m[1m^[22m[39m[31m[
1m^[22m[39m[31m[1m^
[22m[39m[31m[1m^[22m
[39m[31m[1m^[22m[39
m[31m[1m^[22m[39m[3
1m[1m^[22m[39m
[31m[1m>[22m[39m[90
m  9 |[39m   [33mAnima
tedItem[39m[33m,[39m
 [90m    |[39m [31m[
1m^[22m[39m[31m[1m^
[22m[39m[31m[1m^[22m
[39m[31m[1m^[22m[39
m[31m[1m^[22m[39m[3
1m[1m^[22m[39m[31m[
1m^[22m[39m[31m[1m^
[22m[39m[31m[1m^[22m
[39m[31m[1m^[22m[39
m[31m[1m^[22m[39m[3
1m[1m^[22m[39m[31m[
1m^[22m[39m[31m[1m^
[22m[39m[31m[1m^[22m
[39m[31m[1m^[22m[39
m[31m[1m^[22m[39m[3
1m[1m^[22m[39m
[31m[1m>[22m[39m[90
m 10 |[39m } 
[36mfrom[39m [32m"@/c
omponents/motion/animate
d-section"[39m[33m;[3
9m
 [90m    |[39m [31m[
1m^[22m[39m[31m[1m^
[22m[39m[31m[1m^[22m
[39m[31m[1m^[22m[39
m[31m[1m^[22m[39m[3
1m[1m^[22m[39m[31m[
1m^[22m[39m[31m[1m^
[22m[39m[31m[1m^[22m
[39m[31m[1m^[22m[39
m[31m[1m^[22m[39m[3
1m[1m^[22m[39m[31m[
1m^[22m[39m[31m[1m^
[22m[39m[31m[1m^[22m
[39m[31m[1m^[22m[39
m[31m[1m^[22m[39m[3
1m[1m^[22m[39m[31m[
1m^[22m[39m[31m[1m^
[22m[39m[31m[1m^[22m
[39m[31m[1m^[22m[39
m[31m[1m^[22m[39m[3
1m[1m^[22m[39m[31m[
1m^[22m[39m[31m[1m^
[22m[39m[31m[1m^[22m
[39m[31m[1m^[22m[39
m[31m[1m^[22m[39m[3
1m[1m^[22m[39m[31m[
1m^[22m[39m[31m[1m^
[22m[39m[31m[1m^[22m
[39m[31m[1m^[22m[39
m[31m[1m^[22m[39m[3
1m[1m^[22m[39m[31m[
1m^[22m[39m[31m[1m^
[22m[39m[31m[1m^[22m
[39m[31m[1m^[22m[39
m[31m[1m^[22m[39m[3
1m[1m^[22m[39m[31m[
1m^[22m[39m[31m[1m^
[22m[39m[31m[1m^[22m
[39m[31m[1m^[22m[39
m[31m[1m^[22m[39m
 [90m 11 |[39m
 [90m 12 |[39m 
[36mconst[39m 
[33mPartnersPage[39m 
[33m=[39m 
[36masync[39m ({ 
searchParams }) 
[33m=>[39m {
 [90m 13 |[39m   
[36mconst[39m t 
[33m=[39m 
[36mawait[39m getTrans
lations([32m"breadcrumb
s"[39m)[33m;[39m[0m



https://nextjs.org/docs/
messages/module-not-foun
d


./src/app/[locale]/partn
ers/page.jsx:7:1
Module not found: Can't 
resolve '@/components/mo
tion/animated-section'
[0m [90m  5 |[39m 
[36mimport[39m { 
getTranslations } 
[36mfrom[39m [32m"nex
t-intl/server"[39m[33m
;[39m
 [90m  6 |[39m 
[36mimport[39m { 
getData } 
[36mfrom[39m [32m"@/l
ib/fetch-methods"[39m[
33m;[39m
[31m[1m>[22m[39m[90
m  7 |[39m 
[36mimport[39m {
 [90m    |[39m [31m[
1m^[22m[39m[31m[1m^
[22m[39m[31m[1m^[22m
[39m[31m[1m^[22m[39
m[31m[1m^[22m[39m[3
1m[1m^[22m[39m[31m[
1m^[22m[39m[31m[1m^
[22m[39m
[31m[1m>[22m[39m[90
m  8 |[39m   [33mAnima
tedSection[39m[33m,[3
9m
 [90m    |[39m [31m[
1m^[22m[39m[31m[1m^
[22m[39m[31m[1m^[22m
[39m[31m[1m^[22m[39
m[31m[1m^[22m[39m[3
1m[1m^[22m[39m[31m[
1m^[22m[39m[31m[1m^
[22m[39m[31m[1m^[22m
[39m[31m[1m^[22m[39
m[31m[1m^[22m[39m[3
1m[1m^[22m[39m[31m[
1m^[22m[39m[31m[1m^
[22m[39m[31m[1m^[22m
[39m[31m[1m^[22m[39
m[31m[1m^[22m[39m[3
1m[1m^[22m[39m
[31m[1m>[22m[39m[90
m  9 |[39m   [33mAnima
tedItem[39m[33m,[39m
 [90m    |[39m [31m[
1m^[22m[39m[31m[1m^
[22m[39m[31m[1m^[22m
[39m[31m[1m^[22m[39
m[31m[1m^[22m[39m[3
1m[1m^[22m[39m[31m[
1m^[22m[39m[31m[1m^
[22m[39m[31m[1m^[22m
[39m[31m[1m^[22m[39
m[31m[1m^[22m[39m[3
1m[1m^[22m[39m[31m[
1m^[22m[39m[31m[1m^
[22m[39m[31m[1m^[22m
[39m[31m[1m^[22m[39
m[31m[1m^[22m[39m[3
1m[1m^[22m[39m
[31m[1m>[22m[39m[90
m 10 |[39m } 
[36mfrom[39m [32m"@/c
omponents/motion/animate
d-section"[39m[33m;[3
9m
 [90m    |[39m [31m[
1m^[22m[39m[31m[1m^
[22m[39m[31m[1m^[22m
[39m[31m[1m^[22m[39
m[31m[1m^[22m[39m[3
1m[1m^[22m[39m[31m[
1m^[22m[39m[31m[1m^
[22m[39m[31m[1m^[22m
[39m[31m[1m^[22m[39
m[31m[1m^[22m[39m[3
1m[1m^[22m[39m[31m[
1m^[22m[39m[31m[1m^
[22m[39m[31m[1m^[22m
[39m[31m[1m^[22m[39
m[31m[1m^[22m[39m[3
1m[1m^[22m[39m[31m[
1m^[22m[39m[31m[1m^
[22m[39m[31m[1m^[22m
[39m[31m[1m^[22m[39
m[31m[1m^[22m[39m[3
1m[1m^[22m[39m[31m[
1m^[22m[39m[31m[1m^
[22m[39m[31m[1m^[22m
[39m[31m[1m^[22m[39
m[31m[1m^[22m[39m[3
1m[1m^[22m[39m[31m[
1m^[22m[39m[31m[1m^
[22m[39m[31m[1m^[22m
[39m[31m[1m^[22m[39
m[31m[1m^[22m[39m[3
1m[1m^[22m[39m[31m[
1m^[22m[39m[31m[1m^
[22m[39m[31m[1m^[22m
[39m[31m[1m^[22m[39
m[31m[1m^[22m[39m[3
1m[1m^[22m[39m[31m[
1m^[22m[39m[31m[1m^
[22m[39m[31m[1m^[22m
[39m[31m[1m^[22m[39
m[31m[1m^[22m[39m
 [90m 11 |[39m
 [90m 12 |[39m 
[36mconst[39m 
[33mPartnersPage[39m 
[33m=[39m 
[36masync[39m ({ 
searchParams }) 
[33m=>[39m {
 [90m 13 |[39m   
[36mconst[39m t 
[33m=[39m 
[36mawait[39m getTrans
lations([32m"breadcrumb
s"[39m)[33m;[39m[0m



https://nextjs.org/docs/
messages/module-not-foun
d


./src/app/[locale]/layou
t.jsx:9:1
Module not found: Can't 
resolve '@/components/sh
ared/FloatingSocials'
[0m [90m  7 |[39m 
[36mimport[39m 
[33mFooter[39m 
[36mfrom[39m [32m"@/c
omponents/shared/footer"
[39m[33m;[39m
 [90m  8 |[39m 
[36mimport[39m 
[33mNavbar[39m 
[36mfrom[39m [32m"@/c
omponents/shared/navbar"
[39m[33m;[39m
[31m[1m>[22m[39m[90
m  9 |[39m 
[36mimport[39m [33mFl
oatingSocials[39m 
[36mfrom[39m [32m"@/c
omponents/shared/Floatin
gSocials"[39m[33m;[39
m
 [90m    |[39m [31m[
1m^[22m[39m[31m[1m^
[22m[39m[31m[1m^[22m
[39m[31m[1m^[22m[39
m[31m[1m^[22m[39m[3
1m[1m^[22m[39m[31m[
1m^[22m[39m[31m[1m^
[22m[39m[31m[1m^[22m
[39m[31m[1m^[22m[39
m[31m[1m^[22m[39m[3
1m[1m^[22m[39m[31m[
1m^[22m[39m[31m[1m^
[22m[39m[31m[1m^[22m
[39m[31m[1m^[22m[39
m[31m[1m^[22m[39m[3
1m[1m^[22m[39m[31m[
1m^[22m[39m[31m[1m^
[22m[39m[31m[1m^[22m
[39m[31m[1m^[22m[39
m[31m[1m^[22m[39m[3
1m[1m^[22m[39m[31m[
1m^[22m[39m[31m[1m^
[22m[39m[31m[1m^[22m
[39m[31m[1m^[22m[39
m[31m[1m^[22m[39m[3
1m[1m^[22m[39m[31m[
1m^[22m[39m[31m[1m^
[22m[39m[31m[1m^[22m
[39m[31m[1m^[22m[39
m[31m[1m^[22m[39m[3
1m[1m^[22m[39m[31m[
1m^[22m[39m[31m[1m^
[22m[39m[31m[1m^[22m
[39m[31m[1m^[22m[39
m[31m[1m^[22m[39m[3
1m[1m^[22m[39m[31m[
1m^[22m[39m[31m[1m^
[22m[39m[31m[1m^[22m
[39m[31m[1m^[22m[39
m[31m[1m^[22m[39m[3
1m[1m^[22m[39m[31m[
1m^[22m[39m[31m[1m^
[22m[39m[31m[1m^[22m
[39m[31m[1m^[22m[39
m[31m[1m^[22m[39m[3
1m[1m^[22m[39m[31m[
1m^[22m[39m[31m[1m^
[22m[39m[31m[1m^[22m
[39m[31m[1m^[22m[39
m[31m[1m^[22m[39m[3
1m[1m^[22m[39m[31m[
1m^[22m[39m[31m[1m^
[22m[39m[31m[1m^[22m
[39m[31m[1m^[22m[39
m[31m[1m^[22m[39m[3
1m[1m^[22m[39m
 [90m 10 |[39m 
[36mimport[39m { 
[33mToaster[39m } 
[36mfrom[39m [32m"son
ner"[39m[33m;[39m
 [90m 11 |[39m 
[36mimport[39m [33mUs
erContextProvider[39m 
[36mfrom[39m [32m"@/c
ontext/user-context"[39
m[33m;[39m
 [90m 12 |[39m 
[36mimport[39m { 
getData } 
[36mfrom[39m [32m"@/l
ib/fetch-methods"[39m[
33m;[39m[0m



https://nextjs.org/docs/
messages/module-not-foun
d


./src/app/[locale]/layou
t.jsx:9:1
Module not found: Can't 
resolve '@/components/sh
ared/FloatingSocials'
[0m [90m  7 |[39m 
[36mimport[39m 
[33mFooter[39m 
[36mfrom[39m [32m"@/c
omponents/shared/footer"
[39m[33m;[39m
 [90m  8 |[39m 
[36mimport[39m 
[33mNavbar[39m 
[36mfrom[39m [32m"@/c
omponents/shared/navbar"
[39m[33m;[39m
[31m[1m>[22m[39m[90
m  9 |[39m 
[36mimport[39m [33mFl
oatingSocials[39m 
[36mfrom[39m [32m"@/c
omponents/shared/Floatin
gSocials"[39m[33m;[39
m
 [90m    |[39m [31m[
1m^[22m[39m[31m[1m^
[22m[39m[31m[1m^[22m
[39m[31m[1m^[22m[39
m[31m[1m^[22m[39m[3
1m[1m^[22m[39m[31m[
1m^[22m[39m[31m[1m^
[22m[39m[31m[1m^[22m
[39m[31m[1m^[22m[39
m[31m[1m^[22m[39m[3
1m[1m^[22m[39m[31m[
1m^[22m[39m[31m[1m^
[22m[39m[31m[1m^[22m
[39m[31m[1m^[22m[39
m[31m[1m^[22m[39m[3
1m[1m^[22m[39m[31m[
1m^[22m[39m[31m[1m^
[22m[39m[31m[1m^[22m
[39m[31m[1m^[22m[39
m[31m[1m^[22m[39m[3
1m[1m^[22m[39m[31m[
1m^[22m[39m[31m[1m^
[22m[39m[31m[1m^[22m
[39m[31m[1m^[22m[39
m[31m[1m^[22m[39m[3
1m[1m^[22m[39m[31m[
1m^[22m[39m[31m[1m^
[22m[39m[31m[1m^[22m
[39m[31m[1m^[22m[39
m[31m[1m^[22m[39m[3
1m[1m^[22m[39m[31m[
1m^[22m[39m[31m[1m^
[22m[39m[31m[1m^[22m
[39m[31m[1m^[22m[39
m[31m[1m^[22m[39m[3
1m[1m^[22m[39m[31m[
1m^[22m[39m[31m[1m^
[22m[39m[31m[1m^[22m
[39m[31m[1m^[22m[39
m[31m[1m^[22m[39m[3
1m[1m^[22m[39m[31m[
1m^[22m[39m[31m[1m^
[22m[39m[31m[1m^[22m
[39m[31m[1m^[22m[39
m[31m[1m^[22m[39m[3
1m[1m^[22m[39m[31m[
1m^[22m[39m[31m[1m^
[22m[39m[31m[1m^[22m
[39m[31m[1m^[22m[39
m[31m[1m^[22m[39m[3
1m[1m^[22m[39m[31m[
1m^[22m[39m[31m[1m^
[22m[39m[31m[1m^[22m
[39m[31m[1m^[22m[39
m[31m[1m^[22m[39m[3
1m[1m^[22m[39m
 [90m 10 |[39m 
[36mimport[39m { 
[33mToaster[39m } 
[36mfrom[39m [32m"son
ner"[39m[33m;[39m
 [90m 11 |[39m 
[36mimport[39m [33mUs
erContextProvider[39m 
[36mfrom[39m [32m"@/c
ontext/user-context"[39
m[33m;[39m
 [90m 12 |[39m 
[36mimport[39m { 
getData } 
[36mfrom[39m [32m"@/l
ib/fetch-methods"[39m[
33m;[39m[0m



https://nextjs.org/docs/
messages/module-not-foun
d


./src/app/[locale]/blogs
/page.jsx:3:1
Module not found: Can't 
resolve '@/components/sh
ared/blog-card'
[0m [90m 1 |[39m 
[36mimport[39m 
[33mReact[39m 
[36mfrom[39m [32m"rea
ct"[39m[33m;[39m
 [90m 2 |[39m 
[36mimport[39m [33mCu
stomBreadcrumbs[39m 
[36mfrom[39m [32m"@/c
omponents/shared/custom-
breadcrumbs"[39m[33m;
[39m
[31m[1m>[22m[39m[90
m 3 |[39m 
[36mimport[39m 
[33mBlogCard[39m 
[36mfrom[39m [32m"@/c
omponents/shared/blog-ca
rd"[39m[33m;[39m
 [90m   |[39m [31m[1
m^[22m[39m[31m[1m^[
22m[39m[31m[1m^[22m
[39m[31m[1m^[22m[39m
[31m[1m^[22m[39m[31
m[1m^[22m[39m[31m[1
m^[22m[39m[31m[1m^[
22m[39m[31m[1m^[22m
[39m[31m[1m^[22m[39m
[31m[1m^[22m[39m[31
m[1m^[22m[39m[31m[1
m^[22m[39m[31m[1m^[
22m[39m[31m[1m^[22m
[39m[31m[1m^[22m[39m
[31m[1m^[22m[39m[31
m[1m^[22m[39m[31m[1
m^[22m[39m[31m[1m^[
22m[39m[31m[1m^[22m
[39m[31m[1m^[22m[39m
[31m[1m^[22m[39m[31
m[1m^[22m[39m[31m[1
m^[22m[39m[31m[1m^[
22m[39m[31m[1m^[22m
[39m[31m[1m^[22m[39m
[31m[1m^[22m[39m[31
m[1m^[22m[39m[31m[1
m^[22m[39m[31m[1m^[
22m[39m[31m[1m^[22m
[39m[31m[1m^[22m[39m
[31m[1m^[22m[39m[31
m[1m^[22m[39m[31m[1
m^[22m[39m[31m[1m^[
22m[39m[31m[1m^[22m
[39m[31m[1m^[22m[39m
[31m[1m^[22m[39m[31
m[1m^[22m[39m[31m[1
m^[22m[39m[31m[1m^[
22m[39m[31m[1m^[22m
[39m[31m[1m^[22m[39m
[31m[1m^[22m[39m[31
m[1m^[22m[39m[31m[1
m^[22m[39m[31m[1m^[
22m[39m[31m[1m^[22m
[39m[31m[1m^[22m[39m
[31m[1m^[22m[39m
 [90m 4 |[39m 
[36mimport[39m { 
getTranslations } 
[36mfrom[39m [32m"nex
t-intl/server"[39m[33m
;[39m
 [90m 5 |[39m 
[36mimport[39m { 
getBlogs } 
[36mfrom[39m [32m"@/l
ib/blog-actions"[39m[3
3m;[39m
 [90m 6 |[39m 
[36mimport[39m { [33m
AnimatedSection[39m } 
[36mfrom[39m [32m"@/c
omponents/motion/animate
d-section"[39m[33m;[3
9m[0m



https://nextjs.org/docs/
messages/module-not-foun
d


./src/app/[locale]/blogs
/page.jsx:3:1
Module not found: Can't 
resolve '@/components/sh
ared/blog-card'
[0m [90m 1 |[39m 
[36mimport[39m 
[33mReact[39m 
[36mfrom[39m [32m"rea
ct"[39m[33m;[39m
 [90m 2 |[39m 
[36mimport[39m [33mCu
stomBreadcrumbs[39m 
[36mfrom[39m [32m"@/c
omponents/shared/custom-
breadcrumbs"[39m[33m;
[39m
[31m[1m>[22m[39m[90
m 3 |[39m 
[36mimport[39m 
[33mBlogCard[39m 
[36mfrom[39m [32m"@/c
omponents/shared/blog-ca
rd"[39m[33m;[39m
 [90m   |[39m [31m[1
m^[22m[39m[31m[1m^[
22m[39m[31m[1m^[22m
[39m[31m[1m^[22m[39m
[31m[1m^[22m[39m[31
m[1m^[22m[39m[31m[1
m^[22m[39m[31m[1m^[
22m[39m[31m[1m^[22m
[39m[31m[1m^[22m[39m
[31m[1m^[22m[39m[31
m[1m^[22m[39m[31m[1
m^[22m[39m[31m[1m^[
22m[39m[31m[1m^[22m
[39m[31m[1m^[22m[39m
[31m[1m^[22m[39m[31
m[1m^[22m[39m[31m[1
m^[22m[39m[31m[1m^[
22m[39m[31m[1m^[22m
[39m[31m[1m^[22m[39m
[31m[1m^[22m[39m[31
m[1m^[22m[39m[31m[1
m^[22m[39m[31m[1m^[
22m[39m[31m[1m^[22m
[39m[31m[1m^[22m[39m
[31m[1m^[22m[39m[31
m[1m^[22m[39m[31m[1
m^[22m[39m[31m[1m^[
22m[39m[31m[1m^[22m
[39m[31m[1m^[22m[39m
[31m[1m^[22m[39m[31
m[1m^[22m[39m[31m[1
m^[22m[39m[31m[1m^[
22m[39m[31m[1m^[22m
[39m[31m[1m^[22m[39m
[31m[1m^[22m[39m[31
m[1m^[22m[39m[31m[1
m^[22m[39m[31m[1m^[
22m[39m[31m[1m^[22m
[39m[31m[1m^[22m[39m
[31m[1m^[22m[39m[31
m[1m^[22m[39m[31m[1
m^[22m[39m[31m[1m^[
22m[39m[31m[1m^[22m
[39m[31m[1m^[22m[39m
[31m[1m^[22m[39m
 [90m 4 |[39m 
[36mimport[39m { 
getTranslations } 
[36mfrom[39m [32m"nex
t-intl/server"[39m[33m
;[39m
 [90m 5 |[39m 
[36mimport[39m { 
getBlogs } 
[36mfrom[39m [32m"@/l
ib/blog-actions"[39m[3
3m;[39m
 [90m 6 |[39m 
[36mimport[39m { [33m
AnimatedSection[39m } 
[36mfrom[39m [32m"@/c
omponents/motion/animate
d-section"[39m[33m;[3
9m[0m



https://nextjs.org/docs/
messages/module-not-foun
d


./src/app/[locale]/compl
aints/page.jsx:1:1
Module not found: Can't 
resolve '@/components/sh
ared/complaints-form'
[0m[31m[1m>[22m[39m
[90m 1 |[39m 
[36mimport[39m [33mCo
mplaintsForm[39m 
[36mfrom[39m [32m'@/c
omponents/shared/complai
nts-form'[39m
 [90m   |[39m [31m[1
m^[22m[39m[31m[1m^[
22m[39m[31m[1m^[22m
[39m[31m[1m^[22m[39m
[31m[1m^[22m[39m[31
m[1m^[22m[39m[31m[1
m^[22m[39m[31m[1m^[
22m[39m[31m[1m^[22m
[39m[31m[1m^[22m[39m
[31m[1m^[22m[39m[31
m[1m^[22m[39m[31m[1
m^[22m[39m[31m[1m^[
22m[39m[31m[1m^[22m
[39m[31m[1m^[22m[39m
[31m[1m^[22m[39m[31
m[1m^[22m[39m[31m[1
m^[22m[39m[31m[1m^[
22m[39m[31m[1m^[22m
[39m[31m[1m^[22m[39m
[31m[1m^[22m[39m[31
m[1m^[22m[39m[31m[1
m^[22m[39m[31m[1m^[
22m[39m[31m[1m^[22m
[39m[31m[1m^[22m[39m
[31m[1m^[22m[39m[31
m[1m^[22m[39m[31m[1
m^[22m[39m[31m[1m^[
22m[39m[31m[1m^[22m
[39m[31m[1m^[22m[39m
[31m[1m^[22m[39m[31
m[1m^[22m[39m[31m[1
m^[22m[39m[31m[1m^[
22m[39m[31m[1m^[22m
[39m[31m[1m^[22m[39m
[31m[1m^[22m[39m[31
m[1m^[22m[39m[31m[1
m^[22m[39m[31m[1m^[
22m[39m[31m[1m^[22m
[39m[31m[1m^[22m[39m
[31m[1m^[22m[39m[31
m[1m^[22m[39m[31m[1
m^[22m[39m[31m[1m^[
22m[39m[31m[1m^[22m
[39m[31m[1m^[22m[39m
[31m[1m^[22m[39m[31
m[1m^[22m[39m[31m[1
m^[22m[39m[31m[1m^[
22m[39m[31m[1m^[22m
[39m[31m[1m^[22m[39m
[31m[1m^[22m[39m[31
m[1m^[22m[39m[31m[1
m^[22m[39m[31m[1m^[
22m[39m[31m[1m^[22m
[39m[31m[1m^[22m[39m
 [90m 2 |[39m 
[36mimport[39m [33mCu
stomBreadcrumbs[39m 
[36mfrom[39m [32m'@/c
omponents/shared/custom-
breadcrumbs'[39m
 [90m 3 |[39m 
[36mimport[39m { 
useTranslations } 
[36mfrom[39m 
[32m'next-intl'[39m
 [90m 4 |[39m 
[36mimport[39m 
[33mReact[39m 
[36mfrom[39m 
[32m'react'[39m[0m



https://nextjs.org/docs/
messages/module-not-foun
d


./src/app/[locale]/compl
aints/page.jsx:1:1
Module not found: Can't 
resolve '@/components/sh
ared/complaints-form'
[0m[31m[1m>[22m[39m
[90m 1 |[39m 
[36mimport[39m [33mCo
mplaintsForm[39m 
[36mfrom[39m [32m'@/c
omponents/shared/complai
nts-form'[39m
 [90m   |[39m [31m[1
m^[22m[39m[31m[1m^[
22m[39m[31m[1m^[22m
[39m[31m[1m^[22m[39m
[31m[1m^[22m[39m[31
m[1m^[22m[39m[31m[1
m^[22m[39m[31m[1m^[
22m[39m[31m[1m^[22m
[39m[31m[1m^[22m[39m
[31m[1m^[22m[39m[31
m[1m^[22m[39m[31m[1
m^[22m[39m[31m[1m^[
22m[39m[31m[1m^[22m
[39m[31m[1m^[22m[39m
[31m[1m^[22m[39m[31
m[1m^[22m[39m[31m[1
m^[22m[39m[31m[1m^[
22m[39m[31m[1m^[22m
[39m[31m[1m^[22m[39m
[31m[1m^[22m[39m[31
m[1m^[22m[39m[31m[1
m^[22m[39m[31m[1m^[
22m[39m[31m[1m^[22m
[39m[31m[1m^[22m[39m
[31m[1m^[22m[39m[31
m[1m^[22m[39m[31m[1
m^[22m[39m[31m[1m^[
22m[39m[31m[1m^[22m
[39m[31m[1m^[22m[39m
[31m[1m^[22m[39m[31
m[1m^[22m[39m[31m[1
m^[22m[39m[31m[1m^[
22m[39m[31m[1m^[22m
[39m[31m[1m^[22m[39m
[31m[1m^[22m[39m[31
m[1m^[22m[39m[31m[1
m^[22m[39m[31m[1m^[
22m[39m[31m[1m^[22m
[39m[31m[1m^[22m[39m
[31m[1m^[22m[39m[31
m[1m^[22m[39m[31m[1
m^[22m[39m[31m[1m^[
22m[39m[31m[1m^[22m
[39m[31m[1m^[22m[39m
[31m[1m^[22m[39m[31
m[1m^[22m[39m[31m[1
m^[22m[39m[31m[1m^[
22m[39m[31m[1m^[22m
[39m[31m[1m^[22m[39m
[31m[1m^[22m[39m[31
m[1m^[22m[39m[31m[1
m^[22m[39m[31m[1m^[
22m[39m[31m[1m^[22m
[39m[31m[1m^[22m[39m
 [90m 2 |[39m 
[36mimport[39m [33mCu
stomBreadcrumbs[39m 
[36mfrom[39m [32m'@/c
omponents/shared/custom-
breadcrumbs'[39m
 [90m 3 |[39m 
[36mimport[39m { 
useTranslations } 
[36mfrom[39m 
[32m'next-intl'[39m
 [90m 4 |[39m 
[36mimport[39m 
[33mReact[39m 
[36mfrom[39m 
[32m'react'[39m[0m



https://nextjs.org/docs/
messages/module-not-foun
d


./src/app/[locale]/about
-us/page.jsx:1:1
Module not found: Can't 
resolve '@/components/sh
ared/custom-breadcrumbs'
[0m[31m[1m>[22m[39m
[90m 1 |[39m 
[36mimport[39m [33mCu
stomBreadcrumbs[39m 
[36mfrom[39m [32m"@/c
omponents/shared/custom-
breadcrumbs"[39m[33m;
[39m
 [90m   |[39m [31m[1
m^[22m[39m[31m[1m^[
22m[39m[31m[1m^[22m
[39m[31m[1m^[22m[39m
[31m[1m^[22m[39m[31
m[1m^[22m[39m[31m[1
m^[22m[39m[31m[1m^[
22m[39m[31m[1m^[22m
[39m[31m[1m^[22m[39m
[31m[1m^[22m[39m[31
m[1m^[22m[39m[31m[1
m^[22m[39m[31m[1m^[
22m[39m[31m[1m^[22m
[39m[31m[1m^[22m[39m
[31m[1m^[22m[39m[31
m[1m^[22m[39m[31m[1
m^[22m[39m[31m[1m^[
22m[39m[31m[1m^[22m
[39m[31m[1m^[22m[39m
[31m[1m^[22m[39m[31
m[1m^[22m[39m[31m[1
m^[22m[39m[31m[1m^[
22m[39m[31m[1m^[22m
[39m[31m[1m^[22m[39m
[31m[1m^[22m[39m[31
m[1m^[22m[39m[31m[1
m^[22m[39m[31m[1m^[
22m[39m[31m[1m^[22m
[39m[31m[1m^[22m[39m
[31m[1m^[22m[39m[31
m[1m^[22m[39m[31m[1
m^[22m[39m[31m[1m^[
22m[39m[31m[1m^[22m
[39m[31m[1m^[22m[39m
[31m[1m^[22m[39m[31
m[1m^[22m[39m[31m[1
m^[22m[39m[31m[1m^[
22m[39m[31m[1m^[22m
[39m[31m[1m^[22m[39m
[31m[1m^[22m[39m[31
m[1m^[22m[39m[31m[1
m^[22m[39m[31m[1m^[
22m[39m[31m[1m^[22m
[39m[31m[1m^[22m[39m
[31m[1m^[22m[39m[31
m[1m^[22m[39m[31m[1
m^[22m[39m[31m[1m^[
22m[39m[31m[1m^[22m
[39m[31m[1m^[22m[39m
[31m[1m^[22m[39m[31
m[1m^[22m[39m[31m[1
m^[22m[39m[31m[1m^[
22m[39m[31m[1m^[22m
[39m[31m[1m^[22m[39m
[31m[1m^[22m[39m[31
m[1m^[22m[39m[31m[1
m^[22m[39m[31m[1m^[
22m[39m[31m[1m^[22m
[39m[31m[1m^[22m[39m
[31m[1m^[22m[39m
 [90m 2 |[39m 
[36mimport[39m { 
getData } 
[36mfrom[39m [32m"@/l
ib/fetch-methods"[39m[
33m;[39m
 [90m 3 |[39m 
[36mimport[39m 
[33mImage[39m 
[36mfrom[39m [32m"nex
t/image"[39m[33m;[39m
 [90m 4 |[39m 
[36mimport[39m 
[33mReact[39m 
[36mfrom[39m [32m"rea
ct"[39m[33m;[39m[0m



https://nextjs.org/docs/
messages/module-not-foun
d


./src/app/[locale]/about
-us/page.jsx:1:1
Module not found: Can't 
resolve '@/components/sh
ared/custom-breadcrumbs'
[0m[31m[1m>[22m[39m
[90m 1 |[39m 
[36mimport[39m [33mCu
stomBreadcrumbs[39m 
[36mfrom[39m [32m"@/c
omponents/shared/custom-
breadcrumbs"[39m[33m;
[39m
 [90m   |[39m [31m[1
m^[22m[39m[31m[1m^[
22m[39m[31m[1m^[22m
[39m[31m[1m^[22m[39m
[31m[1m^[22m[39m[31
m[1m^[22m[39m[31m[1
m^[22m[39m[31m[1m^[
22m[39m[31m[1m^[22m
[39m[31m[1m^[22m[39m
[31m[1m^[22m[39m[31
m[1m^[22m[39m[31m[1
m^[22m[39m[31m[1m^[
22m[39m[31m[1m^[22m
[39m[31m[1m^[22m[39m
[31m[1m^[22m[39m[31
m[1m^[22m[39m[31m[1
m^[22m[39m[31m[1m^[
22m[39m[31m[1m^[22m
[39m[31m[1m^[22m[39m
[31m[1m^[22m[39m[31
m[1m^[22m[39m[31m[1
m^[22m[39m[31m[1m^[
22m[39m[31m[1m^[22m
[39m[31m[1m^[22m[39m
[31m[1m^[22m[39m[31
m[1m^[22m[39m[31m[1
m^[22m[39m[31m[1m^[
22m[39m[31m[1m^[22m
[39m[31m[1m^[22m[39m
[31m[1m^[22m[39m[31
m[1m^[22m[39m[31m[1
m^[22m[39m[31m[1m^[
22m[39m[31m[1m^[22m
[39m[31m[1m^[22m[39m
[31m[1m^[22m[39m[31
m[1m^[22m[39m[31m[1
m^[22m[39m[31m[1m^[
22m[39m[31m[1m^[22m
[39m[31m[1m^[22m[39m
[31m[1m^[22m[39m[31
m[1m^[22m[39m[31m[1
m^[22m[39m[31m[1m^[
22m[39m[31m[1m^[22m
[39m[31m[1m^[22m[39m
[31m[1m^[22m[39m[31
m[1m^[22m[39m[31m[1
m^[22m[39m[31m[1m^[
22m[39m[31m[1m^[22m
[39m[31m[1m^[22m[39m
[31m[1m^[22m[39m[31
m[1m^[22m[39m[31m[1
m^[22m[39m[31m[1m^[
22m[39m[31m[1m^[22m
[39m[31m[1m^[22m[39m
[31m[1m^[22m[39m[31
m[1m^[22m[39m[31m[1
m^[22m[39m[31m[1m^[
22m[39m[31m[1m^[22m
[39m[31m[1m^[22m[39m
[31m[1m^[22m[39m
 [90m 2 |[39m 
[36mimport[39m { 
getData } 
[36mfrom[39m [32m"@/l
ib/fetch-methods"[39m[
33m;[39m
 [90m 3 |[39m 
[36mimport[39m 
[33mImage[39m 
[36mfrom[39m [32m"nex
t/image"[39m[33m;[39m
 [90m 4 |[39m 
[36mimport[39m 
[33mReact[39m 
[36mfrom[39m [32m"rea
ct"[39m[33m;[39m[0m



https://nextjs.org/docs/
messages/module-not-foun
d


./src/app/[locale]/auth/
forgot-password/page.jsx
:2:1
Module not found: Can't 
resolve '@/components/sh
ared/custom-breadcrumbs'
[0m [90m 1 |[39m 
[36mimport[39m 
[33mForgetForm[39m 
[36mfrom[39m [32m'@/c
omponents/auth/forget-fo
rm'[39m
[31m[1m>[22m[39m[90
m 2 |[39m 
[36mimport[39m [33mCu
stomBreadcrumbs[39m 
[36mfrom[39m [32m'@/c
omponents/shared/custom-
breadcrumbs'[39m
 [90m   |[39m [31m[1
m^[22m[39m[31m[1m^[
22m[39m[31m[1m^[22m
[39m[31m[1m^[22m[39m
[31m[1m^[22m[39m[31
m[1m^[22m[39m[31m[1
m^[22m[39m[31m[1m^[
22m[39m[31m[1m^[22m
[39m[31m[1m^[22m[39m
[31m[1m^[22m[39m[31
m[1m^[22m[39m[31m[1
m^[22m[39m[31m[1m^[
22m[39m[31m[1m^[22m
[39m[31m[1m^[22m[39m
[31m[1m^[22m[39m[31
m[1m^[22m[39m[31m[1
m^[22m[39m[31m[1m^[
22m[39m[31m[1m^[22m
[39m[31m[1m^[22m[39m
[31m[1m^[22m[39m[31
m[1m^[22m[39m[31m[1
m^[22m[39m[31m[1m^[
22m[39m[31m[1m^[22m
[39m[31m[1m^[22m[39m
[31m[1m^[22m[39m[31
m[1m^[22m[39m[31m[1
m^[22m[39m[31m[1m^[
22m[39m[31m[1m^[22m
[39m[31m[1m^[22m[39m
[31m[1m^[22m[39m[31
m[1m^[22m[39m[31m[1
m^[22m[39m[31m[1m^[
22m[39m[31m[1m^[22m
[39m[31m[1m^[22m[39m
[31m[1m^[22m[39m[31
m[1m^[22m[39m[31m[1
m^[22m[39m[31m[1m^[
22m[39m[31m[1m^[22m
[39m[31m[1m^[22m[39m
[31m[1m^[22m[39m[31
m[1m^[22m[39m[31m[1
m^[22m[39m[31m[1m^[
22m[39m[31m[1m^[22m
[39m[31m[1m^[22m[39m
[31m[1m^[22m[39m[31
m[1m^[22m[39m[31m[1
m^[22m[39m[31m[1m^[
22m[39m[31m[1m^[22m
[39m[31m[1m^[22m[39m
[31m[1m^[22m[39m[31
m[1m^[22m[39m[31m[1
m^[22m[39m[31m[1m^[
22m[39m[31m[1m^[22m
[39m[31m[1m^[22m[39m
[31m[1m^[22m[39m[31
m[1m^[22m[39m[31m[1
m^[22m[39m[31m[1m^[
22m[39m[31m[1m^[22m
[39m[31m[1m^[22m[39m
 [90m 3 |[39m 
[36mimport[39m 
[33mImage[39m 
[36mfrom[39m 
[32m'next/image'[39m
 [90m 4 |[39m 
[36mimport[39m { 
useTranslations } 
[36mfrom[39m 
[32m'next-intl'[39m
 [90m 5 |[39m[0m



https://nextjs.org/docs/
messages/module-not-foun
d


./src/app/[locale]/auth/
forgot-password/page.jsx
:2:1
Module not found: Can't 
resolve '@/components/sh
ared/custom-breadcrumbs'
[0m [90m 1 |[39m 
[36mimport[39m 
[33mForgetForm[39m 
[36mfrom[39m [32m'@/c
omponents/auth/forget-fo
rm'[39m
[31m[1m>[22m[39m[90
m 2 |[39m 
[36mimport[39m [33mCu
stomBreadcrumbs[39m 
[36mfrom[39m [32m'@/c
omponents/shared/custom-
breadcrumbs'[39m
 [90m   |[39m [31m[1
m^[22m[39m[31m[1m^[
22m[39m[31m[1m^[22m
[39m[31m[1m^[22m[39m
[31m[1m^[22m[39m[31
m[1m^[22m[39m[31m[1
m^[22m[39m[31m[1m^[
22m[39m[31m[1m^[22m
[39m[31m[1m^[22m[39m
[31m[1m^[22m[39m[31
m[1m^[22m[39m[31m[1
m^[22m[39m[31m[1m^[
22m[39m[31m[1m^[22m
[39m[31m[1m^[22m[39m
[31m[1m^[22m[39m[31
m[1m^[22m[39m[31m[1
m^[22m[39m[31m[1m^[
22m[39m[31m[1m^[22m
[39m[31m[1m^[22m[39m
[31m[1m^[22m[39m[31
m[1m^[22m[39m[31m[1
m^[22m[39m[31m[1m^[
22m[39m[31m[1m^[22m
[39m[31m[1m^[22m[39m
[31m[1m^[22m[39m[31
m[1m^[22m[39m[31m[1
m^[22m[39m[31m[1m^[
22m[39m[31m[1m^[22m
[39m[31m[1m^[22m[39m
[31m[1m^[22m[39m[31
m[1m^[22m[39m[31m[1
m^[22m[39m[31m[1m^[
22m[39m[31m[1m^[22m
[39m[31m[1m^[22m[39m
[31m[1m^[22m[39m[31
m[1m^[22m[39m[31m[1
m^[22m[39m[31m[1m^[
22m[39m[31m[1m^[22m
[39m[31m[1m^[22m[39m
[31m[1m^[22m[39m[31
m[1m^[22m[39m[31m[1
m^[22m[39m[31m[1m^[
22m[39m[31m[1m^[22m
[39m[31m[1m^[22m[39m
[31m[1m^[22m[39m[31
m[1m^[22m[39m[31m[1
m^[22m[39m[31m[1m^[
22m[39m[31m[1m^[22m
[39m[31m[1m^[22m[39m
[31m[1m^[22m[39m[31
m[1m^[22m[39m[31m[1
m^[22m[39m[31m[1m^[
22m[39m[31m[1m^[22m
[39m[31m[1m^[22m[39m
[31m[1m^[22m[39m[31
m[1m^[22m[39m[31m[1
m^[22m[39m[31m[1m^[
22m[39m[31m[1m^[22m
[39m[31m[1m^[22m[39m
 [90m 3 |[39m 
[36mimport[39m 
[33mImage[39m 
[36mfrom[39m 
[32m'next/image'[39m
 [90m 4 |[39m 
[36mimport[39m { 
useTranslations } 
[36mfrom[39m 
[32m'next-intl'[39m
 [90m 5 |[39m[0m



https://nextjs.org/docs/
messages/module-not-foun
d


./src/app/[locale]/auth/
login/page.jsx:4:1
Module not found: Can't 
resolve '@/components/sh
ared/custom-breadcrumbs'
[0m [90m 2 |[39m 
[36mimport[39m 
[33mImage[39m 
[36mfrom[39m 
[32m'next/image'[39m
 [90m 3 |[39m 
[36mimport[39m 
[33mLoginForm[39m 
[36mfrom[39m [32m'@/c
omponents/auth/login-for
m'[39m
[31m[1m>[22m[39m[90
m 4 |[39m 
[36mimport[39m [33mCu
stomBreadcrumbs[39m 
[36mfrom[39m [32m'@/c
omponents/shared/custom-
breadcrumbs'[39m
 [90m   |[39m [31m[1
m^[22m[39m[31m[1m^[
22m[39m[31m[1m^[22m
[39m[31m[1m^[22m[39m
[31m[1m^[22m[39m[31
m[1m^[22m[39m[31m[1
m^[22m[39m[31m[1m^[
22m[39m[31m[1m^[22m
[39m[31m[1m^[22m[39m
[31m[1m^[22m[39m[31
m[1m^[22m[39m[31m[1
m^[22m[39m[31m[1m^[
22m[39m[31m[1m^[22m
[39m[31m[1m^[22m[39m
[31m[1m^[22m[39m[31
m[1m^[22m[39m[31m[1
m^[22m[39m[31m[1m^[
22m[39m[31m[1m^[22m
[39m[31m[1m^[22m[39m
[31m[1m^[22m[39m[31
m[1m^[22m[39m[31m[1
m^[22m[39m[31m[1m^[
22m[39m[31m[1m^[22m
[39m[31m[1m^[22m[39m
[31m[1m^[22m[39m[31
m[1m^[22m[39m[31m[1
m^[22m[39m[31m[1m^[
22m[39m[31m[1m^[22m
[39m[31m[1m^[22m[39m
[31m[1m^[22m[39m[31
m[1m^[22m[39m[31m[1
m^[22m[39m[31m[1m^[
22m[39m[31m[1m^[22m
[39m[31m[1m^[22m[39m
[31m[1m^[22m[39m[31
m[1m^[22m[39m[31m[1
m^[22m[39m[31m[1m^[
22m[39m[31m[1m^[22m
[39m[31m[1m^[22m[39m
[31m[1m^[22m[39m[31
m[1m^[22m[39m[31m[1
m^[22m[39m[31m[1m^[
22m[39m[31m[1m^[22m
[39m[31m[1m^[22m[39m
[31m[1m^[22m[39m[31
m[1m^[22m[39m[31m[1
m^[22m[39m[31m[1m^[
22m[39m[31m[1m^[22m
[39m[31m[1m^[22m[39m
[31m[1m^[22m[39m[31
m[1m^[22m[39m[31m[1
m^[22m[39m[31m[1m^[
22m[39m[31m[1m^[22m
[39m[31m[1m^[22m[39m
[31m[1m^[22m[39m[31
m[1m^[22m[39m[31m[1
m^[22m[39m[31m[1m^[
22m[39m[31m[1m^[22m
[39m[31m[1m^[22m[39m
 [90m 5 |[39m 
[36mimport[39m { 
useTranslations } 
[36mfrom[39m 
[32m'next-intl'[39m
 [90m 6 |[39m
 [90m 7 |[39m 
[36mconst[39m 
[33mLoginPage[39m 
[33m=[39m () 
[33m=>[39m {[0m



https://nextjs.org/docs/
messages/module-not-foun
d


./src/app/[locale]/auth/
login/page.jsx:4:1
Module not found: Can't 
resolve '@/components/sh
ared/custom-breadcrumbs'
[0m [90m 2 |[39m 
[36mimport[39m 
[33mImage[39m 
[36mfrom[39m 
[32m'next/image'[39m
 [90m 3 |[39m 
[36mimport[39m 
[33mLoginForm[39m 
[36mfrom[39m [32m'@/c
omponents/auth/login-for
m'[39m
[31m[1m>[22m[39m[90
m 4 |[39m 
[36mimport[39m [33mCu
stomBreadcrumbs[39m 
[36mfrom[39m [32m'@/c
omponents/shared/custom-
breadcrumbs'[39m
 [90m   |[39m [31m[1
m^[22m[39m[31m[1m^[
22m[39m[31m[1m^[22m
[39m[31m[1m^[22m[39m
[31m[1m^[22m[39m[31
m[1m^[22m[39m[31m[1
m^[22m[39m[31m[1m^[
22m[39m[31m[1m^[22m
[39m[31m[1m^[22m[39m
[31m[1m^[22m[39m[31
m[1m^[22m[39m[31m[1
m^[22m[39m[31m[1m^[
22m[39m[31m[1m^[22m
[39m[31m[1m^[22m[39m
[31m[1m^[22m[39m[31
m[1m^[22m[39m[31m[1
m^[22m[39m[31m[1m^[
22m[39m[31m[1m^[22m
[39m[31m[1m^[22m[39m
[31m[1m^[22m[39m[31
m[1m^[22m[39m[31m[1
m^[22m[39m[31m[1m^[
22m[39m[31m[1m^[22m
[39m[31m[1m^[22m[39m
[31m[1m^[22m[39m[31
m[1m^[22m[39m[31m[1
m^[22m[39m[31m[1m^[
22m[39m[31m[1m^[22m
[39m[31m[1m^[22m[39m
[31m[1m^[22m[39m[31
m[1m^[22m[39m[31m[1
m^[22m[39m[31m[1m^[
22m[39m[31m[1m^[22m
[39m[31m[1m^[22m[39m
[31m[1m^[22m[39m[31
m[1m^[22m[39m[31m[1
m^[22m[39m[31m[1m^[
22m[39m[31m[1m^[22m
[39m[31m[1m^[22m[39m
[31m[1m^[22m[39m[31
m[1m^[22m[39m[31m[1
m^[22m[39m[31m[1m^[
22m[39m[31m[1m^[22m
[39m[31m[1m^[22m[39m
[31m[1m^[22m[39m[31
m[1m^[22m[39m[31m[1
m^[22m[39m[31m[1m^[
22m[39m[31m[1m^[22m
[39m[31m[1m^[22m[39m
[31m[1m^[22m[39m[31
m[1m^[22m[39m[31m[1
m^[22m[39m[31m[1m^[
22m[39m[31m[1m^[22m
[39m[31m[1m^[22m[39m
[31m[1m^[22m[39m[31
m[1m^[22m[39m[31m[1
m^[22m[39m[31m[1m^[
22m[39m[31m[1m^[22m
[39m[31m[1m^[22m[39m
 [90m 5 |[39m 
[36mimport[39m { 
useTranslations } 
[36mfrom[39m 
[32m'next-intl'[39m
 [90m 6 |[39m
 [90m 7 |[39m 
[36mconst[39m 
[33mLoginPage[39m 
[33m=[39m () 
[33m=>[39m {[0m



https://nextjs.org/docs/
messages/module-not-foun
d


./src/app/[locale]/auth/
new-password/page.jsx:4:
1
Module not found: Can't 
resolve '@/components/sh
ared/custom-breadcrumbs'
[0m [90m 2 |[39m 
[36mimport[39m 
[33mImage[39m 
[36mfrom[39m 
[32m'next/image'[39m
 [90m 3 |[39m 
[36mimport[39m 
[33mLoginForm[39m 
[36mfrom[39m [32m'@/c
omponents/auth/login-for
m'[39m
[31m[1m>[22m[39m[90
m 4 |[39m 
[36mimport[39m [33mCu
stomBreadcrumbs[39m 
[36mfrom[39m [32m'@/c
omponents/shared/custom-
breadcrumbs'[39m
 [90m   |[39m [31m[1
m^[22m[39m[31m[1m^[
22m[39m[31m[1m^[22m
[39m[31m[1m^[22m[39m
[31m[1m^[22m[39m[31
m[1m^[22m[39m[31m[1
m^[22m[39m[31m[1m^[
22m[39m[31m[1m^[22m
[39m[31m[1m^[22m[39m
[31m[1m^[22m[39m[31
m[1m^[22m[39m[31m[1
m^[22m[39m[31m[1m^[
22m[39m[31m[1m^[22m
[39m[31m[1m^[22m[39m
[31m[1m^[22m[39m[31
m[1m^[22m[39m[31m[1
m^[22m[39m[31m[1m^[
22m[39m[31m[1m^[22m
[39m[31m[1m^[22m[39m
[31m[1m^[22m[39m[31
m[1m^[22m[39m[31m[1
m^[22m[39m[31m[1m^[
22m[39m[31m[1m^[22m
[39m[31m[1m^[22m[39m
[31m[1m^[22m[39m[31
m[1m^[22m[39m[31m[1
m^[22m[39m[31m[1m^[
22m[39m[31m[1m^[22m
[39m[31m[1m^[22m[39m
[31m[1m^[22m[39m[31
m[1m^[22m[39m[31m[1
m^[22m[39m[31m[1m^[
22m[39m[31m[1m^[22m
[39m[31m[1m^[22m[39m
[31m[1m^[22m[39m[31
m[1m^[22m[39m[31m[1
m^[22m[39m[31m[1m^[
22m[39m[31m[1m^[22m
[39m[31m[1m^[22m[39m
[31m[1m^[22m[39m[31
m[1m^[22m[39m[31m[1
m^[22m[39m[31m[1m^[
22m[39m[31m[1m^[22m
[39m[31m[1m^[22m[39m
[31m[1m^[22m[39m[31
m[1m^[22m[39m[31m[1
m^[22m[39m[31m[1m^[
22m[39m[31m[1m^[22m
[39m[31m[1m^[22m[39m
[31m[1m^[22m[39m[31
m[1m^[22m[39m[31m[1
m^[22m[39m[31m[1m^[
22m[39m[31m[1m^[22m
[39m[31m[1m^[22m[39m
[31m[1m^[22m[39m[31
m[1m^[22m[39m[31m[1
m^[22m[39m[31m[1m^[
22m[39m[31m[1m^[22m
[39m[31m[1m^[22m[39m
 [90m 5 |[39m 
[36mimport[39m [33mNe
wPasswordForm[39m 
[36mfrom[39m [32m'@/c
omponents/auth/new-passw
ord-form'[39m
 [90m 6 |[39m 
[36mimport[39m { 
useTranslations } 
[36mfrom[39m 
[32m'next-intl'[39m
 [90m 7 |[39m[0m



https://nextjs.org/docs/
messages/module-not-foun
d


./src/app/[locale]/auth/
new-password/page.jsx:4:
1
Module not found: Can't 
resolve '@/components/sh
ared/custom-breadcrumbs'
[0m [90m 2 |[39m 
[36mimport[39m 
[33mImage[39m 
[36mfrom[39m 
[32m'next/image'[39m
 [90m 3 |[39m 
[36mimport[39m 
[33mLoginForm[39m 
[36mfrom[39m [32m'@/c
omponents/auth/login-for
m'[39m
[31m[1m>[22m[39m[90
m 4 |[39m 
[36mimport[39m [33mCu
stomBreadcrumbs[39m 
[36mfrom[39m [32m'@/c
omponents/shared/custom-
breadcrumbs'[39m
 [90m   |[39m [31m[1
m^[22m[39m[31m[1m^[
22m[39m[31m[1m^[22m
[39m[31m[1m^[22m[39m
[31m[1m^[22m[39m[31
m[1m^[22m[39m[31m[1
m^[22m[39m[31m[1m^[
22m[39m[31m[1m^[22m
[39m[31m[1m^[22m[39m
[31m[1m^[22m[39m[31
m[1m^[22m[39m[31m[1
m^[22m[39m[31m[1m^[
22m[39m[31m[1m^[22m
[39m[31m[1m^[22m[39m
[31m[1m^[22m[39m[31
m[1m^[22m[39m[31m[1
m^[22m[39m[31m[1m^[
22m[39m[31m[1m^[22m
[39m[31m[1m^[22m[39m
[31m[1m^[22m[39m[31
m[1m^[22m[39m[31m[1
m^[22m[39m[31m[1m^[
22m[39m[31m[1m^[22m
[39m[31m[1m^[22m[39m
[31m[1m^[22m[39m[31
m[1m^[22m[39m[31m[1
m^[22m[39m[31m[1m^[
22m[39m[31m[1m^[22m
[39m[31m[1m^[22m[39m
[31m[1m^[22m[39m[31
m[1m^[22m[39m[31m[1
m^[22m[39m[31m[1m^[
22m[39m[31m[1m^[22m
[39m[31m[1m^[22m[39m
[31m[1m^[22m[39m[31
m[1m^[22m[39m[31m[1
m^[22m[39m[31m[1m^[
22m[39m[31m[1m^[22m
[39m[31m[1m^[22m[39m
[31m[1m^[22m[39m[31
m[1m^[22m[39m[31m[1
m^[22m[39m[31m[1m^[
22m[39m[31m[1m^[22m
[39m[31m[1m^[22m[39m
[31m[1m^[22m[39m[31
m[1m^[22m[39m[31m[1
m^[22m[39m[31m[1m^[
22m[39m[31m[1m^[22m
[39m[31m[1m^[22m[39m
[31m[1m^[22m[39m[31
m[1m^[22m[39m[31m[1
m^[22m[39m[31m[1m^[
22m[39m[31m[1m^[22m
[39m[31m[1m^[22m[39m
[31m[1m^[22m[39m[31
m[1m^[22m[39m[31m[1
m^[22m[39m[31m[1m^[
22m[39m[31m[1m^[22m
[39m[31m[1m^[22m[39m
 [90m 5 |[39m 
[36mimport[39m [33mNe
wPasswordForm[39m 
[36mfrom[39m [32m'@/c
omponents/auth/new-passw
ord-form'[39m
 [90m 6 |[39m 
[36mimport[39m { 
useTranslations } 
[36mfrom[39m 
[32m'next-intl'[39m
 [90m 7 |[39m[0m



https://nextjs.org/docs/
messages/module-not-foun
d


./src/app/[locale]/auth/
reset-code/page.jsx:2:1
Module not found: Can't 
resolve '@/components/sh
ared/custom-breadcrumbs'
[0m [90m 1 |[39m 
[36mimport[39m 
[33mReact[39m 
[36mfrom[39m 
[32m'react'[39m
[31m[1m>[22m[39m[90
m 2 |[39m 
[36mimport[39m [33mCu
stomBreadcrumbs[39m 
[36mfrom[39m [32m'@/c
omponents/shared/custom-
breadcrumbs'[39m
 [90m   |[39m [31m[1
m^[22m[39m[31m[1m^[
22m[39m[31m[1m^[22m
[39m[31m[1m^[22m[39m
[31m[1m^[22m[39m[31
m[1m^[22m[39m[31m[1
m^[22m[39m[31m[1m^[
22m[39m[31m[1m^[22m
[39m[31m[1m^[22m[39m
[31m[1m^[22m[39m[31
m[1m^[22m[39m[31m[1
m^[22m[39m[31m[1m^[
22m[39m[31m[1m^[22m
[39m[31m[1m^[22m[39m
[31m[1m^[22m[39m[31
m[1m^[22m[39m[31m[1
m^[22m[39m[31m[1m^[
22m[39m[31m[1m^[22m
[39m[31m[1m^[22m[39m
[31m[1m^[22m[39m[31
m[1m^[22m[39m[31m[1
m^[22m[39m[31m[1m^[
22m[39m[31m[1m^[22m
[39m[31m[1m^[22m[39m
[31m[1m^[22m[39m[31
m[1m^[22m[39m[31m[1
m^[22m[39m[31m[1m^[
22m[39m[31m[1m^[22m
[39m[31m[1m^[22m[39m
[31m[1m^[22m[39m[31
m[1m^[22m[39m[31m[1
m^[22m[39m[31m[1m^[
22m[39m[31m[1m^[22m
[39m[31m[1m^[22m[39m
[31m[1m^[22m[39m[31
m[1m^[22m[39m[31m[1
m^[22m[39m[31m[1m^[
22m[39m[31m[1m^[22m
[39m[31m[1m^[22m[39m
[31m[1m^[22m[39m[31
m[1m^[22m[39m[31m[1
m^[22m[39m[31m[1m^[
22m[39m[31m[1m^[22m
[39m[31m[1m^[22m[39m
[31m[1m^[22m[39m[31
m[1m^[22m[39m[31m[1
m^[22m[39m[31m[1m^[
22m[39m[31m[1m^[22m
[39m[31m[1m^[22m[39m
[31m[1m^[22m[39m[31
m[1m^[22m[39m[31m[1
m^[22m[39m[31m[1m^[
22m[39m[31m[1m^[22m
[39m[31m[1m^[22m[39m
[31m[1m^[22m[39m[31
m[1m^[22m[39m[31m[1
m^[22m[39m[31m[1m^[
22m[39m[31m[1m^[22m
[39m[31m[1m^[22m[39m
 [90m 3 |[39m 
[36mimport[39m 
[33mImage[39m 
[36mfrom[39m 
[32m'next/image'[39m
 [90m 4 |[39m 
[36mimport[39m 
[33mOtpForm[39m 
[36mfrom[39m [32m'@/c
omponents/auth/otp-form'
[39m
 [90m 5 |[39m 
[36mimport[39m { 
useTranslations } 
[36mfrom[39m [32m'nex
t-intl'[39m[0m



https://nextjs.org/docs/
messages/module-not-foun
d


./src/app/[locale]/auth/
reset-code/page.jsx:2:1
Module not found: Can't 
resolve '@/components/sh
ared/custom-breadcrumbs'
[0m [90m 1 |[39m 
[36mimport[39m 
[33mReact[39m 
[36mfrom[39m 
[32m'react'[39m
[31m[1m>[22m[39m[90
m 2 |[39m 
[36mimport[39m [33mCu
stomBreadcrumbs[39m 
[36mfrom[39m [32m'@/c
omponents/shared/custom-
breadcrumbs'[39m
 [90m   |[39m [31m[1
m^[22m[39m[31m[1m^[
22m[39m[31m[1m^[22m
[39m[31m[1m^[22m[39m
[31m[1m^[22m[39m[31
m[1m^[22m[39m[31m[1
m^[22m[39m[31m[1m^[
22m[39m[31m[1m^[22m
[39m[31m[1m^[22m[39m
[31m[1m^[22m[39m[31
m[1m^[22m[39m[31m[1
m^[22m[39m[31m[1m^[
22m[39m[31m[1m^[22m
[39m[31m[1m^[22m[39m
[31m[1m^[22m[39m[31
m[1m^[22m[39m[31m[1
m^[22m[39m[31m[1m^[
22m[39m[31m[1m^[22m
[39m[31m[1m^[22m[39m
[31m[1m^[22m[39m[31
m[1m^[22m[39m[31m[1
m^[22m[39m[31m[1m^[
22m[39m[31m[1m^[22m
[39m[31m[1m^[22m[39m
[31m[1m^[22m[39m[31
m[1m^[22m[39m[31m[1
m^[22m[39m[31m[1m^[
22m[39m[31m[1m^[22m
[39m[31m[1m^[22m[39m
[31m[1m^[22m[39m[31
m[1m^[22m[39m[31m[1
m^[22m[39m[31m[1m^[
22m[39m[31m[1m^[22m
[39m[31m[1m^[22m[39m
[31m[1m^[22m[39m[31
m[1m^[22m[39m[31m[1
m^[22m[39m[31m[1m^[
22m[39m[31m[1m^[22m
[39m[31m[1m^[22m[39m
[31m[1m^[22m[39m[31
m[1m^[22m[39m[31m[1
m^[22m[39m[31m[1m^[
22m[39m[31m[1m^[22m
[39m[31m[1m^[22m[39m
[31m[1m^[22m[39m[31
m[1m^[22m[39m[31m[1
m^[22m[39m[31m[1m^[
22m[39m[31m[1m^[22m
[39m[31m[1m^[22m[39m
[31m[1m^[22m[39m[31
m[1m^[22m[39m[31m[1
m^[22m[39m[31m[1m^[
22m[39m[31m[1m^[22m
[39m[31m[1m^[22m[39m
[31m[1m^[22m[39m[31
m[1m^[22m[39m[31m[1
m^[22m[39m[31m[1m^[
22m[39m[31m[1m^[22m
[39m[31m[1m^[22m[39m
 [90m 3 |[39m 
[36mimport[39m 
[33mImage[39m 
[36mfrom[39m 
[32m'next/image'[39m
 [90m 4 |[39m 
[36mimport[39m 
[33mOtpForm[39m 
[36mfrom[39m [32m'@/c
omponents/auth/otp-form'
[39m
 [90m 5 |[39m 
[36mimport[39m { 
useTranslations } 
[36mfrom[39m [32m'nex
t-intl'[39m[0m



https://nextjs.org/docs/
messages/module-not-foun
d


./src/app/[locale]/auth/
sign-up/page.jsx:1:1
Module not found: Can't 
resolve '@/components/sh
ared/custom-breadcrumbs'
[0m[31m[1m>[22m[39m
[90m 1 |[39m 
[36mimport[39m [33mCu
stomBreadcrumbs[39m 
[36mfrom[39m [32m'@/c
omponents/shared/custom-
breadcrumbs'[39m
 [90m   |[39m [31m[1
m^[22m[39m[31m[1m^[
22m[39m[31m[1m^[22m
[39m[31m[1m^[22m[39m
[31m[1m^[22m[39m[31
m[1m^[22m[39m[31m[1
m^[22m[39m[31m[1m^[
22m[39m[31m[1m^[22m
[39m[31m[1m^[22m[39m
[31m[1m^[22m[39m[31
m[1m^[22m[39m[31m[1
m^[22m[39m[31m[1m^[
22m[39m[31m[1m^[22m
[39m[31m[1m^[22m[39m
[31m[1m^[22m[39m[31
m[1m^[22m[39m[31m[1
m^[22m[39m[31m[1m^[
22m[39m[31m[1m^[22m
[39m[31m[1m^[22m[39m
[31m[1m^[22m[39m[31
m[1m^[22m[39m[31m[1
m^[22m[39m[31m[1m^[
22m[39m[31m[1m^[22m
[39m[31m[1m^[22m[39m
[31m[1m^[22m[39m[31
m[1m^[22m[39m[31m[1
m^[22m[39m[31m[1m^[
22m[39m[31m[1m^[22m
[39m[31m[1m^[22m[39m
[31m[1m^[22m[39m[31
m[1m^[22m[39m[31m[1
m^[22m[39m[31m[1m^[
22m[39m[31m[1m^[22m
[39m[31m[1m^[22m[39m
[31m[1m^[22m[39m[31
m[1m^[22m[39m[31m[1
m^[22m[39m[31m[1m^[
22m[39m[31m[1m^[22m
[39m[31m[1m^[22m[39m
[31m[1m^[22m[39m[31
m[1m^[22m[39m[31m[1
m^[22m[39m[31m[1m^[
22m[39m[31m[1m^[22m
[39m[31m[1m^[22m[39m
[31m[1m^[22m[39m[31
m[1m^[22m[39m[31m[1
m^[22m[39m[31m[1m^[
22m[39m[31m[1m^[22m
[39m[31m[1m^[22m[39m
[31m[1m^[22m[39m[31
m[1m^[22m[39m[31m[1
m^[22m[39m[31m[1m^[
22m[39m[31m[1m^[22m
[39m[31m[1m^[22m[39m
[31m[1m^[22m[39m[31
m[1m^[22m[39m[31m[1
m^[22m[39m[31m[1m^[
22m[39m[31m[1m^[22m
[39m[31m[1m^[22m[39m
 [90m 2 |[39m 
[36mimport[39m 
[33mReact[39m 
[36mfrom[39m 
[32m'react'[39m
 [90m 3 |[39m 
[36mimport[39m 
[33mImage[39m 
[36mfrom[39m 
[32m'next/image'[39m
 [90m 4 |[39m 
[36mimport[39m 
[33mSignUpForm[39m 
[36mfrom[39m [32m'@/c
omponents/auth/sign-up-f
orm'[39m[0m



https://nextjs.org/docs/
messages/module-not-foun
d


./src/app/[locale]/auth/
sign-up/page.jsx:1:1
Module not found: Can't 
resolve '@/components/sh
ared/custom-breadcrumbs'
[0m[31m[1m>[22m[39m
[90m 1 |[39m 
[36mimport[39m [33mCu
stomBreadcrumbs[39m 
[36mfrom[39m [32m'@/c
omponents/shared/custom-
breadcrumbs'[39m
 [90m   |[39m [31m[1
m^[22m[39m[31m[1m^[
22m[39m[31m[1m^[22m
[39m[31m[1m^[22m[39m
[31m[1m^[22m[39m[31
m[1m^[22m[39m[31m[1
m^[22m[39m[31m[1m^[
22m[39m[31m[1m^[22m
[39m[31m[1m^[22m[39m
[31m[1m^[22m[39m[31
m[1m^[22m[39m[31m[1
m^[22m[39m[31m[1m^[
22m[39m[31m[1m^[22m
[39m[31m[1m^[22m[39m
[31m[1m^[22m[39m[31
m[1m^[22m[39m[31m[1
m^[22m[39m[31m[1m^[
22m[39m[31m[1m^[22m
[39m[31m[1m^[22m[39m
[31m[1m^[22m[39m[31
m[1m^[22m[39m[31m[1
m^[22m[39m[31m[1m^[
22m[39m[31m[1m^[22m
[39m[31m[1m^[22m[39m
[31m[1m^[22m[39m[31
m[1m^[22m[39m[31m[1
m^[22m[39m[31m[1m^[
22m[39m[31m[1m^[22m
[39m[31m[1m^[22m[39m
[31m[1m^[22m[39m[31
m[1m^[22m[39m[31m[1
m^[22m[39m[31m[1m^[
22m[39m[31m[1m^[22m
[39m[31m[1m^[22m[39m
[31m[1m^[22m[39m[31
m[1m^[22m[39m[31m[1
m^[22m[39m[31m[1m^[
22m[39m[31m[1m^[22m
[39m[31m[1m^[22m[39m
[31m[1m^[22m[39m[31
m[1m^[22m[39m[31m[1
m^[22m[39m[31m[1m^[
22m[39m[31m[1m^[22m
[39m[31m[1m^[22m[39m
[31m[1m^[22m[39m[31
m[1m^[22m[39m[31m[1
m^[22m[39m[31m[1m^[
22m[39m[31m[1m^[22m
[39m[31m[1m^[22m[39m
[31m[1m^[22m[39m[31
m[1m^[22m[39m[31m[1
m^[22m[39m[31m[1m^[
22m[39m[31m[1m^[22m
[39m[31m[1m^[22m[39m
[31m[1m^[22m[39m[31
m[1m^[22m[39m[31m[1
m^[22m[39m[31m[1m^[
22m[39m[31m[1m^[22m
[39m[31m[1m^[22m[39m
 [90m 2 |[39m 
[36mimport[39m 
[33mReact[39m 
[36mfrom[39m 
[32m'react'[39m
 [90m 3 |[39m 
[36mimport[39m 
[33mImage[39m 
[36mfrom[39m 
[32m'next/image'[39m
 [90m 4 |[39m 
[36mimport[39m 
[33mSignUpForm[39m 
[36mfrom[39m [32m'@/c
omponents/auth/sign-up-f
orm'[39m[0m



https://nextjs.org/docs/
messages/module-not-foun
d


./src/app/[locale]/auth/
verfiy-otp/page.jsx:2:1
Module not found: Can't 
resolve '@/components/sh
ared/custom-breadcrumbs'
[0m [90m 1 |[39m 
[36mimport[39m 
[33mReact[39m 
[36mfrom[39m 
[32m'react'[39m
[31m[1m>[22m[39m[90
m 2 |[39m 
[36mimport[39m [33mCu
stomBreadcrumbs[39m 
[36mfrom[39m [32m'@/c
omponents/shared/custom-
breadcrumbs'[39m
 [90m   |[39m [31m[1
m^[22m[39m[31m[1m^[
22m[39m[31m[1m^[22m
[39m[31m[1m^[22m[39m
[31m[1m^[22m[39m[31
m[1m^[22m[39m[31m[1
m^[22m[39m[31m[1m^[
22m[39m[31m[1m^[22m
[39m[31m[1m^[22m[39m
[31m[1m^[22m[39m[31
m[1m^[22m[39m[31m[1
m^[22m[39m[31m[1m^[
22m[39m[31m[1m^[22m
[39m[31m[1m^[22m[39m
[31m[1m^[22m[39m[31
m[1m^[22m[39m[31m[1
m^[22m[39m[31m[1m^[
22m[39m[31m[1m^[22m
[39m[31m[1m^[22m[39m
[31m[1m^[22m[39m[31
m[1m^[22m[39m[31m[1
m^[22m[39m[31m[1m^[
22m[39m[31m[1m^[22m
[39m[31m[1m^[22m[39m
[31m[1m^[22m[39m[31
m[1m^[22m[39m[31m[1
m^[22m[39m[31m[1m^[
22m[39m[31m[1m^[22m
[39m[31m[1m^[22m[39m
[31m[1m^[22m[39m[31
m[1m^[22m[39m[31m[1
m^[22m[39m[31m[1m^[
22m[39m[31m[1m^[22m
[39m[31m[1m^[22m[39m
[31m[1m^[22m[39m[31
m[1m^[22m[39m[31m[1
m^[22m[39m[31m[1m^[
22m[39m[31m[1m^[22m
[39m[31m[1m^[22m[39m
[31m[1m^[22m[39m[31
m[1m^[22m[39m[31m[1
m^[22m[39m[31m[1m^[
22m[39m[31m[1m^[22m
[39m[31m[1m^[22m[39m
[31m[1m^[22m[39m[31
m[1m^[22m[39m[31m[1
m^[22m[39m[31m[1m^[
22m[39m[31m[1m^[22m
[39m[31m[1m^[22m[39m
[31m[1m^[22m[39m[31
m[1m^[22m[39m[31m[1
m^[22m[39m[31m[1m^[
22m[39m[31m[1m^[22m
[39m[31m[1m^[22m[39m
[31m[1m^[22m[39m[31
m[1m^[22m[39m[31m[1
m^[22m[39m[31m[1m^[
22m[39m[31m[1m^[22m
[39m[31m[1m^[22m[39m
 [90m 3 |[39m 
[36mimport[39m 
[33mImage[39m 
[36mfrom[39m 
[32m'next/image'[39m
 [90m 4 |[39m 
[36mimport[39m 
[33mOtpForm[39m 
[36mfrom[39m [32m'@/c
omponents/auth/otp-form'
[39m
 [90m 5 |[39m 
[36mimport[39m { 
useTranslations } 
[36mfrom[39m [32m'nex
t-intl'[39m[0m



https://nextjs.org/docs/
messages/module-not-foun
d


./src/app/[locale]/auth/
verfiy-otp/page.jsx:2:1
Module not found: Can't 
resolve '@/components/sh
ared/custom-breadcrumbs'
[0m [90m 1 |[39m 
[36mimport[39m 
[33mReact[39m 
[36mfrom[39m 
[32m'react'[39m
[31m[1m>[22m[39m[90
m 2 |[39m 
[36mimport[39m [33mCu
stomBreadcrumbs[39m 
[36mfrom[39m [32m'@/c
omponents/shared/custom-
breadcrumbs'[39m
 [90m   |[39m [31m[1
m^[22m[39m[31m[1m^[
22m[39m[31m[1m^[22m
[39m[31m[1m^[22m[39m
[31m[1m^[22m[39m[31
m[1m^[22m[39m[31m[1
m^[22m[39m[31m[1m^[
22m[39m[31m[1m^[22m
[39m[31m[1m^[22m[39m
[31m[1m^[22m[39m[31
m[1m^[22m[39m[31m[1
m^[22m[39m[31m[1m^[
22m[39m[31m[1m^[22m
[39m[31m[1m^[22m[39m
[31m[1m^[22m[39m[31
m[1m^[22m[39m[31m[1
m^[22m[39m[31m[1m^[
22m[39m[31m[1m^[22m
[39m[31m[1m^[22m[39m
[31m[1m^[22m[39m[31
m[1m^[22m[39m[31m[1
m^[22m[39m[31m[1m^[
22m[39m[31m[1m^[22m
[39m[31m[1m^[22m[39m
[31m[1m^[22m[39m[31
m[1m^[22m[39m[31m[1
m^[22m[39m[31m[1m^[
22m[39m[31m[1m^[22m
[39m[31m[1m^[22m[39m
[31m[1m^[22m[39m[31
m[1m^[22m[39m[31m[1
m^[22m[39m[31m[1m^[
22m[39m[31m[1m^[22m
[39m[31m[1m^[22m[39m
[31m[1m^[22m[39m[31
m[1m^[22m[39m[31m[1
m^[22m[39m[31m[1m^[
22m[39m[31m[1m^[22m
[39m[31m[1m^[22m[39m
[31m[1m^[22m[39m[31
m[1m^[22m[39m[31m[1
m^[22m[39m[31m[1m^[
22m[39m[31m[1m^[22m
[39m[31m[1m^[22m[39m
[31m[1m^[22m[39m[31
m[1m^[22m[39m[31m[1
m^[22m[39m[31m[1m^[
22m[39m[31m[1m^[22m
[39m[31m[1m^[22m[39m
[31m[1m^[22m[39m[31
m[1m^[22m[39m[31m[1
m^[22m[39m[31m[1m^[
22m[39m[31m[1m^[22m
[39m[31m[1m^[22m[39m
[31m[1m^[22m[39m[31
m[1m^[22m[39m[31m[1
m^[22m[39m[31m[1m^[
22m[39m[31m[1m^[22m
[39m[31m[1m^[22m[39m
 [90m 3 |[39m 
[36mimport[39m 
[33mImage[39m 
[36mfrom[39m 
[32m'next/image'[39m
 [90m 4 |[39m 
[36mimport[39m 
[33mOtpForm[39m 
[36mfrom[39m [32m'@/c
omponents/auth/otp-form'
[39m
 [90m 5 |[39m 
[36mimport[39m { 
useTranslations } 
[36mfrom[39m [32m'nex
t-intl'[39m[0m



https://nextjs.org/docs/
messages/module-not-foun
d


./src/app/[locale]/blogs
/[id]/page.jsx:2:1
Module not found: Can't 
resolve '@/components/sh
ared/custom-breadcrumbs'
[0m [90m 1 |[39m 
[36mimport[39m 
[33mBlogSection[39m 
[36mfrom[39m [32m"@/c
omponents/home/blog-sect
ion"[39m[33m;[39m
[31m[1m>[22m[39m[90
m 2 |[39m 
[36mimport[39m [33mCu
stomBreadcrumbs[39m 
[36mfrom[39m [32m"@/c
omponents/shared/custom-
breadcrumbs"[39m[33m;
[39m
 [90m   |[39m [31m[1
m^[22m[39m[31m[1m^[
22m[39m[31m[1m^[22m
[39m[31m[1m^[22m[39m
[31m[1m^[22m[39m[31
m[1m^[22m[39m[31m[1
m^[22m[39m[31m[1m^[
22m[39m[31m[1m^[22m
[39m[31m[1m^[22m[39m
[31m[1m^[22m[39m[31
m[1m^[22m[39m[31m[1
m^[22m[39m[31m[1m^[
22m[39m[31m[1m^[22m
[39m[31m[1m^[22m[39m
[31m[1m^[22m[39m[31
m[1m^[22m[39m[31m[1
m^[22m[39m[31m[1m^[
22m[39m[31m[1m^[22m
[39m[31m[1m^[22m[39m
[31m[1m^[22m[39m[31
m[1m^[22m[39m[31m[1
m^[22m[39m[31m[1m^[
22m[39m[31m[1m^[22m
[39m[31m[1m^[22m[39m
[31m[1m^[22m[39m[31
m[1m^[22m[39m[31m[1
m^[22m[39m[31m[1m^[
22m[39m[31m[1m^[22m
[39m[31m[1m^[22m[39m
[31m[1m^[22m[39m[31
m[1m^[22m[39m[31m[1
m^[22m[39m[31m[1m^[
22m[39m[31m[1m^[22m
[39m[31m[1m^[22m[39m
[31m[1m^[22m[39m[31
m[1m^[22m[39m[31m[1
m^[22m[39m[31m[1m^[
22m[39m[31m[1m^[22m
[39m[31m[1m^[22m[39m
[31m[1m^[22m[39m[31
m[1m^[22m[39m[31m[1
m^[22m[39m[31m[1m^[
22m[39m[31m[1m^[22m
[39m[31m[1m^[22m[39m
[31m[1m^[22m[39m[31
m[1m^[22m[39m[31m[1
m^[22m[39m[31m[1m^[
22m[39m[31m[1m^[22m
[39m[31m[1m^[22m[39m
[31m[1m^[22m[39m[31
m[1m^[22m[39m[31m[1
m^[22m[39m[31m[1m^[
22m[39m[31m[1m^[22m
[39m[31m[1m^[22m[39m
[31m[1m^[22m[39m[31
m[1m^[22m[39m[31m[1
m^[22m[39m[31m[1m^[
22m[39m[31m[1m^[22m
[39m[31m[1m^[22m[39m
[31m[1m^[22m[39m
 [90m 3 |[39m 
[36mimport[39m 
[33mImage[39m 
[36mfrom[39m [32m"nex
t/image"[39m[33m;[39m
 [90m 4 |[39m 
[36mimport[39m 
[33mReact[39m 
[36mfrom[39m [32m"rea
ct"[39m[33m;[39m
 [90m 5 |[39m 
[36mimport[39m { 
getBlogById } 
[36mfrom[39m [32m"@/l
ib/blog-actions"[39m[3
3m;[39m[0m



https://nextjs.org/docs/
messages/module-not-foun
d


./src/app/[locale]/blogs
/[id]/page.jsx:2:1
Module not found: Can't 
resolve '@/components/sh
ared/custom-breadcrumbs'
[0m [90m 1 |[39m 
[36mimport[39m 
[33mBlogSection[39m 
[36mfrom[39m [32m"@/c
omponents/home/blog-sect
ion"[39m[33m;[39m
[31m[1m>[22m[39m[90
m 2 |[39m 
[36mimport[39m [33mCu
stomBreadcrumbs[39m 
[36mfrom[39m [32m"@/c
omponents/shared/custom-
breadcrumbs"[39m[33m;
[39m
 [90m   |[39m [31m[1
m^[22m[39m[31m[1m^[
22m[39m[31m[1m^[22m
[39m[31m[1m^[22m[39m
[31m[1m^[22m[39m[31
m[1m^[22m[39m[31m[1
m^[22m[39m[31m[1m^[
22m[39m[31m[1m^[22m
[39m[31m[1m^[22m[39m
[31m[1m^[22m[39m[31
m[1m^[22m[39m[31m[1
m^[22m[39m[31m[1m^[
22m[39m[31m[1m^[22m
[39m[31m[1m^[22m[39m
[31m[1m^[22m[39m[31
m[1m^[22m[39m[31m[1
m^[22m[39m[31m[1m^[
22m[39m[31m[1m^[22m
[39m[31m[1m^[22m[39m
[31m[1m^[22m[39m[31
m[1m^[22m[39m[31m[1
m^[22m[39m[31m[1m^[
22m[39m[31m[1m^[22m
[39m[31m[1m^[22m[39m
[31m[1m^[22m[39m[31
m[1m^[22m[39m[31m[1
m^[22m[39m[31m[1m^[
22m[39m[31m[1m^[22m
[39m[31m[1m^[22m[39m
[31m[1m^[22m[39m[31
m[1m^[22m[39m[31m[1
m^[22m[39m[31m[1m^[
22m[39m[31m[1m^[22m
[39m[31m[1m^[22m[39m
[31m[1m^[22m[39m[31
m[1m^[22m[39m[31m[1
m^[22m[39m[31m[1m^[
22m[39m[31m[1m^[22m
[39m[31m[1m^[22m[39m
[31m[1m^[22m[39m[31
m[1m^[22m[39m[31m[1
m^[22m[39m[31m[1m^[
22m[39m[31m[1m^[22m
[39m[31m[1m^[22m[39m
[31m[1m^[22m[39m[31
m[1m^[22m[39m[31m[1
m^[22m[39m[31m[1m^[
22m[39m[31m[1m^[22m
[39m[31m[1m^[22m[39m
[31m[1m^[22m[39m[31
m[1m^[22m[39m[31m[1
m^[22m[39m[31m[1m^[
22m[39m[31m[1m^[22m
[39m[31m[1m^[22m[39m
[31m[1m^[22m[39m[31
m[1m^[22m[39m[31m[1
m^[22m[39m[31m[1m^[
22m[39m[31m[1m^[22m
[39m[31m[1m^[22m[39m
[31m[1m^[22m[39m
 [90m 3 |[39m 
[36mimport[39m 
[33mImage[39m 
[36mfrom[39m [32m"nex
t/image"[39m[33m;[39m
 [90m 4 |[39m 
[36mimport[39m 
[33mReact[39m 
[36mfrom[39m [32m"rea
ct"[39m[33m;[39m
 [90m 5 |[39m 
[36mimport[39m { 
getBlogById } 
[36mfrom[39m [32m"@/l
ib/blog-actions"[39m[3
3m;[39m[0m



https://nextjs.org/docs/
messages/module-not-foun
d


./src/app/[locale]/blogs
/page.jsx:2:1
Module not found: Can't 
resolve '@/components/sh
ared/custom-breadcrumbs'
[0m [90m 1 |[39m 
[36mimport[39m 
[33mReact[39m 
[36mfrom[39m [32m"rea
ct"[39m[33m;[39m
[31m[1m>[22m[39m[90
m 2 |[39m 
[36mimport[39m [33mCu
stomBreadcrumbs[39m 
[36mfrom[39m [32m"@/c
omponents/shared/custom-
breadcrumbs"[39m[33m;
[39m
 [90m   |[39m [31m[1
m^[22m[39m[31m[1m^[
22m[39m[31m[1m^[22m
[39m[31m[1m^[22m[39m
[31m[1m^[22m[39m[31
m[1m^[22m[39m[31m[1
m^[22m[39m[31m[1m^[
22m[39m[31m[1m^[22m
[39m[31m[1m^[22m[39m
[31m[1m^[22m[39m[31
m[1m^[22m[39m[31m[1
m^[22m[39m[31m[1m^[
22m[39m[31m[1m^[22m
[39m[31m[1m^[22m[39m
[31m[1m^[22m[39m[31
m[1m^[22m[39m[31m[1
m^[22m[39m[31m[1m^[
22m[39m[31m[1m^[22m
[39m[31m[1m^[22m[39m
[31m[1m^[22m[39m[31
m[1m^[22m[39m[31m[1
m^[22m[39m[31m[1m^[
22m[39m[31m[1m^[22m
[39m[31m[1m^[22m[39m
[31m[1m^[22m[39m[31
m[1m^[22m[39m[31m[1
m^[22m[39m[31m[1m^[
22m[39m[31m[1m^[22m
[39m[31m[1m^[22m[39m
[31m[1m^[22m[39m[31
m[1m^[22m[39m[31m[1
m^[22m[39m[31m[1m^[
22m[39m[31m[1m^[22m
[39m[31m[1m^[22m[39m
[31m[1m^[22m[39m[31
m[1m^[22m[39m[31m[1
m^[22m[39m[31m[1m^[
22m[39m[31m[1m^[22m
[39m[31m[1m^[22m[39m
[31m[1m^[22m[39m[31
m[1m^[22m[39m[31m[1
m^[22m[39m[31m[1m^[
22m[39m[31m[1m^[22m
[39m[31m[1m^[22m[39m
[31m[1m^[22m[39m[31
m[1m^[22m[39m[31m[1
m^[22m[39m[31m[1m^[
22m[39m[31m[1m^[22m
[39m[31m[1m^[22m[39m
[31m[1m^[22m[39m[31
m[1m^[22m[39m[31m[1
m^[22m[39m[31m[1m^[
22m[39m[31m[1m^[22m
[39m[31m[1m^[22m[39m
[31m[1m^[22m[39m[31
m[1m^[22m[39m[31m[1
m^[22m[39m[31m[1m^[
22m[39m[31m[1m^[22m
[39m[31m[1m^[22m[39m
[31m[1m^[22m[39m
 [90m 3 |[39m 
[36mimport[39m 
[33mBlogCard[39m 
[36mfrom[39m [32m"@/c
omponents/shared/blog-ca
rd"[39m[33m;[39m
 [90m 4 |[39m 
[36mimport[39m { 
getTranslations } 
[36mfrom[39m [32m"nex
t-intl/server"[39m[33m
;[39m
 [90m 5 |[39m 
[36mimport[39m { 
getBlogs } 
[36mfrom[39m [32m"@/l
ib/blog-actions"[39m[3
3m;[39m[0m



https://nextjs.org/docs/
messages/module-not-foun
d


./src/app/[locale]/blogs
/page.jsx:2:1
Module not found: Can't 
resolve '@/components/sh
ared/custom-breadcrumbs'
[0m [90m 1 |[39m 
[36mimport[39m 
[33mReact[39m 
[36mfrom[39m [32m"rea
ct"[39m[33m;[39m
[31m[1m>[22m[39m[90
m 2 |[39m 
[36mimport[39m [33mCu
stomBreadcrumbs[39m 
[36mfrom[39m [32m"@/c
omponents/shared/custom-
breadcrumbs"[39m[33m;
[39m
 [90m   |[39m [31m[1
m^[22m[39m[31m[1m^[
22m[39m[31m[1m^[22m
[39m[31m[1m^[22m[39m
[31m[1m^[22m[39m[31
m[1m^[22m[39m[31m[1
m^[22m[39m[31m[1m^[
22m[39m[31m[1m^[22m
[39m[31m[1m^[22m[39m
[31m[1m^[22m[39m[31
m[1m^[22m[39m[31m[1
m^[22m[39m[31m[1m^[
22m[39m[31m[1m^[22m
[39m[31m[1m^[22m[39m
[31m[1m^[22m[39m[31
m[1m^[22m[39m[31m[1
m^[22m[39m[31m[1m^[
22m[39m[31m[1m^[22m
[39m[31m[1m^[22m[39m
[31m[1m^[22m[39m[31
m[1m^[22m[39m[31m[1
m^[22m[39m[31m[1m^[
22m[39m[31m[1m^[22m
[39m[31m[1m^[22m[39m
[31m[1m^[22m[39m[31
m[1m^[22m[39m[31m[1
m^[22m[39m[31m[1m^[
22m[39m[31m[1m^[22m
[39m[31m[1m^[22m[39m
[31m[1m^[22m[39m[31
m[1m^[22m[39m[31m[1
m^[22m[39m[31m[1m^[
22m[39m[31m[1m^[22m
[39m[31m[1m^[22m[39m
[31m[1m^[22m[39m[31
m[1m^[22m[39m[31m[1
m^[22m[39m[31m[1m^[
22m[39m[31m[1m^[22m
[39m[31m[1m^[22m[39m
[31m[1m^[22m[39m[31
m[1m^[22m[39m[31m[1
m^[22m[39m[31m[1m^[
22m[39m[31m[1m^[22m
[39m[31m[1m^[22m[39m
[31m[1m^[22m[39m[31
m[1m^[22m[39m[31m[1
m^[22m[39m[31m[1m^[
22m[39m[31m[1m^[22m
[39m[31m[1m^[22m[39m
[31m[1m^[22m[39m[31
m[1m^[22m[39m[31m[1
m^[22m[39m[31m[1m^[
22m[39m[31m[1m^[22m
[39m[31m[1m^[22m[39m
[31m[1m^[22m[39m[31
m[1m^[22m[39m[31m[1
m^[22m[39m[31m[1m^[
22m[39m[31m[1m^[22m
[39m[31m[1m^[22m[39m
[31m[1m^[22m[39m
 [90m 3 |[39m 
[36mimport[39m 
[33mBlogCard[39m 
[36mfrom[39m [32m"@/c
omponents/shared/blog-ca
rd"[39m[33m;[39m
 [90m 4 |[39m 
[36mimport[39m { 
getTranslations } 
[36mfrom[39m [32m"nex
t-intl/server"[39m[33m
;[39m
 [90m 5 |[39m 
[36mimport[39m { 
getBlogs } 
[36mfrom[39m [32m"@/l
ib/blog-actions"[39m[3
3m;[39m[0m



https://nextjs.org/docs/
messages/module-not-foun
d


./src/app/[locale]/compl
aints/page.jsx:2:1
Module not found: Can't 
resolve '@/components/sh
ared/custom-breadcrumbs'
[0m [90m 1 |[39m 
[36mimport[39m [33mCo
mplaintsForm[39m 
[36mfrom[39m [32m'@/c
omponents/shared/complai
nts-form'[39m
[31m[1m>[22m[39m[90
m 2 |[39m 
[36mimport[39m [33mCu
stomBreadcrumbs[39m 
[36mfrom[39m [32m'@/c
omponents/shared/custom-
breadcrumbs'[39m
 [90m   |[39m [31m[1
m^[22m[39m[31m[1m^[
22m[39m[31m[1m^[22m
[39m[31m[1m^[22m[39m
[31m[1m^[22m[39m[31
m[1m^[22m[39m[31m[1
m^[22m[39m[31m[1m^[
22m[39m[31m[1m^[22m
[39m[31m[1m^[22m[39m
[31m[1m^[22m[39m[31
m[1m^[22m[39m[31m[1
m^[22m[39m[31m[1m^[
22m[39m[31m[1m^[22m
[39m[31m[1m^[22m[39m
[31m[1m^[22m[39m[31
m[1m^[22m[39m[31m[1
m^[22m[39m[31m[1m^[
22m[39m[31m[1m^[22m
[39m[31m[1m^[22m[39m
[31m[1m^[22m[39m[31
m[1m^[22m[39m[31m[1
m^[22m[39m[31m[1m^[
22m[39m[31m[1m^[22m
[39m[31m[1m^[22m[39m
[31m[1m^[22m[39m[31
m[1m^[22m[39m[31m[1
m^[22m[39m[31m[1m^[
22m[39m[31m[1m^[22m
[39m[31m[1m^[22m[39m
[31m[1m^[22m[39m[31
m[1m^[22m[39m[31m[1
m^[22m[39m[31m[1m^[
22m[39m[31m[1m^[22m
[39m[31m[1m^[22m[39m
[31m[1m^[22m[39m[31
m[1m^[22m[39m[31m[1
m^[22m[39m[31m[1m^[
22m[39m[31m[1m^[22m
[39m[31m[1m^[22m[39m
[31m[1m^[22m[39m[31
m[1m^[22m[39m[31m[1
m^[22m[39m[31m[1m^[
22m[39m[31m[1m^[22m
[39m[31m[1m^[22m[39m
[31m[1m^[22m[39m[31
m[1m^[22m[39m[31m[1
m^[22m[39m[31m[1m^[
22m[39m[31m[1m^[22m
[39m[31m[1m^[22m[39m
[31m[1m^[22m[39m[31
m[1m^[22m[39m[31m[1
m^[22m[39m[31m[1m^[
22m[39m[31m[1m^[22m
[39m[31m[1m^[22m[39m
[31m[1m^[22m[39m[31
m[1m^[22m[39m[31m[1
m^[22m[39m[31m[1m^[
22m[39m[31m[1m^[22m
[39m[31m[1m^[22m[39m
 [90m 3 |[39m 
[36mimport[39m { 
useTranslations } 
[36mfrom[39m 
[32m'next-intl'[39m
 [90m 4 |[39m 
[36mimport[39m 
[33mReact[39m 
[36mfrom[39m 
[32m'react'[39m
 [90m 5 |[39m[0m



https://nextjs.org/docs/
messages/module-not-foun
d


./src/app/[locale]/compl
aints/page.jsx:2:1
Module not found: Can't 
resolve '@/components/sh
ared/custom-breadcrumbs'
[0m [90m 1 |[39m 
[36mimport[39m [33mCo
mplaintsForm[39m 
[36mfrom[39m [32m'@/c
omponents/shared/complai
nts-form'[39m
[31m[1m>[22m[39m[90
m 2 |[39m 
[36mimport[39m [33mCu
stomBreadcrumbs[39m 
[36mfrom[39m [32m'@/c
omponents/shared/custom-
breadcrumbs'[39m
 [90m   |[39m [31m[1
m^[22m[39m[31m[1m^[
22m[39m[31m[1m^[22m
[39m[31m[1m^[22m[39m
[31m[1m^[22m[39m[31
m[1m^[22m[39m[31m[1
m^[22m[39m[31m[1m^[
22m[39m[31m[1m^[22m
[39m[31m[1m^[22m[39m
[31m[1m^[22m[39m[31
m[1m^[22m[39m[31m[1
m^[22m[39m[31m[1m^[
22m[39m[31m[1m^[22m
[39m[31m[1m^[22m[39m
[31m[1m^[22m[39m[31
m[1m^[22m[39m[31m[1
m^[22m[39m[31m[1m^[
22m[39m[31m[1m^[22m
[39m[31m[1m^[22m[39m
[31m[1m^[22m[39m[31
m[1m^[22m[39m[31m[1
m^[22m[39m[31m[1m^[
22m[39m[31m[1m^[22m
[39m[31m[1m^[22m[39m
[31m[1m^[22m[39m[31
m[1m^[22m[39m[31m[1
m^[22m[39m[31m[1m^[
22m[39m[31m[1m^[22m
[39m[31m[1m^[22m[39m
[31m[1m^[22m[39m[31
m[1m^[22m[39m[31m[1
m^[22m[39m[31m[1m^[
22m[39m[31m[1m^[22m
[39m[31m[1m^[22m[39m
[31m[1m^[22m[39m[31
m[1m^[22m[39m[31m[1
m^[22m[39m[31m[1m^[
22m[39m[31m[1m^[22m
[39m[31m[1m^[22m[39m
[31m[1m^[22m[39m[31
m[1m^[22m[39m[31m[1
m^[22m[39m[31m[1m^[
22m[39m[31m[1m^[22m
[39m[31m[1m^[22m[39m
[31m[1m^[22m[39m[31
m[1m^[22m[39m[31m[1
m^[22m[39m[31m[1m^[
22m[39m[31m[1m^[22m
[39m[31m[1m^[22m[39m
[31m[1m^[22m[39m[31
m[1m^[22m[39m[31m[1
m^[22m[39m[31m[1m^[
22m[39m[31m[1m^[22m
[39m[31m[1m^[22m[39m
[31m[1m^[22m[39m[31
m[1m^[22m[39m[31m[1
m^[22m[39m[31m[1m^[
22m[39m[31m[1m^[22m
[39m[31m[1m^[22m[39m
 [90m 3 |[39m 
[36mimport[39m { 
useTranslations } 
[36mfrom[39m 
[32m'next-intl'[39m
 [90m 4 |[39m 
[36mimport[39m 
[33mReact[39m 
[36mfrom[39m 
[32m'react'[39m
 [90m 5 |[39m[0m



https://nextjs.org/docs/
messages/module-not-foun
d


./src/app/[locale]/deals
/[id]/page.jsx:2:1
Module not found: Can't 
resolve '@/components/sh
ared/custom-breadcrumbs'
[0m [90m 1 |[39m 
[32m"use 
client"[39m[33m;[39m
[31m[1m>[22m[39m[90
m 2 |[39m 
[36mimport[39m [33mCu
stomBreadcrumbs[39m 
[36mfrom[39m [32m"@/c
omponents/shared/custom-
breadcrumbs"[39m[33m;
[39m
 [90m   |[39m [31m[1
m^[22m[39m[31m[1m^[
22m[39m[31m[1m^[22m
[39m[31m[1m^[22m[39m
[31m[1m^[22m[39m[31
m[1m^[22m[39m[31m[1
m^[22m[39m[31m[1m^[
22m[39m[31m[1m^[22m
[39m[31m[1m^[22m[39m
[31m[1m^[22m[39m[31
m[1m^[22m[39m[31m[1
m^[22m[39m[31m[1m^[
22m[39m[31m[1m^[22m
[39m[31m[1m^[22m[39m
[31m[1m^[22m[39m[31
m[1m^[22m[39m[31m[1
m^[22m[39m[31m[1m^[
22m[39m[31m[1m^[22m
[39m[31m[1m^[22m[39m
[31m[1m^[22m[39m[31
m[1m^[22m[39m[31m[1
m^[22m[39m[31m[1m^[
22m[39m[31m[1m^[22m
[39m[31m[1m^[22m[39m
[31m[1m^[22m[39m[31
m[1m^[22m[39m[31m[1
m^[22m[39m[31m[1m^[
22m[39m[31m[1m^[22m
[39m[31m[1m^[22m[39m
[31m[1m^[22m[39m[31
m[1m^[22m[39m[31m[1
m^[22m[39m[31m[1m^[
22m[39m[31m[1m^[22m
[39m[31m[1m^[22m[39m
[31m[1m^[22m[39m[31
m[1m^[22m[39m[31m[1
m^[22m[39m[31m[1m^[
22m[39m[31m[1m^[22m
[39m[31m[1m^[22m[39m
[31m[1m^[22m[39m[31
m[1m^[22m[39m[31m[1
m^[22m[39m[31m[1m^[
22m[39m[31m[1m^[22m
[39m[31m[1m^[22m[39m
[31m[1m^[22m[39m[31
m[1m^[22m[39m[31m[1
m^[22m[39m[31m[1m^[
22m[39m[31m[1m^[22m
[39m[31m[1m^[22m[39m
[31m[1m^[22m[39m[31
m[1m^[22m[39m[31m[1
m^[22m[39m[31m[1m^[
22m[39m[31m[1m^[22m
[39m[31m[1m^[22m[39m
[31m[1m^[22m[39m[31
m[1m^[22m[39m[31m[1
m^[22m[39m[31m[1m^[
22m[39m[31m[1m^[22m
[39m[31m[1m^[22m[39m
[31m[1m^[22m[39m
 [90m 3 |[39m 
[36mimport[39m { [33m
Card[39m[33m,[39m 
[33mCardContent[39m } 
[36mfrom[39m [32m"@/c
omponents/ui/card"[39m
[33m;[39m
 [90m 4 |[39m 
[36mimport[39m {
 [90m 5 |[39m   [33mF
aMoneyBillWave[39m[33m
,[39m[0m



https://nextjs.org/docs/
messages/module-not-foun
d


./src/app/[locale]/deals
/[id]/page.jsx:2:1
Module not found: Can't 
resolve '@/components/sh
ared/custom-breadcrumbs'
[0m [90m 1 |[39m 
[32m"use 
client"[39m[33m;[39m
[31m[1m>[22m[39m[90
m 2 |[39m 
[36mimport[39m [33mCu
stomBreadcrumbs[39m 
[36mfrom[39m [32m"@/c
omponents/shared/custom-
breadcrumbs"[39m[33m;
[39m
 [90m   |[39m [31m[1
m^[22m[39m[31m[1m^[
22m[39m[31m[1m^[22m
[39m[31m[1m^[22m[39m
[31m[1m^[22m[39m[31
m[1m^[22m[39m[31m[1
m^[22m[39m[31m[1m^[
22m[39m[31m[1m^[22m
[39m[31m[1m^[22m[39m
[31m[1m^[22m[39m[31
m[1m^[22m[39m[31m[1
m^[22m[39m[31m[1m^[
22m[39m[31m[1m^[22m
[39m[31m[1m^[22m[39m
[31m[1m^[22m[39m[31
m[1m^[22m[39m[31m[1
m^[22m[39m[31m[1m^[
22m[39m[31m[1m^[22m
[39m[31m[1m^[22m[39m
[31m[1m^[22m[39m[31
m[1m^[22m[39m[31m[1
m^[22m[39m[31m[1m^[
22m[39m[31m[1m^[22m
[39m[31m[1m^[22m[39m
[31m[1m^[22m[39m[31
m[1m^[22m[39m[31m[1
m^[22m[39m[31m[1m^[
22m[39m[31m[1m^[22m
[39m[31m[1m^[22m[39m
[31m[1m^[22m[39m[31
m[1m^[22m[39m[31m[1
m^[22m[39m[31m[1m^[
22m[39m[31m[1m^[22m
[39m[31m[1m^[22m[39m
[31m[1m^[22m[39m[31
m[1m^[22m[39m[31m[1
m^[22m[39m[31m[1m^[
22m[39m[31m[1m^[22m
[39m[31m[1m^[22m[39m
[31m[1m^[22m[39m[31
m[1m^[22m[39m[31m[1
m^[22m[39m[31m[1m^[
22m[39m[31m[1m^[22m
[39m[31m[1m^[22m[39m
[31m[1m^[22m[39m[31
m[1m^[22m[39m[31m[1
m^[22m[39m[31m[1m^[
22m[39m[31m[1m^[22m
[39m[31m[1m^[22m[39m
[31m[1m^[22m[39m[31
m[1m^[22m[39m[31m[1
m^[22m[39m[31m[1m^[
22m[39m[31m[1m^[22m
[39m[31m[1m^[22m[39m
[31m[1m^[22m[39m[31
m[1m^[22m[39m[31m[1
m^[22m[39m[31m[1m^[
22m[39m[31m[1m^[22m
[39m[31m[1m^[22m[39m
[31m[1m^[22m[39m
 [90m 3 |[39m 
[36mimport[39m { [33m
Card[39m[33m,[39m 
[33mCardContent[39m } 
[36mfrom[39m [32m"@/c
omponents/ui/card"[39m
[33m;[39m
 [90m 4 |[39m 
[36mimport[39m {
 [90m 5 |[39m   [33mF
aMoneyBillWave[39m[33m
,[39m[0m



https://nextjs.org/docs/
messages/module-not-foun
d


./src/app/[locale]/deals
/[id]/page.jsx:2:1
Module not found: Can't 
resolve '@/components/sh
ared/custom-breadcrumbs'
[0m [90m 1 |[39m 
[32m"use 
client"[39m[33m;[39m
[31m[1m>[22m[39m[90
m 2 |[39m 
[36mimport[39m [33mCu
stomBreadcrumbs[39m 
[36mfrom[39m [32m"@/c
omponents/shared/custom-
breadcrumbs"[39m[33m;
[39m
 [90m   |[39m [31m[1
m^[22m[39m[31m[1m^[
22m[39m[31m[1m^[22m
[39m[31m[1m^[22m[39m
[31m[1m^[22m[39m[31
m[1m^[22m[39m[31m[1
m^[22m[39m[31m[1m^[
22m[39m[31m[1m^[22m
[39m[31m[1m^[22m[39m
[31m[1m^[22m[39m[31
m[1m^[22m[39m[31m[1
m^[22m[39m[31m[1m^[
22m[39m[31m[1m^[22m
[39m[31m[1m^[22m[39m
[31m[1m^[22m[39m[31
m[1m^[22m[39m[31m[1
m^[22m[39m[31m[1m^[
22m[39m[31m[1m^[22m
[39m[31m[1m^[22m[39m
[31m[1m^[22m[39m[31
m[1m^[22m[39m[31m[1
m^[22m[39m[31m[1m^[
22m[39m[31m[1m^[22m
[39m[31m[1m^[22m[39m
[31m[1m^[22m[39m[31
m[1m^[22m[39m[31m[1
m^[22m[39m[31m[1m^[
22m[39m[31m[1m^[22m
[39m[31m[1m^[22m[39m
[31m[1m^[22m[39m[31
m[1m^[22m[39m[31m[1
m^[22m[39m[31m[1m^[
22m[39m[31m[1m^[22m
[39m[31m[1m^[22m[39m
[31m[1m^[22m[39m[31
m[1m^[22m[39m[31m[1
m^[22m[39m[31m[1m^[
22m[39m[31m[1m^[22m
[39m[31m[1m^[22m[39m
[31m[1m^[22m[39m[31
m[1m^[22m[39m[31m[1
m^[22m[39m[31m[1m^[
22m[39m[31m[1m^[22m
[39m[31m[1m^[22m[39m
[31m[1m^[22m[39m[31
m[1m^[22m[39m[31m[1
m^[22m[39m[31m[1m^[
22m[39m[31m[1m^[22m
[39m[31m[1m^[22m[39m
[31m[1m^[22m[39m[31
m[1m^[22m[39m[31m[1
m^[22m[39m[31m[1m^[
22m[39m[31m[1m^[22m
[39m[31m[1m^[22m[39m
[31m[1m^[22m[39m[31
m[1m^[22m[39m[31m[1
m^[22m[39m[31m[1m^[
22m[39m[31m[1m^[22m
[39m[31m[1m^[22m[39m
[31m[1m^[22m[39m
 [90m 3 |[39m 
[36mimport[39m { [33m
Card[39m[33m,[39m 
[33mCardContent[39m } 
[36mfrom[39m [32m"@/c
omponents/ui/card"[39m
[33m;[39m
 [90m 4 |[39m 
[36mimport[39m {
 [90m 5 |[39m   [33mF
aMoneyBillWave[39m[33m
,[39m[0m



https://nextjs.org/docs/
messages/module-not-foun
d


./src/app/[locale]/deals
/[id]/page.jsx:2:1
Module not found: Can't 
resolve '@/components/sh
ared/custom-breadcrumbs'
[0m [90m 1 |[39m 
[32m"use 
client"[39m[33m;[39m
[31m[1m>[22m[39m[90
m 2 |[39m 
[36mimport[39m [33mCu
stomBreadcrumbs[39m 
[36mfrom[39m [32m"@/c
omponents/shared/custom-
breadcrumbs"[39m[33m;
[39m
 [90m   |[39m [31m[1
m^[22m[39m[31m[1m^[
22m[39m[31m[1m^[22m
[39m[31m[1m^[22m[39m
[31m[1m^[22m[39m[31
m[1m^[22m[39m[31m[1
m^[22m[39m[31m[1m^[
22m[39m[31m[1m^[22m
[39m[31m[1m^[22m[39m
[31m[1m^[22m[39m[31
m[1m^[22m[39m[31m[1
m^[22m[39m[31m[1m^[
22m[39m[31m[1m^[22m
[39m[31m[1m^[22m[39m
[31m[1m^[22m[39m[31
m[1m^[22m[39m[31m[1
m^[22m[39m[31m[1m^[
22m[39m[31m[1m^[22m
[39m[31m[1m^[22m[39m
[31m[1m^[22m[39m[31
m[1m^[22m[39m[31m[1
m^[22m[39m[31m[1m^[
22m[39m[31m[1m^[22m
[39m[31m[1m^[22m[39m
[31m[1m^[22m[39m[31
m[1m^[22m[39m[31m[1
m^[22m[39m[31m[1m^[
22m[39m[31m[1m^[22m
[39m[31m[1m^[22m[39m
[31m[1m^[22m[39m[31
m[1m^[22m[39m[31m[1
m^[22m[39m[31m[1m^[
22m[39m[31m[1m^[22m
[39m[31m[1m^[22m[39m
[31m[1m^[22m[39m[31
m[1m^[22m[39m[31m[1
m^[22m[39m[31m[1m^[
22m[39m[31m[1m^[22m
[39m[31m[1m^[22m[39m
[31m[1m^[22m[39m[31
m[1m^[22m[39m[31m[1
m^[22m[39m[31m[1m^[
22m[39m[31m[1m^[22m
[39m[31m[1m^[22m[39m
[31m[1m^[22m[39m[31
m[1m^[22m[39m[31m[1
m^[22m[39m[31m[1m^[
22m[39m[31m[1m^[22m
[39m[31m[1m^[22m[39m
[31m[1m^[22m[39m[31
m[1m^[22m[39m[31m[1
m^[22m[39m[31m[1m^[
22m[39m[31m[1m^[22m
[39m[31m[1m^[22m[39m
[31m[1m^[22m[39m[31
m[1m^[22m[39m[31m[1
m^[22m[39m[31m[1m^[
22m[39m[31m[1m^[22m
[39m[31m[1m^[22m[39m
[31m[1m^[22m[39m
 [90m 3 |[39m 
[36mimport[39m { [33m
Card[39m[33m,[39m 
[33mCardContent[39m } 
[36mfrom[39m [32m"@/c
omponents/ui/card"[39m
[33m;[39m
 [90m 4 |[39m 
[36mimport[39m {
 [90m 5 |[39m   [33mF
aMoneyBillWave[39m[33m
,[39m[0m



https://nextjs.org/docs/
messages/module-not-foun
d


./src/app/[locale]/deals
/page.jsx:2:1
Module not found: Can't 
resolve '@/components/sh
ared/custom-breadcrumbs'
[0m [90m 1 |[39m 
[32m"use 
client"[39m[33m;[39m
[31m[1m>[22m[39m[90
m 2 |[39m 
[36mimport[39m [33mCu
stomBreadcrumbs[39m 
[36mfrom[39m [32m"@/c
omponents/shared/custom-
breadcrumbs"[39m[33m;
[39m
 [90m   |[39m [31m[1
m^[22m[39m[31m[1m^[
22m[39m[31m[1m^[22m
[39m[31m[1m^[22m[39m
[31m[1m^[22m[39m[31
m[1m^[22m[39m[31m[1
m^[22m[39m[31m[1m^[
22m[39m[31m[1m^[22m
[39m[31m[1m^[22m[39m
[31m[1m^[22m[39m[31
m[1m^[22m[39m[31m[1
m^[22m[39m[31m[1m^[
22m[39m[31m[1m^[22m
[39m[31m[1m^[22m[39m
[31m[1m^[22m[39m[31
m[1m^[22m[39m[31m[1
m^[22m[39m[31m[1m^[
22m[39m[31m[1m^[22m
[39m[31m[1m^[22m[39m
[31m[1m^[22m[39m[31
m[1m^[22m[39m[31m[1
m^[22m[39m[31m[1m^[
22m[39m[31m[1m^[22m
[39m[31m[1m^[22m[39m
[31m[1m^[22m[39m[31
m[1m^[22m[39m[31m[1
m^[22m[39m[31m[1m^[
22m[39m[31m[1m^[22m
[39m[31m[1m^[22m[39m
[31m[1m^[22m[39m[31
m[1m^[22m[39m[31m[1
m^[22m[39m[31m[1m^[
22m[39m[31m[1m^[22m
[39m[31m[1m^[22m[39m
[31m[1m^[22m[39m[31
m[1m^[22m[39m[31m[1
m^[22m[39m[31m[1m^[
22m[39m[31m[1m^[22m
[39m[31m[1m^[22m[39m
[31m[1m^[22m[39m[31
m[1m^[22m[39m[31m[1
m^[22m[39m[31m[1m^[
22m[39m[31m[1m^[22m
[39m[31m[1m^[22m[39m
[31m[1m^[22m[39m[31
m[1m^[22m[39m[31m[1
m^[22m[39m[31m[1m^[
22m[39m[31m[1m^[22m
[39m[31m[1m^[22m[39m
[31m[1m^[22m[39m[31
m[1m^[22m[39m[31m[1
m^[22m[39m[31m[1m^[
22m[39m[31m[1m^[22m
[39m[31m[1m^[22m[39m
[31m[1m^[22m[39m[31
m[1m^[22m[39m[31m[1
m^[22m[39m[31m[1m^[
22m[39m[31m[1m^[22m
[39m[31m[1m^[22m[39m
[31m[1m^[22m[39m
 [90m 3 |[39m 
[36mimport[39m [33mRe
act[39m[33m,[39m { 
useEffect[33m,[39m 
useState } 
[36mfrom[39m [32m"rea
ct"[39m[33m;[39m
 [90m 4 |[39m 
[36mimport[39m { [33m
Tabs[39m[33m,[39m [3
3mTabsContent[39m[33m,
[39m [33mTabsList[39m
[33m,[39m 
[33mTabsTrigger[39m } 
[36mfrom[39m [32m"@/c
omponents/ui/tabs"[39m
[33m;[39m
 [90m 5 |[39m 
[36mimport[39m { 
[33mInput[39m } 
[36mfrom[39m [32m"@/c
omponents/ui/input"[39m
[33m;[39m[0m



https://nextjs.org/docs/
messages/module-not-foun
d


./src/app/[locale]/deals
/page.jsx:2:1
Module not found: Can't 
resolve '@/components/sh
ared/custom-breadcrumbs'
[0m [90m 1 |[39m 
[32m"use 
client"[39m[33m;[39m
[31m[1m>[22m[39m[90
m 2 |[39m 
[36mimport[39m [33mCu
stomBreadcrumbs[39m 
[36mfrom[39m [32m"@/c
omponents/shared/custom-
breadcrumbs"[39m[33m;
[39m
 [90m   |[39m [31m[1
m^[22m[39m[31m[1m^[
22m[39m[31m[1m^[22m
[39m[31m[1m^[22m[39m
[31m[1m^[22m[39m[31
m[1m^[22m[39m[31m[1
m^[22m[39m[31m[1m^[
22m[39m[31m[1m^[22m
[39m[31m[1m^[22m[39m
[31m[1m^[22m[39m[31
m[1m^[22m[39m[31m[1
m^[22m[39m[31m[1m^[
22m[39m[31m[1m^[22m
[39m[31m[1m^[22m[39m
[31m[1m^[22m[39m[31
m[1m^[22m[39m[31m[1
m^[22m[39m[31m[1m^[
22m[39m[31m[1m^[22m
[39m[31m[1m^[22m[39m
[31m[1m^[22m[39m[31
m[1m^[22m[39m[31m[1
m^[22m[39m[31m[1m^[
22m[39m[31m[1m^[22m
[39m[31m[1m^[22m[39m
[31m[1m^[22m[39m[31
m[1m^[22m[39m[31m[1
m^[22m[39m[31m[1m^[
22m[39m[31m[1m^[22m
[39m[31m[1m^[22m[39m
[31m[1m^[22m[39m[31
m[1m^[22m[39m[31m[1
m^[22m[39m[31m[1m^[
22m[39m[31m[1m^[22m
[39m[31m[1m^[22m[39m
[31m[1m^[22m[39m[31
m[1m^[22m[39m[31m[1
m^[22m[39m[31m[1m^[
22m[39m[31m[1m^[22m
[39m[31m[1m^[22m[39m
[31m[1m^[22m[39m[31
m[1m^[22m[39m[31m[1
m^[22m[39m[31m[1m^[
22m[39m[31m[1m^[22m
[39m[31m[1m^[22m[39m
[31m[1m^[22m[39m[31
m[1m^[22m[39m[31m[1
m^[22m[39m[31m[1m^[
22m[39m[31m[1m^[22m
[39m[31m[1m^[22m[39m
[31m[1m^[22m[39m[31
m[1m^[22m[39m[31m[1
m^[22m[39m[31m[1m^[
22m[39m[31m[1m^[22m
[39m[31m[1m^[22m[39m
[31m[1m^[22m[39m[31
m[1m^[22m[39m[31m[1
m^[22m[39m[31m[1m^[
22m[39m[31m[1m^[22m
[39m[31m[1m^[22m[39m
[31m[1m^[22m[39m
 [90m 3 |[39m 
[36mimport[39m [33mRe
act[39m[33m,[39m { 
useEffect[33m,[39m 
useState } 
[36mfrom[39m [32m"rea
ct"[39m[33m;[39m
 [90m 4 |[39m 
[36mimport[39m { [33m
Tabs[39m[33m,[39m [3
3mTabsContent[39m[33m,
[39m [33mTabsList[39m
[33m,[39m 
[33mTabsTrigger[39m } 
[36mfrom[39m [32m"@/c
omponents/ui/tabs"[39m
[33m;[39m
 [90m 5 |[39m 
[36mimport[39m { 
[33mInput[39m } 
[36mfrom[39m [32m"@/c
omponents/ui/input"[39m
[33m;[39m[0m



https://nextjs.org/docs/
messages/module-not-foun
d


./src/app/[locale]/deals
/page.jsx:2:1
Module not found: Can't 
resolve '@/components/sh
ared/custom-breadcrumbs'
[0m [90m 1 |[39m 
[32m"use 
client"[39m[33m;[39m
[31m[1m>[22m[39m[90
m 2 |[39m 
[36mimport[39m [33mCu
stomBreadcrumbs[39m 
[36mfrom[39m [32m"@/c
omponents/shared/custom-
breadcrumbs"[39m[33m;
[39m
 [90m   |[39m [31m[1
m^[22m[39m[31m[1m^[
22m[39m[31m[1m^[22m
[39m[31m[1m^[22m[39m
[31m[1m^[22m[39m[31
m[1m^[22m[39m[31m[1
m^[22m[39m[31m[1m^[
22m[39m[31m[1m^[22m
[39m[31m[1m^[22m[39m
[31m[1m^[22m[39m[31
m[1m^[22m[39m[31m[1
m^[22m[39m[31m[1m^[
22m[39m[31m[1m^[22m
[39m[31m[1m^[22m[39m
[31m[1m^[22m[39m[31
m[1m^[22m[39m[31m[1
m^[22m[39m[31m[1m^[
22m[39m[31m[1m^[22m
[39m[31m[1m^[22m[39m
[31m[1m^[22m[39m[31
m[1m^[22m[39m[31m[1
m^[22m[39m[31m[1m^[
22m[39m[31m[1m^[22m
[39m[31m[1m^[22m[39m
[31m[1m^[22m[39m[31
m[1m^[22m[39m[31m[1
m^[22m[39m[31m[1m^[
22m[39m[31m[1m^[22m
[39m[31m[1m^[22m[39m
[31m[1m^[22m[39m[31
m[1m^[22m[39m[31m[1
m^[22m[39m[31m[1m^[
22m[39m[31m[1m^[22m
[39m[31m[1m^[22m[39m
[31m[1m^[22m[39m[31
m[1m^[22m[39m[31m[1
m^[22m[39m[31m[1m^[
22m[39m[31m[1m^[22m
[39m[31m[1m^[22m[39m
[31m[1m^[22m[39m[31
m[1m^[22m[39m[31m[1
m^[22m[39m[31m[1m^[
22m[39m[31m[1m^[22m
[39m[31m[1m^[22m[39m
[31m[1m^[22m[39m[31
m[1m^[22m[39m[31m[1
m^[22m[39m[31m[1m^[
22m[39m[31m[1m^[22m
[39m[31m[1m^[22m[39m
[31m[1m^[22m[39m[31
m[1m^[22m[39m[31m[1
m^[22m[39m[31m[1m^[
22m[39m[31m[1m^[22m
[39m[31m[1m^[22m[39m
[31m[1m^[22m[39m[31
m[1m^[22m[39m[31m[1
m^[22m[39m[31m[1m^[
22m[39m[31m[1m^[22m
[39m[31m[1m^[22m[39m
[31m[1m^[22m[39m
 [90m 3 |[39m 
[36mimport[39m [33mRe
act[39m[33m,[39m { 
useEffect[33m,[39m 
useState } 
[36mfrom[39m [32m"rea
ct"[39m[33m;[39m
 [90m 4 |[39m 
[36mimport[39m { [33m
Tabs[39m[33m,[39m [3
3mTabsContent[39m[33m,
[39m [33mTabsList[39m
[33m,[39m 
[33mTabsTrigger[39m } 
[36mfrom[39m [32m"@/c
omponents/ui/tabs"[39m
[33m;[39m
 [90m 5 |[39m 
[36mimport[39m { 
[33mInput[39m } 
[36mfrom[39m [32m"@/c
omponents/ui/input"[39m
[33m;[39m[0m



https://nextjs.org/docs/
messages/module-not-foun
d


./src/app/[locale]/deals
/page.jsx:2:1
Module not found: Can't 
resolve '@/components/sh
ared/custom-breadcrumbs'
[0m [90m 1 |[39m 
[32m"use 
client"[39m[33m;[39m
[31m[1m>[22m[39m[90
m 2 |[39m 
[36mimport[39m [33mCu
stomBreadcrumbs[39m 
[36mfrom[39m [32m"@/c
omponents/shared/custom-
breadcrumbs"[39m[33m;
[39m
 [90m   |[39m [31m[1
m^[22m[39m[31m[1m^[
22m[39m[31m[1m^[22m
[39m[31m[1m^[22m[39m
[31m[1m^[22m[39m[31
m[1m^[22m[39m[31m[1
m^[22m[39m[31m[1m^[
22m[39m[31m[1m^[22m
[39m[31m[1m^[22m[39m
[31m[1m^[22m[39m[31
m[1m^[22m[39m[31m[1
m^[22m[39m[31m[1m^[
22m[39m[31m[1m^[22m
[39m[31m[1m^[22m[39m
[31m[1m^[22m[39m[31
m[1m^[22m[39m[31m[1
m^[22m[39m[31m[1m^[
22m[39m[31m[1m^[22m
[39m[31m[1m^[22m[39m
[31m[1m^[22m[39m[31
m[1m^[22m[39m[31m[1
m^[22m[39m[31m[1m^[
22m[39m[31m[1m^[22m
[39m[31m[1m^[22m[39m
[31m[1m^[22m[39m[31
m[1m^[22m[39m[31m[1
m^[22m[39m[31m[1m^[
22m[39m[31m[1m^[22m
[39m[31m[1m^[22m[39m
[31m[1m^[22m[39m[31
m[1m^[22m[39m[31m[1
m^[22m[39m[31m[1m^[
22m[39m[31m[1m^[22m
[39m[31m[1m^[22m[39m
[31m[1m^[22m[39m[31
m[1m^[22m[39m[31m[1
m^[22m[39m[31m[1m^[
22m[39m[31m[1m^[22m
[39m[31m[1m^[22m[39m
[31m[1m^[22m[39m[31
m[1m^[22m[39m[31m[1
m^[22m[39m[31m[1m^[
22m[39m[31m[1m^[22m
[39m[31m[1m^[22m[39m
[31m[1m^[22m[39m[31
m[1m^[22m[39m[31m[1
m^[22m[39m[31m[1m^[
22m[39m[31m[1m^[22m
[39m[31m[1m^[22m[39m
[31m[1m^[22m[39m[31
m[1m^[22m[39m[31m[1
m^[22m[39m[31m[1m^[
22m[39m[31m[1m^[22m
[39m[31m[1m^[22m[39m
[31m[1m^[22m[39m[31
m[1m^[22m[39m[31m[1
m^[22m[39m[31m[1m^[
22m[39m[31m[1m^[22m
[39m[31m[1m^[22m[39m
[31m[1m^[22m[39m
 [90m 3 |[39m 
[36mimport[39m [33mRe
act[39m[33m,[39m { 
useEffect[33m,[39m 
useState } 
[36mfrom[39m [32m"rea
ct"[39m[33m;[39m
 [90m 4 |[39m 
[36mimport[39m { [33m
Tabs[39m[33m,[39m [3
3mTabsContent[39m[33m,
[39m [33mTabsList[39m
[33m,[39m 
[33mTabsTrigger[39m } 
[36mfrom[39m [32m"@/c
omponents/ui/tabs"[39m
[33m;[39m
 [90m 5 |[39m 
[36mimport[39m { 
[33mInput[39m } 
[36mfrom[39m [32m"@/c
omponents/ui/input"[39m
[33m;[39m[0m



https://nextjs.org/docs/
messages/module-not-foun
d


./src/app/[locale]/estat
s/[slug]/page.jsx:4:1
Module not found: Can't 
resolve '@/components/sh
ared/custom-breadcrumbs'
[0m [90m 2 |[39m 
[36mimport[39m { 
notFound } 
[36mfrom[39m [32m"nex
t/navigation"[39m[33m;
[39m
 [90m 3 |[39m 
[36mimport[39m { 
getLocale[33m,[39m 
getTranslations } 
[36mfrom[39m [32m"nex
t-intl/server"[39m[33m
;[39m
[31m[1m>[22m[39m[90
m 4 |[39m 
[36mimport[39m [33mCu
stomBreadcrumbs[39m 
[36mfrom[39m [32m"@/c
omponents/shared/custom-
breadcrumbs"[39m[33m;
[39m
 [90m   |[39m [31m[1
m^[22m[39m[31m[1m^[
22m[39m[31m[1m^[22m
[39m[31m[1m^[22m[39m
[31m[1m^[22m[39m[31
m[1m^[22m[39m[31m[1
m^[22m[39m[31m[1m^[
22m[39m[31m[1m^[22m
[39m[31m[1m^[22m[39m
[31m[1m^[22m[39m[31
m[1m^[22m[39m[31m[1
m^[22m[39m[31m[1m^[
22m[39m[31m[1m^[22m
[39m[31m[1m^[22m[39m
[31m[1m^[22m[39m[31
m[1m^[22m[39m[31m[1
m^[22m[39m[31m[1m^[
22m[39m[31m[1m^[22m
[39m[31m[1m^[22m[39m
[31m[1m^[22m[39m[31
m[1m^[22m[39m[31m[1
m^[22m[39m[31m[1m^[
22m[39m[31m[1m^[22m
[39m[31m[1m^[22m[39m
[31m[1m^[22m[39m[31
m[1m^[22m[39m[31m[1
m^[22m[39m[31m[1m^[
22m[39m[31m[1m^[22m
[39m[31m[1m^[22m[39m
[31m[1m^[22m[39m[31
m[1m^[22m[39m[31m[1
m^[22m[39m[31m[1m^[
22m[39m[31m[1m^[22m
[39m[31m[1m^[22m[39m
[31m[1m^[22m[39m[31
m[1m^[22m[39m[31m[1
m^[22m[39m[31m[1m^[
22m[39m[31m[1m^[22m
[39m[31m[1m^[22m[39m
[31m[1m^[22m[39m[31
m[1m^[22m[39m[31m[1
m^[22m[39m[31m[1m^[
22m[39m[31m[1m^[22m
[39m[31m[1m^[22m[39m
[31m[1m^[22m[39m[31
m[1m^[22m[39m[31m[1
m^[22m[39m[31m[1m^[
22m[39m[31m[1m^[22m
[39m[31m[1m^[22m[39m
[31m[1m^[22m[39m[31
m[1m^[22m[39m[31m[1
m^[22m[39m[31m[1m^[
22m[39m[31m[1m^[22m
[39m[31m[1m^[22m[39m
[31m[1m^[22m[39m[31
m[1m^[22m[39m[31m[1
m^[22m[39m[31m[1m^[
22m[39m[31m[1m^[22m
[39m[31m[1m^[22m[39m
[31m[1m^[22m[39m
 [90m 5 |[39m 
[36mimport[39m { [33m
PiBathtub[39m[33m,[39
m [33mPiPhoneCallLight
[39m } [36mfrom[39m [
32m"react-icons/pi"[39m
[33m;[39m
 [90m 6 |[39m 
[36mimport[39m {
 [90m 7 |[39m   [33mM
dOutlineBed[39m[33m,[
39m[0m



https://nextjs.org/docs/
messages/module-not-foun
d


./src/app/[locale]/estat
s/[slug]/page.jsx:4:1
Module not found: Can't 
resolve '@/components/sh
ared/custom-breadcrumbs'
[0m [90m 2 |[39m 
[36mimport[39m { 
notFound } 
[36mfrom[39m [32m"nex
t/navigation"[39m[33m;
[39m
 [90m 3 |[39m 
[36mimport[39m { 
getLocale[33m,[39m 
getTranslations } 
[36mfrom[39m [32m"nex
t-intl/server"[39m[33m
;[39m
[31m[1m>[22m[39m[90
m 4 |[39m 
[36mimport[39m [33mCu
stomBreadcrumbs[39m 
[36mfrom[39m [32m"@/c
omponents/shared/custom-
breadcrumbs"[39m[33m;
[39m
 [90m   |[39m [31m[1
m^[22m[39m[31m[1m^[
22m[39m[31m[1m^[22m
[39m[31m[1m^[22m[39m
[31m[1m^[22m[39m[31
m[1m^[22m[39m[31m[1
m^[22m[39m[31m[1m^[
22m[39m[31m[1m^[22m
[39m[31m[1m^[22m[39m
[31m[1m^[22m[39m[31
m[1m^[22m[39m[31m[1
m^[22m[39m[31m[1m^[
22m[39m[31m[1m^[22m
[39m[31m[1m^[22m[39m
[31m[1m^[22m[39m[31
m[1m^[22m[39m[31m[1
m^[22m[39m[31m[1m^[
22m[39m[31m[1m^[22m
[39m[31m[1m^[22m[39m
[31m[1m^[22m[39m[31
m[1m^[22m[39m[31m[1
m^[22m[39m[31m[1m^[
22m[39m[31m[1m^[22m
[39m[31m[1m^[22m[39m
[31m[1m^[22m[39m[31
m[1m^[22m[39m[31m[1
m^[22m[39m[31m[1m^[
22m[39m[31m[1m^[22m
[39m[31m[1m^[22m[39m
[31m[1m^[22m[39m[31
m[1m^[22m[39m[31m[1
m^[22m[39m[31m[1m^[
22m[39m[31m[1m^[22m
[39m[31m[1m^[22m[39m
[31m[1m^[22m[39m[31
m[1m^[22m[39m[31m[1
m^[22m[39m[31m[1m^[
22m[39m[31m[1m^[22m
[39m[31m[1m^[22m[39m
[31m[1m^[22m[39m[31
m[1m^[22m[39m[31m[1
m^[22m[39m[31m[1m^[
22m[39m[31m[1m^[22m
[39m[31m[1m^[22m[39m
[31m[1m^[22m[39m[31
m[1m^[22m[39m[31m[1
m^[22m[39m[31m[1m^[
22m[39m[31m[1m^[22m
[39m[31m[1m^[22m[39m
[31m[1m^[22m[39m[31
m[1m^[22m[39m[31m[1
m^[22m[39m[31m[1m^[
22m[39m[31m[1m^[22m
[39m[31m[1m^[22m[39m
[31m[1m^[22m[39m[31
m[1m^[22m[39m[31m[1
m^[22m[39m[31m[1m^[
22m[39m[31m[1m^[22m
[39m[31m[1m^[22m[39m
[31m[1m^[22m[39m
 [90m 5 |[39m 
[36mimport[39m { [33m
PiBathtub[39m[33m,[39
m [33mPiPhoneCallLight
[39m } [36mfrom[39m [
32m"react-icons/pi"[39m
[33m;[39m
 [90m 6 |[39m 
[36mimport[39m {
 [90m 7 |[39m   [33mM
dOutlineBed[39m[33m,[
39m[0m



https://nextjs.org/docs/
messages/module-not-foun
d


./src/app/[locale]/estat
s/page.jsx:5:1
Module not found: Can't 
resolve '@/components/sh
ared/custom-breadcrumbs'
[0m [90m 3 |[39m 
[36mimport[39m { useSe
archParams[33m,[39m 
useRouter } 
[36mfrom[39m [32m"nex
t/navigation"[39m[33m;
[39m
 [90m 4 |[39m 
[36mimport[39m { 
useLocale } 
[36mfrom[39m [32m"nex
t-intl"[39m[33m;[39m
[31m[1m>[22m[39m[90
m 5 |[39m 
[36mimport[39m [33mCu
stomBreadcrumbs[39m 
[36mfrom[39m [32m"@/c
omponents/shared/custom-
breadcrumbs"[39m[33m;
[39m
 [90m   |[39m [31m[1
m^[22m[39m[31m[1m^[
22m[39m[31m[1m^[22m
[39m[31m[1m^[22m[39m
[31m[1m^[22m[39m[31
m[1m^[22m[39m[31m[1
m^[22m[39m[31m[1m^[
22m[39m[31m[1m^[22m
[39m[31m[1m^[22m[39m
[31m[1m^[22m[39m[31
m[1m^[22m[39m[31m[1
m^[22m[39m[31m[1m^[
22m[39m[31m[1m^[22m
[39m[31m[1m^[22m[39m
[31m[1m^[22m[39m[31
m[1m^[22m[39m[31m[1
m^[22m[39m[31m[1m^[
22m[39m[31m[1m^[22m
[39m[31m[1m^[22m[39m
[31m[1m^[22m[39m[31
m[1m^[22m[39m[31m[1
m^[22m[39m[31m[1m^[
22m[39m[31m[1m^[22m
[39m[31m[1m^[22m[39m
[31m[1m^[22m[39m[31
m[1m^[22m[39m[31m[1
m^[22m[39m[31m[1m^[
22m[39m[31m[1m^[22m
[39m[31m[1m^[22m[39m
[31m[1m^[22m[39m[31
m[1m^[22m[39m[31m[1
m^[22m[39m[31m[1m^[
22m[39m[31m[1m^[22m
[39m[31m[1m^[22m[39m
[31m[1m^[22m[39m[31
m[1m^[22m[39m[31m[1
m^[22m[39m[31m[1m^[
22m[39m[31m[1m^[22m
[39m[31m[1m^[22m[39m
[31m[1m^[22m[39m[31
m[1m^[22m[39m[31m[1
m^[22m[39m[31m[1m^[
22m[39m[31m[1m^[22m
[39m[31m[1m^[22m[39m
[31m[1m^[22m[39m[31
m[1m^[22m[39m[31m[1
m^[22m[39m[31m[1m^[
22m[39m[31m[1m^[22m
[39m[31m[1m^[22m[39m
[31m[1m^[22m[39m[31
m[1m^[22m[39m[31m[1
m^[22m[39m[31m[1m^[
22m[39m[31m[1m^[22m
[39m[31m[1m^[22m[39m
[31m[1m^[22m[39m[31
m[1m^[22m[39m[31m[1
m^[22m[39m[31m[1m^[
22m[39m[31m[1m^[22m
[39m[31m[1m^[22m[39m
[31m[1m^[22m[39m
 [90m 6 |[39m 
[36mimport[39m [33mEs
tateFilterPanel[39m 
[36mfrom[39m [32m"@/c
omponents/estates/estate
s-filter"[39m[33m;[39
m
 [90m 7 |[39m 
[36mimport[39m 
[33mEstatesGrid[39m 
[36mfrom[39m [32m"@/c
omponents/estates/estate
s-grid"[39m[33m;[39m
 [90m 8 |[39m 
[36mimport[39m { 
motion } [36mfrom[39m 
[32m"motion/react"[39m
[33m;[39m[0m



https://nextjs.org/docs/
messages/module-not-foun
d


./src/app/[locale]/estat
s/page.jsx:5:1
Module not found: Can't 
resolve '@/components/sh
ared/custom-breadcrumbs'
[0m [90m 3 |[39m 
[36mimport[39m { useSe
archParams[33m,[39m 
useRouter } 
[36mfrom[39m [32m"nex
t/navigation"[39m[33m;
[39m
 [90m 4 |[39m 
[36mimport[39m { 
useLocale } 
[36mfrom[39m [32m"nex
t-intl"[39m[33m;[39m
[31m[1m>[22m[39m[90
m 5 |[39m 
[36mimport[39m [33mCu
stomBreadcrumbs[39m 
[36mfrom[39m [32m"@/c
omponents/shared/custom-
breadcrumbs"[39m[33m;
[39m
 [90m   |[39m [31m[1
m^[22m[39m[31m[1m^[
22m[39m[31m[1m^[22m
[39m[31m[1m^[22m[39m
[31m[1m^[22m[39m[31
m[1m^[22m[39m[31m[1
m^[22m[39m[31m[1m^[
22m[39m[31m[1m^[22m
[39m[31m[1m^[22m[39m
[31m[1m^[22m[39m[31
m[1m^[22m[39m[31m[1
m^[22m[39m[31m[1m^[
22m[39m[31m[1m^[22m
[39m[31m[1m^[22m[39m
[31m[1m^[22m[39m[31
m[1m^[22m[39m[31m[1
m^[22m[39m[31m[1m^[
22m[39m[31m[1m^[22m
[39m[31m[1m^[22m[39m
[31m[1m^[22m[39m[31
m[1m^[22m[39m[31m[1
m^[22m[39m[31m[1m^[
22m[39m[31m[1m^[22m
[39m[31m[1m^[22m[39m
[31m[1m^[22m[39m[31
m[1m^[22m[39m[31m[1
m^[22m[39m[31m[1m^[
22m[39m[31m[1m^[22m
[39m[31m[1m^[22m[39m
[31m[1m^[22m[39m[31
m[1m^[22m[39m[31m[1
m^[22m[39m[31m[1m^[
22m[39m[31m[1m^[22m
[39m[31m[1m^[22m[39m
[31m[1m^[22m[39m[31
m[1m^[22m[39m[31m[1
m^[22m[39m[31m[1m^[
22m[39m[31m[1m^[22m
[39m[31m[1m^[22m[39m
[31m[1m^[22m[39m[31
m[1m^[22m[39m[31m[1
m^[22m[39m[31m[1m^[
22m[39m[31m[1m^[22m
[39m[31m[1m^[22m[39m
[31m[1m^[22m[39m[31
m[1m^[22m[39m[31m[1
m^[22m[39m[31m[1m^[
22m[39m[31m[1m^[22m
[39m[31m[1m^[22m[39m
[31m[1m^[22m[39m[31
m[1m^[22m[39m[31m[1
m^[22m[39m[31m[1m^[
22m[39m[31m[1m^[22m
[39m[31m[1m^[22m[39m
[31m[1m^[22m[39m[31
m[1m^[22m[39m[31m[1
m^[22m[39m[31m[1m^[
22m[39m[31m[1m^[22m
[39m[31m[1m^[22m[39m
[31m[1m^[22m[39m
 [90m 6 |[39m 
[36mimport[39m [33mEs
tateFilterPanel[39m 
[36mfrom[39m [32m"@/c
omponents/estates/estate
s-filter"[39m[33m;[39
m
 [90m 7 |[39m 
[36mimport[39m 
[33mEstatesGrid[39m 
[36mfrom[39m [32m"@/c
omponents/estates/estate
s-grid"[39m[33m;[39m
 [90m 8 |[39m 
[36mimport[39m { 
motion } [36mfrom[39m 
[32m"motion/react"[39m
[33m;[39m[0m



https://nextjs.org/docs/
messages/module-not-foun
d


./src/app/[locale]/estat
s/page.jsx:5:1
Module not found: Can't 
resolve '@/components/sh
ared/custom-breadcrumbs'
[0m [90m 3 |[39m 
[36mimport[39m { useSe
archParams[33m,[39m 
useRouter } 
[36mfrom[39m [32m"nex
t/navigation"[39m[33m;
[39m
 [90m 4 |[39m 
[36mimport[39m { 
useLocale } 
[36mfrom[39m [32m"nex
t-intl"[39m[33m;[39m
[31m[1m>[22m[39m[90
m 5 |[39m 
[36mimport[39m [33mCu
stomBreadcrumbs[39m 
[36mfrom[39m [32m"@/c
omponents/shared/custom-
breadcrumbs"[39m[33m;
[39m
 [90m   |[39m [31m[1
m^[22m[39m[31m[1m^[
22m[39m[31m[1m^[22m
[39m[31m[1m^[22m[39m
[31m[1m^[22m[39m[31
m[1m^[22m[39m[31m[1
m^[22m[39m[31m[1m^[
22m[39m[31m[1m^[22m
[39m[31m[1m^[22m[39m
[31m[1m^[22m[39m[31
m[1m^[22m[39m[31m[1
m^[22m[39m[31m[1m^[
22m[39m[31m[1m^[22m
[39m[31m[1m^[22m[39m
[31m[1m^[22m[39m[31
m[1m^[22m[39m[31m[1
m^[22m[39m[31m[1m^[
22m[39m[31m[1m^[22m
[39m[31m[1m^[22m[39m
[31m[1m^[22m[39m[31
m[1m^[22m[39m[31m[1
m^[22m[39m[31m[1m^[
22m[39m[31m[1m^[22m
[39m[31m[1m^[22m[39m
[31m[1m^[22m[39m[31
m[1m^[22m[39m[31m[1
m^[22m[39m[31m[1m^[
22m[39m[31m[1m^[22m
[39m[31m[1m^[22m[39m
[31m[1m^[22m[39m[31
m[1m^[22m[39m[31m[1
m^[22m[39m[31m[1m^[
22m[39m[31m[1m^[22m
[39m[31m[1m^[22m[39m
[31m[1m^[22m[39m[31
m[1m^[22m[39m[31m[1
m^[22m[39m[31m[1m^[
22m[39m[31m[1m^[22m
[39m[31m[1m^[22m[39m
[31m[1m^[22m[39m[31
m[1m^[22m[39m[31m[1
m^[22m[39m[31m[1m^[
22m[39m[31m[1m^[22m
[39m[31m[1m^[22m[39m
[31m[1m^[22m[39m[31
m[1m^[22m[39m[31m[1
m^[22m[39m[31m[1m^[
22m[39m[31m[1m^[22m
[39m[31m[1m^[22m[39m
[31m[1m^[22m[39m[31
m[1m^[22m[39m[31m[1
m^[22m[39m[31m[1m^[
22m[39m[31m[1m^[22m
[39m[31m[1m^[22m[39m
[31m[1m^[22m[39m[31
m[1m^[22m[39m[31m[1
m^[22m[39m[31m[1m^[
22m[39m[31m[1m^[22m
[39m[31m[1m^[22m[39m
[31m[1m^[22m[39m
 [90m 6 |[39m 
[36mimport[39m [33mEs
tateFilterPanel[39m 
[36mfrom[39m [32m"@/c
omponents/estates/estate
s-filter"[39m[33m;[39
m
 [90m 7 |[39m 
[36mimport[39m 
[33mEstatesGrid[39m 
[36mfrom[39m [32m"@/c
omponents/estates/estate
s-grid"[39m[33m;[39m
 [90m 8 |[39m 
[36mimport[39m { 
motion } [36mfrom[39m 
[32m"motion/react"[39m
[33m;[39m[0m



https://nextjs.org/docs/
messages/module-not-foun
d


./src/app/[locale]/estat
s/page.jsx:5:1
Module not found: Can't 
resolve '@/components/sh
ared/custom-breadcrumbs'
[0m [90m 3 |[39m 
[36mimport[39m { useSe
archParams[33m,[39m 
useRouter } 
[36mfrom[39m [32m"nex
t/navigation"[39m[33m;
[39m
 [90m 4 |[39m 
[36mimport[39m { 
useLocale } 
[36mfrom[39m [32m"nex
t-intl"[39m[33m;[39m
[31m[1m>[22m[39m[90
m 5 |[39m 
[36mimport[39m [33mCu
stomBreadcrumbs[39m 
[36mfrom[39m [32m"@/c
omponents/shared/custom-
breadcrumbs"[39m[33m;
[39m
 [90m   |[39m [31m[1
m^[22m[39m[31m[1m^[
22m[39m[31m[1m^[22m
[39m[31m[1m^[22m[39m
[31m[1m^[22m[39m[31
m[1m^[22m[39m[31m[1
m^[22m[39m[31m[1m^[
22m[39m[31m[1m^[22m
[39m[31m[1m^[22m[39m
[31m[1m^[22m[39m[31
m[1m^[22m[39m[31m[1
m^[22m[39m[31m[1m^[
22m[39m[31m[1m^[22m
[39m[31m[1m^[22m[39m
[31m[1m^[22m[39m[31
m[1m^[22m[39m[31m[1
m^[22m[39m[31m[1m^[
22m[39m[31m[1m^[22m
[39m[31m[1m^[22m[39m
[31m[1m^[22m[39m[31
m[1m^[22m[39m[31m[1
m^[22m[39m[31m[1m^[
22m[39m[31m[1m^[22m
[39m[31m[1m^[22m[39m
[31m[1m^[22m[39m[31
m[1m^[22m[39m[31m[1
m^[22m[39m[31m[1m^[
22m[39m[31m[1m^[22m
[39m[31m[1m^[22m[39m
[31m[1m^[22m[39m[31
m[1m^[22m[39m[31m[1
m^[22m[39m[31m[1m^[
22m[39m[31m[1m^[22m
[39m[31m[1m^[22m[39m
[31m[1m^[22m[39m[31
m[1m^[22m[39m[31m[1
m^[22m[39m[31m[1m^[
22m[39m[31m[1m^[22m
[39m[31m[1m^[22m[39m
[31m[1m^[22m[39m[31
m[1m^[22m[39m[31m[1
m^[22m[39m[31m[1m^[
22m[39m[31m[1m^[22m
[39m[31m[1m^[22m[39m
[31m[1m^[22m[39m[31
m[1m^[22m[39m[31m[1
m^[22m[39m[31m[1m^[
22m[39m[31m[1m^[22m
[39m[31m[1m^[22m[39m
[31m[1m^[22m[39m[31
m[1m^[22m[39m[31m[1
m^[22m[39m[31m[1m^[
22m[39m[31m[1m^[22m
[39m[31m[1m^[22m[39m
[31m[1m^[22m[39m[31
m[1m^[22m[39m[31m[1
m^[22m[39m[31m[1m^[
22m[39m[31m[1m^[22m
[39m[31m[1m^[22m[39m
[31m[1m^[22m[39m
 [90m 6 |[39m 
[36mimport[39m [33mEs
tateFilterPanel[39m 
[36mfrom[39m [32m"@/c
omponents/estates/estate
s-filter"[39m[33m;[39
m
 [90m 7 |[39m 
[36mimport[39m 
[33mEstatesGrid[39m 
[36mfrom[39m [32m"@/c
omponents/estates/estate
s-grid"[39m[33m;[39m
 [90m 8 |[39m 
[36mimport[39m { 
motion } [36mfrom[39m 
[32m"motion/react"[39m
[33m;[39m[0m



https://nextjs.org/docs/
messages/module-not-foun
d


./src/app/[locale]/notif
ications/page.jsx:1:1
Module not found: Can't 
resolve '@/components/sh
ared/custom-breadcrumbs'
[0m[31m[1m>[22m[39m
[90m 1 |[39m 
[36mimport[39m [33mCu
stomBreadcrumbs[39m 
[36mfrom[39m [32m'@/c
omponents/shared/custom-
breadcrumbs'[39m
 [90m   |[39m [31m[1
m^[22m[39m[31m[1m^[
22m[39m[31m[1m^[22m
[39m[31m[1m^[22m[39m
[31m[1m^[22m[39m[31
m[1m^[22m[39m[31m[1
m^[22m[39m[31m[1m^[
22m[39m[31m[1m^[22m
[39m[31m[1m^[22m[39m
[31m[1m^[22m[39m[31
m[1m^[22m[39m[31m[1
m^[22m[39m[31m[1m^[
22m[39m[31m[1m^[22m
[39m[31m[1m^[22m[39m
[31m[1m^[22m[39m[31
m[1m^[22m[39m[31m[1
m^[22m[39m[31m[1m^[
22m[39m[31m[1m^[22m
[39m[31m[1m^[22m[39m
[31m[1m^[22m[39m[31
m[1m^[22m[39m[31m[1
m^[22m[39m[31m[1m^[
22m[39m[31m[1m^[22m
[39m[31m[1m^[22m[39m
[31m[1m^[22m[39m[31
m[1m^[22m[39m[31m[1
m^[22m[39m[31m[1m^[
22m[39m[31m[1m^[22m
[39m[31m[1m^[22m[39m
[31m[1m^[22m[39m[31
m[1m^[22m[39m[31m[1
m^[22m[39m[31m[1m^[
22m[39m[31m[1m^[22m
[39m[31m[1m^[22m[39m
[31m[1m^[22m[39m[31
m[1m^[22m[39m[31m[1
m^[22m[39m[31m[1m^[
22m[39m[31m[1m^[22m
[39m[31m[1m^[22m[39m
[31m[1m^[22m[39m[31
m[1m^[22m[39m[31m[1
m^[22m[39m[31m[1m^[
22m[39m[31m[1m^[22m
[39m[31m[1m^[22m[39m
[31m[1m^[22m[39m[31
m[1m^[22m[39m[31m[1
m^[22m[39m[31m[1m^[
22m[39m[31m[1m^[22m
[39m[31m[1m^[22m[39m
[31m[1m^[22m[39m[31
m[1m^[22m[39m[31m[1
m^[22m[39m[31m[1m^[
22m[39m[31m[1m^[22m
[39m[31m[1m^[22m[39m
[31m[1m^[22m[39m[31
m[1m^[22m[39m[31m[1
m^[22m[39m[31m[1m^[
22m[39m[31m[1m^[22m
[39m[31m[1m^[22m[39m
 [90m 2 |[39m 
[36mimport[39m { 
useLocale } 
[36mfrom[39m 
[32m'next-intl'[39m
 [90m 3 |[39m 
[36mimport[39m 
[33mImage[39m 
[36mfrom[39m 
[32m'next/image'[39m
 [90m 4 |[39m 
[36mimport[39m 
[33mReact[39m 
[36mfrom[39m 
[32m'react'[39m[0m



https://nextjs.org/docs/
messages/module-not-foun
d


./src/app/[locale]/notif
ications/page.jsx:1:1
Module not found: Can't 
resolve '@/components/sh
ared/custom-breadcrumbs'
[0m[31m[1m>[22m[39m
[90m 1 |[39m 
[36mimport[39m [33mCu
stomBreadcrumbs[39m 
[36mfrom[39m [32m'@/c
omponents/shared/custom-
breadcrumbs'[39m
 [90m   |[39m [31m[1
m^[22m[39m[31m[1m^[
22m[39m[31m[1m^[22m
[39m[31m[1m^[22m[39m
[31m[1m^[22m[39m[31
m[1m^[22m[39m[31m[1
m^[22m[39m[31m[1m^[
22m[39m[31m[1m^[22m
[39m[31m[1m^[22m[39m
[31m[1m^[22m[39m[31
m[1m^[22m[39m[31m[1
m^[22m[39m[31m[1m^[
22m[39m[31m[1m^[22m
[39m[31m[1m^[22m[39m
[31m[1m^[22m[39m[31
m[1m^[22m[39m[31m[1
m^[22m[39m[31m[1m^[
22m[39m[31m[1m^[22m
[39m[31m[1m^[22m[39m
[31m[1m^[22m[39m[31
m[1m^[22m[39m[31m[1
m^[22m[39m[31m[1m^[
22m[39m[31m[1m^[22m
[39m[31m[1m^[22m[39m
[31m[1m^[22m[39m[31
m[1m^[22m[39m[31m[1
m^[22m[39m[31m[1m^[
22m[39m[31m[1m^[22m
[39m[31m[1m^[22m[39m
[31m[1m^[22m[39m[31
m[1m^[22m[39m[31m[1
m^[22m[39m[31m[1m^[
22m[39m[31m[1m^[22m
[39m[31m[1m^[22m[39m
[31m[1m^[22m[39m[31
m[1m^[22m[39m[31m[1
m^[22m[39m[31m[1m^[
22m[39m[31m[1m^[22m
[39m[31m[1m^[22m[39m
[31m[1m^[22m[39m[31
m[1m^[22m[39m[31m[1
m^[22m[39m[31m[1m^[
22m[39m[31m[1m^[22m
[39m[31m[1m^[22m[39m
[31m[1m^[22m[39m[31
m[1m^[22m[39m[31m[1
m^[22m[39m[31m[1m^[
22m[39m[31m[1m^[22m
[39m[31m[1m^[22m[39m
[31m[1m^[22m[39m[31
m[1m^[22m[39m[31m[1
m^[22m[39m[31m[1m^[
22m[39m[31m[1m^[22m
[39m[31m[1m^[22m[39m
[31m[1m^[22m[39m[31
m[1m^[22m[39m[31m[1
m^[22m[39m[31m[1m^[
22m[39m[31m[1m^[22m
[39m[31m[1m^[22m[39m
 [90m 2 |[39m 
[36mimport[39m { 
useLocale } 
[36mfrom[39m 
[32m'next-intl'[39m
 [90m 3 |[39m 
[36mimport[39m 
[33mImage[39m 
[36mfrom[39m 
[32m'next/image'[39m
 [90m 4 |[39m 
[36mimport[39m 
[33mReact[39m 
[36mfrom[39m 
[32m'react'[39m[0m



https://nextjs.org/docs/
messages/module-not-foun
d


./src/app/[locale]/offer
s/page.jsx:1:1
Module not found: Can't 
resolve '@/components/sh
ared/custom-breadcrumbs'
[0m[31m[1m>[22m[39m
[90m 1 |[39m 
[36mimport[39m [33mCu
stomBreadcrumbs[39m 
[36mfrom[39m [32m"@/c
omponents/shared/custom-
breadcrumbs"[39m[33m;
[39m
 [90m   |[39m [31m[1
m^[22m[39m[31m[1m^[
22m[39m[31m[1m^[22m
[39m[31m[1m^[22m[39m
[31m[1m^[22m[39m[31
m[1m^[22m[39m[31m[1
m^[22m[39m[31m[1m^[
22m[39m[31m[1m^[22m
[39m[31m[1m^[22m[39m
[31m[1m^[22m[39m[31
m[1m^[22m[39m[31m[1
m^[22m[39m[31m[1m^[
22m[39m[31m[1m^[22m
[39m[31m[1m^[22m[39m
[31m[1m^[22m[39m[31
m[1m^[22m[39m[31m[1
m^[22m[39m[31m[1m^[
22m[39m[31m[1m^[22m
[39m[31m[1m^[22m[39m
[31m[1m^[22m[39m[31
m[1m^[22m[39m[31m[1
m^[22m[39m[31m[1m^[
22m[39m[31m[1m^[22m
[39m[31m[1m^[22m[39m
[31m[1m^[22m[39m[31
m[1m^[22m[39m[31m[1
m^[22m[39m[31m[1m^[
22m[39m[31m[1m^[22m
[39m[31m[1m^[22m[39m
[31m[1m^[22m[39m[31
m[1m^[22m[39m[31m[1
m^[22m[39m[31m[1m^[
22m[39m[31m[1m^[22m
[39m[31m[1m^[22m[39m
[31m[1m^[22m[39m[31
m[1m^[22m[39m[31m[1
m^[22m[39m[31m[1m^[
22m[39m[31m[1m^[22m
[39m[31m[1m^[22m[39m
[31m[1m^[22m[39m[31
m[1m^[22m[39m[31m[1
m^[22m[39m[31m[1m^[
22m[39m[31m[1m^[22m
[39m[31m[1m^[22m[39m
[31m[1m^[22m[39m[31
m[1m^[22m[39m[31m[1
m^[22m[39m[31m[1m^[
22m[39m[31m[1m^[22m
[39m[31m[1m^[22m[39m
[31m[1m^[22m[39m[31
m[1m^[22m[39m[31m[1
m^[22m[39m[31m[1m^[
22m[39m[31m[1m^[22m
[39m[31m[1m^[22m[39m
[31m[1m^[22m[39m[31
m[1m^[22m[39m[31m[1
m^[22m[39m[31m[1m^[
22m[39m[31m[1m^[22m
[39m[31m[1m^[22m[39m
[31m[1m^[22m[39m
 [90m 2 |[39m 
[36mimport[39m 
[33mOfferCard[39m 
[36mfrom[39m [32m"@/c
omponents/shared/offer-c
ard"[39m[33m;[39m
 [90m 3 |[39m 
[36mimport[39m { 
getData } 
[36mfrom[39m [32m"@/l
ib/fetch-methods"[39m[
33m;[39m
 [90m 4 |[39m 
[36mimport[39m 
[33mReact[39m 
[36mfrom[39m [32m"rea
ct"[39m[33m;[39m[0m



https://nextjs.org/docs/
messages/module-not-foun
d


./src/app/[locale]/offer
s/page.jsx:1:1
Module not found: Can't 
resolve '@/components/sh
ared/custom-breadcrumbs'
[0m[31m[1m>[22m[39m
[90m 1 |[39m 
[36mimport[39m [33mCu
stomBreadcrumbs[39m 
[36mfrom[39m [32m"@/c
omponents/shared/custom-
breadcrumbs"[39m[33m;
[39m
 [90m   |[39m [31m[1
m^[22m[39m[31m[1m^[
22m[39m[31m[1m^[22m
[39m[31m[1m^[22m[39m
[31m[1m^[22m[39m[31
m[1m^[22m[39m[31m[1
m^[22m[39m[31m[1m^[
22m[39m[31m[1m^[22m
[39m[31m[1m^[22m[39m
[31m[1m^[22m[39m[31
m[1m^[22m[39m[31m[1
m^[22m[39m[31m[1m^[
22m[39m[31m[1m^[22m
[39m[31m[1m^[22m[39m
[31m[1m^[22m[39m[31
m[1m^[22m[39m[31m[1
m^[22m[39m[31m[1m^[
22m[39m[31m[1m^[22m
[39m[31m[1m^[22m[39m
[31m[1m^[22m[39m[31
m[1m^[22m[39m[31m[1
m^[22m[39m[31m[1m^[
22m[39m[31m[1m^[22m
[39m[31m[1m^[22m[39m
[31m[1m^[22m[39m[31
m[1m^[22m[39m[31m[1
m^[22m[39m[31m[1m^[
22m[39m[31m[1m^[22m
[39m[31m[1m^[22m[39m
[31m[1m^[22m[39m[31
m[1m^[22m[39m[31m[1
m^[22m[39m[31m[1m^[
22m[39m[31m[1m^[22m
[39m[31m[1m^[22m[39m
[31m[1m^[22m[39m[31
m[1m^[22m[39m[31m[1
m^[22m[39m[31m[1m^[
22m[39m[31m[1m^[22m
[39m[31m[1m^[22m[39m
[31m[1m^[22m[39m[31
m[1m^[22m[39m[31m[1
m^[22m[39m[31m[1m^[
22m[39m[31m[1m^[22m
[39m[31m[1m^[22m[39m
[31m[1m^[22m[39m[31
m[1m^[22m[39m[31m[1
m^[22m[39m[31m[1m^[
22m[39m[31m[1m^[22m
[39m[31m[1m^[22m[39m
[31m[1m^[22m[39m[31
m[1m^[22m[39m[31m[1
m^[22m[39m[31m[1m^[
22m[39m[31m[1m^[22m
[39m[31m[1m^[22m[39m
[31m[1m^[22m[39m[31
m[1m^[22m[39m[31m[1
m^[22m[39m[31m[1m^[
22m[39m[31m[1m^[22m
[39m[31m[1m^[22m[39m
[31m[1m^[22m[39m
 [90m 2 |[39m 
[36mimport[39m 
[33mOfferCard[39m 
[36mfrom[39m [32m"@/c
omponents/shared/offer-c
ard"[39m[33m;[39m
 [90m 3 |[39m 
[36mimport[39m { 
getData } 
[36mfrom[39m [32m"@/l
ib/fetch-methods"[39m[
33m;[39m
 [90m 4 |[39m 
[36mimport[39m 
[33mReact[39m 
[36mfrom[39m [32m"rea
ct"[39m[33m;[39m[0m



https://nextjs.org/docs/
messages/module-not-foun
d


./src/app/[locale]/packa
ges/page.jsx:1:1
Module not found: Can't 
resolve '@/components/sh
ared/custom-breadcrumbs'
[0m[31m[1m>[22m[39m
[90m 1 |[39m 
[36mimport[39m [33mCu
stomBreadcrumbs[39m 
[36mfrom[39m [32m"@/c
omponents/shared/custom-
breadcrumbs"[39m[33m;
[39m
 [90m   |[39m [31m[1
m^[22m[39m[31m[1m^[
22m[39m[31m[1m^[22m
[39m[31m[1m^[22m[39m
[31m[1m^[22m[39m[31
m[1m^[22m[39m[31m[1
m^[22m[39m[31m[1m^[
22m[39m[31m[1m^[22m
[39m[31m[1m^[22m[39m
[31m[1m^[22m[39m[31
m[1m^[22m[39m[31m[1
m^[22m[39m[31m[1m^[
22m[39m[31m[1m^[22m
[39m[31m[1m^[22m[39m
[31m[1m^[22m[39m[31
m[1m^[22m[39m[31m[1
m^[22m[39m[31m[1m^[
22m[39m[31m[1m^[22m
[39m[31m[1m^[22m[39m
[31m[1m^[22m[39m[31
m[1m^[22m[39m[31m[1
m^[22m[39m[31m[1m^[
22m[39m[31m[1m^[22m
[39m[31m[1m^[22m[39m
[31m[1m^[22m[39m[31
m[1m^[22m[39m[31m[1
m^[22m[39m[31m[1m^[
22m[39m[31m[1m^[22m
[39m[31m[1m^[22m[39m
[31m[1m^[22m[39m[31
m[1m^[22m[39m[31m[1
m^[22m[39m[31m[1m^[
22m[39m[31m[1m^[22m
[39m[31m[1m^[22m[39m
[31m[1m^[22m[39m[31
m[1m^[22m[39m[31m[1
m^[22m[39m[31m[1m^[
22m[39m[31m[1m^[22m
[39m[31m[1m^[22m[39m
[31m[1m^[22m[39m[31
m[1m^[22m[39m[31m[1
m^[22m[39m[31m[1m^[
22m[39m[31m[1m^[22m
[39m[31m[1m^[22m[39m
[31m[1m^[22m[39m[31
m[1m^[22m[39m[31m[1
m^[22m[39m[31m[1m^[
22m[39m[31m[1m^[22m
[39m[31m[1m^[22m[39m
[31m[1m^[22m[39m[31
m[1m^[22m[39m[31m[1
m^[22m[39m[31m[1m^[
22m[39m[31m[1m^[22m
[39m[31m[1m^[22m[39m
[31m[1m^[22m[39m[31
m[1m^[22m[39m[31m[1
m^[22m[39m[31m[1m^[
22m[39m[31m[1m^[22m
[39m[31m[1m^[22m[39m
[31m[1m^[22m[39m
 [90m 2 |[39m 
[36mimport[39m 
[33mPlanCard[39m 
[36mfrom[39m [32m"@/c
omponents/shared/plan-ca
rd"[39m[33m;[39m
 [90m 3 |[39m 
[36mimport[39m 
[33mReact[39m 
[36mfrom[39m [32m"rea
ct"[39m[33m;[39m
 [90m 4 |[39m 
[36mimport[39m { 
getTranslations } 
[36mfrom[39m [32m"nex
t-intl/server"[39m[33m
;[39m[0m



https://nextjs.org/docs/
messages/module-not-foun
d


./src/app/[locale]/packa
ges/page.jsx:1:1
Module not found: Can't 
resolve '@/components/sh
ared/custom-breadcrumbs'
[0m[31m[1m>[22m[39m
[90m 1 |[39m 
[36mimport[39m [33mCu
stomBreadcrumbs[39m 
[36mfrom[39m [32m"@/c
omponents/shared/custom-
breadcrumbs"[39m[33m;
[39m
 [90m   |[39m [31m[1
m^[22m[39m[31m[1m^[
22m[39m[31m[1m^[22m
[39m[31m[1m^[22m[39m
[31m[1m^[22m[39m[31
m[1m^[22m[39m[31m[1
m^[22m[39m[31m[1m^[
22m[39m[31m[1m^[22m
[39m[31m[1m^[22m[39m
[31m[1m^[22m[39m[31
m[1m^[22m[39m[31m[1
m^[22m[39m[31m[1m^[
22m[39m[31m[1m^[22m
[39m[31m[1m^[22m[39m
[31m[1m^[22m[39m[31
m[1m^[22m[39m[31m[1
m^[22m[39m[31m[1m^[
22m[39m[31m[1m^[22m
[39m[31m[1m^[22m[39m
[31m[1m^[22m[39m[31
m[1m^[22m[39m[31m[1
m^[22m[39m[31m[1m^[
22m[39m[31m[1m^[22m
[39m[31m[1m^[22m[39m
[31m[1m^[22m[39m[31
m[1m^[22m[39m[31m[1
m^[22m[39m[31m[1m^[
22m[39m[31m[1m^[22m
[39m[31m[1m^[22m[39m
[31m[1m^[22m[39m[31
m[1m^[22m[39m[31m[1
m^[22m[39m[31m[1m^[
22m[39m[31m[1m^[22m
[39m[31m[1m^[22m[39m
[31m[1m^[22m[39m[31
m[1m^[22m[39m[31m[1
m^[22m[39m[31m[1m^[
22m[39m[31m[1m^[22m
[39m[31m[1m^[22m[39m
[31m[1m^[22m[39m[31
m[1m^[22m[39m[31m[1
m^[22m[39m[31m[1m^[
22m[39m[31m[1m^[22m
[39m[31m[1m^[22m[39m
[31m[1m^[22m[39m[31
m[1m^[22m[39m[31m[1
m^[22m[39m[31m[1m^[
22m[39m[31m[1m^[22m
[39m[31m[1m^[22m[39m
[31m[1m^[22m[39m[31
m[1m^[22m[39m[31m[1
m^[22m[39m[31m[1m^[
22m[39m[31m[1m^[22m
[39m[31m[1m^[22m[39m
[31m[1m^[22m[39m[31
m[1m^[22m[39m[31m[1
m^[22m[39m[31m[1m^[
22m[39m[31m[1m^[22m
[39m[31m[1m^[22m[39m
[31m[1m^[22m[39m
 [90m 2 |[39m 
[36mimport[39m 
[33mPlanCard[39m 
[36mfrom[39m [32m"@/c
omponents/shared/plan-ca
rd"[39m[33m;[39m
 [90m 3 |[39m 
[36mimport[39m 
[33mReact[39m 
[36mfrom[39m [32m"rea
ct"[39m[33m;[39m
 [90m 4 |[39m 
[36mimport[39m { 
getTranslations } 
[36mfrom[39m [32m"nex
t-intl/server"[39m[33m
;[39m[0m



https://nextjs.org/docs/
messages/module-not-foun
d


./src/app/[locale]/partn
ers/[id]/page.jsx:2:1
Module not found: Can't 
resolve '@/components/sh
ared/custom-breadcrumbs'
[0m [90m 1 |[39m 
[36mimport[39m 
[33mEstateCard[39m 
[36mfrom[39m [32m"@/c
omponents/estates/estate
-card"[39m[33m;[39m
[31m[1m>[22m[39m[90
m 2 |[39m 
[36mimport[39m [33mCu
stomBreadcrumbs[39m 
[36mfrom[39m [32m"@/c
omponents/shared/custom-
breadcrumbs"[39m[33m;
[39m
 [90m   |[39m [31m[1
m^[22m[39m[31m[1m^[
22m[39m[31m[1m^[22m
[39m[31m[1m^[22m[39m
[31m[1m^[22m[39m[31
m[1m^[22m[39m[31m[1
m^[22m[39m[31m[1m^[
22m[39m[31m[1m^[22m
[39m[31m[1m^[22m[39m
[31m[1m^[22m[39m[31
m[1m^[22m[39m[31m[1
m^[22m[39m[31m[1m^[
22m[39m[31m[1m^[22m
[39m[31m[1m^[22m[39m
[31m[1m^[22m[39m[31
m[1m^[22m[39m[31m[1
m^[22m[39m[31m[1m^[
22m[39m[31m[1m^[22m
[39m[31m[1m^[22m[39m
[31m[1m^[22m[39m[31
m[1m^[22m[39m[31m[1
m^[22m[39m[31m[1m^[
22m[39m[31m[1m^[22m
[39m[31m[1m^[22m[39m
[31m[1m^[22m[39m[31
m[1m^[22m[39m[31m[1
m^[22m[39m[31m[1m^[
22m[39m[31m[1m^[22m
[39m[31m[1m^[22m[39m
[31m[1m^[22m[39m[31
m[1m^[22m[39m[31m[1
m^[22m[39m[31m[1m^[
22m[39m[31m[1m^[22m
[39m[31m[1m^[22m[39m
[31m[1m^[22m[39m[31
m[1m^[22m[39m[31m[1
m^[22m[39m[31m[1m^[
22m[39m[31m[1m^[22m
[39m[31m[1m^[22m[39m
[31m[1m^[22m[39m[31
m[1m^[22m[39m[31m[1
m^[22m[39m[31m[1m^[
22m[39m[31m[1m^[22m
[39m[31m[1m^[22m[39m
[31m[1m^[22m[39m[31
m[1m^[22m[39m[31m[1
m^[22m[39m[31m[1m^[
22m[39m[31m[1m^[22m
[39m[31m[1m^[22m[39m
[31m[1m^[22m[39m[31
m[1m^[22m[39m[31m[1
m^[22m[39m[31m[1m^[
22m[39m[31m[1m^[22m
[39m[31m[1m^[22m[39m
[31m[1m^[22m[39m[31
m[1m^[22m[39m[31m[1
m^[22m[39m[31m[1m^[
22m[39m[31m[1m^[22m
[39m[31m[1m^[22m[39m
[31m[1m^[22m[39m
 [90m 3 |[39m 
[36mimport[39m 
[33mSectionHeader[39m 
[36mfrom[39m [32m"@/c
omponents/shared/section
-header"[39m[33m;[39m
 [90m 4 |[39m 
[36mimport[39m 
[33mImage[39m 
[36mfrom[39m [32m"nex
t/image"[39m[33m;[39m
 [90m 5 |[39m 
[36mimport[39m 
[33mReact[39m 
[36mfrom[39m [32m"rea
ct"[39m[33m;[39m[0m



https://nextjs.org/docs/
messages/module-not-foun
d


./src/app/[locale]/partn
ers/[id]/page.jsx:2:1
Module not found: Can't 
resolve '@/components/sh
ared/custom-breadcrumbs'
[0m [90m 1 |[39m 
[36mimport[39m 
[33mEstateCard[39m 
[36mfrom[39m [32m"@/c
omponents/estates/estate
-card"[39m[33m;[39m
[31m[1m>[22m[39m[90
m 2 |[39m 
[36mimport[39m [33mCu
stomBreadcrumbs[39m 
[36mfrom[39m [32m"@/c
omponents/shared/custom-
breadcrumbs"[39m[33m;
[39m
 [90m   |[39m [31m[1
m^[22m[39m[31m[1m^[
22m[39m[31m[1m^[22m
[39m[31m[1m^[22m[39m
[31m[1m^[22m[39m[31
m[1m^[22m[39m[31m[1
m^[22m[39m[31m[1m^[
22m[39m[31m[1m^[22m
[39m[31m[1m^[22m[39m
[31m[1m^[22m[39m[31
m[1m^[22m[39m[31m[1
m^[22m[39m[31m[1m^[
22m[39m[31m[1m^[22m
[39m[31m[1m^[22m[39m
[31m[1m^[22m[39m[31
m[1m^[22m[39m[31m[1
m^[22m[39m[31m[1m^[
22m[39m[31m[1m^[22m
[39m[31m[1m^[22m[39m
[31m[1m^[22m[39m[31
m[1m^[22m[39m[31m[1
m^[22m[39m[31m[1m^[
22m[39m[31m[1m^[22m
[39m[31m[1m^[22m[39m
[31m[1m^[22m[39m[31
m[1m^[22m[39m[31m[1
m^[22m[39m[31m[1m^[
22m[39m[31m[1m^[22m
[39m[31m[1m^[22m[39m
[31m[1m^[22m[39m[31
m[1m^[22m[39m[31m[1
m^[22m[39m[31m[1m^[
22m[39m[31m[1m^[22m
[39m[31m[1m^[22m[39m
[31m[1m^[22m[39m[31
m[1m^[22m[39m[31m[1
m^[22m[39m[31m[1m^[
22m[39m[31m[1m^[22m
[39m[31m[1m^[22m[39m
[31m[1m^[22m[39m[31
m[1m^[22m[39m[31m[1
m^[22m[39m[31m[1m^[
22m[39m[31m[1m^[22m
[39m[31m[1m^[22m[39m
[31m[1m^[22m[39m[31
m[1m^[22m[39m[31m[1
m^[22m[39m[31m[1m^[
22m[39m[31m[1m^[22m
[39m[31m[1m^[22m[39m
[31m[1m^[22m[39m[31
m[1m^[22m[39m[31m[1
m^[22m[39m[31m[1m^[
22m[39m[31m[1m^[22m
[39m[31m[1m^[22m[39m
[31m[1m^[22m[39m[31
m[1m^[22m[39m[31m[1
m^[22m[39m[31m[1m^[
22m[39m[31m[1m^[22m
[39m[31m[1m^[22m[39m
[31m[1m^[22m[39m
 [90m 3 |[39m 
[36mimport[39m 
[33mSectionHeader[39m 
[36mfrom[39m [32m"@/c
omponents/shared/section
-header"[39m[33m;[39m
 [90m 4 |[39m 
[36mimport[39m 
[33mImage[39m 
[36mfrom[39m [32m"nex
t/image"[39m[33m;[39m
 [90m 5 |[39m 
[36mimport[39m 
[33mReact[39m 
[36mfrom[39m [32m"rea
ct"[39m[33m;[39m[0m



https://nextjs.org/docs/
messages/module-not-foun
d


./src/app/[locale]/partn
ers/page.jsx:1:1
Module not found: Can't 
resolve '@/components/sh
ared/custom-breadcrumbs'
[0m[31m[1m>[22m[39m
[90m 1 |[39m 
[36mimport[39m [33mCu
stomBreadcrumbs[39m 
[36mfrom[39m [32m"@/c
omponents/shared/custom-
breadcrumbs"[39m[33m;
[39m
 [90m   |[39m [31m[1
m^[22m[39m[31m[1m^[
22m[39m[31m[1m^[22m
[39m[31m[1m^[22m[39m
[31m[1m^[22m[39m[31
m[1m^[22m[39m[31m[1
m^[22m[39m[31m[1m^[
22m[39m[31m[1m^[22m
[39m[31m[1m^[22m[39m
[31m[1m^[22m[39m[31
m[1m^[22m[39m[31m[1
m^[22m[39m[31m[1m^[
22m[39m[31m[1m^[22m
[39m[31m[1m^[22m[39m
[31m[1m^[22m[39m[31
m[1m^[22m[39m[31m[1
m^[22m[39m[31m[1m^[
22m[39m[31m[1m^[22m
[39m[31m[1m^[22m[39m
[31m[1m^[22m[39m[31
m[1m^[22m[39m[31m[1
m^[22m[39m[31m[1m^[
22m[39m[31m[1m^[22m
[39m[31m[1m^[22m[39m
[31m[1m^[22m[39m[31
m[1m^[22m[39m[31m[1
m^[22m[39m[31m[1m^[
22m[39m[31m[1m^[22m
[39m[31m[1m^[22m[39m
[31m[1m^[22m[39m[31
m[1m^[22m[39m[31m[1
m^[22m[39m[31m[1m^[
22m[39m[31m[1m^[22m
[39m[31m[1m^[22m[39m
[31m[1m^[22m[39m[31
m[1m^[22m[39m[31m[1
m^[22m[39m[31m[1m^[
22m[39m[31m[1m^[22m
[39m[31m[1m^[22m[39m
[31m[1m^[22m[39m[31
m[1m^[22m[39m[31m[1
m^[22m[39m[31m[1m^[
22m[39m[31m[1m^[22m
[39m[31m[1m^[22m[39m
[31m[1m^[22m[39m[31
m[1m^[22m[39m[31m[1
m^[22m[39m[31m[1m^[
22m[39m[31m[1m^[22m
[39m[31m[1m^[22m[39m
[31m[1m^[22m[39m[31
m[1m^[22m[39m[31m[1
m^[22m[39m[31m[1m^[
22m[39m[31m[1m^[22m
[39m[31m[1m^[22m[39m
[31m[1m^[22m[39m[31
m[1m^[22m[39m[31m[1
m^[22m[39m[31m[1m^[
22m[39m[31m[1m^[22m
[39m[31m[1m^[22m[39m
[31m[1m^[22m[39m
 [90m 2 |[39m 
[36mimport[39m 
[33mPartnerCard[39m 
[36mfrom[39m [32m"@/c
omponents/shared/partner
-card"[39m[33m;[39m
 [90m 3 |[39m 
[36mimport[39m { 
[33mButton[39m } 
[36mfrom[39m [32m"@/c
omponents/ui/button"[39
m[33m;[39m
 [90m 4 |[39m 
[36mimport[39m { 
[33mChevronRight[39m 
} [36mfrom[39m [32m"l
ucide-react"[39m[33m;
[39m[0m



https://nextjs.org/docs/
messages/module-not-foun
d


./src/app/[locale]/partn
ers/page.jsx:1:1
Module not found: Can't 
resolve '@/components/sh
ared/custom-breadcrumbs'
[0m[31m[1m>[22m[39m
[90m 1 |[39m 
[36mimport[39m [33mCu
stomBreadcrumbs[39m 
[36mfrom[39m [32m"@/c
omponents/shared/custom-
breadcrumbs"[39m[33m;
[39m
 [90m   |[39m [31m[1
m^[22m[39m[31m[1m^[
22m[39m[31m[1m^[22m
[39m[31m[1m^[22m[39m
[31m[1m^[22m[39m[31
m[1m^[22m[39m[31m[1
m^[22m[39m[31m[1m^[
22m[39m[31m[1m^[22m
[39m[31m[1m^[22m[39m
[31m[1m^[22m[39m[31
m[1m^[22m[39m[31m[1
m^[22m[39m[31m[1m^[
22m[39m[31m[1m^[22m
[39m[31m[1m^[22m[39m
[31m[1m^[22m[39m[31
m[1m^[22m[39m[31m[1
m^[22m[39m[31m[1m^[
22m[39m[31m[1m^[22m
[39m[31m[1m^[22m[39m
[31m[1m^[22m[39m[31
m[1m^[22m[39m[31m[1
m^[22m[39m[31m[1m^[
22m[39m[31m[1m^[22m
[39m[31m[1m^[22m[39m
[31m[1m^[22m[39m[31
m[1m^[22m[39m[31m[1
m^[22m[39m[31m[1m^[
22m[39m[31m[1m^[22m
[39m[31m[1m^[22m[39m
[31m[1m^[22m[39m[31
m[1m^[22m[39m[31m[1
m^[22m[39m[31m[1m^[
22m[39m[31m[1m^[22m
[39m[31m[1m^[22m[39m
[31m[1m^[22m[39m[31
m[1m^[22m[39m[31m[1
m^[22m[39m[31m[1m^[
22m[39m[31m[1m^[22m
[39m[31m[1m^[22m[39m
[31m[1m^[22m[39m[31
m[1m^[22m[39m[31m[1
m^[22m[39m[31m[1m^[
22m[39m[31m[1m^[22m
[39m[31m[1m^[22m[39m
[31m[1m^[22m[39m[31
m[1m^[22m[39m[31m[1
m^[22m[39m[31m[1m^[
22m[39m[31m[1m^[22m
[39m[31m[1m^[22m[39m
[31m[1m^[22m[39m[31
m[1m^[22m[39m[31m[1
m^[22m[39m[31m[1m^[
22m[39m[31m[1m^[22m
[39m[31m[1m^[22m[39m
[31m[1m^[22m[39m[31
m[1m^[22m[39m[31m[1
m^[22m[39m[31m[1m^[
22m[39m[31m[1m^[22m
[39m[31m[1m^[22m[39m
[31m[1m^[22m[39m
 [90m 2 |[39m 
[36mimport[39m 
[33mPartnerCard[39m 
[36mfrom[39m [32m"@/c
omponents/shared/partner
-card"[39m[33m;[39m
 [90m 3 |[39m 
[36mimport[39m { 
[33mButton[39m } 
[36mfrom[39m [32m"@/c
omponents/ui/button"[39
m[33m;[39m
 [90m 4 |[39m 
[36mimport[39m { 
[33mChevronRight[39m 
} [36mfrom[39m [32m"l
ucide-react"[39m[33m;
[39m[0m



https://nextjs.org/docs/
messages/module-not-foun
d


./src/app/[locale]/user-
manual/page.jsx:1:1
Module not found: Can't 
resolve '@/components/sh
ared/custom-breadcrumbs'
[0m[31m[1m>[22m[39m
[90m 1 |[39m 
[36mimport[39m [33mCu
stomBreadcrumbs[39m 
[36mfrom[39m [32m"@/c
omponents/shared/custom-
breadcrumbs"[39m[33m;
[39m
 [90m   |[39m [31m[1
m^[22m[39m[31m[1m^[
22m[39m[31m[1m^[22m
[39m[31m[1m^[22m[39m
[31m[1m^[22m[39m[31
m[1m^[22m[39m[31m[1
m^[22m[39m[31m[1m^[
22m[39m[31m[1m^[22m
[39m[31m[1m^[22m[39m
[31m[1m^[22m[39m[31
m[1m^[22m[39m[31m[1
m^[22m[39m[31m[1m^[
22m[39m[31m[1m^[22m
[39m[31m[1m^[22m[39m
[31m[1m^[22m[39m[31
m[1m^[22m[39m[31m[1
m^[22m[39m[31m[1m^[
22m[39m[31m[1m^[22m
[39m[31m[1m^[22m[39m
[31m[1m^[22m[39m[31
m[1m^[22m[39m[31m[1
m^[22m[39m[31m[1m^[
22m[39m[31m[1m^[22m
[39m[31m[1m^[22m[39m
[31m[1m^[22m[39m[31
m[1m^[22m[39m[31m[1
m^[22m[39m[31m[1m^[
22m[39m[31m[1m^[22m
[39m[31m[1m^[22m[39m
[31m[1m^[22m[39m[31
m[1m^[22m[39m[31m[1
m^[22m[39m[31m[1m^[
22m[39m[31m[1m^[22m
[39m[31m[1m^[22m[39m
[31m[1m^[22m[39m[31
m[1m^[22m[39m[31m[1
m^[22m[39m[31m[1m^[
22m[39m[31m[1m^[22m
[39m[31m[1m^[22m[39m
[31m[1m^[22m[39m[31
m[1m^[22m[39m[31m[1
m^[22m[39m[31m[1m^[
22m[39m[31m[1m^[22m
[39m[31m[1m^[22m[39m
[31m[1m^[22m[39m[31
m[1m^[22m[39m[31m[1
m^[22m[39m[31m[1m^[
22m[39m[31m[1m^[22m
[39m[31m[1m^[22m[39m
[31m[1m^[22m[39m[31
m[1m^[22m[39m[31m[1
m^[22m[39m[31m[1m^[
22m[39m[31m[1m^[22m
[39m[31m[1m^[22m[39m
[31m[1m^[22m[39m[31
m[1m^[22m[39m[31m[1
m^[22m[39m[31m[1m^[
22m[39m[31m[1m^[22m
[39m[31m[1m^[22m[39m
[31m[1m^[22m[39m
 [90m 2 |[39m 
[36mimport[39m { 
getData } 
[36mfrom[39m [32m"@/l
ib/fetch-methods"[39m[
33m;[39m
 [90m 3 |[39m 
[36mimport[39m 
[33mImage[39m 
[36mfrom[39m [32m"nex
t/image"[39m[33m;[39m
 [90m 4 |[39m 
[36mimport[39m 
[33mReact[39m 
[36mfrom[39m [32m"rea
ct"[39m[33m;[39m[0m



https://nextjs.org/docs/
messages/module-not-foun
d


./src/app/[locale]/user-
manual/page.jsx:1:1
Module not found: Can't 
resolve '@/components/sh
ared/custom-breadcrumbs'
[0m[31m[1m>[22m[39m
[90m 1 |[39m 
[36mimport[39m [33mCu
stomBreadcrumbs[39m 
[36mfrom[39m [32m"@/c
omponents/shared/custom-
breadcrumbs"[39m[33m;
[39m
 [90m   |[39m [31m[1
m^[22m[39m[31m[1m^[
22m[39m[31m[1m^[22m
[39m[31m[1m^[22m[39m
[31m[1m^[22m[39m[31
m[1m^[22m[39m[31m[1
m^[22m[39m[31m[1m^[
22m[39m[31m[1m^[22m
[39m[31m[1m^[22m[39m
[31m[1m^[22m[39m[31
m[1m^[22m[39m[31m[1
m^[22m[39m[31m[1m^[
22m[39m[31m[1m^[22m
[39m[31m[1m^[22m[39m
[31m[1m^[22m[39m[31
m[1m^[22m[39m[31m[1
m^[22m[39m[31m[1m^[
22m[39m[31m[1m^[22m
[39m[31m[1m^[22m[39m
[31m[1m^[22m[39m[31
m[1m^[22m[39m[31m[1
m^[22m[39m[31m[1m^[
22m[39m[31m[1m^[22m
[39m[31m[1m^[22m[39m
[31m[1m^[22m[39m[31
m[1m^[22m[39m[31m[1
m^[22m[39m[31m[1m^[
22m[39m[31m[1m^[22m
[39m[31m[1m^[22m[39m
[31m[1m^[22m[39m[31
m[1m^[22m[39m[31m[1
m^[22m[39m[31m[1m^[
22m[39m[31m[1m^[22m
[39m[31m[1m^[22m[39m
[31m[1m^[22m[39m[31
m[1m^[22m[39m[31m[1
m^[22m[39m[31m[1m^[
22m[39m[31m[1m^[22m
[39m[31m[1m^[22m[39m
[31m[1m^[22m[39m[31
m[1m^[22m[39m[31m[1
m^[22m[39m[31m[1m^[
22m[39m[31m[1m^[22m
[39m[31m[1m^[22m[39m
[31m[1m^[22m[39m[31
m[1m^[22m[39m[31m[1
m^[22m[39m[31m[1m^[
22m[39m[31m[1m^[22m
[39m[31m[1m^[22m[39m
[31m[1m^[22m[39m[31
m[1m^[22m[39m[31m[1
m^[22m[39m[31m[1m^[
22m[39m[31m[1m^[22m
[39m[31m[1m^[22m[39m
[31m[1m^[22m[39m[31
m[1m^[22m[39m[31m[1
m^[22m[39m[31m[1m^[
22m[39m[31m[1m^[22m
[39m[31m[1m^[22m[39m
[31m[1m^[22m[39m
 [90m 2 |[39m 
[36mimport[39m { 
getData } 
[36mfrom[39m [32m"@/l
ib/fetch-methods"[39m[
33m;[39m
 [90m 3 |[39m 
[36mimport[39m 
[33mImage[39m 
[36mfrom[39m [32m"nex
t/image"[39m[33m;[39m
 [90m 4 |[39m 
[36mimport[39m 
[33mReact[39m 
[36mfrom[39m [32m"rea
ct"[39m[33m;[39m[0m



https://nextjs.org/docs/
messages/module-not-foun
d


./src/app/[locale]/wishl
ist/page.jsx:2:1
Module not found: Can't 
resolve '@/components/sh
ared/custom-breadcrumbs'
[0m [90m 1 |[39m 
[36mimport[39m 
[33mEstateCard[39m 
[36mfrom[39m [32m'@/c
omponents/estates/estate
-card'[39m
[31m[1m>[22m[39m[90
m 2 |[39m 
[36mimport[39m [33mCu
stomBreadcrumbs[39m 
[36mfrom[39m [32m'@/c
omponents/shared/custom-
breadcrumbs'[39m
 [90m   |[39m [31m[1
m^[22m[39m[31m[1m^[
22m[39m[31m[1m^[22m
[39m[31m[1m^[22m[39m
[31m[1m^[22m[39m[31
m[1m^[22m[39m[31m[1
m^[22m[39m[31m[1m^[
22m[39m[31m[1m^[22m
[39m[31m[1m^[22m[39m
[31m[1m^[22m[39m[31
m[1m^[22m[39m[31m[1
m^[22m[39m[31m[1m^[
22m[39m[31m[1m^[22m
[39m[31m[1m^[22m[39m
[31m[1m^[22m[39m[31
m[1m^[22m[39m[31m[1
m^[22m[39m[31m[1m^[
22m[39m[31m[1m^[22m
[39m[31m[1m^[22m[39m
[31m[1m^[22m[39m[31
m[1m^[22m[39m[31m[1
m^[22m[39m[31m[1m^[
22m[39m[31m[1m^[22m
[39m[31m[1m^[22m[39m
[31m[1m^[22m[39m[31
m[1m^[22m[39m[31m[1
m^[22m[39m[31m[1m^[
22m[39m[31m[1m^[22m
[39m[31m[1m^[22m[39m
[31m[1m^[22m[39m[31
m[1m^[22m[39m[31m[1
m^[22m[39m[31m[1m^[
22m[39m[31m[1m^[22m
[39m[31m[1m^[22m[39m
[31m[1m^[22m[39m[31
m[1m^[22m[39m[31m[1
m^[22m[39m[31m[1m^[
22m[39m[31m[1m^[22m
[39m[31m[1m^[22m[39m
[31m[1m^[22m[39m[31
m[1m^[22m[39m[31m[1
m^[22m[39m[31m[1m^[
22m[39m[31m[1m^[22m
[39m[31m[1m^[22m[39m
[31m[1m^[22m[39m[31
m[1m^[22m[39m[31m[1
m^[22m[39m[31m[1m^[
22m[39m[31m[1m^[22m
[39m[31m[1m^[22m[39m
[31m[1m^[22m[39m[31
m[1m^[22m[39m[31m[1
m^[22m[39m[31m[1m^[
22m[39m[31m[1m^[22m
[39m[31m[1m^[22m[39m
[31m[1m^[22m[39m[31
m[1m^[22m[39m[31m[1
m^[22m[39m[31m[1m^[
22m[39m[31m[1m^[22m
[39m[31m[1m^[22m[39m
 [90m 3 |[39m 
[36mimport[39m 
[33mReact[39m 
[36mfrom[39m 
[32m'react'[39m
 [90m 4 |[39m
 [90m 5 |[39m 
[36mconst[39m 
[33mWishListPage[39m 
[33m=[39m () 
[33m=>[39m {[0m



https://nextjs.org/docs/
messages/module-not-foun
d


./src/app/[locale]/wishl
ist/page.jsx:2:1
Module not found: Can't 
resolve '@/components/sh
ared/custom-breadcrumbs'
[0m [90m 1 |[39m 
[36mimport[39m 
[33mEstateCard[39m 
[36mfrom[39m [32m'@/c
omponents/estates/estate
-card'[39m
[31m[1m>[22m[39m[90
m 2 |[39m 
[36mimport[39m [33mCu
stomBreadcrumbs[39m 
[36mfrom[39m [32m'@/c
omponents/shared/custom-
breadcrumbs'[39m
 [90m   |[39m [31m[1
m^[22m[39m[31m[1m^[
22m[39m[31m[1m^[22m
[39m[31m[1m^[22m[39m
[31m[1m^[22m[39m[31
m[1m^[22m[39m[31m[1
m^[22m[39m[31m[1m^[
22m[39m[31m[1m^[22m
[39m[31m[1m^[22m[39m
[31m[1m^[22m[39m[31
m[1m^[22m[39m[31m[1
m^[22m[39m[31m[1m^[
22m[39m[31m[1m^[22m
[39m[31m[1m^[22m[39m
[31m[1m^[22m[39m[31
m[1m^[22m[39m[31m[1
m^[22m[39m[31m[1m^[
22m[39m[31m[1m^[22m
[39m[31m[1m^[22m[39m
[31m[1m^[22m[39m[31
m[1m^[22m[39m[31m[1
m^[22m[39m[31m[1m^[
22m[39m[31m[1m^[22m
[39m[31m[1m^[22m[39m
[31m[1m^[22m[39m[31
m[1m^[22m[39m[31m[1
m^[22m[39m[31m[1m^[
22m[39m[31m[1m^[22m
[39m[31m[1m^[22m[39m
[31m[1m^[22m[39m[31
m[1m^[22m[39m[31m[1
m^[22m[39m[31m[1m^[
22m[39m[31m[1m^[22m
[39m[31m[1m^[22m[39m
[31m[1m^[22m[39m[31
m[1m^[22m[39m[31m[1
m^[22m[39m[31m[1m^[
22m[39m[31m[1m^[22m
[39m[31m[1m^[22m[39m
[31m[1m^[22m[39m[31
m[1m^[22m[39m[31m[1
m^[22m[39m[31m[1m^[
22m[39m[31m[1m^[22m
[39m[31m[1m^[22m[39m
[31m[1m^[22m[39m[31
m[1m^[22m[39m[31m[1
m^[22m[39m[31m[1m^[
22m[39m[31m[1m^[22m
[39m[31m[1m^[22m[39m
[31m[1m^[22m[39m[31
m[1m^[22m[39m[31m[1
m^[22m[39m[31m[1m^[
22m[39m[31m[1m^[22m
[39m[31m[1m^[22m[39m
[31m[1m^[22m[39m[31
m[1m^[22m[39m[31m[1
m^[22m[39m[31m[1m^[
22m[39m[31m[1m^[22m
[39m[31m[1m^[22m[39m
 [90m 3 |[39m 
[36mimport[39m 
[33mReact[39m 
[36mfrom[39m 
[32m'react'[39m
 [90m 4 |[39m
 [90m 5 |[39m 
[36mconst[39m 
[33mWishListPage[39m 
[33m=[39m () 
[33m=>[39m {[0m



https://nextjs.org/docs/
messages/module-not-foun
d


./src/app/[locale]/deals
/page.jsx:18:1
Module not found: Can't 
resolve '@/components/sh
ared/deals-table'
[0m [90m 16 |[39m } 
[36mfrom[39m [32m"@/c
omponents/ui/dialog"[39
m[33m;[39m
 [90m 17 |[39m 
[36mimport[39m 
[33mAddDealForm[39m 
[36mfrom[39m [32m"@/c
omponents/deals/add-deal
-form"[39m[33m;[39m
[31m[1m>[22m[39m[90
m 18 |[39m 
[36mimport[39m 
[33mDealsTable[39m 
[36mfrom[39m [32m"@/c
omponents/shared/deals-t
able"[39m[33m;[39m
 [90m    |[39m [31m[
1m^[22m[39m[31m[1m^
[22m[39m[31m[1m^[22m
[39m[31m[1m^[22m[39
m[31m[1m^[22m[39m[3
1m[1m^[22m[39m[31m[
1m^[22m[39m[31m[1m^
[22m[39m[31m[1m^[22m
[39m[31m[1m^[22m[39
m[31m[1m^[22m[39m[3
1m[1m^[22m[39m[31m[
1m^[22m[39m[31m[1m^
[22m[39m[31m[1m^[22m
[39m[31m[1m^[22m[39
m[31m[1m^[22m[39m[3
1m[1m^[22m[39m[31m[
1m^[22m[39m[31m[1m^
[22m[39m[31m[1m^[22m
[39m[31m[1m^[22m[39
m[31m[1m^[22m[39m[3
1m[1m^[22m[39m[31m[
1m^[22m[39m[31m[1m^
[22m[39m[31m[1m^[22m
[39m[31m[1m^[22m[39
m[31m[1m^[22m[39m[3
1m[1m^[22m[39m[31m[
1m^[22m[39m[31m[1m^
[22m[39m[31m[1m^[22m
[39m[31m[1m^[22m[39
m[31m[1m^[22m[39m[3
1m[1m^[22m[39m[31m[
1m^[22m[39m[31m[1m^
[22m[39m[31m[1m^[22m
[39m[31m[1m^[22m[39
m[31m[1m^[22m[39m[3
1m[1m^[22m[39m[31m[
1m^[22m[39m[31m[1m^
[22m[39m[31m[1m^[22m
[39m[31m[1m^[22m[39
m[31m[1m^[22m[39m[3
1m[1m^[22m[39m[31m[
1m^[22m[39m[31m[1m^
[22m[39m[31m[1m^[22m
[39m[31m[1m^[22m[39
m[31m[1m^[22m[39m[3
1m[1m^[22m[39m[31m[
1m^[22m[39m[31m[1m^
[22m[39m[31m[1m^[22m
[39m
 [90m 19 |[39m 
[36mimport[39m { 
getDirectDeals } 
[36mfrom[39m [32m"@/a
ctions/deals"[39m[33m;
[39m
 [90m 20 |[39m 
[36mimport[39m { 
toast } [36mfrom[39m 
[32m"sonner"[39m[33m;
[39m
 [90m 21 |[39m[0m



https://nextjs.org/docs/
messages/module-not-foun
d


./src/app/[locale]/deals
/page.jsx:18:1
Module not found: Can't 
resolve '@/components/sh
ared/deals-table'
[0m [90m 16 |[39m } 
[36mfrom[39m [32m"@/c
omponents/ui/dialog"[39
m[33m;[39m
 [90m 17 |[39m 
[36mimport[39m 
[33mAddDealForm[39m 
[36mfrom[39m [32m"@/c
omponents/deals/add-deal
-form"[39m[33m;[39m
[31m[1m>[22m[39m[90
m 18 |[39m 
[36mimport[39m 
[33mDealsTable[39m 
[36mfrom[39m [32m"@/c
omponents/shared/deals-t
able"[39m[33m;[39m
 [90m    |[39m [31m[
1m^[22m[39m[31m[1m^
[22m[39m[31m[1m^[22m
[39m[31m[1m^[22m[39
m[31m[1m^[22m[39m[3
1m[1m^[22m[39m[31m[
1m^[22m[39m[31m[1m^
[22m[39m[31m[1m^[22m
[39m[31m[1m^[22m[39
m[31m[1m^[22m[39m[3
1m[1m^[22m[39m[31m[
1m^[22m[39m[31m[1m^
[22m[39m[31m[1m^[22m
[39m[31m[1m^[22m[39
m[31m[1m^[22m[39m[3
1m[1m^[22m[39m[31m[
1m^[22m[39m[31m[1m^
[22m[39m[31m[1m^[22m
[39m[31m[1m^[22m[39
m[31m[1m^[22m[39m[3
1m[1m^[22m[39m[31m[
1m^[22m[39m[31m[1m^
[22m[39m[31m[1m^[22m
[39m[31m[1m^[22m[39
m[31m[1m^[22m[39m[3
1m[1m^[22m[39m[31m[
1m^[22m[39m[31m[1m^
[22m[39m[31m[1m^[22m
[39m[31m[1m^[22m[39
m[31m[1m^[22m[39m[3
1m[1m^[22m[39m[31m[
1m^[22m[39m[31m[1m^
[22m[39m[31m[1m^[22m
[39m[31m[1m^[22m[39
m[31m[1m^[22m[39m[3
1m[1m^[22m[39m[31m[
1m^[22m[39m[31m[1m^
[22m[39m[31m[1m^[22m
[39m[31m[1m^[22m[39
m[31m[1m^[22m[39m[3
1m[1m^[22m[39m[31m[
1m^[22m[39m[31m[1m^
[22m[39m[31m[1m^[22m
[39m[31m[1m^[22m[39
m[31m[1m^[22m[39m[3
1m[1m^[22m[39m[31m[
1m^[22m[39m[31m[1m^
[22m[39m[31m[1m^[22m
[39m
 [90m 19 |[39m 
[36mimport[39m { 
getDirectDeals } 
[36mfrom[39m [32m"@/a
ctions/deals"[39m[33m;
[39m
 [90m 20 |[39m 
[36mimport[39m { 
toast } [36mfrom[39m 
[32m"sonner"[39m[33m;
[39m
 [90m 21 |[39m[0m



https://nextjs.org/docs/
messages/module-not-foun
d


./src/app/[locale]/deals
/page.jsx:18:1
Module not found: Can't 
resolve '@/components/sh
ared/deals-table'
[0m [90m 16 |[39m } 
[36mfrom[39m [32m"@/c
omponents/ui/dialog"[39
m[33m;[39m
 [90m 17 |[39m 
[36mimport[39m 
[33mAddDealForm[39m 
[36mfrom[39m [32m"@/c
omponents/deals/add-deal
-form"[39m[33m;[39m
[31m[1m>[22m[39m[90
m 18 |[39m 
[36mimport[39m 
[33mDealsTable[39m 
[36mfrom[39m [32m"@/c
omponents/shared/deals-t
able"[39m[33m;[39m
 [90m    |[39m [31m[
1m^[22m[39m[31m[1m^
[22m[39m[31m[1m^[22m
[39m[31m[1m^[22m[39
m[31m[1m^[22m[39m[3
1m[1m^[22m[39m[31m[
1m^[22m[39m[31m[1m^
[22m[39m[31m[1m^[22m
[39m[31m[1m^[22m[39
m[31m[1m^[22m[39m[3
1m[1m^[22m[39m[31m[
1m^[22m[39m[31m[1m^
[22m[39m[31m[1m^[22m
[39m[31m[1m^[22m[39
m[31m[1m^[22m[39m[3
1m[1m^[22m[39m[31m[
1m^[22m[39m[31m[1m^
[22m[39m[31m[1m^[22m
[39m[31m[1m^[22m[39
m[31m[1m^[22m[39m[3
1m[1m^[22m[39m[31m[
1m^[22m[39m[31m[1m^
[22m[39m[31m[1m^[22m
[39m[31m[1m^[22m[39
m[31m[1m^[22m[39m[3
1m[1m^[22m[39m[31m[
1m^[22m[39m[31m[1m^
[22m[39m[31m[1m^[22m
[39m[31m[1m^[22m[39
m[31m[1m^[22m[39m[3
1m[1m^[22m[39m[31m[
1m^[22m[39m[31m[1m^
[22m[39m[31m[1m^[22m
[39m[31m[1m^[22m[39
m[31m[1m^[22m[39m[3
1m[1m^[22m[39m[31m[
1m^[22m[39m[31m[1m^
[22m[39m[31m[1m^[22m
[39m[31m[1m^[22m[39
m[31m[1m^[22m[39m[3
1m[1m^[22m[39m[31m[
1m^[22m[39m[31m[1m^
[22m[39m[31m[1m^[22m
[39m[31m[1m^[22m[39
m[31m[1m^[22m[39m[3
1m[1m^[22m[39m[31m[
1m^[22m[39m[31m[1m^
[22m[39m[31m[1m^[22m
[39m
 [90m 19 |[39m 
[36mimport[39m { 
getDirectDeals } 
[36mfrom[39m [32m"@/a
ctions/deals"[39m[33m;
[39m
 [90m 20 |[39m 
[36mimport[39m { 
toast } [36mfrom[39m 
[32m"sonner"[39m[33m;
[39m
 [90m 21 |[39m[0m



https://nextjs.org/docs/
messages/module-not-foun
d


./src/app/[locale]/deals
/page.jsx:18:1
Module not found: Can't 
resolve '@/components/sh
ared/deals-table'
[0m [90m 16 |[39m } 
[36mfrom[39m [32m"@/c
omponents/ui/dialog"[39
m[33m;[39m
 [90m 17 |[39m 
[36mimport[39m 
[33mAddDealForm[39m 
[36mfrom[39m [32m"@/c
omponents/deals/add-deal
-form"[39m[33m;[39m
[31m[1m>[22m[39m[90
m 18 |[39m 
[36mimport[39m 
[33mDealsTable[39m 
[36mfrom[39m [32m"@/c
omponents/shared/deals-t
able"[39m[33m;[39m
 [90m    |[39m [31m[
1m^[22m[39m[31m[1m^
[22m[39m[31m[1m^[22m
[39m[31m[1m^[22m[39
m[31m[1m^[22m[39m[3
1m[1m^[22m[39m[31m[
1m^[22m[39m[31m[1m^
[22m[39m[31m[1m^[22m
[39m[31m[1m^[22m[39
m[31m[1m^[22m[39m[3
1m[1m^[22m[39m[31m[
1m^[22m[39m[31m[1m^
[22m[39m[31m[1m^[22m
[39m[31m[1m^[22m[39
m[31m[1m^[22m[39m[3
1m[1m^[22m[39m[31m[
1m^[22m[39m[31m[1m^
[22m[39m[31m[1m^[22m
[39m[31m[1m^[22m[39
m[31m[1m^[22m[39m[3
1m[1m^[22m[39m[31m[
1m^[22m[39m[31m[1m^
[22m[39m[31m[1m^[22m
[39m[31m[1m^[22m[39
m[31m[1m^[22m[39m[3
1m[1m^[22m[39m[31m[
1m^[22m[39m[31m[1m^
[22m[39m[31m[1m^[22m
[39m[31m[1m^[22m[39
m[31m[1m^[22m[39m[3
1m[1m^[22m[39m[31m[
1m^[22m[39m[31m[1m^
[22m[39m[31m[1m^[22m
[39m[31m[1m^[22m[39
m[31m[1m^[22m[39m[3
1m[1m^[22m[39m[31m[
1m^[22m[39m[31m[1m^
[22m[39m[31m[1m^[22m
[39m[31m[1m^[22m[39
m[31m[1m^[22m[39m[3
1m[1m^[22m[39m[31m[
1m^[22m[39m[31m[1m^
[22m[39m[31m[1m^[22m
[39m[31m[1m^[22m[39
m[31m[1m^[22m[39m[3
1m[1m^[22m[39m[31m[
1m^[22m[39m[31m[1m^
[22m[39m[31m[1m^[22m
[39m
 [90m 19 |[39m 
[36mimport[39m { 
getDirectDeals } 
[36mfrom[39m [32m"@/a
ctions/deals"[39m[33m;
[39m
 [90m 20 |[39m 
[36mimport[39m { 
toast } [36mfrom[39m 
[32m"sonner"[39m[33m;
[39m
 [90m 21 |[39m[0m



https://nextjs.org/docs/
messages/module-not-foun
d


./src/app/[locale]/layou
t.jsx:7:1
Module not found: Can't 
resolve '@/components/sh
ared/footer'
[0m [90m  5 |[39m 
[36mimport[39m { 
getMessages } 
[36mfrom[39m [32m"nex
t-intl/server"[39m[33m
;[39m
 [90m  6 |[39m 
[36mimport[39m { 
[33mAlexandria[39m } 
[36mfrom[39m [32m"nex
t/font/google"[39m[33m
;[39m
[31m[1m>[22m[39m[90
m  7 |[39m 
[36mimport[39m 
[33mFooter[39m 
[36mfrom[39m [32m"@/c
omponents/shared/footer"
[39m[33m;[39m
 [90m    |[39m [31m[
1m^[22m[39m[31m[1m^
[22m[39m[31m[1m^[22m
[39m[31m[1m^[22m[39
m[31m[1m^[22m[39m[3
1m[1m^[22m[39m[31m[
1m^[22m[39m[31m[1m^
[22m[39m[31m[1m^[22m
[39m[31m[1m^[22m[39
m[31m[1m^[22m[39m[3
1m[1m^[22m[39m[31m[
1m^[22m[39m[31m[1m^
[22m[39m[31m[1m^[22m
[39m[31m[1m^[22m[39
m[31m[1m^[22m[39m[3
1m[1m^[22m[39m[31m[
1m^[22m[39m[31m[1m^
[22m[39m[31m[1m^[22m
[39m[31m[1m^[22m[39
m[31m[1m^[22m[39m[3
1m[1m^[22m[39m[31m[
1m^[22m[39m[31m[1m^
[22m[39m[31m[1m^[22m
[39m[31m[1m^[22m[39
m[31m[1m^[22m[39m[3
1m[1m^[22m[39m[31m[
1m^[22m[39m[31m[1m^
[22m[39m[31m[1m^[22m
[39m[31m[1m^[22m[39
m[31m[1m^[22m[39m[3
1m[1m^[22m[39m[31m[
1m^[22m[39m[31m[1m^
[22m[39m[31m[1m^[22m
[39m[31m[1m^[22m[39
m[31m[1m^[22m[39m[3
1m[1m^[22m[39m[31m[
1m^[22m[39m[31m[1m^
[22m[39m[31m[1m^[22m
[39m[31m[1m^[22m[39
m[31m[1m^[22m[39m[3
1m[1m^[22m[39m
 [90m  8 |[39m 
[36mimport[39m 
[33mNavbar[39m 
[36mfrom[39m [32m"@/c
omponents/shared/navbar"
[39m[33m;[39m
 [90m  9 |[39m 
[36mimport[39m [33mFl
oatingSocials[39m 
[36mfrom[39m [32m"@/c
omponents/shared/Floatin
gSocials"[39m[33m;[39
m
 [90m 10 |[39m 
[36mimport[39m { 
[33mToaster[39m } 
[36mfrom[39m [32m"son
ner"[39m[33m;[39m[0m



https://nextjs.org/docs/
messages/module-not-foun
d


./src/app/[locale]/layou
t.jsx:7:1
Module not found: Can't 
resolve '@/components/sh
ared/footer'
[0m [90m  5 |[39m 
[36mimport[39m { 
getMessages } 
[36mfrom[39m [32m"nex
t-intl/server"[39m[33m
;[39m
 [90m  6 |[39m 
[36mimport[39m { 
[33mAlexandria[39m } 
[36mfrom[39m [32m"nex
t/font/google"[39m[33m
;[39m
[31m[1m>[22m[39m[90
m  7 |[39m 
[36mimport[39m 
[33mFooter[39m 
[36mfrom[39m [32m"@/c
omponents/shared/footer"
[39m[33m;[39m
 [90m    |[39m [31m[
1m^[22m[39m[31m[1m^
[22m[39m[31m[1m^[22m
[39m[31m[1m^[22m[39
m[31m[1m^[22m[39m[3
1m[1m^[22m[39m[31m[
1m^[22m[39m[31m[1m^
[22m[39m[31m[1m^[22m
[39m[31m[1m^[22m[39
m[31m[1m^[22m[39m[3
1m[1m^[22m[39m[31m[
1m^[22m[39m[31m[1m^
[22m[39m[31m[1m^[22m
[39m[31m[1m^[22m[39
m[31m[1m^[22m[39m[3
1m[1m^[22m[39m[31m[
1m^[22m[39m[31m[1m^
[22m[39m[31m[1m^[22m
[39m[31m[1m^[22m[39
m[31m[1m^[22m[39m[3
1m[1m^[22m[39m[31m[
1m^[22m[39m[31m[1m^
[22m[39m[31m[1m^[22m
[39m[31m[1m^[22m[39
m[31m[1m^[22m[39m[3
1m[1m^[22m[39m[31m[
1m^[22m[39m[31m[1m^
[22m[39m[31m[1m^[22m
[39m[31m[1m^[22m[39
m[31m[1m^[22m[39m[3
1m[1m^[22m[39m[31m[
1m^[22m[39m[31m[1m^
[22m[39m[31m[1m^[22m
[39m[31m[1m^[22m[39
m[31m[1m^[22m[39m[3
1m[1m^[22m[39m[31m[
1m^[22m[39m[31m[1m^
[22m[39m[31m[1m^[22m
[39m[31m[1m^[22m[39
m[31m[1m^[22m[39m[3
1m[1m^[22m[39m
 [90m  8 |[39m 
[36mimport[39m 
[33mNavbar[39m 
[36mfrom[39m [32m"@/c
omponents/shared/navbar"
[39m[33m;[39m
 [90m  9 |[39m 
[36mimport[39m [33mFl
oatingSocials[39m 
[36mfrom[39m [32m"@/c
omponents/shared/Floatin
gSocials"[39m[33m;[39
m
 [90m 10 |[39m 
[36mimport[39m { 
[33mToaster[39m } 
[36mfrom[39m [32m"son
ner"[39m[33m;[39m[0m



https://nextjs.org/docs/
messages/module-not-foun
d


./src/app/[locale]/layou
t.jsx:8:1
Module not found: Can't 
resolve '@/components/sh
ared/navbar'
[0m [90m  6 |[39m 
[36mimport[39m { 
[33mAlexandria[39m } 
[36mfrom[39m [32m"nex
t/font/google"[39m[33m
;[39m
 [90m  7 |[39m 
[36mimport[39m 
[33mFooter[39m 
[36mfrom[39m [32m"@/c
omponents/shared/footer"
[39m[33m;[39m
[31m[1m>[22m[39m[90
m  8 |[39m 
[36mimport[39m 
[33mNavbar[39m 
[36mfrom[39m [32m"@/c
omponents/shared/navbar"
[39m[33m;[39m
 [90m    |[39m [31m[
1m^[22m[39m[31m[1m^
[22m[39m[31m[1m^[22m
[39m[31m[1m^[22m[39
m[31m[1m^[22m[39m[3
1m[1m^[22m[39m[31m[
1m^[22m[39m[31m[1m^
[22m[39m[31m[1m^[22m
[39m[31m[1m^[22m[39
m[31m[1m^[22m[39m[3
1m[1m^[22m[39m[31m[
1m^[22m[39m[31m[1m^
[22m[39m[31m[1m^[22m
[39m[31m[1m^[22m[39
m[31m[1m^[22m[39m[3
1m[1m^[22m[39m[31m[
1m^[22m[39m[31m[1m^
[22m[39m[31m[1m^[22m
[39m[31m[1m^[22m[39
m[31m[1m^[22m[39m[3
1m[1m^[22m[39m[31m[
1m^[22m[39m[31m[1m^
[22m[39m[31m[1m^[22m
[39m[31m[1m^[22m[39
m[31m[1m^[22m[39m[3
1m[1m^[22m[39m[31m[
1m^[22m[39m[31m[1m^
[22m[39m[31m[1m^[22m
[39m[31m[1m^[22m[39
m[31m[1m^[22m[39m[3
1m[1m^[22m[39m[31m[
1m^[22m[39m[31m[1m^
[22m[39m[31m[1m^[22m
[39m[31m[1m^[22m[39
m[31m[1m^[22m[39m[3
1m[1m^[22m[39m[31m[
1m^[22m[39m[31m[1m^
[22m[39m[31m[1m^[22m
[39m[31m[1m^[22m[39
m[31m[1m^[22m[39m[3
1m[1m^[22m[39m
 [90m  9 |[39m 
[36mimport[39m [33mFl
oatingSocials[39m 
[36mfrom[39m [32m"@/c
omponents/shared/Floatin
gSocials"[39m[33m;[39
m
 [90m 10 |[39m 
[36mimport[39m { 
[33mToaster[39m } 
[36mfrom[39m [32m"son
ner"[39m[33m;[39m
 [90m 11 |[39m 
[36mimport[39m [33mUs
erContextProvider[39m 
[36mfrom[39m [32m"@/c
ontext/user-context"[39
m[33m;[39m[0m



https://nextjs.org/docs/
messages/module-not-foun
d


./src/app/[locale]/layou
t.jsx:8:1
Module not found: Can't 
resolve '@/components/sh
ared/navbar'
[0m [90m  6 |[39m 
[36mimport[39m { 
[33mAlexandria[39m } 
[36mfrom[39m [32m"nex
t/font/google"[39m[33m
;[39m
 [90m  7 |[39m 
[36mimport[39m 
[33mFooter[39m 
[36mfrom[39m [32m"@/c
omponents/shared/footer"
[39m[33m;[39m
[31m[1m>[22m[39m[90
m  8 |[39m 
[36mimport[39m 
[33mNavbar[39m 
[36mfrom[39m [32m"@/c
omponents/shared/navbar"
[39m[33m;[39m
 [90m    |[39m [31m[
1m^[22m[39m[31m[1m^
[22m[39m[31m[1m^[22m
[39m[31m[1m^[22m[39
m[31m[1m^[22m[39m[3
1m[1m^[22m[39m[31m[
1m^[22m[39m[31m[1m^
[22m[39m[31m[1m^[22m
[39m[31m[1m^[22m[39
m[31m[1m^[22m[39m[3
1m[1m^[22m[39m[31m[
1m^[22m[39m[31m[1m^
[22m[39m[31m[1m^[22m
[39m[31m[1m^[22m[39
m[31m[1m^[22m[39m[3
1m[1m^[22m[39m[31m[
1m^[22m[39m[31m[1m^
[22m[39m[31m[1m^[22m
[39m[31m[1m^[22m[39
m[31m[1m^[22m[39m[3
1m[1m^[22m[39m[31m[
1m^[22m[39m[31m[1m^
[22m[39m[31m[1m^[22m
[39m[31m[1m^[22m[39
m[31m[1m^[22m[39m[3
1m[1m^[22m[39m[31m[
1m^[22m[39m[31m[1m^
[22m[39m[31m[1m^[22m
[39m[31m[1m^[22m[39
m[31m[1m^[22m[39m[3
1m[1m^[22m[39m[31m[
1m^[22m[39m[31m[1m^
[22m[39m[31m[1m^[22m
[39m[31m[1m^[22m[39
m[31m[1m^[22m[39m[3
1m[1m^[22m[39m[31m[
1m^[22m[39m[31m[1m^
[22m[39m[31m[1m^[22m
[39m[31m[1m^[22m[39
m[31m[1m^[22m[39m[3
1m[1m^[22m[39m
 [90m  9 |[39m 
[36mimport[39m [33mFl
oatingSocials[39m 
[36mfrom[39m [32m"@/c
omponents/shared/Floatin
gSocials"[39m[33m;[39
m
 [90m 10 |[39m 
[36mimport[39m { 
[33mToaster[39m } 
[36mfrom[39m [32m"son
ner"[39m[33m;[39m
 [90m 11 |[39m 
[36mimport[39m [33mUs
erContextProvider[39m 
[36mfrom[39m [32m"@/c
ontext/user-context"[39
m[33m;[39m[0m



https://nextjs.org/docs/
messages/module-not-foun
d


./src/app/[locale]/offer
s/page.jsx:2:1
Module not found: Can't 
resolve '@/components/sh
ared/offer-card'
[0m [90m 1 |[39m 
[36mimport[39m [33mCu
stomBreadcrumbs[39m 
[36mfrom[39m [32m"@/c
omponents/shared/custom-
breadcrumbs"[39m[33m;
[39m
[31m[1m>[22m[39m[90
m 2 |[39m 
[36mimport[39m 
[33mOfferCard[39m 
[36mfrom[39m [32m"@/c
omponents/shared/offer-c
ard"[39m[33m;[39m
 [90m   |[39m [31m[1
m^[22m[39m[31m[1m^[
22m[39m[31m[1m^[22m
[39m[31m[1m^[22m[39m
[31m[1m^[22m[39m[31
m[1m^[22m[39m[31m[1
m^[22m[39m[31m[1m^[
22m[39m[31m[1m^[22m
[39m[31m[1m^[22m[39m
[31m[1m^[22m[39m[31
m[1m^[22m[39m[31m[1
m^[22m[39m[31m[1m^[
22m[39m[31m[1m^[22m
[39m[31m[1m^[22m[39m
[31m[1m^[22m[39m[31
m[1m^[22m[39m[31m[1
m^[22m[39m[31m[1m^[
22m[39m[31m[1m^[22m
[39m[31m[1m^[22m[39m
[31m[1m^[22m[39m[31
m[1m^[22m[39m[31m[1
m^[22m[39m[31m[1m^[
22m[39m[31m[1m^[22m
[39m[31m[1m^[22m[39m
[31m[1m^[22m[39m[31
m[1m^[22m[39m[31m[1
m^[22m[39m[31m[1m^[
22m[39m[31m[1m^[22m
[39m[31m[1m^[22m[39m
[31m[1m^[22m[39m[31
m[1m^[22m[39m[31m[1
m^[22m[39m[31m[1m^[
22m[39m[31m[1m^[22m
[39m[31m[1m^[22m[39m
[31m[1m^[22m[39m[31
m[1m^[22m[39m[31m[1
m^[22m[39m[31m[1m^[
22m[39m[31m[1m^[22m
[39m[31m[1m^[22m[39m
[31m[1m^[22m[39m[31
m[1m^[22m[39m[31m[1
m^[22m[39m[31m[1m^[
22m[39m[31m[1m^[22m
[39m[31m[1m^[22m[39m
[31m[1m^[22m[39m[31
m[1m^[22m[39m[31m[1
m^[22m[39m
 [90m 3 |[39m 
[36mimport[39m { 
getData } 
[36mfrom[39m [32m"@/l
ib/fetch-methods"[39m[
33m;[39m
 [90m 4 |[39m 
[36mimport[39m 
[33mReact[39m 
[36mfrom[39m [32m"rea
ct"[39m[33m;[39m
 [90m 5 |[39m 
[36mimport[39m { 
getTranslations } 
[36mfrom[39m [32m"nex
t-intl/server"[39m[33m
;[39m[0m



https://nextjs.org/docs/
messages/module-not-foun
d


./src/app/[locale]/offer
s/page.jsx:2:1
Module not found: Can't 
resolve '@/components/sh
ared/offer-card'
[0m [90m 1 |[39m 
[36mimport[39m [33mCu
stomBreadcrumbs[39m 
[36mfrom[39m [32m"@/c
omponents/shared/custom-
breadcrumbs"[39m[33m;
[39m
[31m[1m>[22m[39m[90
m 2 |[39m 
[36mimport[39m 
[33mOfferCard[39m 
[36mfrom[39m [32m"@/c
omponents/shared/offer-c
ard"[39m[33m;[39m
 [90m   |[39m [31m[1
m^[22m[39m[31m[1m^[
22m[39m[31m[1m^[22m
[39m[31m[1m^[22m[39m
[31m[1m^[22m[39m[31
m[1m^[22m[39m[31m[1
m^[22m[39m[31m[1m^[
22m[39m[31m[1m^[22m
[39m[31m[1m^[22m[39m
[31m[1m^[22m[39m[31
m[1m^[22m[39m[31m[1
m^[22m[39m[31m[1m^[
22m[39m[31m[1m^[22m
[39m[31m[1m^[22m[39m
[31m[1m^[22m[39m[31
m[1m^[22m[39m[31m[1
m^[22m[39m[31m[1m^[
22m[39m[31m[1m^[22m
[39m[31m[1m^[22m[39m
[31m[1m^[22m[39m[31
m[1m^[22m[39m[31m[1
m^[22m[39m[31m[1m^[
22m[39m[31m[1m^[22m
[39m[31m[1m^[22m[39m
[31m[1m^[22m[39m[31
m[1m^[22m[39m[31m[1
m^[22m[39m[31m[1m^[
22m[39m[31m[1m^[22m
[39m[31m[1m^[22m[39m
[31m[1m^[22m[39m[31
m[1m^[22m[39m[31m[1
m^[22m[39m[31m[1m^[
22m[39m[31m[1m^[22m
[39m[31m[1m^[22m[39m
[31m[1m^[22m[39m[31
m[1m^[22m[39m[31m[1
m^[22m[39m[31m[1m^[
22m[39m[31m[1m^[22m
[39m[31m[1m^[22m[39m
[31m[1m^[22m[39m[31
m[1m^[22m[39m[31m[1
m^[22m[39m[31m[1m^[
22m[39m[31m[1m^[22m
[39m[31m[1m^[22m[39m
[31m[1m^[22m[39m[31
m[1m^[22m[39m[31m[1
m^[22m[39m
 [90m 3 |[39m 
[36mimport[39m { 
getData } 
[36mfrom[39m [32m"@/l
ib/fetch-methods"[39m[
33m;[39m
 [90m 4 |[39m 
[36mimport[39m 
[33mReact[39m 
[36mfrom[39m [32m"rea
ct"[39m[33m;[39m
 [90m 5 |[39m 
[36mimport[39m { 
getTranslations } 
[36mfrom[39m [32m"nex
t-intl/server"[39m[33m
;[39m[0m



https://nextjs.org/docs/
messages/module-not-foun
d


./src/app/[locale]/partn
ers/page.jsx:2:1
Module not found: Can't 
resolve '@/components/sh
ared/partner-card'
[0m [90m 1 |[39m 
[36mimport[39m [33mCu
stomBreadcrumbs[39m 
[36mfrom[39m [32m"@/c
omponents/shared/custom-
breadcrumbs"[39m[33m;
[39m
[31m[1m>[22m[39m[90
m 2 |[39m 
[36mimport[39m 
[33mPartnerCard[39m 
[36mfrom[39m [32m"@/c
omponents/shared/partner
-card"[39m[33m;[39m
 [90m   |[39m [31m[1
m^[22m[39m[31m[1m^[
22m[39m[31m[1m^[22m
[39m[31m[1m^[22m[39m
[31m[1m^[22m[39m[31
m[1m^[22m[39m[31m[1
m^[22m[39m[31m[1m^[
22m[39m[31m[1m^[22m
[39m[31m[1m^[22m[39m
[31m[1m^[22m[39m[31
m[1m^[22m[39m[31m[1
m^[22m[39m[31m[1m^[
22m[39m[31m[1m^[22m
[39m[31m[1m^[22m[39m
[31m[1m^[22m[39m[31
m[1m^[22m[39m[31m[1
m^[22m[39m[31m[1m^[
22m[39m[31m[1m^[22m
[39m[31m[1m^[22m[39m
[31m[1m^[22m[39m[31
m[1m^[22m[39m[31m[1
m^[22m[39m[31m[1m^[
22m[39m[31m[1m^[22m
[39m[31m[1m^[22m[39m
[31m[1m^[22m[39m[31
m[1m^[22m[39m[31m[1
m^[22m[39m[31m[1m^[
22m[39m[31m[1m^[22m
[39m[31m[1m^[22m[39m
[31m[1m^[22m[39m[31
m[1m^[22m[39m[31m[1
m^[22m[39m[31m[1m^[
22m[39m[31m[1m^[22m
[39m[31m[1m^[22m[39m
[31m[1m^[22m[39m[31
m[1m^[22m[39m[31m[1
m^[22m[39m[31m[1m^[
22m[39m[31m[1m^[22m
[39m[31m[1m^[22m[39m
[31m[1m^[22m[39m[31
m[1m^[22m[39m[31m[1
m^[22m[39m[31m[1m^[
22m[39m[31m[1m^[22m
[39m[31m[1m^[22m[39m
[31m[1m^[22m[39m[31
m[1m^[22m[39m[31m[1
m^[22m[39m[31m[1m^[
22m[39m[31m[1m^[22m
[39m[31m[1m^[22m[39m
[31m[1m^[22m[39m
 [90m 3 |[39m 
[36mimport[39m { 
[33mButton[39m } 
[36mfrom[39m [32m"@/c
omponents/ui/button"[39
m[33m;[39m
 [90m 4 |[39m 
[36mimport[39m { 
[33mChevronRight[39m 
} [36mfrom[39m [32m"l
ucide-react"[39m[33m;
[39m
 [90m 5 |[39m 
[36mimport[39m { 
getTranslations } 
[36mfrom[39m [32m"nex
t-intl/server"[39m[33m
;[39m[0m



https://nextjs.org/docs/
messages/module-not-foun
d


./src/app/[locale]/partn
ers/page.jsx:2:1
Module not found: Can't 
resolve '@/components/sh
ared/partner-card'
[0m [90m 1 |[39m 
[36mimport[39m [33mCu
stomBreadcrumbs[39m 
[36mfrom[39m [32m"@/c
omponents/shared/custom-
breadcrumbs"[39m[33m;
[39m
[31m[1m>[22m[39m[90
m 2 |[39m 
[36mimport[39m 
[33mPartnerCard[39m 
[36mfrom[39m [32m"@/c
omponents/shared/partner
-card"[39m[33m;[39m
 [90m   |[39m [31m[1
m^[22m[39m[31m[1m^[
22m[39m[31m[1m^[22m
[39m[31m[1m^[22m[39m
[31m[1m^[22m[39m[31
m[1m^[22m[39m[31m[1
m^[22m[39m[31m[1m^[
22m[39m[31m[1m^[22m
[39m[31m[1m^[22m[39m
[31m[1m^[22m[39m[31
m[1m^[22m[39m[31m[1
m^[22m[39m[31m[1m^[
22m[39m[31m[1m^[22m
[39m[31m[1m^[22m[39m
[31m[1m^[22m[39m[31
m[1m^[22m[39m[31m[1
m^[22m[39m[31m[1m^[
22m[39m[31m[1m^[22m
[39m[31m[1m^[22m[39m
[31m[1m^[22m[39m[31
m[1m^[22m[39m[31m[1
m^[22m[39m[31m[1m^[
22m[39m[31m[1m^[22m
[39m[31m[1m^[22m[39m
[31m[1m^[22m[39m[31
m[1m^[22m[39m[31m[1
m^[22m[39m[31m[1m^[
22m[39m[31m[1m^[22m
[39m[31m[1m^[22m[39m
[31m[1m^[22m[39m[31
m[1m^[22m[39m[31m[1
m^[22m[39m[31m[1m^[
22m[39m[31m[1m^[22m
[39m[31m[1m^[22m[39m
[31m[1m^[22m[39m[31
m[1m^[22m[39m[31m[1
m^[22m[39m[31m[1m^[
22m[39m[31m[1m^[22m
[39m[31m[1m^[22m[39m
[31m[1m^[22m[39m[31
m[1m^[22m[39m[31m[1
m^[22m[39m[31m[1m^[
22m[39m[31m[1m^[22m
[39m[31m[1m^[22m[39m
[31m[1m^[22m[39m[31
m[1m^[22m[39m[31m[1
m^[22m[39m[31m[1m^[
22m[39m[31m[1m^[22m
[39m[31m[1m^[22m[39m
[31m[1m^[22m[39m
 [90m 3 |[39m 
[36mimport[39m { 
[33mButton[39m } 
[36mfrom[39m [32m"@/c
omponents/ui/button"[39
m[33m;[39m
 [90m 4 |[39m 
[36mimport[39m { 
[33mChevronRight[39m 
} [36mfrom[39m [32m"l
ucide-react"[39m[33m;
[39m
 [90m 5 |[39m 
[36mimport[39m { 
getTranslations } 
[36mfrom[39m [32m"nex
t-intl/server"[39m[33m
;[39m[0m



https://nextjs.org/docs/
messages/module-not-foun
d


./src/app/[locale]/packa
ges/page.jsx:2:1
Module not found: Can't 
resolve '@/components/sh
ared/plan-card'
[0m [90m 1 |[39m 
[36mimport[39m [33mCu
stomBreadcrumbs[39m 
[36mfrom[39m [32m"@/c
omponents/shared/custom-
breadcrumbs"[39m[33m;
[39m
[31m[1m>[22m[39m[90
m 2 |[39m 
[36mimport[39m 
[33mPlanCard[39m 
[36mfrom[39m [32m"@/c
omponents/shared/plan-ca
rd"[39m[33m;[39m
 [90m   |[39m [31m[1
m^[22m[39m[31m[1m^[
22m[39m[31m[1m^[22m
[39m[31m[1m^[22m[39m
[31m[1m^[22m[39m[31
m[1m^[22m[39m[31m[1
m^[22m[39m[31m[1m^[
22m[39m[31m[1m^[22m
[39m[31m[1m^[22m[39m
[31m[1m^[22m[39m[31
m[1m^[22m[39m[31m[1
m^[22m[39m[31m[1m^[
22m[39m[31m[1m^[22m
[39m[31m[1m^[22m[39m
[31m[1m^[22m[39m[31
m[1m^[22m[39m[31m[1
m^[22m[39m[31m[1m^[
22m[39m[31m[1m^[22m
[39m[31m[1m^[22m[39m
[31m[1m^[22m[39m[31
m[1m^[22m[39m[31m[1
m^[22m[39m[31m[1m^[
22m[39m[31m[1m^[22m
[39m[31m[1m^[22m[39m
[31m[1m^[22m[39m[31
m[1m^[22m[39m[31m[1
m^[22m[39m[31m[1m^[
22m[39m[31m[1m^[22m
[39m[31m[1m^[22m[39m
[31m[1m^[22m[39m[31
m[1m^[22m[39m[31m[1
m^[22m[39m[31m[1m^[
22m[39m[31m[1m^[22m
[39m[31m[1m^[22m[39m
[31m[1m^[22m[39m[31
m[1m^[22m[39m[31m[1
m^[22m[39m[31m[1m^[
22m[39m[31m[1m^[22m
[39m[31m[1m^[22m[39m
[31m[1m^[22m[39m[31
m[1m^[22m[39m[31m[1
m^[22m[39m[31m[1m^[
22m[39m[31m[1m^[22m
[39m[31m[1m^[22m[39m
[31m[1m^[22m[39m
 [90m 3 |[39m 
[36mimport[39m 
[33mReact[39m 
[36mfrom[39m [32m"rea
ct"[39m[33m;[39m
 [90m 4 |[39m 
[36mimport[39m { 
getTranslations } 
[36mfrom[39m [32m"nex
t-intl/server"[39m[33m
;[39m
 [90m 5 |[39m 
[36mimport[39m {[0m



https://nextjs.org/docs/
messages/module-not-foun
d


./src/app/[locale]/packa
ges/page.jsx:2:1
Module not found: Can't 
resolve '@/components/sh
ared/plan-card'
[0m [90m 1 |[39m 
[36mimport[39m [33mCu
stomBreadcrumbs[39m 
[36mfrom[39m [32m"@/c
omponents/shared/custom-
breadcrumbs"[39m[33m;
[39m
[31m[1m>[22m[39m[90
m 2 |[39m 
[36mimport[39m 
[33mPlanCard[39m 
[36mfrom[39m [32m"@/c
omponents/shared/plan-ca
rd"[39m[33m;[39m
 [90m   |[39m [31m[1
m^[22m[39m[31m[1m^[
22m[39m[31m[1m^[22m
[39m[31m[1m^[22m[39m
[31m[1m^[22m[39m[31
m[1m^[22m[39m[31m[1
m^[22m[39m[31m[1m^[
22m[39m[31m[1m^[22m
[39m[31m[1m^[22m[39m
[31m[1m^[22m[39m[31
m[1m^[22m[39m[31m[1
m^[22m[39m[31m[1m^[
22m[39m[31m[1m^[22m
[39m[31m[1m^[22m[39m
[31m[1m^[22m[39m[31
m[1m^[22m[39m[31m[1
m^[22m[39m[31m[1m^[
22m[39m[31m[1m^[22m
[39m[31m[1m^[22m[39m
[31m[1m^[22m[39m[31
m[1m^[22m[39m[31m[1
m^[22m[39m[31m[1m^[
22m[39m[31m[1m^[22m
[39m[31m[1m^[22m[39m
[31m[1m^[22m[39m[31
m[1m^[22m[39m[31m[1
m^[22m[39m[31m[1m^[
22m[39m[31m[1m^[22m
[39m[31m[1m^[22m[39m
[31m[1m^[22m[39m[31
m[1m^[22m[39m[31m[1
m^[22m[39m[31m[1m^[
22m[39m[31m[1m^[22m
[39m[31m[1m^[22m[39m
[31m[1m^[22m[39m[31
m[1m^[22m[39m[31m[1
m^[22m[39m[31m[1m^[
22m[39m[31m[1m^[22m
[39m[31m[1m^[22m[39m
[31m[1m^[22m[39m[31
m[1m^[22m[39m[31m[1
m^[22m[39m[31m[1m^[
22m[39m[31m[1m^[22m
[39m[31m[1m^[22m[39m
[31m[1m^[22m[39m
 [90m 3 |[39m 
[36mimport[39m 
[33mReact[39m 
[36mfrom[39m [32m"rea
ct"[39m[33m;[39m
 [90m 4 |[39m 
[36mimport[39m { 
getTranslations } 
[36mfrom[39m [32m"nex
t-intl/server"[39m[33m
;[39m
 [90m 5 |[39m 
[36mimport[39m {[0m



https://nextjs.org/docs/
messages/module-not-foun
d


./src/app/[locale]/partn
ers/[id]/page.jsx:3:1
Module not found: Can't 
resolve '@/components/sh
ared/section-header'
[0m [90m 1 |[39m 
[36mimport[39m 
[33mEstateCard[39m 
[36mfrom[39m [32m"@/c
omponents/estates/estate
-card"[39m[33m;[39m
 [90m 2 |[39m 
[36mimport[39m [33mCu
stomBreadcrumbs[39m 
[36mfrom[39m [32m"@/c
omponents/shared/custom-
breadcrumbs"[39m[33m;
[39m
[31m[1m>[22m[39m[90
m 3 |[39m 
[36mimport[39m 
[33mSectionHeader[39m 
[36mfrom[39m [32m"@/c
omponents/shared/section
-header"[39m[33m;[39m
 [90m   |[39m [31m[1
m^[22m[39m[31m[1m^[
22m[39m[31m[1m^[22m
[39m[31m[1m^[22m[39m
[31m[1m^[22m[39m[31
m[1m^[22m[39m[31m[1
m^[22m[39m[31m[1m^[
22m[39m[31m[1m^[22m
[39m[31m[1m^[22m[39m
[31m[1m^[22m[39m[31
m[1m^[22m[39m[31m[1
m^[22m[39m[31m[1m^[
22m[39m[31m[1m^[22m
[39m[31m[1m^[22m[39m
[31m[1m^[22m[39m[31
m[1m^[22m[39m[31m[1
m^[22m[39m[31m[1m^[
22m[39m[31m[1m^[22m
[39m[31m[1m^[22m[39m
[31m[1m^[22m[39m[31
m[1m^[22m[39m[31m[1
m^[22m[39m[31m[1m^[
22m[39m[31m[1m^[22m
[39m[31m[1m^[22m[39m
[31m[1m^[22m[39m[31
m[1m^[22m[39m[31m[1
m^[22m[39m[31m[1m^[
22m[39m[31m[1m^[22m
[39m[31m[1m^[22m[39m
[31m[1m^[22m[39m[31
m[1m^[22m[39m[31m[1
m^[22m[39m[31m[1m^[
22m[39m[31m[1m^[22m
[39m[31m[1m^[22m[39m
[31m[1m^[22m[39m[31
m[1m^[22m[39m[31m[1
m^[22m[39m[31m[1m^[
22m[39m[31m[1m^[22m
[39m[31m[1m^[22m[39m
[31m[1m^[22m[39m[31
m[1m^[22m[39m[31m[1
m^[22m[39m[31m[1m^[
22m[39m[31m[1m^[22m
[39m[31m[1m^[22m[39m
[31m[1m^[22m[39m[31
m[1m^[22m[39m[31m[1
m^[22m[39m[31m[1m^[
22m[39m[31m[1m^[22m
[39m[31m[1m^[22m[39m
[31m[1m^[22m[39m[31
m[1m^[22m[39m[31m[1
m^[22m[39m[31m[1m^[
22m[39m[31m[1m^[22m
[39m
 [90m 4 |[39m 
[36mimport[39m 
[33mImage[39m 
[36mfrom[39m [32m"nex
t/image"[39m[33m;[39m
 [90m 5 |[39m 
[36mimport[39m 
[33mReact[39m 
[36mfrom[39m [32m"rea
ct"[39m[33m;[39m
 [90m 6 |[39m 
[36mimport[39m { 
getData } 
[36mfrom[39m [32m"@/l
ib/fetch-methods"[39m[
33m;[39m[0m



https://nextjs.org/docs/
messages/module-not-foun
d


./src/app/[locale]/partn
ers/page.jsx:3:1
Module not found: Can't 
resolve 
'@/components/ui/button'
[0m [90m 1 |[39m 
[36mimport[39m [33mCu
stomBreadcrumbs[39m 
[36mfrom[39m [32m"@/c
omponents/shared/custom-
breadcrumbs"[39m[33m;
[39m
 [90m 2 |[39m 
[36mimport[39m 
[33mPartnerCard[39m 
[36mfrom[39m [32m"@/c
omponents/shared/partner
-card"[39m[33m;[39m
[31m[1m>[22m[39m[90
m 3 |[39m 
[36mimport[39m { 
[33mButton[39m } 
[36mfrom[39m [32m"@/c
omponents/ui/button"[39
m[33m;[39m
 [90m   |[39m [31m[1
m^[22m[39m[31m[1m^[
22m[39m[31m[1m^[22m
[39m[31m[1m^[22m[39m
[31m[1m^[22m[39m[31
m[1m^[22m[39m[31m[1
m^[22m[39m[31m[1m^[
22m[39m[31m[1m^[22m
[39m[31m[1m^[22m[39m
[31m[1m^[22m[39m[31
m[1m^[22m[39m[31m[1
m^[22m[39m[31m[1m^[
22m[39m[31m[1m^[22m
[39m[31m[1m^[22m[39m
[31m[1m^[22m[39m[31
m[1m^[22m[39m[31m[1
m^[22m[39m[31m[1m^[
22m[39m[31m[1m^[22m
[39m[31m[1m^[22m[39m
[31m[1m^[22m[39m[31
m[1m^[22m[39m[31m[1
m^[22m[39m[31m[1m^[
22m[39m[31m[1m^[22m
[39m[31m[1m^[22m[39m
[31m[1m^[22m[39m[31
m[1m^[22m[39m[31m[1
m^[22m[39m[31m[1m^[
22m[39m[31m[1m^[22m
[39m[31m[1m^[22m[39m
[31m[1m^[22m[39m[31
m[1m^[22m[39m[31m[1
m^[22m[39m[31m[1m^[
22m[39m[31m[1m^[22m
[39m[31m[1m^[22m[39m
[31m[1m^[22m[39m[31
m[1m^[22m[39m[31m[1
m^[22m[39m[31m[1m^[
22m[39m[31m[1m^[22m
[39m[31m[1m^[22m[39m
[31m[1m^[22m[39m[31
m[1m^[22m[39m
 [90m 4 |[39m 
[36mimport[39m { 
[33mChevronRight[39m 
} [36mfrom[39m [32m"l
ucide-react"[39m[33m;
[39m
 [90m 5 |[39m 
[36mimport[39m { 
getTranslations } 
[36mfrom[39m [32m"nex
t-intl/server"[39m[33m
;[39m
 [90m 6 |[39m 
[36mimport[39m { 
getData } 
[36mfrom[39m [32m"@/l
ib/fetch-methods"[39m[
33m;[39m[0m



https://nextjs.org/docs/
messages/module-not-foun
d


./src/app/[locale]/partn
ers/page.jsx:3:1
Module not found: Can't 
resolve 
'@/components/ui/button'
[0m [90m 1 |[39m 
[36mimport[39m [33mCu
stomBreadcrumbs[39m 
[36mfrom[39m [32m"@/c
omponents/shared/custom-
breadcrumbs"[39m[33m;
[39m
 [90m 2 |[39m 
[36mimport[39m 
[33mPartnerCard[39m 
[36mfrom[39m [32m"@/c
omponents/shared/partner
-card"[39m[33m;[39m
[31m[1m>[22m[39m[90
m 3 |[39m 
[36mimport[39m { 
[33mButton[39m } 
[36mfrom[39m [32m"@/c
omponents/ui/button"[39
m[33m;[39m
 [90m   |[39m [31m[1
m^[22m[39m[31m[1m^[
22m[39m[31m[1m^[22m
[39m[31m[1m^[22m[39m
[31m[1m^[22m[39m[31
m[1m^[22m[39m[31m[1
m^[22m[39m[31m[1m^[
22m[39m[31m[1m^[22m
[39m[31m[1m^[22m[39m
[31m[1m^[22m[39m[31
m[1m^[22m[39m[31m[1
m^[22m[39m[31m[1m^[
22m[39m[31m[1m^[22m
[39m[31m[1m^[22m[39m
[31m[1m^[22m[39m[31
m[1m^[22m[39m[31m[1
m^[22m[39m[31m[1m^[
22m[39m[31m[1m^[22m
[39m[31m[1m^[22m[39m
[31m[1m^[22m[39m[31
m[1m^[22m[39m[31m[1
m^[22m[39m[31m[1m^[
22m[39m[31m[1m^[22m
[39m[31m[1m^[22m[39m
[31m[1m^[22m[39m[31
m[1m^[22m[39m[31m[1
m^[22m[39m[31m[1m^[
22m[39m[31m[1m^[22m
[39m[31m[1m^[22m[39m
[31m[1m^[22m[39m[31
m[1m^[22m[39m[31m[1
m^[22m[39m[31m[1m^[
22m[39m[31m[1m^[22m
[39m[31m[1m^[22m[39m
[31m[1m^[22m[39m[31
m[1m^[22m[39m[31m[1
m^[22m[39m[31m[1m^[
22m[39m[31m[1m^[22m
[39m[31m[1m^[22m[39m
[31m[1m^[22m[39m[31
m[1m^[22m[39m
 [90m 4 |[39m 
[36mimport[39m { 
[33mChevronRight[39m 
} [36mfrom[39m [32m"l
ucide-react"[39m[33m;
[39m
 [90m 5 |[39m 
[36mimport[39m { 
getTranslations } 
[36mfrom[39m [32m"nex
t-intl/server"[39m[33m
;[39m
 [90m 6 |[39m 
[36mimport[39m { 
getData } 
[36mfrom[39m [32m"@/l
ib/fetch-methods"[39m[
33m;[39m[0m



https://nextjs.org/docs/
messages/module-not-foun
d


./src/app/[locale]/deals
/[id]/page.jsx:3:1
Module not found: Can't 
resolve 
'@/components/ui/card'
[0m [90m 1 |[39m 
[32m"use 
client"[39m[33m;[39m
 [90m 2 |[39m 
[36mimport[39m [33mCu
stomBreadcrumbs[39m 
[36mfrom[39m [32m"@/c
omponents/shared/custom-
breadcrumbs"[39m[33m;
[39m
[31m[1m>[22m[39m[90
m 3 |[39m 
[36mimport[39m { [33m
Card[39m[33m,[39m 
[33mCardContent[39m } 
[36mfrom[39m [32m"@/c
omponents/ui/card"[39m
[33m;[39m
 [90m   |[39m [31m[1
m^[22m[39m[31m[1m^[
22m[39m[31m[1m^[22m
[39m[31m[1m^[22m[39m
[31m[1m^[22m[39m[31
m[1m^[22m[39m[31m[1
m^[22m[39m[31m[1m^[
22m[39m[31m[1m^[22m
[39m[31m[1m^[22m[39m
[31m[1m^[22m[39m[31
m[1m^[22m[39m[31m[1
m^[22m[39m[31m[1m^[
22m[39m[31m[1m^[22m
[39m[31m[1m^[22m[39m
[31m[1m^[22m[39m[31
m[1m^[22m[39m[31m[1
m^[22m[39m[31m[1m^[
22m[39m[31m[1m^[22m
[39m[31m[1m^[22m[39m
[31m[1m^[22m[39m[31
m[1m^[22m[39m[31m[1
m^[22m[39m[31m[1m^[
22m[39m[31m[1m^[22m
[39m[31m[1m^[22m[39m
[31m[1m^[22m[39m[31
m[1m^[22m[39m[31m[1
m^[22m[39m[31m[1m^[
22m[39m[31m[1m^[22m
[39m[31m[1m^[22m[39m
[31m[1m^[22m[39m[31
m[1m^[22m[39m[31m[1
m^[22m[39m[31m[1m^[
22m[39m[31m[1m^[22m
[39m[31m[1m^[22m[39m
[31m[1m^[22m[39m[31
m[1m^[22m[39m[31m[1
m^[22m[39m[31m[1m^[
22m[39m[31m[1m^[22m
[39m[31m[1m^[22m[39m
[31m[1m^[22m[39m[31
m[1m^[22m[39m[31m[1
m^[22m[39m[31m[1m^[
22m[39m[31m[1m^[22m
[39m[31m[1m^[22m[39m
[31m[1m^[22m[39m[31
m[1m^[22m[39m[31m[1
m^[22m[39m[31m[1m^[
22m[39m[31m[1m^[22m
[39m
 [90m 4 |[39m 
[36mimport[39m {
 [90m 5 |[39m   [33mF
aMoneyBillWave[39m[33m
,[39m
 [90m 6 |[39m   [33mF
aTag[39m[33m,[39m[0m



https://nextjs.org/docs/
messages/module-not-foun
d


./src/app/[locale]/deals
/[id]/page.jsx:3:1
Module not found: Can't 
resolve 
'@/components/ui/card'
[0m [90m 1 |[39m 
[32m"use 
client"[39m[33m;[39m
 [90m 2 |[39m 
[36mimport[39m [33mCu
stomBreadcrumbs[39m 
[36mfrom[39m [32m"@/c
omponents/shared/custom-
breadcrumbs"[39m[33m;
[39m
[31m[1m>[22m[39m[90
m 3 |[39m 
[36mimport[39m { [33m
Card[39m[33m,[39m 
[33mCardContent[39m } 
[36mfrom[39m [32m"@/c
omponents/ui/card"[39m
[33m;[39m
 [90m   |[39m [31m[1
m^[22m[39m[31m[1m^[
22m[39m[31m[1m^[22m
[39m[31m[1m^[22m[39m
[31m[1m^[22m[39m[31
m[1m^[22m[39m[31m[1
m^[22m[39m[31m[1m^[
22m[39m[31m[1m^[22m
[39m[31m[1m^[22m[39m
[31m[1m^[22m[39m[31
m[1m^[22m[39m[31m[1
m^[22m[39m[31m[1m^[
22m[39m[31m[1m^[22m
[39m[31m[1m^[22m[39m
[31m[1m^[22m[39m[31
m[1m^[22m[39m[31m[1
m^[22m[39m[31m[1m^[
22m[39m[31m[1m^[22m
[39m[31m[1m^[22m[39m
[31m[1m^[22m[39m[31
m[1m^[22m[39m[31m[1
m^[22m[39m[31m[1m^[
22m[39m[31m[1m^[22m
[39m[31m[1m^[22m[39m
[31m[1m^[22m[39m[31
m[1m^[22m[39m[31m[1
m^[22m[39m[31m[1m^[
22m[39m[31m[1m^[22m
[39m[31m[1m^[22m[39m
[31m[1m^[22m[39m[31
m[1m^[22m[39m[31m[1
m^[22m[39m[31m[1m^[
22m[39m[31m[1m^[22m
[39m[31m[1m^[22m[39m
[31m[1m^[22m[39m[31
m[1m^[22m[39m[31m[1
m^[22m[39m[31m[1m^[
22m[39m[31m[1m^[22m
[39m[31m[1m^[22m[39m
[31m[1m^[22m[39m[31
m[1m^[22m[39m[31m[1
m^[22m[39m[31m[1m^[
22m[39m[31m[1m^[22m
[39m[31m[1m^[22m[39m
[31m[1m^[22m[39m[31
m[1m^[22m[39m[31m[1
m^[22m[39m[31m[1m^[
22m[39m[31m[1m^[22m
[39m
 [90m 4 |[39m 
[36mimport[39m {
 [90m 5 |[39m   [33mF
aMoneyBillWave[39m[33m
,[39m
 [90m 6 |[39m   [33mF
aTag[39m[33m,[39m[0m



https://nextjs.org/docs/
messages/module-not-foun
d


./src/app/[locale]/deals
/[id]/page.jsx:3:1
Module not found: Can't 
resolve 
'@/components/ui/card'
[0m [90m 1 |[39m 
[32m"use 
client"[39m[33m;[39m
 [90m 2 |[39m 
[36mimport[39m [33mCu
stomBreadcrumbs[39m 
[36mfrom[39m [32m"@/c
omponents/shared/custom-
breadcrumbs"[39m[33m;
[39m
[31m[1m>[22m[39m[90
m 3 |[39m 
[36mimport[39m { [33m
Card[39m[33m,[39m 
[33mCardContent[39m } 
[36mfrom[39m [32m"@/c
omponents/ui/card"[39m
[33m;[39m
 [90m   |[39m [31m[1
m^[22m[39m[31m[1m^[
22m[39m[31m[1m^[22m
[39m[31m[1m^[22m[39m
[31m[1m^[22m[39m[31
m[1m^[22m[39m[31m[1
m^[22m[39m[31m[1m^[
22m[39m[31m[1m^[22m
[39m[31m[1m^[22m[39m
[31m[1m^[22m[39m[31
m[1m^[22m[39m[31m[1
m^[22m[39m[31m[1m^[
22m[39m[31m[1m^[22m
[39m[31m[1m^[22m[39m
[31m[1m^[22m[39m[31
m[1m^[22m[39m[31m[1
m^[22m[39m[31m[1m^[
22m[39m[31m[1m^[22m
[39m[31m[1m^[22m[39m
[31m[1m^[22m[39m[31
m[1m^[22m[39m[31m[1
m^[22m[39m[31m[1m^[
22m[39m[31m[1m^[22m
[39m[31m[1m^[22m[39m
[31m[1m^[22m[39m[31
m[1m^[22m[39m[31m[1
m^[22m[39m[31m[1m^[
22m[39m[31m[1m^[22m
[39m[31m[1m^[22m[39m
[31m[1m^[22m[39m[31
m[1m^[22m[39m[31m[1
m^[22m[39m[31m[1m^[
22m[39m[31m[1m^[22m
[39m[31m[1m^[22m[39m
[31m[1m^[22m[39m[31
m[1m^[22m[39m[31m[1
m^[22m[39m[31m[1m^[
22m[39m[31m[1m^[22m
[39m[31m[1m^[22m[39m
[31m[1m^[22m[39m[31
m[1m^[22m[39m[31m[1
m^[22m[39m[31m[1m^[
22m[39m[31m[1m^[22m
[39m[31m[1m^[22m[39m
[31m[1m^[22m[39m[31
m[1m^[22m[39m[31m[1
m^[22m[39m[31m[1m^[
22m[39m[31m[1m^[22m
[39m
 [90m 4 |[39m 
[36mimport[39m {
 [90m 5 |[39m   [33mF
aMoneyBillWave[39m[33m
,[39m
 [90m 6 |[39m   [33mF
aTag[39m[33m,[39m[0m



https://nextjs.org/docs/
messages/module-not-foun
d


./src/app/[locale]/deals
/[id]/page.jsx:3:1
Module not found: Can't 
resolve 
'@/components/ui/card'
[0m [90m 1 |[39m 
[32m"use 
client"[39m[33m;[39m
 [90m 2 |[39m 
[36mimport[39m [33mCu
stomBreadcrumbs[39m 
[36mfrom[39m [32m"@/c
omponents/shared/custom-
breadcrumbs"[39m[33m;
[39m
[31m[1m>[22m[39m[90
m 3 |[39m 
[36mimport[39m { [33m
Card[39m[33m,[39m 
[33mCardContent[39m } 
[36mfrom[39m [32m"@/c
omponents/ui/card"[39m
[33m;[39m
 [90m   |[39m [31m[1
m^[22m[39m[31m[1m^[
22m[39m[31m[1m^[22m
[39m[31m[1m^[22m[39m
[31m[1m^[22m[39m[31
m[1m^[22m[39m[31m[1
m^[22m[39m[31m[1m^[
22m[39m[31m[1m^[22m
[39m[31m[1m^[22m[39m
[31m[1m^[22m[39m[31
m[1m^[22m[39m[31m[1
m^[22m[39m[31m[1m^[
22m[39m[31m[1m^[22m
[39m[31m[1m^[22m[39m
[31m[1m^[22m[39m[31
m[1m^[22m[39m[31m[1
m^[22m[39m[31m[1m^[
22m[39m[31m[1m^[22m
[39m[31m[1m^[22m[39m
[31m[1m^[22m[39m[31
m[1m^[22m[39m[31m[1
m^[22m[39m[31m[1m^[
22m[39m[31m[1m^[22m
[39m[31m[1m^[22m[39m
[31m[1m^[22m[39m[31
m[1m^[22m[39m[31m[1
m^[22m[39m[31m[1m^[
22m[39m[31m[1m^[22m
[39m[31m[1m^[22m[39m
[31m[1m^[22m[39m[31
m[1m^[22m[39m[31m[1
m^[22m[39m[31m[1m^[
22m[39m[31m[1m^[22m
[39m[31m[1m^[22m[39m
[31m[1m^[22m[39m[31
m[1m^[22m[39m[31m[1
m^[22m[39m[31m[1m^[
22m[39m[31m[1m^[22m
[39m[31m[1m^[22m[39m
[31m[1m^[22m[39m[31
m[1m^[22m[39m[31m[1
m^[22m[39m[31m[1m^[
22m[39m[31m[1m^[22m
[39m[31m[1m^[22m[39m
[31m[1m^[22m[39m[31
m[1m^[22m[39m[31m[1
m^[22m[39m[31m[1m^[
22m[39m[31m[1m^[22m
[39m
 [90m 4 |[39m 
[36mimport[39m {
 [90m 5 |[39m   [33mF
aMoneyBillWave[39m[33m
,[39m
 [90m 6 |[39m   [33mF
aTag[39m[33m,[39m[0m



https://nextjs.org/docs/
messages/module-not-foun
d


./src/app/[locale]/deals
/[id]/page.jsx:3:1
Module not found: Can't 
resolve 
'@/components/ui/card'
[0m [90m 1 |[39m 
[32m"use 
client"[39m[33m;[39m
 [90m 2 |[39m 
[36mimport[39m [33mCu
stomBreadcrumbs[39m 
[36mfrom[39m [32m"@/c
omponents/shared/custom-
breadcrumbs"[39m[33m;
[39m
[31m[1m>[22m[39m[90
m 3 |[39m 
[36mimport[39m { [33m
Card[39m[33m,[39m 
[33mCardContent[39m } 
[36mfrom[39m [32m"@/c
omponents/ui/card"[39m
[33m;[39m
 [90m   |[39m [31m[1
m^[22m[39m[31m[1m^[
22m[39m[31m[1m^[22m
[39m[31m[1m^[22m[39m
[31m[1m^[22m[39m[31
m[1m^[22m[39m[31m[1
m^[22m[39m[31m[1m^[
22m[39m[31m[1m^[22m
[39m[31m[1m^[22m[39m
[31m[1m^[22m[39m[31
m[1m^[22m[39m[31m[1
m^[22m[39m[31m[1m^[
22m[39m[31m[1m^[22m
[39m[31m[1m^[22m[39m
[31m[1m^[22m[39m[31
m[1m^[22m[39m[31m[1
m^[22m[39m[31m[1m^[
22m[39m[31m[1m^[22m
[39m[31m[1m^[22m[39m
[31m[1m^[22m[39m[31
m[1m^[22m[39m[31m[1
m^[22m[39m[31m[1m^[
22m[39m[31m[1m^[22m
[39m[31m[1m^[22m[39m
[31m[1m^[22m[39m[31
m[1m^[22m[39m[31m[1
m^[22m[39m[31m[1m^[
22m[39m[31m[1m^[22m
[39m[31m[1m^[22m[39m
[31m[1m^[22m[39m[31
m[1m^[22m[39m[31m[1
m^[22m[39m[31m[1m^[
22m[39m[31m[1m^[22m
[39m[31m[1m^[22m[39m
[31m[1m^[22m[39m[31
m[1m^[22m[39m[31m[1
m^[22m[39m[31m[1m^[
22m[39m[31m[1m^[22m
[39m[31m[1m^[22m[39m
[31m[1m^[22m[39m[31
m[1m^[22m[39m[31m[1
m^[22m[39m[31m[1m^[
22m[39m[31m[1m^[22m
[39m[31m[1m^[22m[39m
[31m[1m^[22m[39m[31
m[1m^[22m[39m[31m[1
m^[22m[39m[31m[1m^[
22m[39m[31m[1m^[22m
[39m
 [90m 4 |[39m 
[36mimport[39m {
 [90m 5 |[39m   [33mF
aMoneyBillWave[39m[33m
,[39m
 [90m 6 |[39m   [33mF
aTag[39m[33m,[39m[0m



https://nextjs.org/docs/
messages/module-not-foun
d


./src/app/[locale]/deals
/[id]/page.jsx:3:1
Module not found: Can't 
resolve 
'@/components/ui/card'
[0m [90m 1 |[39m 
[32m"use 
client"[39m[33m;[39m
 [90m 2 |[39m 
[36mimport[39m [33mCu
stomBreadcrumbs[39m 
[36mfrom[39m [32m"@/c
omponents/shared/custom-
breadcrumbs"[39m[33m;
[39m
[31m[1m>[22m[39m[90
m 3 |[39m 
[36mimport[39m { [33m
Card[39m[33m,[39m 
[33mCardContent[39m } 
[36mfrom[39m [32m"@/c
omponents/ui/card"[39m
[33m;[39m
 [90m   |[39m [31m[1
m^[22m[39m[31m[1m^[
22m[39m[31m[1m^[22m
[39m[31m[1m^[22m[39m
[31m[1m^[22m[39m[31
m[1m^[22m[39m[31m[1
m^[22m[39m[31m[1m^[
22m[39m[31m[1m^[22m
[39m[31m[1m^[22m[39m
[31m[1m^[22m[39m[31
m[1m^[22m[39m[31m[1
m^[22m[39m[31m[1m^[
22m[39m[31m[1m^[22m
[39m[31m[1m^[22m[39m
[31m[1m^[22m[39m[31
m[1m^[22m[39m[31m[1
m^[22m[39m[31m[1m^[
22m[39m[31m[1m^[22m
[39m[31m[1m^[22m[39m
[31m[1m^[22m[39m[31
m[1m^[22m[39m[31m[1
m^[22m[39m[31m[1m^[
22m[39m[31m[1m^[22m
[39m[31m[1m^[22m[39m
[31m[1m^[22m[39m[31
m[1m^[22m[39m[31m[1
m^[22m[39m[31m[1m^[
22m[39m[31m[1m^[22m
[39m[31m[1m^[22m[39m
[31m[1m^[22m[39m[31
m[1m^[22m[39m[31m[1
m^[22m[39m[31m[1m^[
22m[39m[31m[1m^[22m
[39m[31m[1m^[22m[39m
[31m[1m^[22m[39m[31
m[1m^[22m[39m[31m[1
m^[22m[39m[31m[1m^[
22m[39m[31m[1m^[22m
[39m[31m[1m^[22m[39m
[31m[1m^[22m[39m[31
m[1m^[22m[39m[31m[1
m^[22m[39m[31m[1m^[
22m[39m[31m[1m^[22m
[39m[31m[1m^[22m[39m
[31m[1m^[22m[39m[31
m[1m^[22m[39m[31m[1
m^[22m[39m[31m[1m^[
22m[39m[31m[1m^[22m
[39m
 [90m 4 |[39m 
[36mimport[39m {
 [90m 5 |[39m   [33mF
aMoneyBillWave[39m[33m
,[39m
 [90m 6 |[39m   [33mF
aTag[39m[33m,[39m[0m



https://nextjs.org/docs/
messages/module-not-foun
d


./src/app/[locale]/deals
/page.jsx:9:1
Module not found: Can't 
resolve 
'@/components/ui/dialog'
[0m [90m  7 |[39m 
[36mimport[39m { [33m
FaLocationArrow[39m[33
m,[39m 
[33mFaPlus[39m } 
[36mfrom[39m [32m"rea
ct-icons/fa"[39m[33m;
[39m
 [90m  8 |[39m 
[36mimport[39m { [33m
MdOutlineLocationOn[39m
 } [36mfrom[39m [32m"
react-icons/md"[39m[33
m;[39m
[31m[1m>[22m[39m[90
m  9 |[39m 
[36mimport[39m {
 [90m    |[39m [31m[
1m^[22m[39m[31m[1m^
[22m[39m[31m[1m^[22m
[39m[31m[1m^[22m[39
m[31m[1m^[22m[39m[3
1m[1m^[22m[39m[31m[
1m^[22m[39m[31m[1m^
[22m[39m
[31m[1m>[22m[39m[90
m 10 |[39m   [33mDialo
g[39m[33m,[39m
 [90m    |[39m [31m[
1m^[22m[39m[31m[1m^
[22m[39m[31m[1m^[22m
[39m[31m[1m^[22m[39
m[31m[1m^[22m[39m[3
1m[1m^[22m[39m[31m[
1m^[22m[39m[31m[1m^
[22m[39m[31m[1m^[22m
[39m
[31m[1m>[22m[39m[90
m 11 |[39m   [33mDialo
gContent[39m[33m,[39m
 [90m    |[39m [31m[
1m^[22m[39m[31m[1m^
[22m[39m[31m[1m^[22m
[39m[31m[1m^[22m[39
m[31m[1m^[22m[39m[3
1m[1m^[22m[39m[31m[
1m^[22m[39m[31m[1m^
[22m[39m[31m[1m^[22m
[39m
[31m[1m>[22m[39m[90
m 12 |[39m   [33mDialo
gDescription[39m[33m,
[39m
 [90m    |[39m [31m[
1m^[22m[39m[31m[1m^
[22m[39m[31m[1m^[22m
[39m[31m[1m^[22m[39
m[31m[1m^[22m[39m[3
1m[1m^[22m[39m[31m[
1m^[22m[39m[31m[1m^
[22m[39m[31m[1m^[22m
[39m
[31m[1m>[22m[39m[90
m 13 |[39m   [33mDialo
gHeader[39m[33m,[39m
 [90m    |[39m [31m[
1m^[22m[39m[31m[1m^
[22m[39m[31m[1m^[22m
[39m[31m[1m^[22m[39
m[31m[1m^[22m[39m[3
1m[1m^[22m[39m[31m[
1m^[22m[39m[31m[1m^
[22m[39m[31m[1m^[22m
[39m
[31m[1m>[22m[39m[90
m 14 |[39m   [33mDialo
gTitle[39m[33m,[39m
 [90m    |[39m [31m[
1m^[22m[39m[31m[1m^
[22m[39m[31m[1m^[22m
[39m[31m[1m^[22m[39
m[31m[1m^[22m[39m[3
1m[1m^[22m[39m[31m[
1m^[22m[39m[31m[1m^
[22m[39m[31m[1m^[22m
[39m
[31m[1m>[22m[39m[90
m 15 |[39m   [33mDialo
gTrigger[39m[33m,[39m
 [90m    |[39m [31m[
1m^[22m[39m[31m[1m^
[22m[39m[31m[1m^[22m
[39m[31m[1m^[22m[39
m[31m[1m^[22m[39m[3
1m[1m^[22m[39m[31m[
1m^[22m[39m[31m[1m^
[22m[39m[31m[1m^[22m
[39m
[31m[1m>[22m[39m[90
m 16 |[39m } 
[36mfrom[39m [32m"@/c
omponents/ui/dialog"[39
m[33m;[39m
 [90m    |[39m [31m[
1m^[22m[39m[31m[1m^
[22m[39m[31m[1m^[22m
[39m[31m[1m^[22m[39
m[31m[1m^[22m[39m[3
1m[1m^[22m[39m[31m[
1m^[22m[39m[31m[1m^
[22m[39m[31m[1m^[22m
[39m[31m[1m^[22m[39
m[31m[1m^[22m[39m[3
1m[1m^[22m[39m[31m[
1m^[22m[39m[31m[1m^
[22m[39m[31m[1m^[22m
[39m[31m[1m^[22m[39
m[31m[1m^[22m[39m[3
1m[1m^[22m[39m[31m[
1m^[22m[39m[31m[1m^
[22m[39m[31m[1m^[22m
[39m[31m[1m^[22m[39
m[31m[1m^[22m[39m[3
1m[1m^[22m[39m[31m[
1m^[22m[39m[31m[1m^
[22m[39m[31m[1m^[22m
[39m[31m[1m^[22m[39
m[31m[1m^[22m[39m[3
1m[1m^[22m[39m[31m[
1m^[22m[39m[31m[1m^
[22m[39m[31m[1m^[22m
[39m
 [90m 17 |[39m 
[36mimport[39m 
[33mAddDealForm[39m 
[36mfrom[39m [32m"@/c
omponents/deals/add-deal
-form"[39m[33m;[39m
 [90m 18 |[39m 
[36mimport[39m 
[33mDealsTable[39m 
[36mfrom[39m [32m"@/c
omponents/shared/deals-t
able"[39m[33m;[39m
 [90m 19 |[39m 
[36mimport[39m { 
getDirectDeals } 
[36mfrom[39m [32m"@/a
ctions/deals"[39m[33m;
[39m[0m



https://nextjs.org/docs/
messages/module-not-foun
d


./src/app/[locale]/deals
/page.jsx:9:1
Module not found: Can't 
resolve 
'@/components/ui/dialog'
[0m [90m  7 |[39m 
[36mimport[39m { [33m
FaLocationArrow[39m[33
m,[39m 
[33mFaPlus[39m } 
[36mfrom[39m [32m"rea
ct-icons/fa"[39m[33m;
[39m
 [90m  8 |[39m 
[36mimport[39m { [33m
MdOutlineLocationOn[39m
 } [36mfrom[39m [32m"
react-icons/md"[39m[33
m;[39m
[31m[1m>[22m[39m[90
m  9 |[39m 
[36mimport[39m {
 [90m    |[39m [31m[
1m^[22m[39m[31m[1m^
[22m[39m[31m[1m^[22m
[39m[31m[1m^[22m[39
m[31m[1m^[22m[39m[3
1m[1m^[22m[39m[31m[
1m^[22m[39m[31m[1m^
[22m[39m
[31m[1m>[22m[39m[90
m 10 |[39m   [33mDialo
g[39m[33m,[39m
 [90m    |[39m [31m[
1m^[22m[39m[31m[1m^
[22m[39m[31m[1m^[22m
[39m[31m[1m^[22m[39
m[31m[1m^[22m[39m[3
1m[1m^[22m[39m[31m[
1m^[22m[39m[31m[1m^
[22m[39m[31m[1m^[22m
[39m
[31m[1m>[22m[39m[90
m 11 |[39m   [33mDialo
gContent[39m[33m,[39m
 [90m    |[39m [31m[
1m^[22m[39m[31m[1m^
[22m[39m[31m[1m^[22m
[39m[31m[1m^[22m[39
m[31m[1m^[22m[39m[3
1m[1m^[22m[39m[31m[
1m^[22m[39m[31m[1m^
[22m[39m[31m[1m^[22m
[39m
[31m[1m>[22m[39m[90
m 12 |[39m   [33mDialo
gDescription[39m[33m,
[39m
 [90m    |[39m [31m[
1m^[22m[39m[31m[1m^
[22m[39m[31m[1m^[22m
[39m[31m[1m^[22m[39
m[31m[1m^[22m[39m[3
1m[1m^[22m[39m[31m[
1m^[22m[39m[31m[1m^
[22m[39m[31m[1m^[22m
[39m
[31m[1m>[22m[39m[90
m 13 |[39m   [33mDialo
gHeader[39m[33m,[39m
 [90m    |[39m [31m[
1m^[22m[39m[31m[1m^
[22m[39m[31m[1m^[22m
[39m[31m[1m^[22m[39
m[31m[1m^[22m[39m[3
1m[1m^[22m[39m[31m[
1m^[22m[39m[31m[1m^
[22m[39m[31m[1m^[22m
[39m
[31m[1m>[22m[39m[90
m 14 |[39m   [33mDialo
gTitle[39m[33m,[39m
 [90m    |[39m [31m[
1m^[22m[39m[31m[1m^
[22m[39m[31m[1m^[22m
[39m[31m[1m^[22m[39
m[31m[1m^[22m[39m[3
1m[1m^[22m[39m[31m[
1m^[22m[39m[31m[1m^
[22m[39m[31m[1m^[22m
[39m
[31m[1m>[22m[39m[90
m 15 |[39m   [33mDialo
gTrigger[39m[33m,[39m
 [90m    |[39m [31m[
1m^[22m[39m[31m[1m^
[22m[39m[31m[1m^[22m
[39m[31m[1m^[22m[39
m[31m[1m^[22m[39m[3
1m[1m^[22m[39m[31m[
1m^[22m[39m[31m[1m^
[22m[39m[31m[1m^[22m
[39m
[31m[1m>[22m[39m[90
m 16 |[39m } 
[36mfrom[39m [32m"@/c
omponents/ui/dialog"[39
m[33m;[39m
 [90m    |[39m [31m[
1m^[22m[39m[31m[1m^
[22m[39m[31m[1m^[22m
[39m[31m[1m^[22m[39
m[31m[1m^[22m[39m[3
1m[1m^[22m[39m[31m[
1m^[22m[39m[31m[1m^
[22m[39m[31m[1m^[22m
[39m[31m[1m^[22m[39
m[31m[1m^[22m[39m[3
1m[1m^[22m[39m[31m[
1m^[22m[39m[31m[1m^
[22m[39m[31m[1m^[22m
[39m[31m[1m^[22m[39
m[31m[1m^[22m[39m[3
1m[1m^[22m[39m[31m[
1m^[22m[39m[31m[1m^
[22m[39m[31m[1m^[22m
[39m[31m[1m^[22m[39
m[31m[1m^[22m[39m[3
1m[1m^[22m[39m[31m[
1m^[22m[39m[31m[1m^
[22m[39m[31m[1m^[22m
[39m[31m[1m^[22m[39
m[31m[1m^[22m[39m[3
1m[1m^[22m[39m[31m[
1m^[22m[39m[31m[1m^
[22m[39m[31m[1m^[22m
[39m
 [90m 17 |[39m 
[36mimport[39m 
[33mAddDealForm[39m 
[36mfrom[39m [32m"@/c
omponents/deals/add-deal
-form"[39m[33m;[39m
 [90m 18 |[39m 
[36mimport[39m 
[33mDealsTable[39m 
[36mfrom[39m [32m"@/c
omponents/shared/deals-t
able"[39m[33m;[39m
 [90m 19 |[39m 
[36mimport[39m { 
getDirectDeals } 
[36mfrom[39m [32m"@/a
ctions/deals"[39m[33m;
[39m[0m



https://nextjs.org/docs/
messages/module-not-foun
d


./src/app/[locale]/deals
/page.jsx:9:1
Module not found: Can't 
resolve 
'@/components/ui/dialog'
[0m [90m  7 |[39m 
[36mimport[39m { [33m
FaLocationArrow[39m[33
m,[39m 
[33mFaPlus[39m } 
[36mfrom[39m [32m"rea
ct-icons/fa"[39m[33m;
[39m
 [90m  8 |[39m 
[36mimport[39m { [33m
MdOutlineLocationOn[39m
 } [36mfrom[39m [32m"
react-icons/md"[39m[33
m;[39m
[31m[1m>[22m[39m[90
m  9 |[39m 
[36mimport[39m {
 [90m    |[39m [31m[
1m^[22m[39m[31m[1m^
[22m[39m[31m[1m^[22m
[39m[31m[1m^[22m[39
m[31m[1m^[22m[39m[3
1m[1m^[22m[39m[31m[
1m^[22m[39m[31m[1m^
[22m[39m
[31m[1m>[22m[39m[90
m 10 |[39m   [33mDialo
g[39m[33m,[39m
 [90m    |[39m [31m[
1m^[22m[39m[31m[1m^
[22m[39m[31m[1m^[22m
[39m[31m[1m^[22m[39
m[31m[1m^[22m[39m[3
1m[1m^[22m[39m[31m[
1m^[22m[39m[31m[1m^
[22m[39m[31m[1m^[22m
[39m
[31m[1m>[22m[39m[90
m 11 |[39m   [33mDialo
gContent[39m[33m,[39m
 [90m    |[39m [31m[
1m^[22m[39m[31m[1m^
[22m[39m[31m[1m^[22m
[39m[31m[1m^[22m[39
m[31m[1m^[22m[39m[3
1m[1m^[22m[39m[31m[
1m^[22m[39m[31m[1m^
[22m[39m[31m[1m^[22m
[39m
[31m[1m>[22m[39m[90
m 12 |[39m   [33mDialo
gDescription[39m[33m,
[39m
 [90m    |[39m [31m[
1m^[22m[39m[31m[1m^
[22m[39m[31m[1m^[22m
[39m[31m[1m^[22m[39
m[31m[1m^[22m[39m[3
1m[1m^[22m[39m[31m[
1m^[22m[39m[31m[1m^
[22m[39m[31m[1m^[22m
[39m
[31m[1m>[22m[39m[90
m 13 |[39m   [33mDialo
gHeader[39m[33m,[39m
 [90m    |[39m [31m[
1m^[22m[39m[31m[1m^
[22m[39m[31m[1m^[22m
[39m[31m[1m^[22m[39
m[31m[1m^[22m[39m[3
1m[1m^[22m[39m[31m[
1m^[22m[39m[31m[1m^
[22m[39m[31m[1m^[22m
[39m
[31m[1m>[22m[39m[90
m 14 |[39m   [33mDialo
gTitle[39m[33m,[39m
 [90m    |[39m [31m[
1m^[22m[39m[31m[1m^
[22m[39m[31m[1m^[22m
[39m[31m[1m^[22m[39
m[31m[1m^[22m[39m[3
1m[1m^[22m[39m[31m[
1m^[22m[39m[31m[1m^
[22m[39m[31m[1m^[22m
[39m
[31m[1m>[22m[39m[90
m 15 |[39m   [33mDialo
gTrigger[39m[33m,[39m
 [90m    |[39m [31m[
1m^[22m[39m[31m[1m^
[22m[39m[31m[1m^[22m
[39m[31m[1m^[22m[39
m[31m[1m^[22m[39m[3
1m[1m^[22m[39m[31m[
1m^[22m[39m[31m[1m^
[22m[39m[31m[1m^[22m
[39m
[31m[1m>[22m[39m[90
m 16 |[39m } 
[36mfrom[39m [32m"@/c
omponents/ui/dialog"[39
m[33m;[39m
 [90m    |[39m [31m[
1m^[22m[39m[31m[1m^
[22m[39m[31m[1m^[22m
[39m[31m[1m^[22m[39
m[31m[1m^[22m[39m[3
1m[1m^[22m[39m[31m[
1m^[22m[39m[31m[1m^
[22m[39m[31m[1m^[22m
[39m[31m[1m^[22m[39
m[31m[1m^[22m[39m[3
1m[1m^[22m[39m[31m[
1m^[22m[39m[31m[1m^
[22m[39m[31m[1m^[22m
[39m[31m[1m^[22m[39
m[31m[1m^[22m[39m[3
1m[1m^[22m[39m[31m[
1m^[22m[39m[31m[1m^
[22m[39m[31m[1m^[22m
[39m[31m[1m^[22m[39
m[31m[1m^[22m[39m[3
1m[1m^[22m[39m[31m[
1m^[22m[39m[31m[1m^
[22m[39m[31m[1m^[22m
[39m[31m[1m^[22m[39
m[31m[1m^[22m[39m[3
1m[1m^[22m[39m[31m[
1m^[22m[39m[31m[1m^
[22m[39m[31m[1m^[22m
[39m
 [90m 17 |[39m 
[36mimport[39m 
[33mAddDealForm[39m 
[36mfrom[39m [32m"@/c
omponents/deals/add-deal
-form"[39m[33m;[39m
 [90m 18 |[39m 
[36mimport[39m 
[33mDealsTable[39m 
[36mfrom[39m [32m"@/c
omponents/shared/deals-t
able"[39m[33m;[39m
 [90m 19 |[39m 
[36mimport[39m { 
getDirectDeals } 
[36mfrom[39m [32m"@/a
ctions/deals"[39m[33m;
[39m[0m



https://nextjs.org/docs/
messages/module-not-foun
d


./src/app/[locale]/deals
/page.jsx:9:1
Module not found: Can't 
resolve 
'@/components/ui/dialog'
[0m [90m  7 |[39m 
[36mimport[39m { [33m
FaLocationArrow[39m[33
m,[39m 
[33mFaPlus[39m } 
[36mfrom[39m [32m"rea
ct-icons/fa"[39m[33m;
[39m
 [90m  8 |[39m 
[36mimport[39m { [33m
MdOutlineLocationOn[39m
 } [36mfrom[39m [32m"
react-icons/md"[39m[33
m;[39m
[31m[1m>[22m[39m[90
m  9 |[39m 
[36mimport[39m {
 [90m    |[39m [31m[
1m^[22m[39m[31m[1m^
[22m[39m[31m[1m^[22m
[39m[31m[1m^[22m[39
m[31m[1m^[22m[39m[3
1m[1m^[22m[39m[31m[
1m^[22m[39m[31m[1m^
[22m[39m
[31m[1m>[22m[39m[90
m 10 |[39m   [33mDialo
g[39m[33m,[39m
 [90m    |[39m [31m[
1m^[22m[39m[31m[1m^
[22m[39m[31m[1m^[22m
[39m[31m[1m^[22m[39
m[31m[1m^[22m[39m[3
1m[1m^[22m[39m[31m[
1m^[22m[39m[31m[1m^
[22m[39m[31m[1m^[22m
[39m
[31m[1m>[22m[39m[90
m 11 |[39m   [33mDialo
gContent[39m[33m,[39m
 [90m    |[39m [31m[
1m^[22m[39m[31m[1m^
[22m[39m[31m[1m^[22m
[39m[31m[1m^[22m[39
m[31m[1m^[22m[39m[3
1m[1m^[22m[39m[31m[
1m^[22m[39m[31m[1m^
[22m[39m[31m[1m^[22m
[39m
[31m[1m>[22m[39m[90
m 12 |[39m   [33mDialo
gDescription[39m[33m,
[39m
 [90m    |[39m [31m[
1m^[22m[39m[31m[1m^
[22m[39m[31m[1m^[22m
[39m[31m[1m^[22m[39
m[31m[1m^[22m[39m[3
1m[1m^[22m[39m[31m[
1m^[22m[39m[31m[1m^
[22m[39m[31m[1m^[22m
[39m
[31m[1m>[22m[39m[90
m 13 |[39m   [33mDialo
gHeader[39m[33m,[39m
 [90m    |[39m [31m[
1m^[22m[39m[31m[1m^
[22m[39m[31m[1m^[22m
[39m[31m[1m^[22m[39
m[31m[1m^[22m[39m[3
1m[1m^[22m[39m[31m[
1m^[22m[39m[31m[1m^
[22m[39m[31m[1m^[22m
[39m
[31m[1m>[22m[39m[90
m 14 |[39m   [33mDialo
gTitle[39m[33m,[39m
 [90m    |[39m [31m[
1m^[22m[39m[31m[1m^
[22m[39m[31m[1m^[22m
[39m[31m[1m^[22m[39
m[31m[1m^[22m[39m[3
1m[1m^[22m[39m[31m[
1m^[22m[39m[31m[1m^
[22m[39m[31m[1m^[22m
[39m
[31m[1m>[22m[39m[90
m 15 |[39m   [33mDialo
gTrigger[39m[33m,[39m
 [90m    |[39m [31m[
1m^[22m[39m[31m[1m^
[22m[39m[31m[1m^[22m
[39m[31m[1m^[22m[39
m[31m[1m^[22m[39m[3
1m[1m^[22m[39m[31m[
1m^[22m[39m[31m[1m^
[22m[39m[31m[1m^[22m
[39m
[31m[1m>[22m[39m[90
m 16 |[39m } 
[36mfrom[39m [32m"@/c
omponents/ui/dialog"[39
m[33m;[39m
 [90m    |[39m [31m[
1m^[22m[39m[31m[1m^
[22m[39m[31m[1m^[22m
[39m[31m[1m^[22m[39
m[31m[1m^[22m[39m[3
1m[1m^[22m[39m[31m[
1m^[22m[39m[31m[1m^
[22m[39m[31m[1m^[22m
[39m[31m[1m^[22m[39
m[31m[1m^[22m[39m[3
1m[1m^[22m[39m[31m[
1m^[22m[39m[31m[1m^
[22m[39m[31m[1m^[22m
[39m[31m[1m^[22m[39
m[31m[1m^[22m[39m[3
1m[1m^[22m[39m[31m[
1m^[22m[39m[31m[1m^
[22m[39m[31m[1m^[22m
[39m[31m[1m^[22m[39
m[31m[1m^[22m[39m[3
1m[1m^[22m[39m[31m[
1m^[22m[39m[31m[1m^
[22m[39m[31m[1m^[22m
[39m[31m[1m^[22m[39
m[31m[1m^[22m[39m[3
1m[1m^[22m[39m[31m[
1m^[22m[39m[31m[1m^
[22m[39m[31m[1m^[22m
[39m
 [90m 17 |[39m 
[36mimport[39m 
[33mAddDealForm[39m 
[36mfrom[39m [32m"@/c
omponents/deals/add-deal
-form"[39m[33m;[39m
 [90m 18 |[39m 
[36mimport[39m 
[33mDealsTable[39m 
[36mfrom[39m [32m"@/c
omponents/shared/deals-t
able"[39m[33m;[39m
 [90m 19 |[39m 
[36mimport[39m { 
getDirectDeals } 
[36mfrom[39m [32m"@/a
ctions/deals"[39m[33m;
[39m[0m



https://nextjs.org/docs/
messages/module-not-foun
d


./src/app/[locale]/deals
/page.jsx:9:1
Module not found: Can't 
resolve 
'@/components/ui/dialog'
[0m [90m  7 |[39m 
[36mimport[39m { [33m
FaLocationArrow[39m[33
m,[39m 
[33mFaPlus[39m } 
[36mfrom[39m [32m"rea
ct-icons/fa"[39m[33m;
[39m
 [90m  8 |[39m 
[36mimport[39m { [33m
MdOutlineLocationOn[39m
 } [36mfrom[39m [32m"
react-icons/md"[39m[33
m;[39m
[31m[1m>[22m[39m[90
m  9 |[39m 
[36mimport[39m {
 [90m    |[39m [31m[
1m^[22m[39m[31m[1m^
[22m[39m[31m[1m^[22m
[39m[31m[1m^[22m[39
m[31m[1m^[22m[39m[3
1m[1m^[22m[39m[31m[
1m^[22m[39m[31m[1m^
[22m[39m
[31m[1m>[22m[39m[90
m 10 |[39m   [33mDialo
g[39m[33m,[39m
 [90m    |[39m [31m[
1m^[22m[39m[31m[1m^
[22m[39m[31m[1m^[22m
[39m[31m[1m^[22m[39
m[31m[1m^[22m[39m[3
1m[1m^[22m[39m[31m[
1m^[22m[39m[31m[1m^
[22m[39m[31m[1m^[22m
[39m
[31m[1m>[22m[39m[90
m 11 |[39m   [33mDialo
gContent[39m[33m,[39m
 [90m    |[39m [31m[
1m^[22m[39m[31m[1m^
[22m[39m[31m[1m^[22m
[39m[31m[1m^[22m[39
m[31m[1m^[22m[39m[3
1m[1m^[22m[39m[31m[
1m^[22m[39m[31m[1m^
[22m[39m[31m[1m^[22m
[39m
[31m[1m>[22m[39m[90
m 12 |[39m   [33mDialo
gDescription[39m[33m,
[39m
 [90m    |[39m [31m[
1m^[22m[39m[31m[1m^
[22m[39m[31m[1m^[22m
[39m[31m[1m^[22m[39
m[31m[1m^[22m[39m[3
1m[1m^[22m[39m[31m[
1m^[22m[39m[31m[1m^
[22m[39m[31m[1m^[22m
[39m
[31m[1m>[22m[39m[90
m 13 |[39m   [33mDialo
gHeader[39m[33m,[39m
 [90m    |[39m [31m[
1m^[22m[39m[31m[1m^
[22m[39m[31m[1m^[22m
[39m[31m[1m^[22m[39
m[31m[1m^[22m[39m[3
1m[1m^[22m[39m[31m[
1m^[22m[39m[31m[1m^
[22m[39m[31m[1m^[22m
[39m
[31m[1m>[22m[39m[90
m 14 |[39m   [33mDialo
gTitle[39m[33m,[39m
 [90m    |[39m [31m[
1m^[22m[39m[31m[1m^
[22m[39m[31m[1m^[22m
[39m[31m[1m^[22m[39
m[31m[1m^[22m[39m[3
1m[1m^[22m[39m[31m[
1m^[22m[39m[31m[1m^
[22m[39m[31m[1m^[22m
[39m
[31m[1m>[22m[39m[90
m 15 |[39m   [33mDialo
gTrigger[39m[33m,[39m
 [90m    |[39m [31m[
1m^[22m[39m[31m[1m^
[22m[39m[31m[1m^[22m
[39m[31m[1m^[22m[39
m[31m[1m^[22m[39m[3
1m[1m^[22m[39m[31m[
1m^[22m[39m[31m[1m^
[22m[39m[31m[1m^[22m
[39m
[31m[1m>[22m[39m[90
m 16 |[39m } 
[36mfrom[39m [32m"@/c
omponents/ui/dialog"[39
m[33m;[39m
 [90m    |[39m [31m[
1m^[22m[39m[31m[1m^
[22m[39m[31m[1m^[22m
[39m[31m[1m^[22m[39
m[31m[1m^[22m[39m[3
1m[1m^[22m[39m[31m[
1m^[22m[39m[31m[1m^
[22m[39m[31m[1m^[22m
[39m[31m[1m^[22m[39
m[31m[1m^[22m[39m[3
1m[1m^[22m[39m[31m[
1m^[22m[39m[31m[1m^
[22m[39m[31m[1m^[22m
[39m[31m[1m^[22m[39
m[31m[1m^[22m[39m[3
1m[1m^[22m[39m[31m[
1m^[22m[39m[31m[1m^
[22m[39m[31m[1m^[22m
[39m[31m[1m^[22m[39
m[31m[1m^[22m[39m[3
1m[1m^[22m[39m[31m[
1m^[22m[39m[31m[1m^
[22m[39m[31m[1m^[22m
[39m[31m[1m^[22m[39
m[31m[1m^[22m[39m[3
1m[1m^[22m[39m[31m[
1m^[22m[39m[31m[1m^
[22m[39m[31m[1m^[22m
[39m
 [90m 17 |[39m 
[36mimport[39m 
[33mAddDealForm[39m 
[36mfrom[39m [32m"@/c
omponents/deals/add-deal
-form"[39m[33m;[39m
 [90m 18 |[39m 
[36mimport[39m 
[33mDealsTable[39m 
[36mfrom[39m [32m"@/c
omponents/shared/deals-t
able"[39m[33m;[39m
 [90m 19 |[39m 
[36mimport[39m { 
getDirectDeals } 
[36mfrom[39m [32m"@/a
ctions/deals"[39m[33m;
[39m[0m



https://nextjs.org/docs/
messages/module-not-foun
d


./src/app/[locale]/deals
/page.jsx:9:1
Module not found: Can't 
resolve 
'@/components/ui/dialog'
[0m [90m  7 |[39m 
[36mimport[39m { [33m
FaLocationArrow[39m[33
m,[39m 
[33mFaPlus[39m } 
[36mfrom[39m [32m"rea
ct-icons/fa"[39m[33m;
[39m
 [90m  8 |[39m 
[36mimport[39m { [33m
MdOutlineLocationOn[39m
 } [36mfrom[39m [32m"
react-icons/md"[39m[33
m;[39m
[31m[1m>[22m[39m[90
m  9 |[39m 
[36mimport[39m {
 [90m    |[39m [31m[
1m^[22m[39m[31m[1m^
[22m[39m[31m[1m^[22m
[39m[31m[1m^[22m[39
m[31m[1m^[22m[39m[3
1m[1m^[22m[39m[31m[
1m^[22m[39m[31m[1m^
[22m[39m
[31m[1m>[22m[39m[90
m 10 |[39m   [33mDialo
g[39m[33m,[39m
 [90m    |[39m [31m[
1m^[22m[39m[31m[1m^
[22m[39m[31m[1m^[22m
[39m[31m[1m^[22m[39
m[31m[1m^[22m[39m[3
1m[1m^[22m[39m[31m[
1m^[22m[39m[31m[1m^
[22m[39m[31m[1m^[22m
[39m
[31m[1m>[22m[39m[90
m 11 |[39m   [33mDialo
gContent[39m[33m,[39m
 [90m    |[39m [31m[
1m^[22m[39m[31m[1m^
[22m[39m[31m[1m^[22m
[39m[31m[1m^[22m[39
m[31m[1m^[22m[39m[3
1m[1m^[22m[39m[31m[
1m^[22m[39m[31m[1m^
[22m[39m[31m[1m^[22m
[39m
[31m[1m>[22m[39m[90
m 12 |[39m   [33mDialo
gDescription[39m[33m,
[39m
 [90m    |[39m [31m[
1m^[22m[39m[31m[1m^
[22m[39m[31m[1m^[22m
[39m[31m[1m^[22m[39
m[31m[1m^[22m[39m[3
1m[1m^[22m[39m[31m[
1m^[22m[39m[31m[1m^
[22m[39m[31m[1m^[22m
[39m
[31m[1m>[22m[39m[90
m 13 |[39m   [33mDialo
gHeader[39m[33m,[39m
 [90m    |[39m [31m[
1m^[22m[39m[31m[1m^
[22m[39m[31m[1m^[22m
[39m[31m[1m^[22m[39
m[31m[1m^[22m[39m[3
1m[1m^[22m[39m[31m[
1m^[22m[39m[31m[1m^
[22m[39m[31m[1m^[22m
[39m
[31m[1m>[22m[39m[90
m 14 |[39m   [33mDialo
gTitle[39m[33m,[39m
 [90m    |[39m [31m[
1m^[22m[39m[31m[1m^
[22m[39m[31m[1m^[22m
[39m[31m[1m^[22m[39
m[31m[1m^[22m[39m[3
1m[1m^[22m[39m[31m[
1m^[22m[39m[31m[1m^
[22m[39m[31m[1m^[22m
[39m
[31m[1m>[22m[39m[90
m 15 |[39m   [33mDialo
gTrigger[39m[33m,[39m
 [90m    |[39m [31m[
1m^[22m[39m[31m[1m^
[22m[39m[31m[1m^[22m
[39m[31m[1m^[22m[39
m[31m[1m^[22m[39m[3
1m[1m^[22m[39m[31m[
1m^[22m[39m[31m[1m^
[22m[39m[31m[1m^[22m
[39m
[31m[1m>[22m[39m[90
m 16 |[39m } 
[36mfrom[39m [32m"@/c
omponents/ui/dialog"[39
m[33m;[39m
 [90m    |[39m [31m[
1m^[22m[39m[31m[1m^
[22m[39m[31m[1m^[22m
[39m[31m[1m^[22m[39
m[31m[1m^[22m[39m[3
1m[1m^[22m[39m[31m[
1m^[22m[39m[31m[1m^
[22m[39m[31m[1m^[22m
[39m[31m[1m^[22m[39
m[31m[1m^[22m[39m[3
1m[1m^[22m[39m[31m[
1m^[22m[39m[31m[1m^
[22m[39m[31m[1m^[22m
[39m[31m[1m^[22m[39
m[31m[1m^[22m[39m[3
1m[1m^[22m[39m[31m[
1m^[22m[39m[31m[1m^
[22m[39m[31m[1m^[22m
[39m[31m[1m^[22m[39
m[31m[1m^[22m[39m[3
1m[1m^[22m[39m[31m[
1m^[22m[39m[31m[1m^
[22m[39m[31m[1m^[22m
[39m[31m[1m^[22m[39
m[31m[1m^[22m[39m[3
1m[1m^[22m[39m[31m[
1m^[22m[39m[31m[1m^
[22m[39m[31m[1m^[22m
[39m
 [90m 17 |[39m 
[36mimport[39m 
[33mAddDealForm[39m 
[36mfrom[39m [32m"@/c
omponents/deals/add-deal
-form"[39m[33m;[39m
 [90m 18 |[39m 
[36mimport[39m 
[33mDealsTable[39m 
[36mfrom[39m [32m"@/c
omponents/shared/deals-t
able"[39m[33m;[39m
 [90m 19 |[39m 
[36mimport[39m { 
getDirectDeals } 
[36mfrom[39m [32m"@/a
ctions/deals"[39m[33m;
[39m[0m



https://nextjs.org/docs/
messages/module-not-foun
d


./src/app/[locale]/deals
/page.jsx:9:1
Module not found: Can't 
resolve 
'@/components/ui/dialog'
[0m [90m  7 |[39m 
[36mimport[39m { [33m
FaLocationArrow[39m[33
m,[39m 
[33mFaPlus[39m } 
[36mfrom[39m [32m"rea
ct-icons/fa"[39m[33m;
[39m
 [90m  8 |[39m 
[36mimport[39m { [33m
MdOutlineLocationOn[39m
 } [36mfrom[39m [32m"
react-icons/md"[39m[33
m;[39m
[31m[1m>[22m[39m[90
m  9 |[39m 
[36mimport[39m {
 [90m    |[39m [31m[
1m^[22m[39m[31m[1m^
[22m[39m[31m[1m^[22m
[39m[31m[1m^[22m[39
m[31m[1m^[22m[39m[3
1m[1m^[22m[39m[31m[
1m^[22m[39m[31m[1m^
[22m[39m
[31m[1m>[22m[39m[90
m 10 |[39m   [33mDialo
g[39m[33m,[39m
 [90m    |[39m [31m[
1m^[22m[39m[31m[1m^
[22m[39m[31m[1m^[22m
[39m[31m[1m^[22m[39
m[31m[1m^[22m[39m[3
1m[1m^[22m[39m[31m[
1m^[22m[39m[31m[1m^
[22m[39m[31m[1m^[22m
[39m
[31m[1m>[22m[39m[90
m 11 |[39m   [33mDialo
gContent[39m[33m,[39m
 [90m    |[39m [31m[
1m^[22m[39m[31m[1m^
[22m[39m[31m[1m^[22m
[39m[31m[1m^[22m[39
m[31m[1m^[22m[39m[3
1m[1m^[22m[39m[31m[
1m^[22m[39m[31m[1m^
[22m[39m[31m[1m^[22m
[39m
[31m[1m>[22m[39m[90
m 12 |[39m   [33mDialo
gDescription[39m[33m,
[39m
 [90m    |[39m [31m[
1m^[22m[39m[31m[1m^
[22m[39m[31m[1m^[22m
[39m[31m[1m^[22m[39
m[31m[1m^[22m[39m[3
1m[1m^[22m[39m[31m[
1m^[22m[39m[31m[1m^
[22m[39m[31m[1m^[22m
[39m
[31m[1m>[22m[39m[90
m 13 |[39m   [33mDialo
gHeader[39m[33m,[39m
 [90m    |[39m [31m[
1m^[22m[39m[31m[1m^
[22m[39m[31m[1m^[22m
[39m[31m[1m^[22m[39
m[31m[1m^[22m[39m[3
1m[1m^[22m[39m[31m[
1m^[22m[39m[31m[1m^
[22m[39m[31m[1m^[22m
[39m
[31m[1m>[22m[39m[90
m 14 |[39m   [33mDialo
gTitle[39m[33m,[39m
 [90m    |[39m [31m[
1m^[22m[39m[31m[1m^
[22m[39m[31m[1m^[22m
[39m[31m[1m^[22m[39
m[31m[1m^[22m[39m[3
1m[1m^[22m[39m[31m[
1m^[22m[39m[31m[1m^
[22m[39m[31m[1m^[22m
[39m
[31m[1m>[22m[39m[90
m 15 |[39m   [33mDialo
gTrigger[39m[33m,[39m
 [90m    |[39m [31m[
1m^[22m[39m[31m[1m^
[22m[39m[31m[1m^[22m
[39m[31m[1m^[22m[39
m[31m[1m^[22m[39m[3
1m[1m^[22m[39m[31m[
1m^[22m[39m[31m[1m^
[22m[39m[31m[1m^[22m
[39m
[31m[1m>[22m[39m[90
m 16 |[39m } 
[36mfrom[39m [32m"@/c
omponents/ui/dialog"[39
m[33m;[39m
 [90m    |[39m [31m[
1m^[22m[39m[31m[1m^
[22m[39m[31m[1m^[22m
[39m[31m[1m^[22m[39
m[31m[1m^[22m[39m[3
1m[1m^[22m[39m[31m[
1m^[22m[39m[31m[1m^
[22m[39m[31m[1m^[22m
[39m[31m[1m^[22m[39
m[31m[1m^[22m[39m[3
1m[1m^[22m[39m[31m[
1m^[22m[39m[31m[1m^
[22m[39m[31m[1m^[22m
[39m[31m[1m^[22m[39
m[31m[1m^[22m[39m[3
1m[1m^[22m[39m[31m[
1m^[22m[39m[31m[1m^
[22m[39m[31m[1m^[22m
[39m[31m[1m^[22m[39
m[31m[1m^[22m[39m[3
1m[1m^[22m[39m[31m[
1m^[22m[39m[31m[1m^
[22m[39m[31m[1m^[22m
[39m[31m[1m^[22m[39
m[31m[1m^[22m[39m[3
1m[1m^[22m[39m[31m[
1m^[22m[39m[31m[1m^
[22m[39m[31m[1m^[22m
[39m
 [90m 17 |[39m 
[36mimport[39m 
[33mAddDealForm[39m 
[36mfrom[39m [32m"@/c
omponents/deals/add-deal
-form"[39m[33m;[39m
 [90m 18 |[39m 
[36mimport[39m 
[33mDealsTable[39m 
[36mfrom[39m [32m"@/c
omponents/shared/deals-t
able"[39m[33m;[39m
 [90m 19 |[39m 
[36mimport[39m { 
getDirectDeals } 
[36mfrom[39m [32m"@/a
ctions/deals"[39m[33m;
[39m[0m



https://nextjs.org/docs/
messages/module-not-foun
d


./src/app/[locale]/deals
/page.jsx:9:1
Module not found: Can't 
resolve 
'@/components/ui/dialog'
[0m [90m  7 |[39m 
[36mimport[39m { [33m
FaLocationArrow[39m[33
m,[39m 
[33mFaPlus[39m } 
[36mfrom[39m [32m"rea
ct-icons/fa"[39m[33m;
[39m
 [90m  8 |[39m 
[36mimport[39m { [33m
MdOutlineLocationOn[39m
 } [36mfrom[39m [32m"
react-icons/md"[39m[33
m;[39m
[31m[1m>[22m[39m[90
m  9 |[39m 
[36mimport[39m {
 [90m    |[39m [31m[
1m^[22m[39m[31m[1m^
[22m[39m[31m[1m^[22m
[39m[31m[1m^[22m[39
m[31m[1m^[22m[39m[3
1m[1m^[22m[39m[31m[
1m^[22m[39m[31m[1m^
[22m[39m
[31m[1m>[22m[39m[90
m 10 |[39m   [33mDialo
g[39m[33m,[39m
 [90m    |[39m [31m[
1m^[22m[39m[31m[1m^
[22m[39m[31m[1m^[22m
[39m[31m[1m^[22m[39
m[31m[1m^[22m[39m[3
1m[1m^[22m[39m[31m[
1m^[22m[39m[31m[1m^
[22m[39m[31m[1m^[22m
[39m
[31m[1m>[22m[39m[90
m 11 |[39m   [33mDialo
gContent[39m[33m,[39m
 [90m    |[39m [31m[
1m^[22m[39m[31m[1m^
[22m[39m[31m[1m^[22m
[39m[31m[1m^[22m[39
m[31m[1m^[22m[39m[3
1m[1m^[22m[39m[31m[
1m^[22m[39m[31m[1m^
[22m[39m[31m[1m^[22m
[39m
[31m[1m>[22m[39m[90
m 12 |[39m   [33mDialo
gDescription[39m[33m,
[39m
 [90m    |[39m [31m[
1m^[22m[39m[31m[1m^
[22m[39m[31m[1m^[22m
[39m[31m[1m^[22m[39
m[31m[1m^[22m[39m[3
1m[1m^[22m[39m[31m[
1m^[22m[39m[31m[1m^
[22m[39m[31m[1m^[22m
[39m
[31m[1m>[22m[39m[90
m 13 |[39m   [33mDialo
gHeader[39m[33m,[39m
 [90m    |[39m [31m[
1m^[22m[39m[31m[1m^
[22m[39m[31m[1m^[22m
[39m[31m[1m^[22m[39
m[31m[1m^[22m[39m[3
1m[1m^[22m[39m[31m[
1m^[22m[39m[31m[1m^
[22m[39m[31m[1m^[22m
[39m
[31m[1m>[22m[39m[90
m 14 |[39m   [33mDialo
gTitle[39m[33m,[39m
 [90m    |[39m [31m[
1m^[22m[39m[31m[1m^
[22m[39m[31m[1m^[22m
[39m[31m[1m^[22m[39
m[31m[1m^[22m[39m[3
1m[1m^[22m[39m[31m[
1m^[22m[39m[31m[1m^
[22m[39m[31m[1m^[22m
[39m
[31m[1m>[22m[39m[90
m 15 |[39m   [33mDialo
gTrigger[39m[33m,[39m
 [90m    |[39m [31m[
1m^[22m[39m[31m[1m^
[22m[39m[31m[1m^[22m
[39m[31m[1m^[22m[39
m[31m[1m^[22m[39m[3
1m[1m^[22m[39m[31m[
1m^[22m[39m[31m[1m^
[22m[39m[31m[1m^[22m
[39m
[31m[1m>[22m[39m[90
m 16 |[39m } 
[36mfrom[39m [32m"@/c
omponents/ui/dialog"[39
m[33m;[39m
 [90m    |[39m [31m[
1m^[22m[39m[31m[1m^
[22m[39m[31m[1m^[22m
[39m[31m[1m^[22m[39
m[31m[1m^[22m[39m[3
1m[1m^[22m[39m[31m[
1m^[22m[39m[31m[1m^
[22m[39m[31m[1m^[22m
[39m[31m[1m^[22m[39
m[31m[1m^[22m[39m[3
1m[1m^[22m[39m[31m[
1m^[22m[39m[31m[1m^
[22m[39m[31m[1m^[22m
[39m[31m[1m^[22m[39
m[31m[1m^[22m[39m[3
1m[1m^[22m[39m[31m[
1m^[22m[39m[31m[1m^
[22m[39m[31m[1m^[22m
[39m[31m[1m^[22m[39
m[31m[1m^[22m[39m[3
1m[1m^[22m[39m[31m[
1m^[22m[39m[31m[1m^
[22m[39m[31m[1m^[22m
[39m[31m[1m^[22m[39
m[31m[1m^[22m[39m[3
1m[1m^[22m[39m[31m[
1m^[22m[39m[31m[1m^
[22m[39m[31m[1m^[22m
[39m
 [90m 17 |[39m 
[36mimport[39m 
[33mAddDealForm[39m 
[36mfrom[39m [32m"@/c
omponents/deals/add-deal
-form"[39m[33m;[39m
 [90m 18 |[39m 
[36mimport[39m 
[33mDealsTable[39m 
[36mfrom[39m [32m"@/c
omponents/shared/deals-t
able"[39m[33m;[39m
 [90m 19 |[39m 
[36mimport[39m { 
getDirectDeals } 
[36mfrom[39m [32m"@/a
ctions/deals"[39m[33m;
[39m[0m



https://nextjs.org/docs/
messages/module-not-foun
d


./src/app/[locale]/deals
/page.jsx:9:1
Module not found: Can't 
resolve 
'@/components/ui/dialog'
[0m [90m  7 |[39m 
[36mimport[39m { [33m
FaLocationArrow[39m[33
m,[39m 
[33mFaPlus[39m } 
[36mfrom[39m [32m"rea
ct-icons/fa"[39m[33m;
[39m
 [90m  8 |[39m 
[36mimport[39m { [33m
MdOutlineLocationOn[39m
 } [36mfrom[39m [32m"
react-icons/md"[39m[33
m;[39m
[31m[1m>[22m[39m[90
m  9 |[39m 
[36mimport[39m {
 [90m    |[39m [31m[
1m^[22m[39m[31m[1m^
[22m[39m[31m[1m^[22m
[39m[31m[1m^[22m[39
m[31m[1m^[22m[39m[3
1m[1m^[22m[39m[31m[
1m^[22m[39m[31m[1m^
[22m[39m
[31m[1m>[22m[39m[90
m 10 |[39m   [33mDialo
g[39m[33m,[39m
 [90m    |[39m [31m[
1m^[22m[39m[31m[1m^
[22m[39m[31m[1m^[22m
[39m[31m[1m^[22m[39
m[31m[1m^[22m[39m[3
1m[1m^[22m[39m[31m[
1m^[22m[39m[31m[1m^
[22m[39m[31m[1m^[22m
[39m
[31m[1m>[22m[39m[90
m 11 |[39m   [33mDialo
gContent[39m[33m,[39m
 [90m    |[39m [31m[
1m^[22m[39m[31m[1m^
[22m[39m[31m[1m^[22m
[39m[31m[1m^[22m[39
m[31m[1m^[22m[39m[3
1m[1m^[22m[39m[31m[
1m^[22m[39m[31m[1m^
[22m[39m[31m[1m^[22m
[39m
[31m[1m>[22m[39m[90
m 12 |[39m   [33mDialo
gDescription[39m[33m,
[39m
 [90m    |[39m [31m[
1m^[22m[39m[31m[1m^
[22m[39m[31m[1m^[22m
[39m[31m[1m^[22m[39
m[31m[1m^[22m[39m[3
1m[1m^[22m[39m[31m[
1m^[22m[39m[31m[1m^
[22m[39m[31m[1m^[22m
[39m
[31m[1m>[22m[39m[90
m 13 |[39m   [33mDialo
gHeader[39m[33m,[39m
 [90m    |[39m [31m[
1m^[22m[39m[31m[1m^
[22m[39m[31m[1m^[22m
[39m[31m[1m^[22m[39
m[31m[1m^[22m[39m[3
1m[1m^[22m[39m[31m[
1m^[22m[39m[31m[1m^
[22m[39m[31m[1m^[22m
[39m
[31m[1m>[22m[39m[90
m 14 |[39m   [33mDialo
gTitle[39m[33m,[39m
 [90m    |[39m [31m[
1m^[22m[39m[31m[1m^
[22m[39m[31m[1m^[22m
[39m[31m[1m^[22m[39
m[31m[1m^[22m[39m[3
1m[1m^[22m[39m[31m[
1m^[22m[39m[31m[1m^
[22m[39m[31m[1m^[22m
[39m
[31m[1m>[22m[39m[90
m 15 |[39m   [33mDialo
gTrigger[39m[33m,[39m
 [90m    |[39m [31m[
1m^[22m[39m[31m[1m^
[22m[39m[31m[1m^[22m
[39m[31m[1m^[22m[39
m[31m[1m^[22m[39m[3
1m[1m^[22m[39m[31m[
1m^[22m[39m[31m[1m^
[22m[39m[31m[1m^[22m
[39m
[31m[1m>[22m[39m[90
m 16 |[39m } 
[36mfrom[39m [32m"@/c
omponents/ui/dialog"[39
m[33m;[39m
 [90m    |[39m [31m[
1m^[22m[39m[31m[1m^
[22m[39m[31m[1m^[22m
[39m[31m[1m^[22m[39
m[31m[1m^[22m[39m[3
1m[1m^[22m[39m[31m[
1m^[22m[39m[31m[1m^
[22m[39m[31m[1m^[22m
[39m[31m[1m^[22m[39
m[31m[1m^[22m[39m[3
1m[1m^[22m[39m[31m[
1m^[22m[39m[31m[1m^
[22m[39m[31m[1m^[22m
[39m[31m[1m^[22m[39
m[31m[1m^[22m[39m[3
1m[1m^[22m[39m[31m[
1m^[22m[39m[31m[1m^
[22m[39m[31m[1m^[22m
[39m[31m[1m^[22m[39
m[31m[1m^[22m[39m[3
1m[1m^[22m[39m[31m[
1m^[22m[39m[31m[1m^
[22m[39m[31m[1m^[22m
[39m[31m[1m^[22m[39
m[31m[1m^[22m[39m[3
1m[1m^[22m[39m[31m[
1m^[22m[39m[31m[1m^
[22m[39m[31m[1m^[22m
[39m
 [90m 17 |[39m 
[36mimport[39m 
[33mAddDealForm[39m 
[36mfrom[39m [32m"@/c
omponents/deals/add-deal
-form"[39m[33m;[39m
 [90m 18 |[39m 
[36mimport[39m 
[33mDealsTable[39m 
[36mfrom[39m [32m"@/c
omponents/shared/deals-t
able"[39m[33m;[39m
 [90m 19 |[39m 
[36mimport[39m { 
getDirectDeals } 
[36mfrom[39m [32m"@/a
ctions/deals"[39m[33m;
[39m[0m



https://nextjs.org/docs/
messages/module-not-foun
d


./src/app/[locale]/deals
/page.jsx:9:1
Module not found: Can't 
resolve 
'@/components/ui/dialog'
[0m [90m  7 |[39m 
[36mimport[39m { [33m
FaLocationArrow[39m[33
m,[39m 
[33mFaPlus[39m } 
[36mfrom[39m [32m"rea
ct-icons/fa"[39m[33m;
[39m
 [90m  8 |[39m 
[36mimport[39m { [33m
MdOutlineLocationOn[39m
 } [36mfrom[39m [32m"
react-icons/md"[39m[33
m;[39m
[31m[1m>[22m[39m[90
m  9 |[39m 
[36mimport[39m {
 [90m    |[39m [31m[
1m^[22m[39m[31m[1m^
[22m[39m[31m[1m^[22m
[39m[31m[1m^[22m[39
m[31m[1m^[22m[39m[3
1m[1m^[22m[39m[31m[
1m^[22m[39m[31m[1m^
[22m[39m
[31m[1m>[22m[39m[90
m 10 |[39m   [33mDialo
g[39m[33m,[39m
 [90m    |[39m [31m[
1m^[22m[39m[31m[1m^
[22m[39m[31m[1m^[22m
[39m[31m[1m^[22m[39
m[31m[1m^[22m[39m[3
1m[1m^[22m[39m[31m[
1m^[22m[39m[31m[1m^
[22m[39m[31m[1m^[22m
[39m
[31m[1m>[22m[39m[90
m 11 |[39m   [33mDialo
gContent[39m[33m,[39m
 [90m    |[39m [31m[
1m^[22m[39m[31m[1m^
[22m[39m[31m[1m^[22m
[39m[31m[1m^[22m[39
m[31m[1m^[22m[39m[3
1m[1m^[22m[39m[31m[
1m^[22m[39m[31m[1m^
[22m[39m[31m[1m^[22m
[39m
[31m[1m>[22m[39m[90
m 12 |[39m   [33mDialo
gDescription[39m[33m,
[39m
 [90m    |[39m [31m[
1m^[22m[39m[31m[1m^
[22m[39m[31m[1m^[22m
[39m[31m[1m^[22m[39
m[31m[1m^[22m[39m[3
1m[1m^[22m[39m[31m[
1m^[22m[39m[31m[1m^
[22m[39m[31m[1m^[22m
[39m
[31m[1m>[22m[39m[90
m 13 |[39m   [33mDialo
gHeader[39m[33m,[39m
 [90m    |[39m [31m[
1m^[22m[39m[31m[1m^
[22m[39m[31m[1m^[22m
[39m[31m[1m^[22m[39
m[31m[1m^[22m[39m[3
1m[1m^[22m[39m[31m[
1m^[22m[39m[31m[1m^
[22m[39m[31m[1m^[22m
[39m
[31m[1m>[22m[39m[90
m 14 |[39m   [33mDialo
gTitle[39m[33m,[39m
 [90m    |[39m [31m[
1m^[22m[39m[31m[1m^
[22m[39m[31m[1m^[22m
[39m[31m[1m^[22m[39
m[31m[1m^[22m[39m[3
1m[1m^[22m[39m[31m[
1m^[22m[39m[31m[1m^
[22m[39m[31m[1m^[22m
[39m
[31m[1m>[22m[39m[90
m 15 |[39m   [33mDialo
gTrigger[39m[33m,[39m
 [90m    |[39m [31m[
1m^[22m[39m[31m[1m^
[22m[39m[31m[1m^[22m
[39m[31m[1m^[22m[39
m[31m[1m^[22m[39m[3
1m[1m^[22m[39m[31m[
1m^[22m[39m[31m[1m^
[22m[39m[31m[1m^[22m
[39m
[31m[1m>[22m[39m[90
m 16 |[39m } 
[36mfrom[39m [32m"@/c
omponents/ui/dialog"[39
m[33m;[39m
 [90m    |[39m [31m[
1m^[22m[39m[31m[1m^
[22m[39m[31m[1m^[22m
[39m[31m[1m^[22m[39
m[31m[1m^[22m[39m[3
1m[1m^[22m[39m[31m[
1m^[22m[39m[31m[1m^
[22m[39m[31m[1m^[22m
[39m[31m[1m^[22m[39
m[31m[1m^[22m[39m[3
1m[1m^[22m[39m[31m[
1m^[22m[39m[31m[1m^
[22m[39m[31m[1m^[22m
[39m[31m[1m^[22m[39
m[31m[1m^[22m[39m[3
1m[1m^[22m[39m[31m[
1m^[22m[39m[31m[1m^
[22m[39m[31m[1m^[22m
[39m[31m[1m^[22m[39
m[31m[1m^[22m[39m[3
1m[1m^[22m[39m[31m[
1m^[22m[39m[31m[1m^
[22m[39m[31m[1m^[22m
[39m[31m[1m^[22m[39
m[31m[1m^[22m[39m[3
1m[1m^[22m[39m[31m[
1m^[22m[39m[31m[1m^
[22m[39m[31m[1m^[22m
[39m
 [90m 17 |[39m 
[36mimport[39m 
[33mAddDealForm[39m 
[36mfrom[39m [32m"@/c
omponents/deals/add-deal
-form"[39m[33m;[39m
 [90m 18 |[39m 
[36mimport[39m 
[33mDealsTable[39m 
[36mfrom[39m [32m"@/c
omponents/shared/deals-t
able"[39m[33m;[39m
 [90m 19 |[39m 
[36mimport[39m { 
getDirectDeals } 
[36mfrom[39m [32m"@/a
ctions/deals"[39m[33m;
[39m[0m



https://nextjs.org/docs/
messages/module-not-foun
d


./src/app/[locale]/deals
/page.jsx:9:1
Module not found: Can't 
resolve 
'@/components/ui/dialog'
[0m [90m  7 |[39m 
[36mimport[39m { [33m
FaLocationArrow[39m[33
m,[39m 
[33mFaPlus[39m } 
[36mfrom[39m [32m"rea
ct-icons/fa"[39m[33m;
[39m
 [90m  8 |[39m 
[36mimport[39m { [33m
MdOutlineLocationOn[39m
 } [36mfrom[39m [32m"
react-icons/md"[39m[33
m;[39m
[31m[1m>[22m[39m[90
m  9 |[39m 
[36mimport[39m {
 [90m    |[39m [31m[
1m^[22m[39m[31m[1m^
[22m[39m[31m[1m^[22m
[39m[31m[1m^[22m[39
m[31m[1m^[22m[39m[3
1m[1m^[22m[39m[31m[
1m^[22m[39m[31m[1m^
[22m[39m
[31m[1m>[22m[39m[90
m 10 |[39m   [33mDialo
g[39m[33m,[39m
 [90m    |[39m [31m[
1m^[22m[39m[31m[1m^
[22m[39m[31m[1m^[22m
[39m[31m[1m^[22m[39
m[31m[1m^[22m[39m[3
1m[1m^[22m[39m[31m[
1m^[22m[39m[31m[1m^
[22m[39m[31m[1m^[22m
[39m
[31m[1m>[22m[39m[90
m 11 |[39m   [33mDialo
gContent[39m[33m,[39m
 [90m    |[39m [31m[
1m^[22m[39m[31m[1m^
[22m[39m[31m[1m^[22m
[39m[31m[1m^[22m[39
m[31m[1m^[22m[39m[3
1m[1m^[22m[39m[31m[
1m^[22m[39m[31m[1m^
[22m[39m[31m[1m^[22m
[39m
[31m[1m>[22m[39m[90
m 12 |[39m   [33mDialo
gDescription[39m[33m,
[39m
 [90m    |[39m [31m[
1m^[22m[39m[31m[1m^
[22m[39m[31m[1m^[22m
[39m[31m[1m^[22m[39
m[31m[1m^[22m[39m[3
1m[1m^[22m[39m[31m[
1m^[22m[39m[31m[1m^
[22m[39m[31m[1m^[22m
[39m
[31m[1m>[22m[39m[90
m 13 |[39m   [33mDialo
gHeader[39m[33m,[39m
 [90m    |[39m [31m[
1m^[22m[39m[31m[1m^
[22m[39m[31m[1m^[22m
[39m[31m[1m^[22m[39
m[31m[1m^[22m[39m[3
1m[1m^[22m[39m[31m[
1m^[22m[39m[31m[1m^
[22m[39m[31m[1m^[22m
[39m
[31m[1m>[22m[39m[90
m 14 |[39m   [33mDialo
gTitle[39m[33m,[39m
 [90m    |[39m [31m[
1m^[22m[39m[31m[1m^
[22m[39m[31m[1m^[22m
[39m[31m[1m^[22m[39
m[31m[1m^[22m[39m[3
1m[1m^[22m[39m[31m[
1m^[22m[39m[31m[1m^
[22m[39m[31m[1m^[22m
[39m
[31m[1m>[22m[39m[90
m 15 |[39m   [33mDialo
gTrigger[39m[33m,[39m
 [90m    |[39m [31m[
1m^[22m[39m[31m[1m^
[22m[39m[31m[1m^[22m
[39m[31m[1m^[22m[39
m[31m[1m^[22m[39m[3
1m[1m^[22m[39m[31m[
1m^[22m[39m[31m[1m^
[22m[39m[31m[1m^[22m
[39m
[31m[1m>[22m[39m[90
m 16 |[39m } 
[36mfrom[39m [32m"@/c
omponents/ui/dialog"[39
m[33m;[39m
 [90m    |[39m [31m[
1m^[22m[39m[31m[1m^
[22m[39m[31m[1m^[22m
[39m[31m[1m^[22m[39
m[31m[1m^[22m[39m[3
1m[1m^[22m[39m[31m[
1m^[22m[39m[31m[1m^
[22m[39m[31m[1m^[22m
[39m[31m[1m^[22m[39
m[31m[1m^[22m[39m[3
1m[1m^[22m[39m[31m[
1m^[22m[39m[31m[1m^
[22m[39m[31m[1m^[22m
[39m[31m[1m^[22m[39
m[31m[1m^[22m[39m[3
1m[1m^[22m[39m[31m[
1m^[22m[39m[31m[1m^
[22m[39m[31m[1m^[22m
[39m[31m[1m^[22m[39
m[31m[1m^[22m[39m[3
1m[1m^[22m[39m[31m[
1m^[22m[39m[31m[1m^
[22m[39m[31m[1m^[22m
[39m[31m[1m^[22m[39
m[31m[1m^[22m[39m[3
1m[1m^[22m[39m[31m[
1m^[22m[39m[31m[1m^
[22m[39m[31m[1m^[22m
[39m
 [90m 17 |[39m 
[36mimport[39m 
[33mAddDealForm[39m 
[36mfrom[39m [32m"@/c
omponents/deals/add-deal
-form"[39m[33m;[39m
 [90m 18 |[39m 
[36mimport[39m 
[33mDealsTable[39m 
[36mfrom[39m [32m"@/c
omponents/shared/deals-t
able"[39m[33m;[39m
 [90m 19 |[39m 
[36mimport[39m { 
getDirectDeals } 
[36mfrom[39m [32m"@/a
ctions/deals"[39m[33m;
[39m[0m



https://nextjs.org/docs/
messages/module-not-foun
d


./src/app/[locale]/deals
/page.jsx:9:1
Module not found: Can't 
resolve 
'@/components/ui/dialog'
[0m [90m  7 |[39m 
[36mimport[39m { [33m
FaLocationArrow[39m[33
m,[39m 
[33mFaPlus[39m } 
[36mfrom[39m [32m"rea
ct-icons/fa"[39m[33m;
[39m
 [90m  8 |[39m 
[36mimport[39m { [33m
MdOutlineLocationOn[39m
 } [36mfrom[39m [32m"
react-icons/md"[39m[33
m;[39m
[31m[1m>[22m[39m[90
m  9 |[39m 
[36mimport[39m {
 [90m    |[39m [31m[
1m^[22m[39m[31m[1m^
[22m[39m[31m[1m^[22m
[39m[31m[1m^[22m[39
m[31m[1m^[22m[39m[3
1m[1m^[22m[39m[31m[
1m^[22m[39m[31m[1m^
[22m[39m
[31m[1m>[22m[39m[90
m 10 |[39m   [33mDialo
g[39m[33m,[39m
 [90m    |[39m [31m[
1m^[22m[39m[31m[1m^
[22m[39m[31m[1m^[22m
[39m[31m[1m^[22m[39
m[31m[1m^[22m[39m[3
1m[1m^[22m[39m[31m[
1m^[22m[39m[31m[1m^
[22m[39m[31m[1m^[22m
[39m
[31m[1m>[22m[39m[90
m 11 |[39m   [33mDialo
gContent[39m[33m,[39m
 [90m    |[39m [31m[
1m^[22m[39m[31m[1m^
[22m[39m[31m[1m^[22m
[39m[31m[1m^[22m[39
m[31m[1m^[22m[39m[3
1m[1m^[22m[39m[31m[
1m^[22m[39m[31m[1m^
[22m[39m[31m[1m^[22m
[39m
[31m[1m>[22m[39m[90
m 12 |[39m   [33mDialo
gDescription[39m[33m,
[39m
 [90m    |[39m [31m[
1m^[22m[39m[31m[1m^
[22m[39m[31m[1m^[22m
[39m[31m[1m^[22m[39
m[31m[1m^[22m[39m[3
1m[1m^[22m[39m[31m[
1m^[22m[39m[31m[1m^
[22m[39m[31m[1m^[22m
[39m
[31m[1m>[22m[39m[90
m 13 |[39m   [33mDialo
gHeader[39m[33m,[39m
 [90m    |[39m [31m[
1m^[22m[39m[31m[1m^
[22m[39m[31m[1m^[22m
[39m[31m[1m^[22m[39
m[31m[1m^[22m[39m[3
1m[1m^[22m[39m[31m[
1m^[22m[39m[31m[1m^
[22m[39m[31m[1m^[22m
[39m
[31m[1m>[22m[39m[90
m 14 |[39m   [33mDialo
gTitle[39m[33m,[39m
 [90m    |[39m [31m[
1m^[22m[39m[31m[1m^
[22m[39m[31m[1m^[22m
[39m[31m[1m^[22m[39
m[31m[1m^[22m[39m[3
1m[1m^[22m[39m[31m[
1m^[22m[39m[31m[1m^
[22m[39m[31m[1m^[22m
[39m
[31m[1m>[22m[39m[90
m 15 |[39m   [33mDialo
gTrigger[39m[33m,[39m
 [90m    |[39m [31m[
1m^[22m[39m[31m[1m^
[22m[39m[31m[1m^[22m
[39m[31m[1m^[22m[39
m[31m[1m^[22m[39m[3
1m[1m^[22m[39m[31m[
1m^[22m[39m[31m[1m^
[22m[39m[31m[1m^[22m
[39m
[31m[1m>[22m[39m[90
m 16 |[39m } 
[36mfrom[39m [32m"@/c
omponents/ui/dialog"[39
m[33m;[39m
 [90m    |[39m [31m[
1m^[22m[39m[31m[1m^
[22m[39m[31m[1m^[22m
[39m[31m[1m^[22m[39
m[31m[1m^[22m[39m[3
1m[1m^[22m[39m[31m[
1m^[22m[39m[31m[1m^
[22m[39m[31m[1m^[22m
[39m[31m[1m^[22m[39
m[31m[1m^[22m[39m[3
1m[1m^[22m[39m[31m[
1m^[22m[39m[31m[1m^
[22m[39m[31m[1m^[22m
[39m[31m[1m^[22m[39
m[31m[1m^[22m[39m[3
1m[1m^[22m[39m[31m[
1m^[22m[39m[31m[1m^
[22m[39m[31m[1m^[22m
[39m[31m[1m^[22m[39
m[31m[1m^[22m[39m[3
1m[1m^[22m[39m[31m[
1m^[22m[39m[31m[1m^
[22m[39m[31m[1m^[22m
[39m[31m[1m^[22m[39
m[31m[1m^[22m[39m[3
1m[1m^[22m[39m[31m[
1m^[22m[39m[31m[1m^
[22m[39m[31m[1m^[22m
[39m
 [90m 17 |[39m 
[36mimport[39m 
[33mAddDealForm[39m 
[36mfrom[39m [32m"@/c
omponents/deals/add-deal
-form"[39m[33m;[39m
 [90m 18 |[39m 
[36mimport[39m 
[33mDealsTable[39m 
[36mfrom[39m [32m"@/c
omponents/shared/deals-t
able"[39m[33m;[39m
 [90m 19 |[39m 
[36mimport[39m { 
getDirectDeals } 
[36mfrom[39m [32m"@/a
ctions/deals"[39m[33m;
[39m[0m



https://nextjs.org/docs/
messages/module-not-foun
d


./src/app/[locale]/deals
/page.jsx:5:1
Module not found: Can't 
resolve 
'@/components/ui/input'
[0m [90m 3 |[39m 
[36mimport[39m [33mRe
act[39m[33m,[39m { 
useEffect[33m,[39m 
useState } 
[36mfrom[39m [32m"rea
ct"[39m[33m;[39m
 [90m 4 |[39m 
[36mimport[39m { [33m
Tabs[39m[33m,[39m [3
3mTabsContent[39m[33m,
[39m [33mTabsList[39m
[33m,[39m 
[33mTabsTrigger[39m } 
[36mfrom[39m [32m"@/c
omponents/ui/tabs"[39m
[33m;[39m
[31m[1m>[22m[39m[90
m 5 |[39m 
[36mimport[39m { 
[33mInput[39m } 
[36mfrom[39m [32m"@/c
omponents/ui/input"[39m
[33m;[39m
 [90m   |[39m [31m[1
m^[22m[39m[31m[1m^[
22m[39m[31m[1m^[22m
[39m[31m[1m^[22m[39m
[31m[1m^[22m[39m[31
m[1m^[22m[39m[31m[1
m^[22m[39m[31m[1m^[
22m[39m[31m[1m^[22m
[39m[31m[1m^[22m[39m
[31m[1m^[22m[39m[31
m[1m^[22m[39m[31m[1
m^[22m[39m[31m[1m^[
22m[39m[31m[1m^[22m
[39m[31m[1m^[22m[39m
[31m[1m^[22m[39m[31
m[1m^[22m[39m[31m[1
m^[22m[39m[31m[1m^[
22m[39m[31m[1m^[22m
[39m[31m[1m^[22m[39m
[31m[1m^[22m[39m[31
m[1m^[22m[39m[31m[1
m^[22m[39m[31m[1m^[
22m[39m[31m[1m^[22m
[39m[31m[1m^[22m[39m
[31m[1m^[22m[39m[31
m[1m^[22m[39m[31m[1
m^[22m[39m[31m[1m^[
22m[39m[31m[1m^[22m
[39m[31m[1m^[22m[39m
[31m[1m^[22m[39m[31
m[1m^[22m[39m[31m[1
m^[22m[39m[31m[1m^[
22m[39m[31m[1m^[22m
[39m[31m[1m^[22m[39m
[31m[1m^[22m[39m[31
m[1m^[22m[39m[31m[1
m^[22m[39m[31m[1m^[
22m[39m[31m[1m^[22m
[39m[31m[1m^[22m[39m
 [90m 6 |[39m 
[36mimport[39m { 
useLocale[33m,[39m 
useTranslations } 
[36mfrom[39m [32m"nex
t-intl"[39m[33m;[39m
 [90m 7 |[39m 
[36mimport[39m { [33m
FaLocationArrow[39m[33
m,[39m 
[33mFaPlus[39m } 
[36mfrom[39m [32m"rea
ct-icons/fa"[39m[33m;
[39m
 [90m 8 |[39m 
[36mimport[39m { [33m
MdOutlineLocationOn[39m
 } [36mfrom[39m [32m"
react-icons/md"[39m[33
m;[39m[0m



https://nextjs.org/docs/
messages/module-not-foun
d


./src/app/[locale]/deals
/page.jsx:5:1
Module not found: Can't 
resolve 
'@/components/ui/input'
[0m [90m 3 |[39m 
[36mimport[39m [33mRe
act[39m[33m,[39m { 
useEffect[33m,[39m 
useState } 
[36mfrom[39m [32m"rea
ct"[39m[33m;[39m
 [90m 4 |[39m 
[36mimport[39m { [33m
Tabs[39m[33m,[39m [3
3mTabsContent[39m[33m,
[39m [33mTabsList[39m
[33m,[39m 
[33mTabsTrigger[39m } 
[36mfrom[39m [32m"@/c
omponents/ui/tabs"[39m
[33m;[39m
[31m[1m>[22m[39m[90
m 5 |[39m 
[36mimport[39m { 
[33mInput[39m } 
[36mfrom[39m [32m"@/c
omponents/ui/input"[39m
[33m;[39m
 [90m   |[39m [31m[1
m^[22m[39m[31m[1m^[
22m[39m[31m[1m^[22m
[39m[31m[1m^[22m[39m
[31m[1m^[22m[39m[31
m[1m^[22m[39m[31m[1
m^[22m[39m[31m[1m^[
22m[39m[31m[1m^[22m
[39m[31m[1m^[22m[39m
[31m[1m^[22m[39m[31
m[1m^[22m[39m[31m[1
m^[22m[39m[31m[1m^[
22m[39m[31m[1m^[22m
[39m[31m[1m^[22m[39m
[31m[1m^[22m[39m[31
m[1m^[22m[39m[31m[1
m^[22m[39m[31m[1m^[
22m[39m[31m[1m^[22m
[39m[31m[1m^[22m[39m
[31m[1m^[22m[39m[31
m[1m^[22m[39m[31m[1
m^[22m[39m[31m[1m^[
22m[39m[31m[1m^[22m
[39m[31m[1m^[22m[39m
[31m[1m^[22m[39m[31
m[1m^[22m[39m[31m[1
m^[22m[39m[31m[1m^[
22m[39m[31m[1m^[22m
[39m[31m[1m^[22m[39m
[31m[1m^[22m[39m[31
m[1m^[22m[39m[31m[1
m^[22m[39m[31m[1m^[
22m[39m[31m[1m^[22m
[39m[31m[1m^[22m[39m
[31m[1m^[22m[39m[31
m[1m^[22m[39m[31m[1
m^[22m[39m[31m[1m^[
22m[39m[31m[1m^[22m
[39m[31m[1m^[22m[39m
 [90m 6 |[39m 
[36mimport[39m { 
useLocale[33m,[39m 
useTranslations } 
[36mfrom[39m [32m"nex
t-intl"[39m[33m;[39m
 [90m 7 |[39m 
[36mimport[39m { [33m
FaLocationArrow[39m[33
m,[39m 
[33mFaPlus[39m } 
[36mfrom[39m [32m"rea
ct-icons/fa"[39m[33m;
[39m
 [90m 8 |[39m 
[36mimport[39m { [33m
MdOutlineLocationOn[39m
 } [36mfrom[39m [32m"
react-icons/md"[39m[33
m;[39m[0m



https://nextjs.org/docs/
messages/module-not-foun
d


./src/app/[locale]/deals
/page.jsx:4:1
Module not found: Can't 
resolve 
'@/components/ui/tabs'
[0m [90m 2 |[39m 
[36mimport[39m [33mCu
stomBreadcrumbs[39m 
[36mfrom[39m [32m"@/c
omponents/shared/custom-
breadcrumbs"[39m[33m;
[39m
 [90m 3 |[39m 
[36mimport[39m [33mRe
act[39m[33m,[39m { 
useEffect[33m,[39m 
useState } 
[36mfrom[39m [32m"rea
ct"[39m[33m;[39m
[31m[1m>[22m[39m[90
m 4 |[39m 
[36mimport[39m { [33m
Tabs[39m[33m,[39m [3
3mTabsContent[39m[33m,
[39m [33mTabsList[39m
[33m,[39m 
[33mTabsTrigger[39m } 
[36mfrom[39m [32m"@/c
omponents/ui/tabs"[39m
[33m;[39m
 [90m   |[39m [31m[1
m^[22m[39m[31m[1m^[
22m[39m[31m[1m^[22m
[39m[31m[1m^[22m[39m
[31m[1m^[22m[39m[31
m[1m^[22m[39m[31m[1
m^[22m[39m[31m[1m^[
22m[39m[31m[1m^[22m
[39m[31m[1m^[22m[39m
[31m[1m^[22m[39m[31
m[1m^[22m[39m[31m[1
m^[22m[39m[31m[1m^[
22m[39m[31m[1m^[22m
[39m[31m[1m^[22m[39m
[31m[1m^[22m[39m[31
m[1m^[22m[39m[31m[1
m^[22m[39m[31m[1m^[
22m[39m[31m[1m^[22m
[39m[31m[1m^[22m[39m
[31m[1m^[22m[39m[31
m[1m^[22m[39m[31m[1
m^[22m[39m[31m[1m^[
22m[39m[31m[1m^[22m
[39m[31m[1m^[22m[39m
[31m[1m^[22m[39m[31
m[1m^[22m[39m[31m[1
m^[22m[39m[31m[1m^[
22m[39m[31m[1m^[22m
[39m[31m[1m^[22m[39m
[31m[1m^[22m[39m[31
m[1m^[22m[39m[31m[1
m^[22m[39m[31m[1m^[
22m[39m[31m[1m^[22m
[39m[31m[1m^[22m[39m
[31m[1m^[22m[39m[31
m[1m^[22m[39m[31m[1
m^[22m[39m[31m[1m^[
22m[39m[31m[1m^[22m
[39m[31m[1m^[22m[39m
[31m[1m^[22m[39m[31
m[1m^[22m[39m[31m[1
m^[22m[39m[31m[1m^[
22m[39m[31m[1m^[22m
[39m[31m[1m^[22m[39m
[31m[1m^[22m[39m[31
m[1m^[22m[39m[31m[1
m^[22m[39m[31m[1m^[
22m[39m[31m[1m^[22m
[39m[31m[1m^[22m[39m
[31m[1m^[22m[39m[31
m[1m^[22m[39m[31m[1
m^[22m[39m[31m[1m^[
22m[39m[31m[1m^[22m
[39m[31m[1m^[22m[39m
[31m[1m^[22m[39m[31
m[1m^[22m[39m[31m[1
m^[22m[39m[31m[1m^[
22m[39m[31m[1m^[22m
[39m[31m[1m^[22m[39m
[31m[1m^[22m[39m[31
m[1m^[22m[39m[31m[1
m^[22m[39m[31m[1m^[
22m[39m[31m[1m^[22m
[39m[31m[1m^[22m[39m
[31m[1m^[22m[39m[31
m[1m^[22m[39m[31m[1
m^[22m[39m[31m[1m^[
22m[39m
 [90m 5 |[39m 
[36mimport[39m { 
[33mInput[39m } 
[36mfrom[39m [32m"@/c
omponents/ui/input"[39m
[33m;[39m
 [90m 6 |[39m 
[36mimport[39m { 
useLocale[33m,[39m 
useTranslations } 
[36mfrom[39m [32m"nex
t-intl"[39m[33m;[39m
 [90m 7 |[39m 
[36mimport[39m { [33m
FaLocationArrow[39m[33
m,[39m 
[33mFaPlus[39m } 
[36mfrom[39m [32m"rea
ct-icons/fa"[39m[33m;
[39m[0m



https://nextjs.org/docs/
messages/module-not-foun
d


./src/app/[locale]/deals
/page.jsx:4:1
Module not found: Can't 
resolve 
'@/components/ui/tabs'
[0m [90m 2 |[39m 
[36mimport[39m [33mCu
stomBreadcrumbs[39m 
[36mfrom[39m [32m"@/c
omponents/shared/custom-
breadcrumbs"[39m[33m;
[39m
 [90m 3 |[39m 
[36mimport[39m [33mRe
act[39m[33m,[39m { 
useEffect[33m,[39m 
useState } 
[36mfrom[39m [32m"rea
ct"[39m[33m;[39m
[31m[1m>[22m[39m[90
m 4 |[39m 
[36mimport[39m { [33m
Tabs[39m[33m,[39m [3
3mTabsContent[39m[33m,
[39m [33mTabsList[39m
[33m,[39m 
[33mTabsTrigger[39m } 
[36mfrom[39m [32m"@/c
omponents/ui/tabs"[39m
[33m;[39m
 [90m   |[39m [31m[1
m^[22m[39m[31m[1m^[
22m[39m[31m[1m^[22m
[39m[31m[1m^[22m[39m
[31m[1m^[22m[39m[31
m[1m^[22m[39m[31m[1
m^[22m[39m[31m[1m^[
22m[39m[31m[1m^[22m
[39m[31m[1m^[22m[39m
[31m[1m^[22m[39m[31
m[1m^[22m[39m[31m[1
m^[22m[39m[31m[1m^[
22m[39m[31m[1m^[22m
[39m[31m[1m^[22m[39m
[31m[1m^[22m[39m[31
m[1m^[22m[39m[31m[1
m^[22m[39m[31m[1m^[
22m[39m[31m[1m^[22m
[39m[31m[1m^[22m[39m
[31m[1m^[22m[39m[31
m[1m^[22m[39m[31m[1
m^[22m[39m[31m[1m^[
22m[39m[31m[1m^[22m
[39m[31m[1m^[22m[39m
[31m[1m^[22m[39m[31
m[1m^[22m[39m[31m[1
m^[22m[39m[31m[1m^[
22m[39m[31m[1m^[22m
[39m[31m[1m^[22m[39m
[31m[1m^[22m[39m[31
m[1m^[22m[39m[31m[1
m^[22m[39m[31m[1m^[
22m[39m[31m[1m^[22m
[39m[31m[1m^[22m[39m
[31m[1m^[22m[39m[31
m[1m^[22m[39m[31m[1
m^[22m[39m[31m[1m^[
22m[39m[31m[1m^[22m
[39m[31m[1m^[22m[39m
[31m[1m^[22m[39m[31
m[1m^[22m[39m[31m[1
m^[22m[39m[31m[1m^[
22m[39m[31m[1m^[22m
[39m[31m[1m^[22m[39m
[31m[1m^[22m[39m[31
m[1m^[22m[39m[31m[1
m^[22m[39m[31m[1m^[
22m[39m[31m[1m^[22m
[39m[31m[1m^[22m[39m
[31m[1m^[22m[39m[31
m[1m^[22m[39m[31m[1
m^[22m[39m[31m[1m^[
22m[39m[31m[1m^[22m
[39m[31m[1m^[22m[39m
[31m[1m^[22m[39m[31
m[1m^[22m[39m[31m[1
m^[22m[39m[31m[1m^[
22m[39m[31m[1m^[22m
[39m[31m[1m^[22m[39m
[31m[1m^[22m[39m[31
m[1m^[22m[39m[31m[1
m^[22m[39m[31m[1m^[
22m[39m[31m[1m^[22m
[39m[31m[1m^[22m[39m
[31m[1m^[22m[39m[31
m[1m^[22m[39m[31m[1
m^[22m[39m[31m[1m^[
22m[39m
 [90m 5 |[39m 
[36mimport[39m { 
[33mInput[39m } 
[36mfrom[39m [32m"@/c
omponents/ui/input"[39m
[33m;[39m
 [90m 6 |[39m 
[36mimport[39m { 
useLocale[33m,[39m 
useTranslations } 
[36mfrom[39m [32m"nex
t-intl"[39m[33m;[39m
 [90m 7 |[39m 
[36mimport[39m { [33m
FaLocationArrow[39m[33
m,[39m 
[33mFaPlus[39m } 
[36mfrom[39m [32m"rea
ct-icons/fa"[39m[33m;
[39m[0m



https://nextjs.org/docs/
messages/module-not-foun
d


./src/app/[locale]/deals
/page.jsx:4:1
Module not found: Can't 
resolve 
'@/components/ui/tabs'
[0m [90m 2 |[39m 
[36mimport[39m [33mCu
stomBreadcrumbs[39m 
[36mfrom[39m [32m"@/c
omponents/shared/custom-
breadcrumbs"[39m[33m;
[39m
 [90m 3 |[39m 
[36mimport[39m [33mRe
act[39m[33m,[39m { 
useEffect[33m,[39m 
useState } 
[36mfrom[39m [32m"rea
ct"[39m[33m;[39m
[31m[1m>[22m[39m[90
m 4 |[39m 
[36mimport[39m { [33m
Tabs[39m[33m,[39m [3
3mTabsContent[39m[33m,
[39m [33mTabsList[39m
[33m,[39m 
[33mTabsTrigger[39m } 
[36mfrom[39m [32m"@/c
omponents/ui/tabs"[39m
[33m;[39m
 [90m   |[39m [31m[1
m^[22m[39m[31m[1m^[
22m[39m[31m[1m^[22m
[39m[31m[1m^[22m[39m
[31m[1m^[22m[39m[31
m[1m^[22m[39m[31m[1
m^[22m[39m[31m[1m^[
22m[39m[31m[1m^[22m
[39m[31m[1m^[22m[39m
[31m[1m^[22m[39m[31
m[1m^[22m[39m[31m[1
m^[22m[39m[31m[1m^[
22m[39m[31m[1m^[22m
[39m[31m[1m^[22m[39m
[31m[1m^[22m[39m[31
m[1m^[22m[39m[31m[1
m^[22m[39m[31m[1m^[
22m[39m[31m[1m^[22m
[39m[31m[1m^[22m[39m
[31m[1m^[22m[39m[31
m[1m^[22m[39m[31m[1
m^[22m[39m[31m[1m^[
22m[39m[31m[1m^[22m
[39m[31m[1m^[22m[39m
[31m[1m^[22m[39m[31
m[1m^[22m[39m[31m[1
m^[22m[39m[31m[1m^[
22m[39m[31m[1m^[22m
[39m[31m[1m^[22m[39m
[31m[1m^[22m[39m[31
m[1m^[22m[39m[31m[1
m^[22m[39m[31m[1m^[
22m[39m[31m[1m^[22m
[39m[31m[1m^[22m[39m
[31m[1m^[22m[39m[31
m[1m^[22m[39m[31m[1
m^[22m[39m[31m[1m^[
22m[39m[31m[1m^[22m
[39m[31m[1m^[22m[39m
[31m[1m^[22m[39m[31
m[1m^[22m[39m[31m[1
m^[22m[39m[31m[1m^[
22m[39m[31m[1m^[22m
[39m[31m[1m^[22m[39m
[31m[1m^[22m[39m[31
m[1m^[22m[39m[31m[1
m^[22m[39m[31m[1m^[
22m[39m[31m[1m^[22m
[39m[31m[1m^[22m[39m
[31m[1m^[22m[39m[31
m[1m^[22m[39m[31m[1
m^[22m[39m[31m[1m^[
22m[39m[31m[1m^[22m
[39m[31m[1m^[22m[39m
[31m[1m^[22m[39m[31
m[1m^[22m[39m[31m[1
m^[22m[39m[31m[1m^[
22m[39m[31m[1m^[22m
[39m[31m[1m^[22m[39m
[31m[1m^[22m[39m[31
m[1m^[22m[39m[31m[1
m^[22m[39m[31m[1m^[
22m[39m[31m[1m^[22m
[39m[31m[1m^[22m[39m
[31m[1m^[22m[39m[31
m[1m^[22m[39m[31m[1
m^[22m[39m[31m[1m^[
22m[39m
 [90m 5 |[39m 
[36mimport[39m { 
[33mInput[39m } 
[36mfrom[39m [32m"@/c
omponents/ui/input"[39m
[33m;[39m
 [90m 6 |[39m 
[36mimport[39m { 
useLocale[33m,[39m 
useTranslations } 
[36mfrom[39m [32m"nex
t-intl"[39m[33m;[39m
 [90m 7 |[39m 
[36mimport[39m { [33m
FaLocationArrow[39m[33
m,[39m 
[33mFaPlus[39m } 
[36mfrom[39m [32m"rea
ct-icons/fa"[39m[33m;
[39m[0m



https://nextjs.org/docs/
messages/module-not-foun
d


./src/app/[locale]/deals
/page.jsx:4:1
Module not found: Can't 
resolve 
'@/components/ui/tabs'
[0m [90m 2 |[39m 
[36mimport[39m [33mCu
stomBreadcrumbs[39m 
[36mfrom[39m [32m"@/c
omponents/shared/custom-
breadcrumbs"[39m[33m;
[39m
 [90m 3 |[39m 
[36mimport[39m [33mRe
act[39m[33m,[39m { 
useEffect[33m,[39m 
useState } 
[36mfrom[39m [32m"rea
ct"[39m[33m;[39m
[31m[1m>[22m[39m[90
m 4 |[39m 
[36mimport[39m { [33m
Tabs[39m[33m,[39m [3
3mTabsContent[39m[33m,
[39m [33mTabsList[39m
[33m,[39m 
[33mTabsTrigger[39m } 
[36mfrom[39m [32m"@/c
omponents/ui/tabs"[39m
[33m;[39m
 [90m   |[39m [31m[1
m^[22m[39m[31m[1m^[
22m[39m[31m[1m^[22m
[39m[31m[1m^[22m[39m
[31m[1m^[22m[39m[31
m[1m^[22m[39m[31m[1
m^[22m[39m[31m[1m^[
22m[39m[31m[1m^[22m
[39m[31m[1m^[22m[39m
[31m[1m^[22m[39m[31
m[1m^[22m[39m[31m[1
m^[22m[39m[31m[1m^[
22m[39m[31m[1m^[22m
[39m[31m[1m^[22m[39m
[31m[1m^[22m[39m[31
m[1m^[22m[39m[31m[1
m^[22m[39m[31m[1m^[
22m[39m[31m[1m^[22m
[39m[31m[1m^[22m[39m
[31m[1m^[22m[39m[31
m[1m^[22m[39m[31m[1
m^[22m[39m[31m[1m^[
22m[39m[31m[1m^[22m
[39m[31m[1m^[22m[39m
[31m[1m^[22m[39m[31
m[1m^[22m[39m[31m[1
m^[22m[39m[31m[1m^[
22m[39m[31m[1m^[22m
[39m[31m[1m^[22m[39m
[31m[1m^[22m[39m[31
m[1m^[22m[39m[31m[1
m^[22m[39m[31m[1m^[
22m[39m[31m[1m^[22m
[39m[31m[1m^[22m[39m
[31m[1m^[22m[39m[31
m[1m^[22m[39m[31m[1
m^[22m[39m[31m[1m^[
22m[39m[31m[1m^[22m
[39m[31m[1m^[22m[39m
[31m[1m^[22m[39m[31
m[1m^[22m[39m[31m[1
m^[22m[39m[31m[1m^[
22m[39m[31m[1m^[22m
[39m[31m[1m^[22m[39m
[31m[1m^[22m[39m[31
m[1m^[22m[39m[31m[1
m^[22m[39m[31m[1m^[
22m[39m[31m[1m^[22m
[39m[31m[1m^[22m[39m
[31m[1m^[22m[39m[31
m[1m^[22m[39m[31m[1
m^[22m[39m[31m[1m^[
22m[39m[31m[1m^[22m
[39m[31m[1m^[22m[39m
[31m[1m^[22m[39m[31
m[1m^[22m[39m[31m[1
m^[22m[39m[31m[1m^[
22m[39m[31m[1m^[22m
[39m[31m[1m^[22m[39m
[31m[1m^[22m[39m[31
m[1m^[22m[39m[31m[1
m^[22m[39m[31m[1m^[
22m[39m[31m[1m^[22m
[39m[31m[1m^[22m[39m
[31m[1m^[22m[39m[31
m[1m^[22m[39m[31m[1
m^[22m[39m[31m[1m^[
22m[39m
 [90m 5 |[39m 
[36mimport[39m { 
[33mInput[39m } 
[36mfrom[39m [32m"@/c
omponents/ui/input"[39m
[33m;[39m
 [90m 6 |[39m 
[36mimport[39m { 
useLocale[33m,[39m 
useTranslations } 
[36mfrom[39m [32m"nex
t-intl"[39m[33m;[39m
 [90m 7 |[39m 
[36mimport[39m { [33m
FaLocationArrow[39m[33
m,[39m 
[33mFaPlus[39m } 
[36mfrom[39m [32m"rea
ct-icons/fa"[39m[33m;
[39m[0m



https://nextjs.org/docs/
messages/module-not-foun
d


./src/app/[locale]/deals
/page.jsx:4:1
Module not found: Can't 
resolve 
'@/components/ui/tabs'
[0m [90m 2 |[39m 
[36mimport[39m [33mCu
stomBreadcrumbs[39m 
[36mfrom[39m [32m"@/c
omponents/shared/custom-
breadcrumbs"[39m[33m;
[39m
 [90m 3 |[39m 
[36mimport[39m [33mRe
act[39m[33m,[39m { 
useEffect[33m,[39m 
useState } 
[36mfrom[39m [32m"rea
ct"[39m[33m;[39m
[31m[1m>[22m[39m[90
m 4 |[39m 
[36mimport[39m { [33m
Tabs[39m[33m,[39m [3
3mTabsContent[39m[33m,
[39m [33mTabsList[39m
[33m,[39m 
[33mTabsTrigger[39m } 
[36mfrom[39m [32m"@/c
omponents/ui/tabs"[39m
[33m;[39m
 [90m   |[39m [31m[1
m^[22m[39m[31m[1m^[
22m[39m[31m[1m^[22m
[39m[31m[1m^[22m[39m
[31m[1m^[22m[39m[31
m[1m^[22m[39m[31m[1
m^[22m[39m[31m[1m^[
22m[39m[31m[1m^[22m
[39m[31m[1m^[22m[39m
[31m[1m^[22m[39m[31
m[1m^[22m[39m[31m[1
m^[22m[39m[31m[1m^[
22m[39m[31m[1m^[22m
[39m[31m[1m^[22m[39m
[31m[1m^[22m[39m[31
m[1m^[22m[39m[31m[1
m^[22m[39m[31m[1m^[
22m[39m[31m[1m^[22m
[39m[31m[1m^[22m[39m
[31m[1m^[22m[39m[31
m[1m^[22m[39m[31m[1
m^[22m[39m[31m[1m^[
22m[39m[31m[1m^[22m
[39m[31m[1m^[22m[39m
[31m[1m^[22m[39m[31
m[1m^[22m[39m[31m[1
m^[22m[39m[31m[1m^[
22m[39m[31m[1m^[22m
[39m[31m[1m^[22m[39m
[31m[1m^[22m[39m[31
m[1m^[22m[39m[31m[1
m^[22m[39m[31m[1m^[
22m[39m[31m[1m^[22m
[39m[31m[1m^[22m[39m
[31m[1m^[22m[39m[31
m[1m^[22m[39m[31m[1
m^[22m[39m[31m[1m^[
22m[39m[31m[1m^[22m
[39m[31m[1m^[22m[39m
[31m[1m^[22m[39m[31
m[1m^[22m[39m[31m[1
m^[22m[39m[31m[1m^[
22m[39m[31m[1m^[22m
[39m[31m[1m^[22m[39m
[31m[1m^[22m[39m[31
m[1m^[22m[39m[31m[1
m^[22m[39m[31m[1m^[
22m[39m[31m[1m^[22m
[39m[31m[1m^[22m[39m
[31m[1m^[22m[39m[31
m[1m^[22m[39m[31m[1
m^[22m[39m[31m[1m^[
22m[39m[31m[1m^[22m
[39m[31m[1m^[22m[39m
[31m[1m^[22m[39m[31
m[1m^[22m[39m[31m[1
m^[22m[39m[31m[1m^[
22m[39m[31m[1m^[22m
[39m[31m[1m^[22m[39m
[31m[1m^[22m[39m[31
m[1m^[22m[39m[31m[1
m^[22m[39m[31m[1m^[
22m[39m[31m[1m^[22m
[39m[31m[1m^[22m[39m
[31m[1m^[22m[39m[31
m[1m^[22m[39m[31m[1
m^[22m[39m[31m[1m^[
22m[39m
 [90m 5 |[39m 
[36mimport[39m { 
[33mInput[39m } 
[36mfrom[39m [32m"@/c
omponents/ui/input"[39m
[33m;[39m
 [90m 6 |[39m 
[36mimport[39m { 
useLocale[33m,[39m 
useTranslations } 
[36mfrom[39m [32m"nex
t-intl"[39m[33m;[39m
 [90m 7 |[39m 
[36mimport[39m { [33m
FaLocationArrow[39m[33
m,[39m 
[33mFaPlus[39m } 
[36mfrom[39m [32m"rea
ct-icons/fa"[39m[33m;
[39m[0m



https://nextjs.org/docs/
messages/module-not-foun
d


./src/app/[locale]/deals
/page.jsx:4:1
Module not found: Can't 
resolve 
'@/components/ui/tabs'
[0m [90m 2 |[39m 
[36mimport[39m [33mCu
stomBreadcrumbs[39m 
[36mfrom[39m [32m"@/c
omponents/shared/custom-
breadcrumbs"[39m[33m;
[39m
 [90m 3 |[39m 
[36mimport[39m [33mRe
act[39m[33m,[39m { 
useEffect[33m,[39m 
useState } 
[36mfrom[39m [32m"rea
ct"[39m[33m;[39m
[31m[1m>[22m[39m[90
m 4 |[39m 
[36mimport[39m { [33m
Tabs[39m[33m,[39m [3
3mTabsContent[39m[33m,
[39m [33mTabsList[39m
[33m,[39m 
[33mTabsTrigger[39m } 
[36mfrom[39m [32m"@/c
omponents/ui/tabs"[39m
[33m;[39m
 [90m   |[39m [31m[1
m^[22m[39m[31m[1m^[
22m[39m[31m[1m^[22m
[39m[31m[1m^[22m[39m
[31m[1m^[22m[39m[31
m[1m^[22m[39m[31m[1
m^[22m[39m[31m[1m^[
22m[39m[31m[1m^[22m
[39m[31m[1m^[22m[39m
[31m[1m^[22m[39m[31
m[1m^[22m[39m[31m[1
m^[22m[39m[31m[1m^[
22m[39m[31m[1m^[22m
[39m[31m[1m^[22m[39m
[31m[1m^[22m[39m[31
m[1m^[22m[39m[31m[1
m^[22m[39m[31m[1m^[
22m[39m[31m[1m^[22m
[39m[31m[1m^[22m[39m
[31m[1m^[22m[39m[31
m[1m^[22m[39m[31m[1
m^[22m[39m[31m[1m^[
22m[39m[31m[1m^[22m
[39m[31m[1m^[22m[39m
[31m[1m^[22m[39m[31
m[1m^[22m[39m[31m[1
m^[22m[39m[31m[1m^[
22m[39m[31m[1m^[22m
[39m[31m[1m^[22m[39m
[31m[1m^[22m[39m[31
m[1m^[22m[39m[31m[1
m^[22m[39m[31m[1m^[
22m[39m[31m[1m^[22m
[39m[31m[1m^[22m[39m
[31m[1m^[22m[39m[31
m[1m^[22m[39m[31m[1
m^[22m[39m[31m[1m^[
22m[39m[31m[1m^[22m
[39m[31m[1m^[22m[39m
[31m[1m^[22m[39m[31
m[1m^[22m[39m[31m[1
m^[22m[39m[31m[1m^[
22m[39m[31m[1m^[22m
[39m[31m[1m^[22m[39m
[31m[1m^[22m[39m[31
m[1m^[22m[39m[31m[1
m^[22m[39m[31m[1m^[
22m[39m[31m[1m^[22m
[39m[31m[1m^[22m[39m
[31m[1m^[22m[39m[31
m[1m^[22m[39m[31m[1
m^[22m[39m[31m[1m^[
22m[39m[31m[1m^[22m
[39m[31m[1m^[22m[39m
[31m[1m^[22m[39m[31
m[1m^[22m[39m[31m[1
m^[22m[39m[31m[1m^[
22m[39m[31m[1m^[22m
[39m[31m[1m^[22m[39m
[31m[1m^[22m[39m[31
m[1m^[22m[39m[31m[1
m^[22m[39m[31m[1m^[
22m[39m[31m[1m^[22m
[39m[31m[1m^[22m[39m
[31m[1m^[22m[39m[31
m[1m^[22m[39m[31m[1
m^[22m[39m[31m[1m^[
22m[39m
 [90m 5 |[39m 
[36mimport[39m { 
[33mInput[39m } 
[36mfrom[39m [32m"@/c
omponents/ui/input"[39m
[33m;[39m
 [90m 6 |[39m 
[36mimport[39m { 
useLocale[33m,[39m 
useTranslations } 
[36mfrom[39m [32m"nex
t-intl"[39m[33m;[39m
 [90m 7 |[39m 
[36mimport[39m { [33m
FaLocationArrow[39m[33
m,[39m 
[33mFaPlus[39m } 
[36mfrom[39m [32m"rea
ct-icons/fa"[39m[33m;
[39m[0m



https://nextjs.org/docs/
messages/module-not-foun
d


./src/app/[locale]/layou
t.jsx:11:1
Module not found: Can't 
resolve 
'@/context/user-context'
[0m [90m  9 |[39m 
[36mimport[39m [33mFl
oatingSocials[39m 
[36mfrom[39m [32m"@/c
omponents/shared/Floatin
gSocials"[39m[33m;[39
m
 [90m 10 |[39m 
[36mimport[39m { 
[33mToaster[39m } 
[36mfrom[39m [32m"son
ner"[39m[33m;[39m
[31m[1m>[22m[39m[90
m 11 |[39m 
[36mimport[39m [33mUs
erContextProvider[39m 
[36mfrom[39m [32m"@/c
ontext/user-context"[39
m[33m;[39m
 [90m    |[39m [31m[
1m^[22m[39m[31m[1m^
[22m[39m[31m[1m^[22m
[39m[31m[1m^[22m[39
m[31m[1m^[22m[39m[3
1m[1m^[22m[39m[31m[
1m^[22m[39m[31m[1m^
[22m[39m[31m[1m^[22m
[39m[31m[1m^[22m[39
m[31m[1m^[22m[39m[3
1m[1m^[22m[39m[31m[
1m^[22m[39m[31m[1m^
[22m[39m[31m[1m^[22m
[39m[31m[1m^[22m[39
m[31m[1m^[22m[39m[3
1m[1m^[22m[39m[31m[
1m^[22m[39m[31m[1m^
[22m[39m[31m[1m^[22m
[39m[31m[1m^[22m[39
m[31m[1m^[22m[39m[3
1m[1m^[22m[39m[31m[
1m^[22m[39m[31m[1m^
[22m[39m[31m[1m^[22m
[39m[31m[1m^[22m[39
m[31m[1m^[22m[39m[3
1m[1m^[22m[39m[31m[
1m^[22m[39m[31m[1m^
[22m[39m[31m[1m^[22m
[39m[31m[1m^[22m[39
m[31m[1m^[22m[39m[3
1m[1m^[22m[39m[31m[
1m^[22m[39m[31m[1m^
[22m[39m[31m[1m^[22m
[39m[31m[1m^[22m[39
m[31m[1m^[22m[39m[3
1m[1m^[22m[39m[31m[
1m^[22m[39m[31m[1m^
[22m[39m[31m[1m^[22m
[39m[31m[1m^[22m[39
m[31m[1m^[22m[39m[3
1m[1m^[22m[39m[31m[
1m^[22m[39m[31m[1m^
[22m[39m[31m[1m^[22m
[39m[31m[1m^[22m[39
m[31m[1m^[22m[39m[3
1m[1m^[22m[39m[31m[
1m^[22m[39m[31m[1m^
[22m[39m[31m[1m^[22m
[39m
 [90m 12 |[39m 
[36mimport[39m { 
getData } 
[36mfrom[39m [32m"@/l
ib/fetch-methods"[39m[
33m;[39m
 [90m 13 |[39m 
[36mimport[39m { 
getSettings } 
[36mfrom[39m [32m"@/l
ib/settings-actions"[39
m[33m;[39m
 [90m 14 |[39m[0m



https://nextjs.org/docs/
messages/module-not-foun
d


./src/app/[locale]/layou
t.jsx:11:1
Module not found: Can't 
resolve 
'@/context/user-context'
[0m [90m  9 |[39m 
[36mimport[39m [33mFl
oatingSocials[39m 
[36mfrom[39m [32m"@/c
omponents/shared/Floatin
gSocials"[39m[33m;[39
m
 [90m 10 |[39m 
[36mimport[39m { 
[33mToaster[39m } 
[36mfrom[39m [32m"son
ner"[39m[33m;[39m
[31m[1m>[22m[39m[90
m 11 |[39m 
[36mimport[39m [33mUs
erContextProvider[39m 
[36mfrom[39m [32m"@/c
ontext/user-context"[39
m[33m;[39m
 [90m    |[39m [31m[
1m^[22m[39m[31m[1m^
[22m[39m[31m[1m^[22m
[39m[31m[1m^[22m[39
m[31m[1m^[22m[39m[3
1m[1m^[22m[39m[31m[
1m^[22m[39m[31m[1m^
[22m[39m[31m[1m^[22m
[39m[31m[1m^[22m[39
m[31m[1m^[22m[39m[3
1m[1m^[22m[39m[31m[
1m^[22m[39m[31m[1m^
[22m[39m[31m[1m^[22m
[39m[31m[1m^[22m[39
m[31m[1m^[22m[39m[3
1m[1m^[22m[39m[31m[
1m^[22m[39m[31m[1m^
[22m[39m[31m[1m^[22m
[39m[31m[1m^[22m[39
m[31m[1m^[22m[39m[3
1m[1m^[22m[39m[31m[
1m^[22m[39m[31m[1m^
[22m[39m[31m[1m^[22m
[39m[31m[1m^[22m[39
m[31m[1m^[22m[39m[3
1m[1m^[22m[39m[31m[
1m^[22m[39m[31m[1m^
[22m[39m[31m[1m^[22m
[39m[31m[1m^[22m[39
m[31m[1m^[22m[39m[3
1m[1m^[22m[39m[31m[
1m^[22m[39m[31m[1m^
[22m[39m[31m[1m^[22m
[39m[31m[1m^[22m[39
m[31m[1m^[22m[39m[3
1m[1m^[22m[39m[31m[
1m^[22m[39m[31m[1m^
[22m[39m[31m[1m^[22m
[39m[31m[1m^[22m[39
m[31m[1m^[22m[39m[3
1m[1m^[22m[39m[31m[
1m^[22m[39m[31m[1m^
[22m[39m[31m[1m^[22m
[39m[31m[1m^[22m[39
m[31m[1m^[22m[39m[3
1m[1m^[22m[39m[31m[
1m^[22m[39m[31m[1m^
[22m[39m[31m[1m^[22m
[39m
 [90m 12 |[39m 
[36mimport[39m { 
getData } 
[36mfrom[39m [32m"@/l
ib/fetch-methods"[39m[
33m;[39m
 [90m 13 |[39m 
[36mimport[39m { 
getSettings } 
[36mfrom[39m [32m"@/l
ib/settings-actions"[39
m[33m;[39m
 [90m 14 |[39m[0m



https://nextjs.org/docs/
messages/module-not-foun
d


./src/app/[locale]/layou
t.jsx:3:1
Module not found: Can't 
resolve '@/i18n/routing'
[0m [90m 1 |[39m 
[36mimport[39m { [33m
NextIntlClientProvider[
39m[33m,[39m 
hasLocale } 
[36mfrom[39m [32m"nex
t-intl"[39m[33m;[39m
 [90m 2 |[39m 
[36mimport[39m { 
notFound } 
[36mfrom[39m [32m"nex
t/navigation"[39m[33m;
[39m
[31m[1m>[22m[39m[90
m 3 |[39m 
[36mimport[39m { 
routing } 
[36mfrom[39m [32m"@/i
18n/routing"[39m[33m;
[39m
 [90m   |[39m [31m[1
m^[22m[39m[31m[1m^[
22m[39m[31m[1m^[22m
[39m[31m[1m^[22m[39m
[31m[1m^[22m[39m[31
m[1m^[22m[39m[31m[1
m^[22m[39m[31m[1m^[
22m[39m[31m[1m^[22m
[39m[31m[1m^[22m[39m
[31m[1m^[22m[39m[31
m[1m^[22m[39m[31m[1
m^[22m[39m[31m[1m^[
22m[39m[31m[1m^[22m
[39m[31m[1m^[22m[39m
[31m[1m^[22m[39m[31
m[1m^[22m[39m[31m[1
m^[22m[39m[31m[1m^[
22m[39m[31m[1m^[22m
[39m[31m[1m^[22m[39m
[31m[1m^[22m[39m[31
m[1m^[22m[39m[31m[1
m^[22m[39m[31m[1m^[
22m[39m[31m[1m^[22m
[39m[31m[1m^[22m[39m
[31m[1m^[22m[39m[31
m[1m^[22m[39m[31m[1
m^[22m[39m[31m[1m^[
22m[39m[31m[1m^[22m
[39m[31m[1m^[22m[39m
[31m[1m^[22m[39m[31
m[1m^[22m[39m[31m[1
m^[22m[39m[31m[1m^[
22m[39m[31m[1m^[22m
[39m[31m[1m^[22m[39m
[31m[1m^[22m[39m
 [90m 4 |[39m 
[36mimport[39m [32m".
./globals.css"[39m[33m
;[39m
 [90m 5 |[39m 
[36mimport[39m { 
getMessages } 
[36mfrom[39m [32m"nex
t-intl/server"[39m[33m
;[39m
 [90m 6 |[39m 
[36mimport[39m { 
[33mAlexandria[39m } 
[36mfrom[39m [32m"nex
t/font/google"[39m[33m
;[39m[0m



https://nextjs.org/docs/
messages/module-not-foun
d


./src/app/[locale]/layou
t.jsx:3:1
Module not found: Can't 
resolve '@/i18n/routing'
[0m [90m 1 |[39m 
[36mimport[39m { [33m
NextIntlClientProvider[
39m[33m,[39m 
hasLocale } 
[36mfrom[39m [32m"nex
t-intl"[39m[33m;[39m
 [90m 2 |[39m 
[36mimport[39m { 
notFound } 
[36mfrom[39m [32m"nex
t/navigation"[39m[33m;
[39m
[31m[1m>[22m[39m[90
m 3 |[39m 
[36mimport[39m { 
routing } 
[36mfrom[39m [32m"@/i
18n/routing"[39m[33m;
[39m
 [90m   |[39m [31m[1
m^[22m[39m[31m[1m^[
22m[39m[31m[1m^[22m
[39m[31m[1m^[22m[39m
[31m[1m^[22m[39m[31
m[1m^[22m[39m[31m[1
m^[22m[39m[31m[1m^[
22m[39m[31m[1m^[22m
[39m[31m[1m^[22m[39m
[31m[1m^[22m[39m[31
m[1m^[22m[39m[31m[1
m^[22m[39m[31m[1m^[
22m[39m[31m[1m^[22m
[39m[31m[1m^[22m[39m
[31m[1m^[22m[39m[31
m[1m^[22m[39m[31m[1
m^[22m[39m[31m[1m^[
22m[39m[31m[1m^[22m
[39m[31m[1m^[22m[39m
[31m[1m^[22m[39m[31
m[1m^[22m[39m[31m[1
m^[22m[39m[31m[1m^[
22m[39m[31m[1m^[22m
[39m[31m[1m^[22m[39m
[31m[1m^[22m[39m[31
m[1m^[22m[39m[31m[1
m^[22m[39m[31m[1m^[
22m[39m[31m[1m^[22m
[39m[31m[1m^[22m[39m
[31m[1m^[22m[39m[31
m[1m^[22m[39m[31m[1
m^[22m[39m[31m[1m^[
22m[39m[31m[1m^[22m
[39m[31m[1m^[22m[39m
[31m[1m^[22m[39m
 [90m 4 |[39m 
[36mimport[39m [32m".
./globals.css"[39m[33m
;[39m
 [90m 5 |[39m 
[36mimport[39m { 
getMessages } 
[36mfrom[39m [32m"nex
t-intl/server"[39m[33m
;[39m
 [90m 6 |[39m 
[36mimport[39m { 
[33mAlexandria[39m } 
[36mfrom[39m [32m"nex
t/font/google"[39m[33m
;[39m[0m



https://nextjs.org/docs/
messages/module-not-foun
d


./src/app/[locale]/blogs
/[id]/page.jsx:5:1
Module not found: Can't 
resolve 
'@/lib/blog-actions'
[0m [90m 3 |[39m 
[36mimport[39m 
[33mImage[39m 
[36mfrom[39m [32m"nex
t/image"[39m[33m;[39m
 [90m 4 |[39m 
[36mimport[39m 
[33mReact[39m 
[36mfrom[39m [32m"rea
ct"[39m[33m;[39m
[31m[1m>[22m[39m[90
m 5 |[39m 
[36mimport[39m { 
getBlogById } 
[36mfrom[39m [32m"@/l
ib/blog-actions"[39m[3
3m;[39m
 [90m   |[39m [31m[1
m^[22m[39m[31m[1m^[
22m[39m[31m[1m^[22m
[39m[31m[1m^[22m[39m
[31m[1m^[22m[39m[31
m[1m^[22m[39m[31m[1
m^[22m[39m[31m[1m^[
22m[39m[31m[1m^[22m
[39m[31m[1m^[22m[39m
[31m[1m^[22m[39m[31
m[1m^[22m[39m[31m[1
m^[22m[39m[31m[1m^[
22m[39m[31m[1m^[22m
[39m[31m[1m^[22m[39m
[31m[1m^[22m[39m[31
m[1m^[22m[39m[31m[1
m^[22m[39m[31m[1m^[
22m[39m[31m[1m^[22m
[39m[31m[1m^[22m[39m
[31m[1m^[22m[39m[31
m[1m^[22m[39m[31m[1
m^[22m[39m[31m[1m^[
22m[39m[31m[1m^[22m
[39m[31m[1m^[22m[39m
[31m[1m^[22m[39m[31
m[1m^[22m[39m[31m[1
m^[22m[39m[31m[1m^[
22m[39m[31m[1m^[22m
[39m[31m[1m^[22m[39m
[31m[1m^[22m[39m[31
m[1m^[22m[39m[31m[1
m^[22m[39m[31m[1m^[
22m[39m[31m[1m^[22m
[39m[31m[1m^[22m[39m
[31m[1m^[22m[39m[31
m[1m^[22m[39m[31m[1
m^[22m[39m[31m[1m^[
22m[39m[31m[1m^[22m
[39m[31m[1m^[22m[39m
[31m[1m^[22m[39m[31
m[1m^[22m[39m[31m[1
m^[22m[39m
 [90m 6 |[39m 
[36mimport[39m { 
getTranslations } 
[36mfrom[39m [32m"nex
t-intl/server"[39m[33m
;[39m
 [90m 7 |[39m 
[36mimport[39m { 
notFound } 
[36mfrom[39m [32m"nex
t/navigation"[39m[33m;
[39m
 [90m 8 |[39m[0m



https://nextjs.org/docs/
messages/module-not-foun
d


./src/app/[locale]/blogs
/[id]/page.jsx:5:1
Module not found: Can't 
resolve 
'@/lib/blog-actions'
[0m [90m 3 |[39m 
[36mimport[39m 
[33mImage[39m 
[36mfrom[39m [32m"nex
t/image"[39m[33m;[39m
 [90m 4 |[39m 
[36mimport[39m 
[33mReact[39m 
[36mfrom[39m [32m"rea
ct"[39m[33m;[39m
[31m[1m>[22m[39m[90
m 5 |[39m 
[36mimport[39m { 
getBlogById } 
[36mfrom[39m [32m"@/l
ib/blog-actions"[39m[3
3m;[39m
 [90m   |[39m [31m[1
m^[22m[39m[31m[1m^[
22m[39m[31m[1m^[22m
[39m[31m[1m^[22m[39m
[31m[1m^[22m[39m[31
m[1m^[22m[39m[31m[1
m^[22m[39m[31m[1m^[
22m[39m[31m[1m^[22m
[39m[31m[1m^[22m[39m
[31m[1m^[22m[39m[31
m[1m^[22m[39m[31m[1
m^[22m[39m[31m[1m^[
22m[39m[31m[1m^[22m
[39m[31m[1m^[22m[39m
[31m[1m^[22m[39m[31
m[1m^[22m[39m[31m[1
m^[22m[39m[31m[1m^[
22m[39m[31m[1m^[22m
[39m[31m[1m^[22m[39m
[31m[1m^[22m[39m[31
m[1m^[22m[39m[31m[1
m^[22m[39m[31m[1m^[
22m[39m[31m[1m^[22m
[39m[31m[1m^[22m[39m
[31m[1m^[22m[39m[31
m[1m^[22m[39m[31m[1
m^[22m[39m[31m[1m^[
22m[39m[31m[1m^[22m
[39m[31m[1m^[22m[39m
[31m[1m^[22m[39m[31
m[1m^[22m[39m[31m[1
m^[22m[39m[31m[1m^[
22m[39m[31m[1m^[22m
[39m[31m[1m^[22m[39m
[31m[1m^[22m[39m[31
m[1m^[22m[39m[31m[1
m^[22m[39m[31m[1m^[
22m[39m[31m[1m^[22m
[39m[31m[1m^[22m[39m
[31m[1m^[22m[39m[31
m[1m^[22m[39m[31m[1
m^[22m[39m
 [90m 6 |[39m 
[36mimport[39m { 
getTranslations } 
[36mfrom[39m [32m"nex
t-intl/server"[39m[33m
;[39m
 [90m 7 |[39m 
[36mimport[39m { 
notFound } 
[36mfrom[39m [32m"nex
t/navigation"[39m[33m;
[39m
 [90m 8 |[39m[0m



https://nextjs.org/docs/
messages/module-not-foun
d


./src/app/[locale]/blogs
/page.jsx:5:1
Module not found: Can't 
resolve 
'@/lib/blog-actions'
[0m [90m 3 |[39m 
[36mimport[39m 
[33mBlogCard[39m 
[36mfrom[39m [32m"@/c
omponents/shared/blog-ca
rd"[39m[33m;[39m
 [90m 4 |[39m 
[36mimport[39m { 
getTranslations } 
[36mfrom[39m [32m"nex
t-intl/server"[39m[33m
;[39m
[31m[1m>[22m[39m[90
m 5 |[39m 
[36mimport[39m { 
getBlogs } 
[36mfrom[39m [32m"@/l
ib/blog-actions"[39m[3
3m;[39m
 [90m   |[39m [31m[1
m^[22m[39m[31m[1m^[
22m[39m[31m[1m^[22m
[39m[31m[1m^[22m[39m
[31m[1m^[22m[39m[31
m[1m^[22m[39m[31m[1
m^[22m[39m[31m[1m^[
22m[39m[31m[1m^[22m
[39m[31m[1m^[22m[39m
[31m[1m^[22m[39m[31
m[1m^[22m[39m[31m[1
m^[22m[39m[31m[1m^[
22m[39m[31m[1m^[22m
[39m[31m[1m^[22m[39m
[31m[1m^[22m[39m[31
m[1m^[22m[39m[31m[1
m^[22m[39m[31m[1m^[
22m[39m[31m[1m^[22m
[39m[31m[1m^[22m[39m
[31m[1m^[22m[39m[31
m[1m^[22m[39m[31m[1
m^[22m[39m[31m[1m^[
22m[39m[31m[1m^[22m
[39m[31m[1m^[22m[39m
[31m[1m^[22m[39m[31
m[1m^[22m[39m[31m[1
m^[22m[39m[31m[1m^[
22m[39m[31m[1m^[22m
[39m[31m[1m^[22m[39m
[31m[1m^[22m[39m[31
m[1m^[22m[39m[31m[1
m^[22m[39m[31m[1m^[
22m[39m[31m[1m^[22m
[39m[31m[1m^[22m[39m
[31m[1m^[22m[39m[31
m[1m^[22m[39m[31m[1
m^[22m[39m[31m[1m^[
22m[39m[31m[1m^[22m
[39m[31m[1m^[22m[39m
 [90m 6 |[39m 
[36mimport[39m { [33m
AnimatedSection[39m } 
[36mfrom[39m [32m"@/c
omponents/motion/animate
d-section"[39m[33m;[3
9m
 [90m 7 |[39m 
[36mimport[39m { 
[33mAnimatedItem[39m 
} [36mfrom[39m [32m"@
/components/motion/anima
ted-section"[39m[33m;
[39m
 [90m 8 |[39m[0m



https://nextjs.org/docs/
messages/module-not-foun
d


./src/app/[locale]/blogs
/page.jsx:5:1
Module not found: Can't 
resolve 
'@/lib/blog-actions'
[0m [90m 3 |[39m 
[36mimport[39m 
[33mBlogCard[39m 
[36mfrom[39m [32m"@/c
omponents/shared/blog-ca
rd"[39m[33m;[39m
 [90m 4 |[39m 
[36mimport[39m { 
getTranslations } 
[36mfrom[39m [32m"nex
t-intl/server"[39m[33m
;[39m
[31m[1m>[22m[39m[90
m 5 |[39m 
[36mimport[39m { 
getBlogs } 
[36mfrom[39m [32m"@/l
ib/blog-actions"[39m[3
3m;[39m
 [90m   |[39m [31m[1
m^[22m[39m[31m[1m^[
22m[39m[31m[1m^[22m
[39m[31m[1m^[22m[39m
[31m[1m^[22m[39m[31
m[1m^[22m[39m[31m[1
m^[22m[39m[31m[1m^[
22m[39m[31m[1m^[22m
[39m[31m[1m^[22m[39m
[31m[1m^[22m[39m[31
m[1m^[22m[39m[31m[1
m^[22m[39m[31m[1m^[
22m[39m[31m[1m^[22m
[39m[31m[1m^[22m[39m
[31m[1m^[22m[39m[31
m[1m^[22m[39m[31m[1
m^[22m[39m[31m[1m^[
22m[39m[31m[1m^[22m
[39m[31m[1m^[22m[39m
[31m[1m^[22m[39m[31
m[1m^[22m[39m[31m[1
m^[22m[39m[31m[1m^[
22m[39m[31m[1m^[22m
[39m[31m[1m^[22m[39m
[31m[1m^[22m[39m[31
m[1m^[22m[39m[31m[1
m^[22m[39m[31m[1m^[
22m[39m[31m[1m^[22m
[39m[31m[1m^[22m[39m
[31m[1m^[22m[39m[31
m[1m^[22m[39m[31m[1
m^[22m[39m[31m[1m^[
22m[39m[31m[1m^[22m
[39m[31m[1m^[22m[39m
[31m[1m^[22m[39m[31
m[1m^[22m[39m[31m[1
m^[22m[39m[31m[1m^[
22m[39m[31m[1m^[22m
[39m[31m[1m^[22m[39m
 [90m 6 |[39m 
[36mimport[39m { [33m
AnimatedSection[39m } 
[36mfrom[39m [32m"@/c
omponents/motion/animate
d-section"[39m[33m;[3
9m
 [90m 7 |[39m 
[36mimport[39m { 
[33mAnimatedItem[39m 
} [36mfrom[39m [32m"@
/components/motion/anima
ted-section"[39m[33m;
[39m
 [90m 8 |[39m[0m



https://nextjs.org/docs/
messages/module-not-foun
d


./src/app/[locale]/about
-us/page.jsx:2:1
Module not found: Can't 
resolve 
'@/lib/fetch-methods'
[0m [90m 1 |[39m 
[36mimport[39m [33mCu
stomBreadcrumbs[39m 
[36mfrom[39m [32m"@/c
omponents/shared/custom-
breadcrumbs"[39m[33m;
[39m
[31m[1m>[22m[39m[90
m 2 |[39m 
[36mimport[39m { 
getData } 
[36mfrom[39m [32m"@/l
ib/fetch-methods"[39m[
33m;[39m
 [90m   |[39m [31m[1
m^[22m[39m[31m[1m^[
22m[39m[31m[1m^[22m
[39m[31m[1m^[22m[39m
[31m[1m^[22m[39m[31
m[1m^[22m[39m[31m[1
m^[22m[39m[31m[1m^[
22m[39m[31m[1m^[22m
[39m[31m[1m^[22m[39m
[31m[1m^[22m[39m[31
m[1m^[22m[39m[31m[1
m^[22m[39m[31m[1m^[
22m[39m[31m[1m^[22m
[39m[31m[1m^[22m[39m
[31m[1m^[22m[39m[31
m[1m^[22m[39m[31m[1
m^[22m[39m[31m[1m^[
22m[39m[31m[1m^[22m
[39m[31m[1m^[22m[39m
[31m[1m^[22m[39m[31
m[1m^[22m[39m[31m[1
m^[22m[39m[31m[1m^[
22m[39m[31m[1m^[22m
[39m[31m[1m^[22m[39m
[31m[1m^[22m[39m[31
m[1m^[22m[39m[31m[1
m^[22m[39m[31m[1m^[
22m[39m[31m[1m^[22m
[39m[31m[1m^[22m[39m
[31m[1m^[22m[39m[31
m[1m^[22m[39m[31m[1
m^[22m[39m[31m[1m^[
22m[39m[31m[1m^[22m
[39m[31m[1m^[22m[39m
[31m[1m^[22m[39m[31
m[1m^[22m[39m[31m[1
m^[22m[39m[31m[1m^[
22m[39m[31m[1m^[22m
[39m[31m[1m^[22m[39m
 [90m 3 |[39m 
[36mimport[39m 
[33mImage[39m 
[36mfrom[39m [32m"nex
t/image"[39m[33m;[39m
 [90m 4 |[39m 
[36mimport[39m 
[33mReact[39m 
[36mfrom[39m [32m"rea
ct"[39m[33m;[39m
 [90m 5 |[39m 
[36mimport[39m { 
getTranslations } 
[36mfrom[39m [32m"nex
t-intl/server"[39m[33m
;[39m[0m



https://nextjs.org/docs/
messages/module-not-foun
d


./src/app/[locale]/about
-us/page.jsx:2:1
Module not found: Can't 
resolve 
'@/lib/fetch-methods'
[0m [90m 1 |[39m 
[36mimport[39m [33mCu
stomBreadcrumbs[39m 
[36mfrom[39m [32m"@/c
omponents/shared/custom-
breadcrumbs"[39m[33m;
[39m
[31m[1m>[22m[39m[90
m 2 |[39m 
[36mimport[39m { 
getData } 
[36mfrom[39m [32m"@/l
ib/fetch-methods"[39m[
33m;[39m
 [90m   |[39m [31m[1
m^[22m[39m[31m[1m^[
22m[39m[31m[1m^[22m
[39m[31m[1m^[22m[39m
[31m[1m^[22m[39m[31
m[1m^[22m[39m[31m[1
m^[22m[39m[31m[1m^[
22m[39m[31m[1m^[22m
[39m[31m[1m^[22m[39m
[31m[1m^[22m[39m[31
m[1m^[22m[39m[31m[1
m^[22m[39m[31m[1m^[
22m[39m[31m[1m^[22m
[39m[31m[1m^[22m[39m
[31m[1m^[22m[39m[31
m[1m^[22m[39m[31m[1
m^[22m[39m[31m[1m^[
22m[39m[31m[1m^[22m
[39m[31m[1m^[22m[39m
[31m[1m^[22m[39m[31
m[1m^[22m[39m[31m[1
m^[22m[39m[31m[1m^[
22m[39m[31m[1m^[22m
[39m[31m[1m^[22m[39m
[31m[1m^[22m[39m[31
m[1m^[22m[39m[31m[1
m^[22m[39m[31m[1m^[
22m[39m[31m[1m^[22m
[39m[31m[1m^[22m[39m
[31m[1m^[22m[39m[31
m[1m^[22m[39m[31m[1
m^[22m[39m[31m[1m^[
22m[39m[31m[1m^[22m
[39m[31m[1m^[22m[39m
[31m[1m^[22m[39m[31
m[1m^[22m[39m[31m[1
m^[22m[39m[31m[1m^[
22m[39m[31m[1m^[22m
[39m[31m[1m^[22m[39m
 [90m 3 |[39m 
[36mimport[39m 
[33mImage[39m 
[36mfrom[39m [32m"nex
t/image"[39m[33m;[39m
 [90m 4 |[39m 
[36mimport[39m 
[33mReact[39m 
[36mfrom[39m [32m"rea
ct"[39m[33m;[39m
 [90m 5 |[39m 
[36mimport[39m { 
getTranslations } 
[36mfrom[39m [32m"nex
t-intl/server"[39m[33m
;[39m[0m



https://nextjs.org/docs/
messages/module-not-foun
d


./src/app/[locale]/deals
/[id]/page.jsx:23:1
Module not found: Can't 
resolve 
'@/lib/fetch-methods'
[0m [90m 21 |[39m } 
[36mfrom[39m [32m"rec
harts"[39m[33m;[39m
 [90m 22 |[39m 
[36mimport[39m { 
useEffect[33m,[39m 
useState } 
[36mfrom[39m [32m"rea
ct"[39m[33m;[39m
[31m[1m>[22m[39m[90
m 23 |[39m 
[36mimport[39m { 
getData } 
[36mfrom[39m [32m"@/l
ib/fetch-methods"[39m[
33m;[39m
 [90m    |[39m [31m[
1m^[22m[39m[31m[1m^
[22m[39m[31m[1m^[22m
[39m[31m[1m^[22m[39
m[31m[1m^[22m[39m[3
1m[1m^[22m[39m[31m[
1m^[22m[39m[31m[1m^
[22m[39m[31m[1m^[22m
[39m[31m[1m^[22m[39
m[31m[1m^[22m[39m[3
1m[1m^[22m[39m[31m[
1m^[22m[39m[31m[1m^
[22m[39m[31m[1m^[22m
[39m[31m[1m^[22m[39
m[31m[1m^[22m[39m[3
1m[1m^[22m[39m[31m[
1m^[22m[39m[31m[1m^
[22m[39m[31m[1m^[22m
[39m[31m[1m^[22m[39
m[31m[1m^[22m[39m[3
1m[1m^[22m[39m[31m[
1m^[22m[39m[31m[1m^
[22m[39m[31m[1m^[22m
[39m[31m[1m^[22m[39
m[31m[1m^[22m[39m[3
1m[1m^[22m[39m[31m[
1m^[22m[39m[31m[1m^
[22m[39m[31m[1m^[22m
[39m[31m[1m^[22m[39
m[31m[1m^[22m[39m[3
1m[1m^[22m[39m[31m[
1m^[22m[39m[31m[1m^
[22m[39m[31m[1m^[22m
[39m[31m[1m^[22m[39
m[31m[1m^[22m[39m[3
1m[1m^[22m[39m[31m[
1m^[22m[39m[31m[1m^
[22m[39m[31m[1m^[22m
[39m[31m[1m^[22m[39
m
 [90m 24 |[39m 
[36mimport[39m { 
toast } [36mfrom[39m 
[32m"sonner"[39m[33m;
[39m
 [90m 25 |[39m 
[36mimport[39m { 
useParams } 
[36mfrom[39m [32m"nex
t/navigation"[39m[33m;
[39m
 [90m 26 |[39m[0m



https://nextjs.org/docs/
messages/module-not-foun
d


./src/app/[locale]/deals
/[id]/page.jsx:23:1
Module not found: Can't 
resolve 
'@/lib/fetch-methods'
[0m [90m 21 |[39m } 
[36mfrom[39m [32m"rec
harts"[39m[33m;[39m
 [90m 22 |[39m 
[36mimport[39m { 
useEffect[33m,[39m 
useState } 
[36mfrom[39m [32m"rea
ct"[39m[33m;[39m
[31m[1m>[22m[39m[90
m 23 |[39m 
[36mimport[39m { 
getData } 
[36mfrom[39m [32m"@/l
ib/fetch-methods"[39m[
33m;[39m
 [90m    |[39m [31m[
1m^[22m[39m[31m[1m^
[22m[39m[31m[1m^[22m
[39m[31m[1m^[22m[39
m[31m[1m^[22m[39m[3
1m[1m^[22m[39m[31m[
1m^[22m[39m[31m[1m^
[22m[39m[31m[1m^[22m
[39m[31m[1m^[22m[39
m[31m[1m^[22m[39m[3
1m[1m^[22m[39m[31m[
1m^[22m[39m[31m[1m^
[22m[39m[31m[1m^[22m
[39m[31m[1m^[22m[39
m[31m[1m^[22m[39m[3
1m[1m^[22m[39m[31m[
1m^[22m[39m[31m[1m^
[22m[39m[31m[1m^[22m
[39m[31m[1m^[22m[39
m[31m[1m^[22m[39m[3
1m[1m^[22m[39m[31m[
1m^[22m[39m[31m[1m^
[22m[39m[31m[1m^[22m
[39m[31m[1m^[22m[39
m[31m[1m^[22m[39m[3
1m[1m^[22m[39m[31m[
1m^[22m[39m[31m[1m^
[22m[39m[31m[1m^[22m
[39m[31m[1m^[22m[39
m[31m[1m^[22m[39m[3
1m[1m^[22m[39m[31m[
1m^[22m[39m[31m[1m^
[22m[39m[31m[1m^[22m
[39m[31m[1m^[22m[39
m[31m[1m^[22m[39m[3
1m[1m^[22m[39m[31m[
1m^[22m[39m[31m[1m^
[22m[39m[31m[1m^[22m
[39m[31m[1m^[22m[39
m
 [90m 24 |[39m 
[36mimport[39m { 
toast } [36mfrom[39m 
[32m"sonner"[39m[33m;
[39m
 [90m 25 |[39m 
[36mimport[39m { 
useParams } 
[36mfrom[39m [32m"nex
t/navigation"[39m[33m;
[39m
 [90m 26 |[39m[0m



https://nextjs.org/docs/
messages/module-not-foun
d


./src/app/[locale]/deals
/[id]/page.jsx:23:1
Module not found: Can't 
resolve 
'@/lib/fetch-methods'
[0m [90m 21 |[39m } 
[36mfrom[39m [32m"rec
harts"[39m[33m;[39m
 [90m 22 |[39m 
[36mimport[39m { 
useEffect[33m,[39m 
useState } 
[36mfrom[39m [32m"rea
ct"[39m[33m;[39m
[31m[1m>[22m[39m[90
m 23 |[39m 
[36mimport[39m { 
getData } 
[36mfrom[39m [32m"@/l
ib/fetch-methods"[39m[
33m;[39m
 [90m    |[39m [31m[
1m^[22m[39m[31m[1m^
[22m[39m[31m[1m^[22m
[39m[31m[1m^[22m[39
m[31m[1m^[22m[39m[3
1m[1m^[22m[39m[31m[
1m^[22m[39m[31m[1m^
[22m[39m[31m[1m^[22m
[39m[31m[1m^[22m[39
m[31m[1m^[22m[39m[3
1m[1m^[22m[39m[31m[
1m^[22m[39m[31m[1m^
[22m[39m[31m[1m^[22m
[39m[31m[1m^[22m[39
m[31m[1m^[22m[39m[3
1m[1m^[22m[39m[31m[
1m^[22m[39m[31m[1m^
[22m[39m[31m[1m^[22m
[39m[31m[1m^[22m[39
m[31m[1m^[22m[39m[3
1m[1m^[22m[39m[31m[
1m^[22m[39m[31m[1m^
[22m[39m[31m[1m^[22m
[39m[31m[1m^[22m[39
m[31m[1m^[22m[39m[3
1m[1m^[22m[39m[31m[
1m^[22m[39m[31m[1m^
[22m[39m[31m[1m^[22m
[39m[31m[1m^[22m[39
m[31m[1m^[22m[39m[3
1m[1m^[22m[39m[31m[
1m^[22m[39m[31m[1m^
[22m[39m[31m[1m^[22m
[39m[31m[1m^[22m[39
m[31m[1m^[22m[39m[3
1m[1m^[22m[39m[31m[
1m^[22m[39m[31m[1m^
[22m[39m[31m[1m^[22m
[39m[31m[1m^[22m[39
m
 [90m 24 |[39m 
[36mimport[39m { 
toast } [36mfrom[39m 
[32m"sonner"[39m[33m;
[39m
 [90m 25 |[39m 
[36mimport[39m { 
useParams } 
[36mfrom[39m [32m"nex
t/navigation"[39m[33m;
[39m
 [90m 26 |[39m[0m



https://nextjs.org/docs/
messages/module-not-foun
d


./src/app/[locale]/deals
/[id]/page.jsx:23:1
Module not found: Can't 
resolve 
'@/lib/fetch-methods'
[0m [90m 21 |[39m } 
[36mfrom[39m [32m"rec
harts"[39m[33m;[39m
 [90m 22 |[39m 
[36mimport[39m { 
useEffect[33m,[39m 
useState } 
[36mfrom[39m [32m"rea
ct"[39m[33m;[39m
[31m[1m>[22m[39m[90
m 23 |[39m 
[36mimport[39m { 
getData } 
[36mfrom[39m [32m"@/l
ib/fetch-methods"[39m[
33m;[39m
 [90m    |[39m [31m[
1m^[22m[39m[31m[1m^
[22m[39m[31m[1m^[22m
[39m[31m[1m^[22m[39
m[31m[1m^[22m[39m[3
1m[1m^[22m[39m[31m[
1m^[22m[39m[31m[1m^
[22m[39m[31m[1m^[22m
[39m[31m[1m^[22m[39
m[31m[1m^[22m[39m[3
1m[1m^[22m[39m[31m[
1m^[22m[39m[31m[1m^
[22m[39m[31m[1m^[22m
[39m[31m[1m^[22m[39
m[31m[1m^[22m[39m[3
1m[1m^[22m[39m[31m[
1m^[22m[39m[31m[1m^
[22m[39m[31m[1m^[22m
[39m[31m[1m^[22m[39
m[31m[1m^[22m[39m[3
1m[1m^[22m[39m[31m[
1m^[22m[39m[31m[1m^
[22m[39m[31m[1m^[22m
[39m[31m[1m^[22m[39
m[31m[1m^[22m[39m[3
1m[1m^[22m[39m[31m[
1m^[22m[39m[31m[1m^
[22m[39m[31m[1m^[22m
[39m[31m[1m^[22m[39
m[31m[1m^[22m[39m[3
1m[1m^[22m[39m[31m[
1m^[22m[39m[31m[1m^
[22m[39m[31m[1m^[22m
[39m[31m[1m^[22m[39
m[31m[1m^[22m[39m[3
1m[1m^[22m[39m[31m[
1m^[22m[39m[31m[1m^
[22m[39m[31m[1m^[22m
[39m[31m[1m^[22m[39
m
 [90m 24 |[39m 
[36mimport[39m { 
toast } [36mfrom[39m 
[32m"sonner"[39m[33m;
[39m
 [90m 25 |[39m 
[36mimport[39m { 
useParams } 
[36mfrom[39m [32m"nex
t/navigation"[39m[33m;
[39m
 [90m 26 |[39m[0m



https://nextjs.org/docs/
messages/module-not-foun
d


./src/app/[locale]/layou
t.jsx:12:1
Module not found: Can't 
resolve 
'@/lib/fetch-methods'
[0m [90m 10 |[39m 
[36mimport[39m { 
[33mToaster[39m } 
[36mfrom[39m [32m"son
ner"[39m[33m;[39m
 [90m 11 |[39m 
[36mimport[39m [33mUs
erContextProvider[39m 
[36mfrom[39m [32m"@/c
ontext/user-context"[39
m[33m;[39m
[31m[1m>[22m[39m[90
m 12 |[39m 
[36mimport[39m { 
getData } 
[36mfrom[39m [32m"@/l
ib/fetch-methods"[39m[
33m;[39m
 [90m    |[39m [31m[
1m^[22m[39m[31m[1m^
[22m[39m[31m[1m^[22m
[39m[31m[1m^[22m[39
m[31m[1m^[22m[39m[3
1m[1m^[22m[39m[31m[
1m^[22m[39m[31m[1m^
[22m[39m[31m[1m^[22m
[39m[31m[1m^[22m[39
m[31m[1m^[22m[39m[3
1m[1m^[22m[39m[31m[
1m^[22m[39m[31m[1m^
[22m[39m[31m[1m^[22m
[39m[31m[1m^[22m[39
m[31m[1m^[22m[39m[3
1m[1m^[22m[39m[31m[
1m^[22m[39m[31m[1m^
[22m[39m[31m[1m^[22m
[39m[31m[1m^[22m[39
m[31m[1m^[22m[39m[3
1m[1m^[22m[39m[31m[
1m^[22m[39m[31m[1m^
[22m[39m[31m[1m^[22m
[39m[31m[1m^[22m[39
m[31m[1m^[22m[39m[3
1m[1m^[22m[39m[31m[
1m^[22m[39m[31m[1m^
[22m[39m[31m[1m^[22m
[39m[31m[1m^[22m[39
m[31m[1m^[22m[39m[3
1m[1m^[22m[39m[31m[
1m^[22m[39m[31m[1m^
[22m[39m[31m[1m^[22m
[39m[31m[1m^[22m[39
m[31m[1m^[22m[39m[3
1m[1m^[22m[39m[31m[
1m^[22m[39m[31m[1m^
[22m[39m[31m[1m^[22m
[39m[31m[1m^[22m[39
m
 [90m 13 |[39m 
[36mimport[39m { 
getSettings } 
[36mfrom[39m [32m"@/l
ib/settings-actions"[39
m[33m;[39m
 [90m 14 |[39m
 [90m 15 |[39m 
[36mconst[39m 
alexandria [33m=[39m 
[33mAlexandria[39m({[0
m



https://nextjs.org/docs/
messages/module-not-foun
d


./src/app/[locale]/layou
t.jsx:12:1
Module not found: Can't 
resolve 
'@/lib/fetch-methods'
[0m [90m 10 |[39m 
[36mimport[39m { 
[33mToaster[39m } 
[36mfrom[39m [32m"son
ner"[39m[33m;[39m
 [90m 11 |[39m 
[36mimport[39m [33mUs
erContextProvider[39m 
[36mfrom[39m [32m"@/c
ontext/user-context"[39
m[33m;[39m
[31m[1m>[22m[39m[90
m 12 |[39m 
[36mimport[39m { 
getData } 
[36mfrom[39m [32m"@/l
ib/fetch-methods"[39m[
33m;[39m
 [90m    |[39m [31m[
1m^[22m[39m[31m[1m^
[22m[39m[31m[1m^[22m
[39m[31m[1m^[22m[39
m[31m[1m^[22m[39m[3
1m[1m^[22m[39m[31m[
1m^[22m[39m[31m[1m^
[22m[39m[31m[1m^[22m
[39m[31m[1m^[22m[39
m[31m[1m^[22m[39m[3
1m[1m^[22m[39m[31m[
1m^[22m[39m[31m[1m^
[22m[39m[31m[1m^[22m
[39m[31m[1m^[22m[39
m[31m[1m^[22m[39m[3
1m[1m^[22m[39m[31m[
1m^[22m[39m[31m[1m^
[22m[39m[31m[1m^[22m
[39m[31m[1m^[22m[39
m[31m[1m^[22m[39m[3
1m[1m^[22m[39m[31m[
1m^[22m[39m[31m[1m^
[22m[39m[31m[1m^[22m
[39m[31m[1m^[22m[39
m[31m[1m^[22m[39m[3
1m[1m^[22m[39m[31m[
1m^[22m[39m[31m[1m^
[22m[39m[31m[1m^[22m
[39m[31m[1m^[22m[39
m[31m[1m^[22m[39m[3
1m[1m^[22m[39m[31m[
1m^[22m[39m[31m[1m^
[22m[39m[31m[1m^[22m
[39m[31m[1m^[22m[39
m[31m[1m^[22m[39m[3
1m[1m^[22m[39m[31m[
1m^[22m[39m[31m[1m^
[22m[39m[31m[1m^[22m
[39m[31m[1m^[22m[39
m
 [90m 13 |[39m 
[36mimport[39m { 
getSettings } 
[36mfrom[39m [32m"@/l
ib/settings-actions"[39
m[33m;[39m
 [90m 14 |[39m
 [90m 15 |[39m 
[36mconst[39m 
alexandria [33m=[39m 
[33mAlexandria[39m({[0
m



https://nextjs.org/docs/
messages/module-not-foun
d


./src/app/[locale]/offer
s/page.jsx:3:1
Module not found: Can't 
resolve 
'@/lib/fetch-methods'
[0m [90m 1 |[39m 
[36mimport[39m [33mCu
stomBreadcrumbs[39m 
[36mfrom[39m [32m"@/c
omponents/shared/custom-
breadcrumbs"[39m[33m;
[39m
 [90m 2 |[39m 
[36mimport[39m 
[33mOfferCard[39m 
[36mfrom[39m [32m"@/c
omponents/shared/offer-c
ard"[39m[33m;[39m
[31m[1m>[22m[39m[90
m 3 |[39m 
[36mimport[39m { 
getData } 
[36mfrom[39m [32m"@/l
ib/fetch-methods"[39m[
33m;[39m
 [90m   |[39m [31m[1
m^[22m[39m[31m[1m^[
22m[39m[31m[1m^[22m
[39m[31m[1m^[22m[39m
[31m[1m^[22m[39m[31
m[1m^[22m[39m[31m[1
m^[22m[39m[31m[1m^[
22m[39m[31m[1m^[22m
[39m[31m[1m^[22m[39m
[31m[1m^[22m[39m[31
m[1m^[22m[39m[31m[1
m^[22m[39m[31m[1m^[
22m[39m[31m[1m^[22m
[39m[31m[1m^[22m[39m
[31m[1m^[22m[39m[31
m[1m^[22m[39m[31m[1
m^[22m[39m[31m[1m^[
22m[39m[31m[1m^[22m
[39m[31m[1m^[22m[39m
[31m[1m^[22m[39m[31
m[1m^[22m[39m[31m[1
m^[22m[39m[31m[1m^[
22m[39m[31m[1m^[22m
[39m[31m[1m^[22m[39m
[31m[1m^[22m[39m[31
m[1m^[22m[39m[31m[1
m^[22m[39m[31m[1m^[
22m[39m[31m[1m^[22m
[39m[31m[1m^[22m[39m
[31m[1m^[22m[39m[31
m[1m^[22m[39m[31m[1
m^[22m[39m[31m[1m^[
22m[39m[31m[1m^[22m
[39m[31m[1m^[22m[39m
[31m[1m^[22m[39m[31
m[1m^[22m[39m[31m[1
m^[22m[39m[31m[1m^[
22m[39m[31m[1m^[22m
[39m[31m[1m^[22m[39m
 [90m 4 |[39m 
[36mimport[39m 
[33mReact[39m 
[36mfrom[39m [32m"rea
ct"[39m[33m;[39m
 [90m 5 |[39m 
[36mimport[39m { 
getTranslations } 
[36mfrom[39m [32m"nex
t-intl/server"[39m[33m
;[39m
 [90m 6 |[39m[0m



https://nextjs.org/docs/
messages/module-not-foun
d


./src/app/[locale]/offer
s/page.jsx:3:1
Module not found: Can't 
resolve 
'@/lib/fetch-methods'
[0m [90m 1 |[39m 
[36mimport[39m [33mCu
stomBreadcrumbs[39m 
[36mfrom[39m [32m"@/c
omponents/shared/custom-
breadcrumbs"[39m[33m;
[39m
 [90m 2 |[39m 
[36mimport[39m 
[33mOfferCard[39m 
[36mfrom[39m [32m"@/c
omponents/shared/offer-c
ard"[39m[33m;[39m
[31m[1m>[22m[39m[90
m 3 |[39m 
[36mimport[39m { 
getData } 
[36mfrom[39m [32m"@/l
ib/fetch-methods"[39m[
33m;[39m
 [90m   |[39m [31m[1
m^[22m[39m[31m[1m^[
22m[39m[31m[1m^[22m
[39m[31m[1m^[22m[39m
[31m[1m^[22m[39m[31
m[1m^[22m[39m[31m[1
m^[22m[39m[31m[1m^[
22m[39m[31m[1m^[22m
[39m[31m[1m^[22m[39m
[31m[1m^[22m[39m[31
m[1m^[22m[39m[31m[1
m^[22m[39m[31m[1m^[
22m[39m[31m[1m^[22m
[39m[31m[1m^[22m[39m
[31m[1m^[22m[39m[31
m[1m^[22m[39m[31m[1
m^[22m[39m[31m[1m^[
22m[39m[31m[1m^[22m
[39m[31m[1m^[22m[39m
[31m[1m^[22m[39m[31
m[1m^[22m[39m[31m[1
m^[22m[39m[31m[1m^[
22m[39m[31m[1m^[22m
[39m[31m[1m^[22m[39m
[31m[1m^[22m[39m[31
m[1m^[22m[39m[31m[1
m^[22m[39m[31m[1m^[
22m[39m[31m[1m^[22m
[39m[31m[1m^[22m[39m
[31m[1m^[22m[39m[31
m[1m^[22m[39m[31m[1
m^[22m[39m[31m[1m^[
22m[39m[31m[1m^[22m
[39m[31m[1m^[22m[39m
[31m[1m^[22m[39m[31
m[1m^[22m[39m[31m[1
m^[22m[39m[31m[1m^[
22m[39m[31m[1m^[22m
[39m[31m[1m^[22m[39m
 [90m 4 |[39m 
[36mimport[39m 
[33mReact[39m 
[36mfrom[39m [32m"rea
ct"[39m[33m;[39m
 [90m 5 |[39m 
[36mimport[39m { 
getTranslations } 
[36mfrom[39m [32m"nex
t-intl/server"[39m[33m
;[39m
 [90m 6 |[39m[0m



https://nextjs.org/docs/
messages/module-not-foun
d


./src/app/[locale]/page.
jsx:9:1
Module not found: Can't 
resolve 
'@/lib/fetch-methods'
[0m [90m  7 |[39m 
[36mimport[39m [33mSt
ateFilterSection[39m 
[36mfrom[39m [32m"@/c
omponents/home/state-fil
ter"[39m[33m;[39m
 [90m  8 |[39m 
[36mimport[39m 
[33mStatesSection[39m 
[36mfrom[39m [32m"@/c
omponents/home/states-se
ction"[39m[33m;[39m
[31m[1m>[22m[39m[90
m  9 |[39m 
[36mimport[39m { 
getData } 
[36mfrom[39m [32m"@/l
ib/fetch-methods"[39m[
33m;[39m
 [90m    |[39m [31m[
1m^[22m[39m[31m[1m^
[22m[39m[31m[1m^[22m
[39m[31m[1m^[22m[39
m[31m[1m^[22m[39m[3
1m[1m^[22m[39m[31m[
1m^[22m[39m[31m[1m^
[22m[39m[31m[1m^[22m
[39m[31m[1m^[22m[39
m[31m[1m^[22m[39m[3
1m[1m^[22m[39m[31m[
1m^[22m[39m[31m[1m^
[22m[39m[31m[1m^[22m
[39m[31m[1m^[22m[39
m[31m[1m^[22m[39m[3
1m[1m^[22m[39m[31m[
1m^[22m[39m[31m[1m^
[22m[39m[31m[1m^[22m
[39m[31m[1m^[22m[39
m[31m[1m^[22m[39m[3
1m[1m^[22m[39m[31m[
1m^[22m[39m[31m[1m^
[22m[39m[31m[1m^[22m
[39m[31m[1m^[22m[39
m[31m[1m^[22m[39m[3
1m[1m^[22m[39m[31m[
1m^[22m[39m[31m[1m^
[22m[39m[31m[1m^[22m
[39m[31m[1m^[22m[39
m[31m[1m^[22m[39m[3
1m[1m^[22m[39m[31m[
1m^[22m[39m[31m[1m^
[22m[39m[31m[1m^[22m
[39m[31m[1m^[22m[39
m[31m[1m^[22m[39m[3
1m[1m^[22m[39m[31m[
1m^[22m[39m[31m[1m^
[22m[39m[31m[1m^[22m
[39m[31m[1m^[22m[39
m
 [90m 10 |[39m 
[36mimport[39m { 
getSettings } 
[36mfrom[39m [32m"@/l
ib/settings-actions"[39
m[33m;[39m
 [90m 11 |[39m
 [90m 12 |[39m 
[36mexport[39m 
[36mdefault[39m 
[36masync[39m 
[36mfunction[39m 
[33mHome[39m() {[0m



https://nextjs.org/docs/
messages/module-not-foun
d


./src/app/[locale]/page.
jsx:9:1
Module not found: Can't 
resolve 
'@/lib/fetch-methods'
[0m [90m  7 |[39m 
[36mimport[39m [33mSt
ateFilterSection[39m 
[36mfrom[39m [32m"@/c
omponents/home/state-fil
ter"[39m[33m;[39m
 [90m  8 |[39m 
[36mimport[39m 
[33mStatesSection[39m 
[36mfrom[39m [32m"@/c
omponents/home/states-se
ction"[39m[33m;[39m
[31m[1m>[22m[39m[90
m  9 |[39m 
[36mimport[39m { 
getData } 
[36mfrom[39m [32m"@/l
ib/fetch-methods"[39m[
33m;[39m
 [90m    |[39m [31m[
1m^[22m[39m[31m[1m^
[22m[39m[31m[1m^[22m
[39m[31m[1m^[22m[39
m[31m[1m^[22m[39m[3
1m[1m^[22m[39m[31m[
1m^[22m[39m[31m[1m^
[22m[39m[31m[1m^[22m
[39m[31m[1m^[22m[39
m[31m[1m^[22m[39m[3
1m[1m^[22m[39m[31m[
1m^[22m[39m[31m[1m^
[22m[39m[31m[1m^[22m
[39m[31m[1m^[22m[39
m[31m[1m^[22m[39m[3
1m[1m^[22m[39m[31m[
1m^[22m[39m[31m[1m^
[22m[39m[31m[1m^[22m
[39m[31m[1m^[22m[39
m[31m[1m^[22m[39m[3
1m[1m^[22m[39m[31m[
1m^[22m[39m[31m[1m^
[22m[39m[31m[1m^[22m
[39m[31m[1m^[22m[39
m[31m[1m^[22m[39m[3
1m[1m^[22m[39m[31m[
1m^[22m[39m[31m[1m^
[22m[39m[31m[1m^[22m
[39m[31m[1m^[22m[39
m[31m[1m^[22m[39m[3
1m[1m^[22m[39m[31m[
1m^[22m[39m[31m[1m^
[22m[39m[31m[1m^[22m
[39m[31m[1m^[22m[39
m[31m[1m^[22m[39m[3
1m[1m^[22m[39m[31m[
1m^[22m[39m[31m[1m^
[22m[39m[31m[1m^[22m
[39m[31m[1m^[22m[39
m
 [90m 10 |[39m 
[36mimport[39m { 
getSettings } 
[36mfrom[39m [32m"@/l
ib/settings-actions"[39
m[33m;[39m
 [90m 11 |[39m
 [90m 12 |[39m 
[36mexport[39m 
[36mdefault[39m 
[36masync[39m 
[36mfunction[39m 
[33mHome[39m() {[0m



https://nextjs.org/docs/
messages/module-not-foun
d


./src/app/[locale]/partn
ers/[id]/page.jsx:6:1
Module not found: Can't 
resolve 
'@/lib/fetch-methods'
[0m [90m 4 |[39m 
[36mimport[39m 
[33mImage[39m 
[36mfrom[39m [32m"nex
t/image"[39m[33m;[39m
 [90m 5 |[39m 
[36mimport[39m 
[33mReact[39m 
[36mfrom[39m [32m"rea
ct"[39m[33m;[39m
[31m[1m>[22m[39m[90
m 6 |[39m 
[36mimport[39m { 
getData } 
[36mfrom[39m [32m"@/l
ib/fetch-methods"[39m[
33m;[39m
 [90m   |[39m [31m[1
m^[22m[39m[31m[1m^[
22m[39m[31m[1m^[22m
[39m[31m[1m^[22m[39m
[31m[1m^[22m[39m[31
m[1m^[22m[39m[31m[1
m^[22m[39m[31m[1m^[
22m[39m[31m[1m^[22m
[39m[31m[1m^[22m[39m
[31m[1m^[22m[39m[31
m[1m^[22m[39m[31m[1
m^[22m[39m[31m[1m^[
22m[39m[31m[1m^[22m
[39m[31m[1m^[22m[39m
[31m[1m^[22m[39m[31
m[1m^[22m[39m[31m[1
m^[22m[39m[31m[1m^[
22m[39m[31m[1m^[22m
[39m[31m[1m^[22m[39m
[31m[1m^[22m[39m[31
m[1m^[22m[39m[31m[1
m^[22m[39m[31m[1m^[
22m[39m[31m[1m^[22m
[39m[31m[1m^[22m[39m
[31m[1m^[22m[39m[31
m[1m^[22m[39m[31m[1
m^[22m[39m[31m[1m^[
22m[39m[31m[1m^[22m
[39m[31m[1m^[22m[39m
[31m[1m^[22m[39m[31
m[1m^[22m[39m[31m[1
m^[22m[39m[31m[1m^[
22m[39m[31m[1m^[22m
[39m[31m[1m^[22m[39m
[31m[1m^[22m[39m[31
m[1m^[22m[39m[31m[1
m^[22m[39m[31m[1m^[
22m[39m[31m[1m^[22m
[39m[31m[1m^[22m[39m
 [90m 7 |[39m 
[36mimport[39m { 
getTranslations } 
[36mfrom[39m [32m"nex
t-intl/server"[39m[33m
;[39m
 [90m 8 |[39m 
[36mimport[39m { 
notFound } 
[36mfrom[39m [32m"nex
t/navigation"[39m[33m;
[39m
 [90m 9 |[39m 
[36mimport[39m 
[33mMarkdown[39m 
[36mfrom[39m [32m"rea
ct-markdown"[39m[33m;
[39m[0m



https://nextjs.org/docs/
messages/module-not-foun
d


./src/app/[locale]/partn
ers/[id]/page.jsx:6:1
Module not found: Can't 
resolve 
'@/lib/fetch-methods'
[0m [90m 4 |[39m 
[36mimport[39m 
[33mImage[39m 
[36mfrom[39m [32m"nex
t/image"[39m[33m;[39m
 [90m 5 |[39m 
[36mimport[39m 
[33mReact[39m 
[36mfrom[39m [32m"rea
ct"[39m[33m;[39m
[31m[1m>[22m[39m[90
m 6 |[39m 
[36mimport[39m { 
getData } 
[36mfrom[39m [32m"@/l
ib/fetch-methods"[39m[
33m;[39m
 [90m   |[39m [31m[1
m^[22m[39m[31m[1m^[
22m[39m[31m[1m^[22m
[39m[31m[1m^[22m[39m
[31m[1m^[22m[39m[31
m[1m^[22m[39m[31m[1
m^[22m[39m[31m[1m^[
22m[39m[31m[1m^[22m
[39m[31m[1m^[22m[39m
[31m[1m^[22m[39m[31
m[1m^[22m[39m[31m[1
m^[22m[39m[31m[1m^[
22m[39m[31m[1m^[22m
[39m[31m[1m^[22m[39m
[31m[1m^[22m[39m[31
m[1m^[22m[39m[31m[1
m^[22m[39m[31m[1m^[
22m[39m[31m[1m^[22m
[39m[31m[1m^[22m[39m
[31m[1m^[22m[39m[31
m[1m^[22m[39m[31m[1
m^[22m[39m[31m[1m^[
22m[39m[31m[1m^[22m
[39m[31m[1m^[22m[39m
[31m[1m^[22m[39m[31
m[1m^[22m[39m[31m[1
m^[22m[39m[31m[1m^[
22m[39m[31m[1m^[22m
[39m[31m[1m^[22m[39m
[31m[1m^[22m[39m[31
m[1m^[22m[39m[31m[1
m^[22m[39m[31m[1m^[
22m[39m[31m[1m^[22m
[39m[31m[1m^[22m[39m
[31m[1m^[22m[39m[31
m[1m^[22m[39m[31m[1
m^[22m[39m[31m[1m^[
22m[39m[31m[1m^[22m
[39m[31m[1m^[22m[39m
 [90m 7 |[39m 
[36mimport[39m { 
getTranslations } 
[36mfrom[39m [32m"nex
t-intl/server"[39m[33m
;[39m
 [90m 8 |[39m 
[36mimport[39m { 
notFound } 
[36mfrom[39m [32m"nex
t/navigation"[39m[33m;
[39m
 [90m 9 |[39m 
[36mimport[39m 
[33mMarkdown[39m 
[36mfrom[39m [32m"rea
ct-markdown"[39m[33m;
[39m[0m



https://nextjs.org/docs/
messages/module-not-foun
d


./src/app/[locale]/partn
ers/page.jsx:6:1
Module not found: Can't 
resolve 
'@/lib/fetch-methods'
[0m [90m 4 |[39m 
[36mimport[39m { 
[33mChevronRight[39m 
} [36mfrom[39m [32m"l
ucide-react"[39m[33m;
[39m
 [90m 5 |[39m 
[36mimport[39m { 
getTranslations } 
[36mfrom[39m [32m"nex
t-intl/server"[39m[33m
;[39m
[31m[1m>[22m[39m[90
m 6 |[39m 
[36mimport[39m { 
getData } 
[36mfrom[39m [32m"@/l
ib/fetch-methods"[39m[
33m;[39m
 [90m   |[39m [31m[1
m^[22m[39m[31m[1m^[
22m[39m[31m[1m^[22m
[39m[31m[1m^[22m[39m
[31m[1m^[22m[39m[31
m[1m^[22m[39m[31m[1
m^[22m[39m[31m[1m^[
22m[39m[31m[1m^[22m
[39m[31m[1m^[22m[39m
[31m[1m^[22m[39m[31
m[1m^[22m[39m[31m[1
m^[22m[39m[31m[1m^[
22m[39m[31m[1m^[22m
[39m[31m[1m^[22m[39m
[31m[1m^[22m[39m[31
m[1m^[22m[39m[31m[1
m^[22m[39m[31m[1m^[
22m[39m[31m[1m^[22m
[39m[31m[1m^[22m[39m
[31m[1m^[22m[39m[31
m[1m^[22m[39m[31m[1
m^[22m[39m[31m[1m^[
22m[39m[31m[1m^[22m
[39m[31m[1m^[22m[39m
[31m[1m^[22m[39m[31
m[1m^[22m[39m[31m[1
m^[22m[39m[31m[1m^[
22m[39m[31m[1m^[22m
[39m[31m[1m^[22m[39m
[31m[1m^[22m[39m[31
m[1m^[22m[39m[31m[1
m^[22m[39m[31m[1m^[
22m[39m[31m[1m^[22m
[39m[31m[1m^[22m[39m
[31m[1m^[22m[39m[31
m[1m^[22m[39m[31m[1
m^[22m[39m[31m[1m^[
22m[39m[31m[1m^[22m
[39m[31m[1m^[22m[39m
 [90m 7 |[39m 
[36mimport[39m {
 [90m 8 |[39m   [33mA
nimatedSection[39m[33m
,[39m
 [90m 9 |[39m   [33mA
nimatedItem[39m[33m,[
39m[0m



https://nextjs.org/docs/
messages/module-not-foun
d


./src/app/[locale]/partn
ers/page.jsx:6:1
Module not found: Can't 
resolve 
'@/lib/fetch-methods'
[0m [90m 4 |[39m 
[36mimport[39m { 
[33mChevronRight[39m 
} [36mfrom[39m [32m"l
ucide-react"[39m[33m;
[39m
 [90m 5 |[39m 
[36mimport[39m { 
getTranslations } 
[36mfrom[39m [32m"nex
t-intl/server"[39m[33m
;[39m
[31m[1m>[22m[39m[90
m 6 |[39m 
[36mimport[39m { 
getData } 
[36mfrom[39m [32m"@/l
ib/fetch-methods"[39m[
33m;[39m
 [90m   |[39m [31m[1
m^[22m[39m[31m[1m^[
22m[39m[31m[1m^[22m
[39m[31m[1m^[22m[39m
[31m[1m^[22m[39m[31
m[1m^[22m[39m[31m[1
m^[22m[39m[31m[1m^[
22m[39m[31m[1m^[22m
[39m[31m[1m^[22m[39m
[31m[1m^[22m[39m[31
m[1m^[22m[39m[31m[1
m^[22m[39m[31m[1m^[
22m[39m[31m[1m^[22m
[39m[31m[1m^[22m[39m
[31m[1m^[22m[39m[31
m[1m^[22m[39m[31m[1
m^[22m[39m[31m[1m^[
22m[39m[31m[1m^[22m
[39m[31m[1m^[22m[39m
[31m[1m^[22m[39m[31
m[1m^[22m[39m[31m[1
m^[22m[39m[31m[1m^[
22m[39m[31m[1m^[22m
[39m[31m[1m^[22m[39m
[31m[1m^[22m[39m[31
m[1m^[22m[39m[31m[1
m^[22m[39m[31m[1m^[
22m[39m[31m[1m^[22m
[39m[31m[1m^[22m[39m
[31m[1m^[22m[39m[31
m[1m^[22m[39m[31m[1
m^[22m[39m[31m[1m^[
22m[39m[31m[1m^[22m
[39m[31m[1m^[22m[39m
[31m[1m^[22m[39m[31
m[1m^[22m[39m[31m[1
m^[22m[39m[31m[1m^[
22m[39m[31m[1m^[22m
[39m[31m[1m^[22m[39m
 [90m 7 |[39m 
[36mimport[39m {
 [90m 8 |[39m   [33mA
nimatedSection[39m[33m
,[39m
 [90m 9 |[39m   [33mA
nimatedItem[39m[33m,[
39m[0m



https://nextjs.org/docs/
messages/module-not-foun
d


./src/app/[locale]/user-
manual/page.jsx:2:1
Module not found: Can't 
resolve 
'@/lib/fetch-methods'
[0m [90m 1 |[39m 
[36mimport[39m [33mCu
stomBreadcrumbs[39m 
[36mfrom[39m [32m"@/c
omponents/shared/custom-
breadcrumbs"[39m[33m;
[39m
[31m[1m>[22m[39m[90
m 2 |[39m 
[36mimport[39m { 
getData } 
[36mfrom[39m [32m"@/l
ib/fetch-methods"[39m[
33m;[39m
 [90m   |[39m [31m[1
m^[22m[39m[31m[1m^[
22m[39m[31m[1m^[22m
[39m[31m[1m^[22m[39m
[31m[1m^[22m[39m[31
m[1m^[22m[39m[31m[1
m^[22m[39m[31m[1m^[
22m[39m[31m[1m^[22m
[39m[31m[1m^[22m[39m
[31m[1m^[22m[39m[31
m[1m^[22m[39m[31m[1
m^[22m[39m[31m[1m^[
22m[39m[31m[1m^[22m
[39m[31m[1m^[22m[39m
[31m[1m^[22m[39m[31
m[1m^[22m[39m[31m[1
m^[22m[39m[31m[1m^[
22m[39m[31m[1m^[22m
[39m[31m[1m^[22m[39m
[31m[1m^[22m[39m[31
m[1m^[22m[39m[31m[1
m^[22m[39m[31m[1m^[
22m[39m[31m[1m^[22m
[39m[31m[1m^[22m[39m
[31m[1m^[22m[39m[31
m[1m^[22m[39m[31m[1
m^[22m[39m[31m[1m^[
22m[39m[31m[1m^[22m
[39m[31m[1m^[22m[39m
[31m[1m^[22m[39m[31
m[1m^[22m[39m[31m[1
m^[22m[39m[31m[1m^[
22m[39m[31m[1m^[22m
[39m[31m[1m^[22m[39m
[31m[1m^[22m[39m[31
m[1m^[22m[39m[31m[1
m^[22m[39m[31m[1m^[
22m[39m[31m[1m^[22m
[39m[31m[1m^[22m[39m
 [90m 3 |[39m 
[36mimport[39m 
[33mImage[39m 
[36mfrom[39m [32m"nex
t/image"[39m[33m;[39m
 [90m 4 |[39m 
[36mimport[39m 
[33mReact[39m 
[36mfrom[39m [32m"rea
ct"[39m[33m;[39m
 [90m 5 |[39m[0m



https://nextjs.org/docs/
messages/module-not-foun
d


./src/app/[locale]/user-
manual/page.jsx:2:1
Module not found: Can't 
resolve 
'@/lib/fetch-methods'
[0m [90m 1 |[39m 
[36mimport[39m [33mCu
stomBreadcrumbs[39m 
[36mfrom[39m [32m"@/c
omponents/shared/custom-
breadcrumbs"[39m[33m;
[39m
[31m[1m>[22m[39m[90
m 2 |[39m 
[36mimport[39m { 
getData } 
[36mfrom[39m [32m"@/l
ib/fetch-methods"[39m[
33m;[39m
 [90m   |[39m [31m[1
m^[22m[39m[31m[1m^[
22m[39m[31m[1m^[22m
[39m[31m[1m^[22m[39m
[31m[1m^[22m[39m[31
m[1m^[22m[39m[31m[1
m^[22m[39m[31m[1m^[
22m[39m[31m[1m^[22m
[39m[31m[1m^[22m[39m
[31m[1m^[22m[39m[31
m[1m^[22m[39m[31m[1
m^[22m[39m[31m[1m^[
22m[39m[31m[1m^[22m
[39m[31m[1m^[22m[39m
[31m[1m^[22m[39m[31
m[1m^[22m[39m[31m[1
m^[22m[39m[31m[1m^[
22m[39m[31m[1m^[22m
[39m[31m[1m^[22m[39m
[31m[1m^[22m[39m[31
m[1m^[22m[39m[31m[1
m^[22m[39m[31m[1m^[
22m[39m[31m[1m^[22m
[39m[31m[1m^[22m[39m
[31m[1m^[22m[39m[31
m[1m^[22m[39m[31m[1
m^[22m[39m[31m[1m^[
22m[39m[31m[1m^[22m
[39m[31m[1m^[22m[39m
[31m[1m^[22m[39m[31
m[1m^[22m[39m[31m[1
m^[22m[39m[31m[1m^[
22m[39m[31m[1m^[22m
[39m[31m[1m^[22m[39m
[31m[1m^[22m[39m[31
m[1m^[22m[39m[31m[1
m^[22m[39m[31m[1m^[
22m[39m[31m[1m^[22m
[39m[31m[1m^[22m[39m
 [90m 3 |[39m 
[36mimport[39m 
[33mImage[39m 
[36mfrom[39m [32m"nex
t/image"[39m[33m;[39m
 [90m 4 |[39m 
[36mimport[39m 
[33mReact[39m 
[36mfrom[39m [32m"rea
ct"[39m[33m;[39m
 [90m 5 |[39m[0m



https://nextjs.org/docs/
messages/module-not-foun
d


./src/app/[locale]/estat
s/[slug]/page.jsx:21:1
Module not found: Can't 
resolve 
'@/lib/property-actions'
[0m [90m 19 |[39m 
[36mimport[39m [33mPr
opertyActions[39m 
[36mfrom[39m [32m"@/c
omponents/estates/proper
ty-actions"[39m[33m;[
39m
 [90m 20 |[39m 
[36mimport[39m [33mPr
opertyReviews[39m 
[36mfrom[39m [32m"@/c
omponents/estates/proper
ty-reviews"[39m[33m;[
39m
[31m[1m>[22m[39m[90
m 21 |[39m 
[36mimport[39m {
 [90m    |[39m [31m[
1m^[22m[39m[31m[1m^
[22m[39m[31m[1m^[22m
[39m[31m[1m^[22m[39
m[31m[1m^[22m[39m[3
1m[1m^[22m[39m[31m[
1m^[22m[39m[31m[1m^
[22m[39m
[31m[1m>[22m[39m[90
m 22 |[39m   getPropert
yBySlug[33m,[39m
 [90m    |[39m [31m[
1m^[22m[39m[31m[1m^
[22m[39m[31m[1m^[22m
[39m[31m[1m^[22m[39
m[31m[1m^[22m[39m[3
1m[1m^[22m[39m[31m[
1m^[22m[39m[31m[1m^
[22m[39m[31m[1m^[22m
[39m[31m[1m^[22m[39
m[31m[1m^[22m[39m[3
1m[1m^[22m[39m[31m[
1m^[22m[39m[31m[1m^
[22m[39m[31m[1m^[22m
[39m[31m[1m^[22m[39
m[31m[1m^[22m[39m[3
1m[1m^[22m[39m[31m[
1m^[22m[39m[31m[1m^
[22m[39m
[31m[1m>[22m[39m[90
m 23 |[39m   getSimilar
Properties[33m,[39m
 [90m    |[39m [31m[
1m^[22m[39m[31m[1m^
[22m[39m[31m[1m^[22m
[39m[31m[1m^[22m[39
m[31m[1m^[22m[39m[3
1m[1m^[22m[39m[31m[
1m^[22m[39m[31m[1m^
[22m[39m[31m[1m^[22m
[39m[31m[1m^[22m[39
m[31m[1m^[22m[39m[3
1m[1m^[22m[39m[31m[
1m^[22m[39m[31m[1m^
[22m[39m[31m[1m^[22m
[39m[31m[1m^[22m[39
m[31m[1m^[22m[39m[3
1m[1m^[22m[39m[31m[
1m^[22m[39m[31m[1m^
[22m[39m
[31m[1m>[22m[39m[90
m 24 |[39m } 
[36mfrom[39m [32m"@/l
ib/property-actions"[39
m[33m;[39m
 [90m    |[39m [31m[
1m^[22m[39m[31m[1m^
[22m[39m[31m[1m^[22m
[39m[31m[1m^[22m[39
m[31m[1m^[22m[39m[3
1m[1m^[22m[39m[31m[
1m^[22m[39m[31m[1m^
[22m[39m[31m[1m^[22m
[39m[31m[1m^[22m[39
m[31m[1m^[22m[39m[3
1m[1m^[22m[39m[31m[
1m^[22m[39m[31m[1m^
[22m[39m[31m[1m^[22m
[39m[31m[1m^[22m[39
m[31m[1m^[22m[39m[3
1m[1m^[22m[39m[31m[
1m^[22m[39m[31m[1m^
[22m[39m[31m[1m^[22m
[39m[31m[1m^[22m[39
m[31m[1m^[22m[39m[3
1m[1m^[22m[39m[31m[
1m^[22m[39m[31m[1m^
[22m[39m[31m[1m^[22m
[39m[31m[1m^[22m[39
m[31m[1m^[22m[39m[3
1m[1m^[22m[39m[31m[
1m^[22m[39m[31m[1m^
[22m[39m[31m[1m^[22m
[39m
 [90m 25 |[39m
 [90m 26 |[39m 
[36mexport[39m 
[36mdefault[39m 
[36masync[39m 
[36mfunction[39m [33m
EstateSinglePage[39m({ 
params }) {
 [90m 27 |[39m   
[90m// In Next.js 15, 
params is a Promise and 
must be awaited[39m[0m



https://nextjs.org/docs/
messages/module-not-foun
d


./src/app/[locale]/estat
s/[slug]/page.jsx:21:1
Module not found: Can't 
resolve 
'@/lib/property-actions'
[0m [90m 19 |[39m 
[36mimport[39m [33mPr
opertyActions[39m 
[36mfrom[39m [32m"@/c
omponents/estates/proper
ty-actions"[39m[33m;[
39m
 [90m 20 |[39m 
[36mimport[39m [33mPr
opertyReviews[39m 
[36mfrom[39m [32m"@/c
omponents/estates/proper
ty-reviews"[39m[33m;[
39m
[31m[1m>[22m[39m[90
m 21 |[39m 
[36mimport[39m {
 [90m    |[39m [31m[
1m^[22m[39m[31m[1m^
[22m[39m[31m[1m^[22m
[39m[31m[1m^[22m[39
m[31m[1m^[22m[39m[3
1m[1m^[22m[39m[31m[
1m^[22m[39m[31m[1m^
[22m[39m
[31m[1m>[22m[39m[90
m 22 |[39m   getPropert
yBySlug[33m,[39m
 [90m    |[39m [31m[
1m^[22m[39m[31m[1m^
[22m[39m[31m[1m^[22m
[39m[31m[1m^[22m[39
m[31m[1m^[22m[39m[3
1m[1m^[22m[39m[31m[
1m^[22m[39m[31m[1m^
[22m[39m[31m[1m^[22m
[39m[31m[1m^[22m[39
m[31m[1m^[22m[39m[3
1m[1m^[22m[39m[31m[
1m^[22m[39m[31m[1m^
[22m[39m[31m[1m^[22m
[39m[31m[1m^[22m[39
m[31m[1m^[22m[39m[3
1m[1m^[22m[39m[31m[
1m^[22m[39m[31m[1m^
[22m[39m
[31m[1m>[22m[39m[90
m 23 |[39m   getSimilar
Properties[33m,[39m
 [90m    |[39m [31m[
1m^[22m[39m[31m[1m^
[22m[39m[31m[1m^[22m
[39m[31m[1m^[22m[39
m[31m[1m^[22m[39m[3
1m[1m^[22m[39m[31m[
1m^[22m[39m[31m[1m^
[22m[39m[31m[1m^[22m
[39m[31m[1m^[22m[39
m[31m[1m^[22m[39m[3
1m[1m^[22m[39m[31m[
1m^[22m[39m[31m[1m^
[22m[39m[31m[1m^[22m
[39m[31m[1m^[22m[39
m[31m[1m^[22m[39m[3
1m[1m^[22m[39m[31m[
1m^[22m[39m[31m[1m^
[22m[39m
[31m[1m>[22m[39m[90
m 24 |[39m } 
[36mfrom[39m [32m"@/l
ib/property-actions"[39
m[33m;[39m
 [90m    |[39m [31m[
1m^[22m[39m[31m[1m^
[22m[39m[31m[1m^[22m
[39m[31m[1m^[22m[39
m[31m[1m^[22m[39m[3
1m[1m^[22m[39m[31m[
1m^[22m[39m[31m[1m^
[22m[39m[31m[1m^[22m
[39m[31m[1m^[22m[39
m[31m[1m^[22m[39m[3
1m[1m^[22m[39m[31m[
1m^[22m[39m[31m[1m^
[22m[39m[31m[1m^[22m
[39m[31m[1m^[22m[39
m[31m[1m^[22m[39m[3
1m[1m^[22m[39m[31m[
1m^[22m[39m[31m[1m^
[22m[39m[31m[1m^[22m
[39m[31m[1m^[22m[39
m[31m[1m^[22m[39m[3
1m[1m^[22m[39m[31m[
1m^[22m[39m[31m[1m^
[22m[39m[31m[1m^[22m
[39m[31m[1m^[22m[39
m[31m[1m^[22m[39m[3
1m[1m^[22m[39m[31m[
1m^[22m[39m[31m[1m^
[22m[39m[31m[1m^[22m
[39m
 [90m 25 |[39m
 [90m 26 |[39m 
[36mexport[39m 
[36mdefault[39m 
[36masync[39m 
[36mfunction[39m [33m
EstateSinglePage[39m({ 
params }) {
 [90m 27 |[39m   
[90m// In Next.js 15, 
params is a Promise and 
must be awaited[39m[0m



https://nextjs.org/docs/
messages/module-not-foun
d


./src/app/[locale]/estat
s/[slug]/page.jsx:21:1
Module not found: Can't 
resolve 
'@/lib/property-actions'
[0m [90m 19 |[39m 
[36mimport[39m [33mPr
opertyActions[39m 
[36mfrom[39m [32m"@/c
omponents/estates/proper
ty-actions"[39m[33m;[
39m
 [90m 20 |[39m 
[36mimport[39m [33mPr
opertyReviews[39m 
[36mfrom[39m [32m"@/c
omponents/estates/proper
ty-reviews"[39m[33m;[
39m
[31m[1m>[22m[39m[90
m 21 |[39m 
[36mimport[39m {
 [90m    |[39m [31m[
1m^[22m[39m[31m[1m^
[22m[39m[31m[1m^[22m
[39m[31m[1m^[22m[39
m[31m[1m^[22m[39m[3
1m[1m^[22m[39m[31m[
1m^[22m[39m[31m[1m^
[22m[39m
[31m[1m>[22m[39m[90
m 22 |[39m   getPropert
yBySlug[33m,[39m
 [90m    |[39m [31m[
1m^[22m[39m[31m[1m^
[22m[39m[31m[1m^[22m
[39m[31m[1m^[22m[39
m[31m[1m^[22m[39m[3
1m[1m^[22m[39m[31m[
1m^[22m[39m[31m[1m^
[22m[39m[31m[1m^[22m
[39m[31m[1m^[22m[39
m[31m[1m^[22m[39m[3
1m[1m^[22m[39m[31m[
1m^[22m[39m[31m[1m^
[22m[39m[31m[1m^[22m
[39m[31m[1m^[22m[39
m[31m[1m^[22m[39m[3
1m[1m^[22m[39m[31m[
1m^[22m[39m[31m[1m^
[22m[39m
[31m[1m>[22m[39m[90
m 23 |[39m   getSimilar
Properties[33m,[39m
 [90m    |[39m [31m[
1m^[22m[39m[31m[1m^
[22m[39m[31m[1m^[22m
[39m[31m[1m^[22m[39
m[31m[1m^[22m[39m[3
1m[1m^[22m[39m[31m[
1m^[22m[39m[31m[1m^
[22m[39m[31m[1m^[22m
[39m[31m[1m^[22m[39
m[31m[1m^[22m[39m[3
1m[1m^[22m[39m[31m[
1m^[22m[39m[31m[1m^
[22m[39m[31m[1m^[22m
[39m[31m[1m^[22m[39
m[31m[1m^[22m[39m[3
1m[1m^[22m[39m[31m[
1m^[22m[39m[31m[1m^
[22m[39m
[31m[1m>[22m[39m[90
m 24 |[39m } 
[36mfrom[39m [32m"@/l
ib/property-actions"[39
m[33m;[39m
 [90m    |[39m [31m[
1m^[22m[39m[31m[1m^
[22m[39m[31m[1m^[22m
[39m[31m[1m^[22m[39
m[31m[1m^[22m[39m[3
1m[1m^[22m[39m[31m[
1m^[22m[39m[31m[1m^
[22m[39m[31m[1m^[22m
[39m[31m[1m^[22m[39
m[31m[1m^[22m[39m[3
1m[1m^[22m[39m[31m[
1m^[22m[39m[31m[1m^
[22m[39m[31m[1m^[22m
[39m[31m[1m^[22m[39
m[31m[1m^[22m[39m[3
1m[1m^[22m[39m[31m[
1m^[22m[39m[31m[1m^
[22m[39m[31m[1m^[22m
[39m[31m[1m^[22m[39
m[31m[1m^[22m[39m[3
1m[1m^[22m[39m[31m[
1m^[22m[39m[31m[1m^
[22m[39m[31m[1m^[22m
[39m[31m[1m^[22m[39
m[31m[1m^[22m[39m[3
1m[1m^[22m[39m[31m[
1m^[22m[39m[31m[1m^
[22m[39m[31m[1m^[22m
[39m
 [90m 25 |[39m
 [90m 26 |[39m 
[36mexport[39m 
[36mdefault[39m 
[36masync[39m 
[36mfunction[39m [33m
EstateSinglePage[39m({ 
params }) {
 [90m 27 |[39m   
[90m// In Next.js 15, 
params is a Promise and 
must be awaited[39m[0m



https://nextjs.org/docs/
messages/module-not-foun
d


./src/app/[locale]/layou
t.jsx:13:1
Module not found: Can't 
resolve 
'@/lib/settings-actions'
[0m [90m 11 |[39m 
[36mimport[39m [33mUs
erContextProvider[39m 
[36mfrom[39m [32m"@/c
ontext/user-context"[39
m[33m;[39m
 [90m 12 |[39m 
[36mimport[39m { 
getData } 
[36mfrom[39m [32m"@/l
ib/fetch-methods"[39m[
33m;[39m
[31m[1m>[22m[39m[90
m 13 |[39m 
[36mimport[39m { 
getSettings } 
[36mfrom[39m [32m"@/l
ib/settings-actions"[39
m[33m;[39m
 [90m    |[39m [31m[
1m^[22m[39m[31m[1m^
[22m[39m[31m[1m^[22m
[39m[31m[1m^[22m[39
m[31m[1m^[22m[39m[3
1m[1m^[22m[39m[31m[
1m^[22m[39m[31m[1m^
[22m[39m[31m[1m^[22m
[39m[31m[1m^[22m[39
m[31m[1m^[22m[39m[3
1m[1m^[22m[39m[31m[
1m^[22m[39m[31m[1m^
[22m[39m[31m[1m^[22m
[39m[31m[1m^[22m[39
m[31m[1m^[22m[39m[3
1m[1m^[22m[39m[31m[
1m^[22m[39m[31m[1m^
[22m[39m[31m[1m^[22m
[39m[31m[1m^[22m[39
m[31m[1m^[22m[39m[3
1m[1m^[22m[39m[31m[
1m^[22m[39m[31m[1m^
[22m[39m[31m[1m^[22m
[39m[31m[1m^[22m[39
m[31m[1m^[22m[39m[3
1m[1m^[22m[39m[31m[
1m^[22m[39m[31m[1m^
[22m[39m[31m[1m^[22m
[39m[31m[1m^[22m[39
m[31m[1m^[22m[39m[3
1m[1m^[22m[39m[31m[
1m^[22m[39m[31m[1m^
[22m[39m[31m[1m^[22m
[39m[31m[1m^[22m[39
m[31m[1m^[22m[39m[3
1m[1m^[22m[39m[31m[
1m^[22m[39m[31m[1m^
[22m[39m[31m[1m^[22m
[39m[31m[1m^[22m[39
m[31m[1m^[22m[39m[3
1m[1m^[22m[39m[31m[
1m^[22m[39m[31m[1m^
[22m[39m[31m[1m^[22m
[39m[31m[1m^[22m[39
m[31m[1m^[22m[39m
 [90m 14 |[39m
 [90m 15 |[39m 
[36mconst[39m 
alexandria [33m=[39m 
[33mAlexandria[39m({
 [90m 16 |[39m   
subsets[33m:[39m [[32
m"latin"[39m][33m,[39
m[0m



https://nextjs.org/docs/
messages/module-not-foun
d


./src/app/[locale]/layou
t.jsx:13:1
Module not found: Can't 
resolve 
'@/lib/settings-actions'
[0m [90m 11 |[39m 
[36mimport[39m [33mUs
erContextProvider[39m 
[36mfrom[39m [32m"@/c
ontext/user-context"[39
m[33m;[39m
 [90m 12 |[39m 
[36mimport[39m { 
getData } 
[36mfrom[39m [32m"@/l
ib/fetch-methods"[39m[
33m;[39m
[31m[1m>[22m[39m[90
m 13 |[39m 
[36mimport[39m { 
getSettings } 
[36mfrom[39m [32m"@/l
ib/settings-actions"[39
m[33m;[39m
 [90m    |[39m [31m[
1m^[22m[39m[31m[1m^
[22m[39m[31m[1m^[22m
[39m[31m[1m^[22m[39
m[31m[1m^[22m[39m[3
1m[1m^[22m[39m[31m[
1m^[22m[39m[31m[1m^
[22m[39m[31m[1m^[22m
[39m[31m[1m^[22m[39
m[31m[1m^[22m[39m[3
1m[1m^[22m[39m[31m[
1m^[22m[39m[31m[1m^
[22m[39m[31m[1m^[22m
[39m[31m[1m^[22m[39
m[31m[1m^[22m[39m[3
1m[1m^[22m[39m[31m[
1m^[22m[39m[31m[1m^
[22m[39m[31m[1m^[22m
[39m[31m[1m^[22m[39
m[31m[1m^[22m[39m[3
1m[1m^[22m[39m[31m[
1m^[22m[39m[31m[1m^
[22m[39m[31m[1m^[22m
[39m[31m[1m^[22m[39
m[31m[1m^[22m[39m[3
1m[1m^[22m[39m[31m[
1m^[22m[39m[31m[1m^
[22m[39m[31m[1m^[22m
[39m[31m[1m^[22m[39
m[31m[1m^[22m[39m[3
1m[1m^[22m[39m[31m[
1m^[22m[39m[31m[1m^
[22m[39m[31m[1m^[22m
[39m[31m[1m^[22m[39
m[31m[1m^[22m[39m[3
1m[1m^[22m[39m[31m[
1m^[22m[39m[31m[1m^
[22m[39m[31m[1m^[22m
[39m[31m[1m^[22m[39
m[31m[1m^[22m[39m[3
1m[1m^[22m[39m[31m[
1m^[22m[39m[31m[1m^
[22m[39m[31m[1m^[22m
[39m[31m[1m^[22m[39
m[31m[1m^[22m[39m
 [90m 14 |[39m
 [90m 15 |[39m 
[36mconst[39m 
alexandria [33m=[39m 
[33mAlexandria[39m({
 [90m 16 |[39m   
subsets[33m:[39m [[32
m"latin"[39m][33m,[39
m[0m



https://nextjs.org/docs/
messages/module-not-foun
d


./src/app/[locale]/page.
jsx:10:1
Module not found: Can't 
resolve 
'@/lib/settings-actions'
[0m [90m  8 |[39m 
[36mimport[39m 
[33mStatesSection[39m 
[36mfrom[39m [32m"@/c
omponents/home/states-se
ction"[39m[33m;[39m
 [90m  9 |[39m 
[36mimport[39m { 
getData } 
[36mfrom[39m [32m"@/l
ib/fetch-methods"[39m[
33m;[39m
[31m[1m>[22m[39m[90
m 10 |[39m 
[36mimport[39m { 
getSettings } 
[36mfrom[39m [32m"@/l
ib/settings-actions"[39
m[33m;[39m
 [90m    |[39m [31m[
1m^[22m[39m[31m[1m^
[22m[39m[31m[1m^[22m
[39m[31m[1m^[22m[39
m[31m[1m^[22m[39m[3
1m[1m^[22m[39m[31m[
1m^[22m[39m[31m[1m^
[22m[39m[31m[1m^[22m
[39m[31m[1m^[22m[39
m[31m[1m^[22m[39m[3
1m[1m^[22m[39m[31m[
1m^[22m[39m[31m[1m^
[22m[39m[31m[1m^[22m
[39m[31m[1m^[22m[39
m[31m[1m^[22m[39m[3
1m[1m^[22m[39m[31m[
1m^[22m[39m[31m[1m^
[22m[39m[31m[1m^[22m
[39m[31m[1m^[22m[39
m[31m[1m^[22m[39m[3
1m[1m^[22m[39m[31m[
1m^[22m[39m[31m[1m^
[22m[39m[31m[1m^[22m
[39m[31m[1m^[22m[39
m[31m[1m^[22m[39m[3
1m[1m^[22m[39m[31m[
1m^[22m[39m[31m[1m^
[22m[39m[31m[1m^[22m
[39m[31m[1m^[22m[39
m[31m[1m^[22m[39m[3
1m[1m^[22m[39m[31m[
1m^[22m[39m[31m[1m^
[22m[39m[31m[1m^[22m
[39m[31m[1m^[22m[39
m[31m[1m^[22m[39m[3
1m[1m^[22m[39m[31m[
1m^[22m[39m[31m[1m^
[22m[39m[31m[1m^[22m
[39m[31m[1m^[22m[39
m[31m[1m^[22m[39m[3
1m[1m^[22m[39m[31m[
1m^[22m[39m[31m[1m^
[22m[39m[31m[1m^[22m
[39m[31m[1m^[22m[39
m[31m[1m^[22m[39m
 [90m 11 |[39m
 [90m 12 |[39m 
[36mexport[39m 
[36mdefault[39m 
[36masync[39m 
[36mfunction[39m 
[33mHome[39m() {
 [90m 13 |[39m   
[36mlet[39m homeData 
[33m=[39m 
{}[33m;[39m[0m



https://nextjs.org/docs/
messages/module-not-foun
d


./src/app/[locale]/page.
jsx:10:1
Module not found: Can't 
resolve 
'@/lib/settings-actions'
[0m [90m  8 |[39m 
[36mimport[39m 
[33mStatesSection[39m 
[36mfrom[39m [32m"@/c
omponents/home/states-se
ction"[39m[33m;[39m
 [90m  9 |[39m 
[36mimport[39m { 
getData } 
[36mfrom[39m [32m"@/l
ib/fetch-methods"[39m[
33m;[39m
[31m[1m>[22m[39m[90
m 10 |[39m 
[36mimport[39m { 
getSettings } 
[36mfrom[39m [32m"@/l
ib/settings-actions"[39
m[33m;[39m
 [90m    |[39m [31m[
1m^[22m[39m[31m[1m^
[22m[39m[31m[1m^[22m
[39m[31m[1m^[22m[39
m[31m[1m^[22m[39m[3
1m[1m^[22m[39m[31m[
1m^[22m[39m[31m[1m^
[22m[39m[31m[1m^[22m
[39m[31m[1m^[22m[39
m[31m[1m^[22m[39m[3
1m[1m^[22m[39m[31m[
1m^[22m[39m[31m[1m^
[22m[39m[31m[1m^[22m
[39m[31m[1m^[22m[39
m[31m[1m^[22m[39m[3
1m[1m^[22m[39m[31m[
1m^[22m[39m[31m[1m^
[22m[39m[31m[1m^[22m
[39m[31m[1m^[22m[39
m[31m[1m^[22m[39m[3
1m[1m^[22m[39m[31m[
1m^[22m[39m[31m[1m^
[22m[39m[31m[1m^[22m
[39m[31m[1m^[22m[39
m[31m[1m^[22m[39m[3
1m[1m^[22m[39m[31m[
1m^[22m[39m[31m[1m^
[22m[39m[31m[1m^[22m
[39m[31m[1m^[22m[39
m[31m[1m^[22m[39m[3
1m[1m^[22m[39m[31m[
1m^[22m[39m[31m[1m^
[22m[39m[31m[1m^[22m
[39m[31m[1m^[22m[39
m[31m[1m^[22m[39m[3
1m[1m^[22m[39m[31m[
1m^[22m[39m[31m[1m^
[22m[39m[31m[1m^[22m
[39m[31m[1m^[22m[39
m[31m[1m^[22m[39m[3
1m[1m^[22m[39m[31m[
1m^[22m[39m[31m[1m^
[22m[39m[31m[1m^[22m
[39m[31m[1m^[22m[39
m[31m[1m^[22m[39m
 [90m 11 |[39m
 [90m 12 |[39m 
[36mexport[39m 
[36mdefault[39m 
[36masync[39m 
[36mfunction[39m 
[33mHome[39m() {
 [90m 13 |[39m   
[36mlet[39m homeData 
[33m=[39m 
{}[33m;[39m[0m



https://nextjs.org/docs/
messages/module-not-foun
d


    at <unknown> (./src/
app/[locale]/deals/page.
jsx:19:1)
    at <unknown> (https:
//nextjs.org/docs/messag
es/module-not-found)
    at <unknown> (./src/
app/[locale]/deals/page.
jsx:19:1)
    at <unknown> (https:
//nextjs.org/docs/messag
es/module-not-found)
    at <unknown> (./src/
app/[locale]/deals/page.
jsx:19:1)
    at <unknown> (https:
//nextjs.org/docs/messag
es/module-not-found)
    at <unknown> (./src/
app/[locale]/deals/page.
jsx:19:1)
    at <unknown> (https:
//nextjs.org/docs/messag
es/module-not-found)
    at <unknown> (./src/
app/[locale]/estats/[slu
g]/page.jsx:11:1)
    at <unknown> (https:
//nextjs.org/docs/messag
es/module-not-found)
    at <unknown> (./src/
app/[locale]/estats/[slu
g]/page.jsx:11:1)
    at <unknown> (https:
//nextjs.org/docs/messag
es/module-not-found)
    at <unknown> (./src/
app/[locale]/auth/forgot
-password/page.jsx:1:1)
    at <unknown> (https:
//nextjs.org/docs/messag
es/module-not-found)
    at <unknown> (./src/
app/[locale]/auth/forgot
-password/page.jsx:1:1)
    at <unknown> (https:
//nextjs.org/docs/messag
es/module-not-found)
    at <unknown> (./src/
app/[locale]/auth/login/
page.jsx:3:1)
    at <unknown> (https:
//nextjs.org/docs/messag
es/module-not-found)
    at <unknown> (./src/
app/[locale]/auth/login/
page.jsx:3:1)
    at <unknown> (https:
//nextjs.org/docs/messag
es/module-not-found)
    at <unknown> (./src/
app/[locale]/auth/new-pa
ssword/page.jsx:3:1)
    at <unknown> (https:
//nextjs.org/docs/messag
es/module-not-found)
    at <unknown> (./src/
app/[locale]/auth/new-pa
ssword/page.jsx:5:1)
    at <unknown> (https:
//nextjs.org/docs/messag
es/module-not-found)
    at <unknown> (./src/
app/[locale]/auth/new-pa
ssword/page.jsx:5:1)
    at <unknown> (https:
//nextjs.org/docs/messag
es/module-not-found)
    at <unknown> (./src/
app/[locale]/auth/reset-
code/page.jsx:4:1)
    at <unknown> (https:
//nextjs.org/docs/messag
es/module-not-found)
    at <unknown> (./src/
app/[locale]/auth/verfiy
-otp/page.jsx:4:1)
    at <unknown> (https:
//nextjs.org/docs/messag
es/module-not-found)
    at <unknown> (./src/
app/[locale]/auth/verfiy
-otp/page.jsx:4:1)
    at <unknown> (https:
//nextjs.org/docs/messag
es/module-not-found)
    at <unknown> (./src/
app/[locale]/auth/reset-
code/page.jsx:6:1)
    at <unknown> (https:
//nextjs.org/docs/messag
es/module-not-found)
    at <unknown> (./src/
app/[locale]/auth/reset-
code/page.jsx:6:1)
    at <unknown> (https:
//nextjs.org/docs/messag
es/module-not-found)
    at <unknown> (./src/
app/[locale]/auth/sign-u
p/page.jsx:4:1)
    at <unknown> (https:
//nextjs.org/docs/messag
es/module-not-found)
    at <unknown> (./src/
app/[locale]/auth/sign-u
p/page.jsx:4:1)
    at <unknown> (https:
//nextjs.org/docs/messag
es/module-not-found)
    at <unknown> (./src/
app/[locale]/deals/page.
jsx:17:1)
    at <unknown> (https:
//nextjs.org/docs/messag
es/module-not-found)
    at <unknown> (./src/
app/[locale]/deals/page.
jsx:17:1)
    at <unknown> (https:
//nextjs.org/docs/messag
es/module-not-found)
    at <unknown> (./src/
app/[locale]/deals/page.
jsx:17:1)
    at <unknown> (https:
//nextjs.org/docs/messag
es/module-not-found)
    at <unknown> (./src/
app/[locale]/deals/page.
jsx:17:1)
    at <unknown> (https:
//nextjs.org/docs/messag
es/module-not-found)
    at <unknown> (./src/
app/[locale]/partners/[i
d]/page.jsx:1:1)
    at <unknown> (https:
//nextjs.org/docs/messag
es/module-not-found)
    at <unknown> (./src/
app/[locale]/wishlist/pa
ge.jsx:1:1)
    at <unknown> (https:
//nextjs.org/docs/messag
es/module-not-found)
    at <unknown> (./src/
app/[locale]/wishlist/pa
ge.jsx:1:1)
    at <unknown> (https:
//nextjs.org/docs/messag
es/module-not-found)
    at <unknown> (./src/
app/[locale]/estats/page
.jsx:6:1)
    at <unknown> (https:
//nextjs.org/docs/messag
es/module-not-found)
    at <unknown> (./src/
app/[locale]/estats/page
.jsx:6:1)
    at <unknown> (https:
//nextjs.org/docs/messag
es/module-not-found)
    at <unknown> (./src/
app/[locale]/estats/page
.jsx:6:1)
    at <unknown> (https:
//nextjs.org/docs/messag
es/module-not-found)
    at <unknown> (./src/
app/[locale]/estats/page
.jsx:6:1)
    at <unknown> (https:
//nextjs.org/docs/messag
es/module-not-found)
    at <unknown> (./src/
app/[locale]/estats/page
.jsx:7:1)
    at <unknown> (https:
//nextjs.org/docs/messag
es/module-not-found)
    at <unknown> (./src/
app/[locale]/estats/page
.jsx:7:1)
    at <unknown> (https:
//nextjs.org/docs/messag
es/module-not-found)
    at <unknown> (./src/
app/[locale]/estats/page
.jsx:7:1)
    at <unknown> (https:
//nextjs.org/docs/messag
es/module-not-found)
    at <unknown> (./src/
app/[locale]/estats/page
.jsx:7:1)
    at <unknown> (https:
//nextjs.org/docs/messag
es/module-not-found)
    at <unknown> (./src/
app/[locale]/estats/[slu
g]/page.jsx:19:1)
    at <unknown> (https:
//nextjs.org/docs/messag
es/module-not-found)
    at <unknown> (./src/
app/[locale]/estats/[slu
g]/page.jsx:19:1)
    at <unknown> (https:
//nextjs.org/docs/messag
es/module-not-found)
    at <unknown> (./src/
app/[locale]/estats/[slu
g]/page.jsx:18:1)
    at <unknown> (https:
//nextjs.org/docs/messag
es/module-not-found)
    at <unknown> (./src/
app/[locale]/estats/[slu
g]/page.jsx:18:1)
    at <unknown> (https:
//nextjs.org/docs/messag
es/module-not-found)
    at <unknown> (./src/
app/[locale]/estats/[slu
g]/page.jsx:20:1)
    at <unknown> (https:
//nextjs.org/docs/messag
es/module-not-found)
    at <unknown> (./src/
app/[locale]/estats/[slu
g]/page.jsx:20:1)
    at <unknown> (https:
//nextjs.org/docs/messag
es/module-not-found)
    at <unknown> (./src/
app/[locale]/page.jsx:1:
1)
    at <unknown> (https:
//nextjs.org/docs/messag
es/module-not-found)
    at <unknown> (./src/
app/[locale]/page.jsx:1:
1)
    at <unknown> (https:
//nextjs.org/docs/messag
es/module-not-found)
    at <unknown> (./src/
app/[locale]/blogs/[id]/
page.jsx:1:1)
    at <unknown> (https:
//nextjs.org/docs/messag
es/module-not-found)
    at <unknown> (./src/
app/[locale]/blogs/[id]/
page.jsx:1:1)
    at <unknown> (https:
//nextjs.org/docs/messag
es/module-not-found)
    at <unknown> (./src/
app/[locale]/page.jsx:2:
1)
    at <unknown> (https:
//nextjs.org/docs/messag
es/module-not-found)
    at <unknown> (./src/
app/[locale]/page.jsx:2:
1)
    at <unknown> (https:
//nextjs.org/docs/messag
es/module-not-found)
    at <unknown> (./src/
app/[locale]/page.jsx:3:
1)
    at <unknown> (https:
//nextjs.org/docs/messag
es/module-not-found)
    at <unknown> (./src/
app/[locale]/page.jsx:3:
1)
    at <unknown> (https:
//nextjs.org/docs/messag
es/module-not-found)
    at <unknown> (./src/
app/[locale]/page.jsx:4:
1)
    at <unknown> (https:
//nextjs.org/docs/messag
es/module-not-found)
    at <unknown> (./src/
app/[locale]/page.jsx:4:
1)
    at <unknown> (https:
//nextjs.org/docs/messag
es/module-not-found)
    at <unknown> (./src/
app/[locale]/page.jsx:5:
1)
    at <unknown> (https:
//nextjs.org/docs/messag
es/module-not-found)
    at <unknown> (./src/
app/[locale]/page.jsx:5:
1)
    at <unknown> (https:
//nextjs.org/docs/messag
es/module-not-found)
    at <unknown> (./src/
app/[locale]/page.jsx:6:
1)
    at <unknown> (https:
//nextjs.org/docs/messag
es/module-not-found)
    at <unknown> (./src/
app/[locale]/page.jsx:6:
1)
    at <unknown> (https:
//nextjs.org/docs/messag
es/module-not-found)
    at <unknown> (./src/
app/[locale]/page.jsx:7:
1)
    at <unknown> (https:
//nextjs.org/docs/messag
es/module-not-found)
    at <unknown> (./src/
app/[locale]/page.jsx:7:
1)
    at <unknown> (https:
//nextjs.org/docs/messag
es/module-not-found)
    at <unknown> (./src/
app/[locale]/estats/[slu
g]/page.jsx:17:1)
    at <unknown> (https:
//nextjs.org/docs/messag
es/module-not-found)
    at <unknown> (./src/
app/[locale]/estats/[slu
g]/page.jsx:17:1)
    at <unknown> (https:
//nextjs.org/docs/messag
es/module-not-found)
    at <unknown> (./src/
app/[locale]/page.jsx:8:
1)
    at <unknown> (https:
//nextjs.org/docs/messag
es/module-not-found)
    at <unknown> (./src/
app/[locale]/page.jsx:8:
1)
    at <unknown> (https:
//nextjs.org/docs/messag
es/module-not-found)
    at <unknown> (./src/
app/[locale]/blogs/page.
jsx:6:1)
    at <unknown> (https:
//nextjs.org/docs/messag
es/module-not-found)
    at <unknown> (./src/
app/[locale]/blogs/page.
jsx:6:1)
    at <unknown> (https:
//nextjs.org/docs/messag
es/module-not-found)
    at <unknown> (./src/
app/[locale]/blogs/page.
jsx:7:1)
    at <unknown> (https:
//nextjs.org/docs/messag
es/module-not-found)
    at <unknown> (./src/
app/[locale]/blogs/page.
jsx:7:1)
    at <unknown> (https:
//nextjs.org/docs/messag
es/module-not-found)
    at <unknown> (./src/
app/[locale]/packages/pa
ge.jsx:5:1)
    at <unknown> (https:
//nextjs.org/docs/messag
es/module-not-found)
    at <unknown> (./src/
app/[locale]/packages/pa
ge.jsx:5:1)
    at <unknown> (https:
//nextjs.org/docs/messag
es/module-not-found)
    at <unknown> (./src/
app/[locale]/packages/pa
ge.jsx:5:1)
    at <unknown> (https:
//nextjs.org/docs/messag
es/module-not-found)
    at <unknown> (./src/
app/[locale]/partners/pa
ge.jsx:7:1)
    at <unknown> (https:
//nextjs.org/docs/messag
es/module-not-found)
    at <unknown> (./src/
app/[locale]/partners/pa
ge.jsx:7:1)
    at <unknown> (https:
//nextjs.org/docs/messag
es/module-not-found)
    at <unknown> (./src/
app/[locale]/partners/pa
ge.jsx:7:1)
    at <unknown> (https:
//nextjs.org/docs/messag
es/module-not-found)
    at <unknown> (./src/
app/[locale]/layout.jsx:
9:1)
    at <unknown> (https:
//nextjs.org/docs/messag
es/module-not-found)
    at <unknown> (./src/
app/[locale]/layout.jsx:
9:1)
    at <unknown> (https:
//nextjs.org/docs/messag
es/module-not-found)
    at <unknown> (./src/
app/[locale]/blogs/page.
jsx:3:1)
    at <unknown> (https:
//nextjs.org/docs/messag
es/module-not-found)
    at <unknown> (./src/
app/[locale]/blogs/page.
jsx:3:1)
    at <unknown> (https:
//nextjs.org/docs/messag
es/module-not-found)
    at <unknown> (./src/
app/[locale]/complaints/
page.jsx:1:1)
    at <unknown> (https:
//nextjs.org/docs/messag
es/module-not-found)
    at <unknown> (./src/
app/[locale]/complaints/
page.jsx:1:1)
    at <unknown> (https:
//nextjs.org/docs/messag
es/module-not-found)
    at <unknown> (./src/
app/[locale]/about-us/pa
ge.jsx:1:1)
    at <unknown> (https:
//nextjs.org/docs/messag
es/module-not-found)
    at <unknown> (./src/
app/[locale]/about-us/pa
ge.jsx:1:1)
    at <unknown> (https:
//nextjs.org/docs/messag
es/module-not-found)
    at <unknown> (./src/
app/[locale]/auth/forgot
-password/page.jsx:2:1)
    at <unknown> (https:
//nextjs.org/docs/messag
es/module-not-found)
    at <unknown> (./src/
app/[locale]/auth/forgot
-password/page.jsx:2:1)
    at <unknown> (https:
//nextjs.org/docs/messag
es/module-not-found)
    at <unknown> (./src/
app/[locale]/auth/login/
page.jsx:4:1)
    at <unknown> (https:
//nextjs.org/docs/messag
es/module-not-found)
    at <unknown> (./src/
app/[locale]/auth/login/
page.jsx:4:1)
    at <unknown> (https:
//nextjs.org/docs/messag
es/module-not-found)
    at <unknown> (./src/
app/[locale]/auth/new-pa
ssword/page.jsx:4:1)
    at <unknown> (https:
//nextjs.org/docs/messag
es/module-not-found)
    at <unknown> (./src/
app/[locale]/auth/new-pa
ssword/page.jsx:4:1)
    at <unknown> (https:
//nextjs.org/docs/messag
es/module-not-found)
    at <unknown> (./src/
app/[locale]/auth/reset-
code/page.jsx:2:1)
    at <unknown> (https:
//nextjs.org/docs/messag
es/module-not-found)
    at <unknown> (./src/
app/[locale]/auth/reset-
code/page.jsx:2:1)
    at <unknown> (https:
//nextjs.org/docs/messag
es/module-not-found)
    at <unknown> (./src/
app/[locale]/auth/sign-u
p/page.jsx:1:1)
    at <unknown> (https:
//nextjs.org/docs/messag
es/module-not-found)
    at <unknown> (./src/
app/[locale]/auth/sign-u
p/page.jsx:1:1)
    at <unknown> (https:
//nextjs.org/docs/messag
es/module-not-found)
    at <unknown> (./src/
app/[locale]/auth/verfiy
-otp/page.jsx:2:1)
    at <unknown> (https:
//nextjs.org/docs/messag
es/module-not-found)
    at <unknown> (./src/
app/[locale]/auth/verfiy
-otp/page.jsx:2:1)
    at <unknown> (https:
//nextjs.org/docs/messag
es/module-not-found)
    at <unknown> (./src/
app/[locale]/blogs/[id]/
page.jsx:2:1)
    at <unknown> (https:
//nextjs.org/docs/messag
es/module-not-found)
    at <unknown> (./src/
app/[locale]/blogs/[id]/
page.jsx:2:1)
    at <unknown> (https:
//nextjs.org/docs/messag
es/module-not-found)
    at <unknown> (./src/
app/[locale]/blogs/page.
jsx:2:1)
    at <unknown> (https:
//nextjs.org/docs/messag
es/module-not-found)
    at <unknown> (./src/
app/[locale]/blogs/page.
jsx:2:1)
    at <unknown> (https:
//nextjs.org/docs/messag
es/module-not-found)
    at <unknown> (./src/
app/[locale]/complaints/
page.jsx:2:1)
    at <unknown> (https:
//nextjs.org/docs/messag
es/module-not-found)
    at <unknown> (./src/
app/[locale]/complaints/
page.jsx:2:1)
    at <unknown> (https:
//nextjs.org/docs/messag
es/module-not-found)
    at <unknown> (./src/
app/[locale]/deals/[id]/
page.jsx:2:1)
    at <unknown> (https:
//nextjs.org/docs/messag
es/module-not-found)
    at <unknown> (./src/
app/[locale]/deals/[id]/
page.jsx:2:1)
    at <unknown> (https:
//nextjs.org/docs/messag
es/module-not-found)
    at <unknown> (./src/
app/[locale]/deals/[id]/
page.jsx:2:1)
    at <unknown> (https:
//nextjs.org/docs/messag
es/module-not-found)
    at <unknown> (./src/
app/[locale]/deals/[id]/
page.jsx:2:1)
    at <unknown> (https:
//nextjs.org/docs/messag
es/module-not-found)
    at <unknown> (./src/
app/[locale]/deals/page.
jsx:2:1)
    at <unknown> (https:
//nextjs.org/docs/messag
es/module-not-found)
    at <unknown> (./src/
app/[locale]/deals/page.
jsx:2:1)
    at <unknown> (https:
//nextjs.org/docs/messag
es/module-not-found)
    at <unknown> (./src/
app/[locale]/deals/page.
jsx:2:1)
    at <unknown> (https:
//nextjs.org/docs/messag
es/module-not-found)
    at <unknown> (./src/
app/[locale]/deals/page.
jsx:2:1)
    at <unknown> (https:
//nextjs.org/docs/messag
es/module-not-found)
    at <unknown> (./src/
app/[locale]/estats/[slu
g]/page.jsx:4:1)
    at <unknown> (https:
//nextjs.org/docs/messag
es/module-not-found)
    at <unknown> (./src/
app/[locale]/estats/[slu
g]/page.jsx:4:1)
    at <unknown> (https:
//nextjs.org/docs/messag
es/module-not-found)
    at <unknown> (./src/
app/[locale]/estats/page
.jsx:5:1)
    at <unknown> (https:
//nextjs.org/docs/messag
es/module-not-found)
    at <unknown> (./src/
app/[locale]/estats/page
.jsx:5:1)
    at <unknown> (https:
//nextjs.org/docs/messag
es/module-not-found)
    at <unknown> (./src/
app/[locale]/estats/page
.jsx:5:1)
    at <unknown> (https:
//nextjs.org/docs/messag
es/module-not-found)
    at <unknown> (./src/
app/[locale]/estats/page
.jsx:5:1)
    at <unknown> (https:
//nextjs.org/docs/messag
es/module-not-found)
    at <unknown> (./src/
app/[locale]/notificatio
ns/page.jsx:1:1)
    at <unknown> (https:
//nextjs.org/docs/messag
es/module-not-found)
    at <unknown> (./src/
app/[locale]/notificatio
ns/page.jsx:1:1)
    at <unknown> (https:
//nextjs.org/docs/messag
es/module-not-found)
    at <unknown> (./src/
app/[locale]/offers/page
.jsx:1:1)
    at <unknown> (https:
//nextjs.org/docs/messag
es/module-not-found)
    at <unknown> (./src/
app/[locale]/offers/page
.jsx:1:1)
    at <unknown> (https:
//nextjs.org/docs/messag
es/module-not-found)
    at <unknown> (./src/
app/[locale]/packages/pa
ge.jsx:1:1)
    at <unknown> (https:
//nextjs.org/docs/messag
es/module-not-found)
    at <unknown> (./src/
app/[locale]/packages/pa
ge.jsx:1:1)
    at <unknown> (https:
//nextjs.org/docs/messag
es/module-not-found)
    at <unknown> (./src/
app/[locale]/partners/[i
d]/page.jsx:2:1)
    at <unknown> (https:
//nextjs.org/docs/messag
es/module-not-found)
    at <unknown> (./src/
app/[locale]/partners/[i
d]/page.jsx:2:1)
    at <unknown> (https:
//nextjs.org/docs/messag
es/module-not-found)
    at <unknown> (./src/
app/[locale]/partners/pa
ge.jsx:1:1)
    at <unknown> (https:
//nextjs.org/docs/messag
es/module-not-found)
    at <unknown> (./src/
app/[locale]/partners/pa
ge.jsx:1:1)
    at <unknown> (https:
//nextjs.org/docs/messag
es/module-not-found)
    at <unknown> (./src/
app/[locale]/user-manual
/page.jsx:1:1)
    at <unknown> (https:
//nextjs.org/docs/messag
es/module-not-found)
    at <unknown> (./src/
app/[locale]/user-manual
/page.jsx:1:1)
    at <unknown> (https:
//nextjs.org/docs/messag
es/module-not-found)
    at <unknown> (./src/
app/[locale]/wishlist/pa
ge.jsx:2:1)
    at <unknown> (https:
//nextjs.org/docs/messag
es/module-not-found)
    at <unknown> (./src/
app/[locale]/wishlist/pa
ge.jsx:2:1)
    at <unknown> (https:
//nextjs.org/docs/messag
es/module-not-found)
    at <unknown> (./src/
app/[locale]/deals/page.
jsx:18:1)
    at <unknown> (https:
//nextjs.org/docs/messag
es/module-not-found)
    at <unknown> (./src/
app/[locale]/deals/page.
jsx:18:1)
    at <unknown> (https:
//nextjs.org/docs/messag
es/module-not-found)
    at <unknown> (./src/
app/[locale]/deals/page.
jsx:18:1)
    at <unknown> (https:
//nextjs.org/docs/messag
es/module-not-found)
    at <unknown> (./src/
app/[locale]/deals/page.
jsx:18:1)
    at <unknown> (https:
//nextjs.org/docs/messag
es/module-not-found)
    at <unknown> (./src/
app/[locale]/layout.jsx:
7:1)
    at <unknown> (https:
//nextjs.org/docs/messag
es/module-not-found)
    at <unknown> (./src/
app/[locale]/layout.jsx:
7:1)
    at <unknown> (https:
//nextjs.org/docs/messag
es/module-not-found)
    at <unknown> (./src/
app/[locale]/layout.jsx:
8:1)
    at <unknown> (https:
//nextjs.org/docs/messag
es/module-not-found)
    at <unknown> (./src/
app/[locale]/layout.jsx:
8:1)
    at <unknown> (https:
//nextjs.org/docs/messag
es/module-not-found)
    at <unknown> (./src/
app/[locale]/offers/page
.jsx:2:1)
    at <unknown> (https:
//nextjs.org/docs/messag
es/module-not-found)
    at <unknown> (./src/
app/[locale]/offers/page
.jsx:2:1)
    at <unknown> (https:
//nextjs.org/docs/messag
es/module-not-found)
    at <unknown> (./src/
app/[locale]/partners/pa
ge.jsx:2:1)
    at <unknown> (https:
//nextjs.org/docs/messag
es/module-not-found)
    at <unknown> (./src/
app/[locale]/partners/pa
ge.jsx:2:1)
    at <unknown> (https:
//nextjs.org/docs/messag
es/module-not-found)
    at <unknown> (./src/
app/[locale]/packages/pa
ge.jsx:2:1)
    at <unknown> (https:
//nextjs.org/docs/messag
es/module-not-found)
    at <unknown> (./src/
app/[locale]/packages/pa
ge.jsx:2:1)
    at <unknown> (https:
//nextjs.org/docs/messag
es/module-not-found)
    at <unknown> (./src/
app/[locale]/partners/[i
d]/page.jsx:3:1)
    at <unknown> (https:
//nextjs.org/docs/messag
es/module-not-found)
    at <unknown> (./src/
app/[locale]/partners/pa
ge.jsx:3:1)
    at <unknown> (https:
//nextjs.org/docs/messag
es/module-not-found)
    at <unknown> (./src/
app/[locale]/partners/pa
ge.jsx:3:1)
    at <unknown> (https:
//nextjs.org/docs/messag
es/module-not-found)
    at <unknown> (./src/
app/[locale]/deals/[id]/
page.jsx:3:1)
    at <unknown> (https:
//nextjs.org/docs/messag
es/module-not-found)
    at <unknown> (./src/
app/[locale]/deals/[id]/
page.jsx:3:1)
    at <unknown> (https:
//nextjs.org/docs/messag
es/module-not-found)
    at <unknown> (./src/
app/[locale]/deals/[id]/
page.jsx:3:1)
    at <unknown> (https:
//nextjs.org/docs/messag
es/module-not-found)
    at <unknown> (./src/
app/[locale]/deals/[id]/
page.jsx:3:1)
    at <unknown> (https:
//nextjs.org/docs/messag
es/module-not-found)
    at <unknown> (./src/
app/[locale]/deals/[id]/
page.jsx:3:1)
    at <unknown> (https:
//nextjs.org/docs/messag
es/module-not-found)
    at <unknown> (./src/
app/[locale]/deals/[id]/
page.jsx:3:1)
    at <unknown> (https:
//nextjs.org/docs/messag
es/module-not-found)
    at <unknown> (./src/
app/[locale]/deals/page.
jsx:9:1)
    at <unknown> (https:
//nextjs.org/docs/messag
es/module-not-found)
    at <unknown> (./src/
app/[locale]/deals/page.
jsx:9:1)
    at <unknown> (https:
//nextjs.org/docs/messag
es/module-not-found)
    at <unknown> (./src/
app/[locale]/deals/page.
jsx:9:1)
    at <unknown> (https:
//nextjs.org/docs/messag
es/module-not-found)
    at <unknown> (./src/
app/[locale]/deals/page.
jsx:9:1)
    at <unknown> (https:
//nextjs.org/docs/messag
es/module-not-found)
    at <unknown> (./src/
app/[locale]/deals/page.
jsx:9:1)
    at <unknown> (https:
//nextjs.org/docs/messag
es/module-not-found)
    at <unknown> (./src/
app/[locale]/deals/page.
jsx:9:1)
    at <unknown> (https:
//nextjs.org/docs/messag
es/module-not-found)
    at <unknown> (./src/
app/[locale]/deals/page.
jsx:9:1)
    at <unknown> (https:
//nextjs.org/docs/messag
es/module-not-found)
    at <unknown> (./src/
app/[locale]/deals/page.
jsx:9:1)
    at <unknown> (https:
//nextjs.org/docs/messag
es/module-not-found)
    at <unknown> (./src/
app/[locale]/deals/page.
jsx:9:1)
    at <unknown> (https:
//nextjs.org/docs/messag
es/module-not-found)
    at <unknown> (./src/
app/[locale]/deals/page.
jsx:9:1)
    at <unknown> (https:
//nextjs.org/docs/messag
es/module-not-found)
    at <unknown> (./src/
app/[locale]/deals/page.
jsx:9:1)
    at <unknown> (https:
//nextjs.org/docs/messag
es/module-not-found)
    at <unknown> (./src/
app/[locale]/deals/page.
jsx:9:1)
    at <unknown> (https:
//nextjs.org/docs/messag
es/module-not-found)
    at <unknown> (./src/
app/[locale]/deals/page.
jsx:5:1)
    at <unknown> (https:
//nextjs.org/docs/messag
es/module-not-found)
    at <unknown> (./src/
app/[locale]/deals/page.
jsx:5:1)
    at <unknown> (https:
//nextjs.org/docs/messag
es/module-not-found)
    at <unknown> (./src/
app/[locale]/deals/page.
jsx:4:1)
    at <unknown> (https:
//nextjs.org/docs/messag
es/module-not-found)
    at <unknown> (./src/
app/[locale]/deals/page.
jsx:4:1)
    at <unknown> (https:
//nextjs.org/docs/messag
es/module-not-found)
    at <unknown> (./src/
app/[locale]/deals/page.
jsx:4:1)
    at <unknown> (https:
//nextjs.org/docs/messag
es/module-not-found)
    at <unknown> (./src/
app/[locale]/deals/page.
jsx:4:1)
    at <unknown> (https:
//nextjs.org/docs/messag
es/module-not-found)
    at <unknown> (./src/
app/[locale]/deals/page.
jsx:4:1)
    at <unknown> (https:
//nextjs.org/docs/messag
es/module-not-found)
    at <unknown> (./src/
app/[locale]/deals/page.
jsx:4:1)
    at <unknown> (https:
//nextjs.org/docs/messag
es/module-not-found)
    at <unknown> (./src/
app/[locale]/layout.jsx:
11:1)
    at <unknown> (https:
//nextjs.org/docs/messag
es/module-not-found)
    at <unknown> (./src/
app/[locale]/layout.jsx:
11:1)
    at <unknown> (https:
//nextjs.org/docs/messag
es/module-not-found)
    at <unknown> (./src/
app/[locale]/layout.jsx:
3:1)
    at <unknown> (https:
//nextjs.org/docs/messag
es/module-not-found)
    at <unknown> (./src/
app/[locale]/layout.jsx:
3:1)
    at <unknown> (https:
//nextjs.org/docs/messag
es/module-not-found)
    at <unknown> (./src/
app/[locale]/blogs/[id]/
page.jsx:5:1)
    at <unknown> (https:
//nextjs.org/docs/messag
es/module-not-found)
    at <unknown> (./src/
app/[locale]/blogs/[id]/
page.jsx:5:1)
    at <unknown> (https:
//nextjs.org/docs/messag
es/module-not-found)
    at <unknown> (./src/
app/[locale]/blogs/page.
jsx:5:1)
    at <unknown> (https:
//nextjs.org/docs/messag
es/module-not-found)
    at <unknown> (./src/
app/[locale]/blogs/page.
jsx:5:1)
    at <unknown> (https:
//nextjs.org/docs/messag
es/module-not-found)
    at <unknown> (./src/
app/[locale]/about-us/pa
ge.jsx:2:1)
    at <unknown> (https:
//nextjs.org/docs/messag
es/module-not-found)
    at <unknown> (./src/
app/[locale]/about-us/pa
ge.jsx:2:1)
    at <unknown> (https:
//nextjs.org/docs/messag
es/module-not-found)
    at <unknown> (./src/
app/[locale]/deals/[id]/
page.jsx:23:1)
    at <unknown> (https:
//nextjs.org/docs/messag
es/module-not-found)
    at <unknown> (./src/
app/[locale]/deals/[id]/
page.jsx:23:1)
    at <unknown> (https:
//nextjs.org/docs/messag
es/module-not-found)
    at <unknown> (./src/
app/[locale]/deals/[id]/
page.jsx:23:1)
    at <unknown> (https:
//nextjs.org/docs/messag
es/module-not-found)
    at <unknown> (./src/
app/[locale]/deals/[id]/
page.jsx:23:1)
    at <unknown> (https:
//nextjs.org/docs/messag
es/module-not-found)
    at <unknown> (./src/
app/[locale]/layout.jsx:
12:1)
    at <unknown> (https:
//nextjs.org/docs/messag
es/module-not-found)
    at <unknown> (./src/
app/[locale]/layout.jsx:
12:1)
    at <unknown> (https:
//nextjs.org/docs/messag
es/module-not-found)
    at <unknown> (./src/
app/[locale]/offers/page
.jsx:3:1)
    at <unknown> (https:
//nextjs.org/docs/messag
es/module-not-found)
    at <unknown> (./src/
app/[locale]/offers/page
.jsx:3:1)
    at <unknown> (https:
//nextjs.org/docs/messag
es/module-not-found)
    at <unknown> (./src/
app/[locale]/page.jsx:9:
1)
    at <unknown> (https:
//nextjs.org/docs/messag
es/module-not-found)
    at <unknown> (./src/
app/[locale]/page.jsx:9:
1)
    at <unknown> (https:
//nextjs.org/docs/messag
es/module-not-found)
    at <unknown> (./src/
app/[locale]/partners/[i
d]/page.jsx:6:1)
    at <unknown> (https:
//nextjs.org/docs/messag
es/module-not-found)
    at <unknown> (./src/
app/[locale]/partners/[i
d]/page.jsx:6:1)
    at <unknown> (https:
//nextjs.org/docs/messag
es/module-not-found)
    at <unknown> (./src/
app/[locale]/partners/pa
ge.jsx:6:1)
    at <unknown> (https:
//nextjs.org/docs/messag
es/module-not-found)
    at <unknown> (./src/
app/[locale]/partners/pa
ge.jsx:6:1)
    at <unknown> (https:
//nextjs.org/docs/messag
es/module-not-found)
    at <unknown> (./src/
app/[locale]/user-manual
/page.jsx:2:1)
    at <unknown> (https:
//nextjs.org/docs/messag
es/module-not-found)
    at <unknown> (./src/
app/[locale]/user-manual
/page.jsx:2:1)
    at <unknown> (https:
//nextjs.org/docs/messag
es/module-not-found)
    at <unknown> (./src/
app/[locale]/estats/[slu
g]/page.jsx:21:1)
    at <unknown> (https:
//nextjs.org/docs/messag
es/module-not-found)
    at <unknown> (./src/
app/[locale]/estats/[slu
g]/page.jsx:21:1)
    at <unknown> (https:
//nextjs.org/docs/messag
es/module-not-found)
    at <unknown> (./src/
app/[locale]/estats/[slu
g]/page.jsx:21:1)
    at <unknown> (https:
//nextjs.org/docs/messag
es/module-not-found)
    at <unknown> (./src/
app/[locale]/layout.jsx:
13:1)
    at <unknown> (https:
//nextjs.org/docs/messag
es/module-not-found)
    at <unknown> (./src/
app/[locale]/layout.jsx:
13:1)
    at <unknown> (https:
//nextjs.org/docs/messag
es/module-not-found)
    at <unknown> (./src/
app/[locale]/page.jsx:10
:1)
    at <unknown> (https:
//nextjs.org/docs/messag
es/module-not-found)
    at <unknown> (./src/
app/[locale]/page.jsx:10
:1)
    at <unknown> (https:
//nextjs.org/docs/messag
es/module-not-found)
