
> subcode@0.1.0 build
> next build --turbopack

   Γû▓ Next.js 15.5.3 (Turbopack)

   Creating an optimized production build ...
 Γ£ô Finished writing to disk in 203ms
node.exe : 
At C:\Program Files\nodejs\npm.ps1:29 char:3
+   & $NODE_EXE $NPM_CLI_JS $args
+   ~~~~~~~~~~~~~~~~~~~~~~~~~~~~~
    + CategoryInfo          : NotSpecified: (:String) [], Remote 
   Exception
    + FullyQualifiedErrorId : NativeCommandError
 
> Build error occurred
Error: Turbopack build failed with 195 errors:
./src/app/[locale]/deals/page.tsx:19:1
Module not found: Can't resolve '@/actions/deals'
[0m [90m 17 |[39m [36mimport[39m [33mAddDealForm[39m 
[36mfrom[39m 
[32m"@/components/deals/add-deal-form"[39m[33m;[39m
 [90m 18 |[39m [36mimport[39m [33mDealsTable[39m 
[36mfrom[39m 
[32m"@/components/shared/deals-table"[39m[33m;[39m
[31m[1m>[22m[39m[90m 19 |[39m [36mimport[39m { 
getDirectDeals } [36mfrom[39m 
[32m"@/actions/deals"[39m[33m;[39m
 [90m    |[39m [31m[1m^[22m[39m[31m[1m^[22m[39m[31m[1
m^[22m[39m[31m[1m^[22m[39m[31m[1m^[22m[39m[31m[1m^[2
2m[39m[31m[1m^[22m[39m[31m[1m^[22m[39m[31m[1m^[22m[3
9m[31m[1m^[22m[39m[31m[1m^[22m[39m[31m[1m^[22m[39m[3
1m[1m^[22m[39m[31m[1m^[22m[39m[31m[1m^[22m[39m[31m[1
m^[22m[39m[31m[1m^[22m[39m[31m[1m^[22m[39m[31m[1m^[2
2m[39m[31m[1m^[22m[39m[31m[1m^[22m[39m[31m[1m^[22m[3
9m[31m[1m^[22m[39m[31m[1m^[22m[39m[31m[1m^[22m[39m[3
1m[1m^[22m[39m[31m[1m^[22m[39m[31m[1m^[22m[39m[31m[1
m^[22m[39m[31m[1m^[22m[39m[31m[1m^[22m[39m[31m[1m^[2
2m[39m[31m[1m^[22m[39m[31m[1m^[22m[39m[31m[1m^[22m[3
9m[31m[1m^[22m[39m[31m[1m^[22m[39m[31m[1m^[22m[39m[3
1m[1m^[22m[39m[31m[1m^[22m[39m[31m[1m^[22m[39m[31m[1
m^[22m[39m[31m[1m^[22m[39m[31m[1m^[22m[39m[31m[1m^[2
2m[39m[31m[1m^[22m[39m[31m[1m^[22m[39m[31m[1m^[22m[3
9m[31m[1m^[22m[39m
 [90m 20 |[39m [36mimport[39m { toast } [36mfrom[39m 
[32m"sonner"[39m[33m;[39m
 [90m 21 |[39m
 [90m 22 |[39m [36mconst[39m [33mPage[39m [33m=[39m () 
[33m=>[39m {[0m



https://nextjs.org/docs/messages/module-not-found


./src/app/[locale]/deals/page.tsx:19:1
Module not found: Can't resolve '@/actions/deals'
[0m [90m 17 |[39m [36mimport[39m [33mAddDealForm[39m 
[36mfrom[39m 
[32m"@/components/deals/add-deal-form"[39m[33m;[39m
 [90m 18 |[39m [36mimport[39m [33mDealsTable[39m 
[36mfrom[39m 
[32m"@/components/shared/deals-table"[39m[33m;[39m
[31m[1m>[22m[39m[90m 19 |[39m [36mimport[39m { 
getDirectDeals } [36mfrom[39m 
[32m"@/actions/deals"[39m[33m;[39m
 [90m    |[39m [31m[1m^[22m[39m[31m[1m^[22m[39m[31m[1
m^[22m[39m[31m[1m^[22m[39m[31m[1m^[22m[39m[31m[1m^[2
2m[39m[31m[1m^[22m[39m[31m[1m^[22m[39m[31m[1m^[22m[3
9m[31m[1m^[22m[39m[31m[1m^[22m[39m[31m[1m^[22m[39m[3
1m[1m^[22m[39m[31m[1m^[22m[39m[31m[1m^[22m[39m[31m[1
m^[22m[39m[31m[1m^[22m[39m[31m[1m^[22m[39m[31m[1m^[2
2m[39m[31m[1m^[22m[39m[31m[1m^[22m[39m[31m[1m^[22m[3
9m[31m[1m^[22m[39m[31m[1m^[22m[39m[31m[1m^[22m[39m[3
1m[1m^[22m[39m[31m[1m^[22m[39m[31m[1m^[22m[39m[31m[1
m^[22m[39m[31m[1m^[22m[39m[31m[1m^[22m[39m[31m[1m^[2
2m[39m[31m[1m^[22m[39m[31m[1m^[22m[39m[31m[1m^[22m[3
9m[31m[1m^[22m[39m[31m[1m^[22m[39m[31m[1m^[22m[39m[3
1m[1m^[22m[39m[31m[1m^[22m[39m[31m[1m^[22m[39m[31m[1
m^[22m[39m[31m[1m^[22m[39m[31m[1m^[22m[39m[31m[1m^[2
2m[39m[31m[1m^[22m[39m[31m[1m^[22m[39m[31m[1m^[22m[3
9m[31m[1m^[22m[39m
 [90m 20 |[39m [36mimport[39m { toast } [36mfrom[39m 
[32m"sonner"[39m[33m;[39m
 [90m 21 |[39m
 [90m 22 |[39m [36mconst[39m [33mPage[39m [33m=[39m () 
[33m=>[39m {[0m



https://nextjs.org/docs/messages/module-not-found


./src/app/[locale]/deals/page.tsx:19:1
Module not found: Can't resolve '@/actions/deals'
[0m [90m 17 |[39m [36mimport[39m [33mAddDealForm[39m 
[36mfrom[39m 
[32m"@/components/deals/add-deal-form"[39m[33m;[39m
 [90m 18 |[39m [36mimport[39m [33mDealsTable[39m 
[36mfrom[39m 
[32m"@/components/shared/deals-table"[39m[33m;[39m
[31m[1m>[22m[39m[90m 19 |[39m [36mimport[39m { 
getDirectDeals } [36mfrom[39m 
[32m"@/actions/deals"[39m[33m;[39m
 [90m    |[39m [31m[1m^[22m[39m[31m[1m^[22m[39m[31m[1
m^[22m[39m[31m[1m^[22m[39m[31m[1m^[22m[39m[31m[1m^[2
2m[39m[31m[1m^[22m[39m[31m[1m^[22m[39m[31m[1m^[22m[3
9m[31m[1m^[22m[39m[31m[1m^[22m[39m[31m[1m^[22m[39m[3
1m[1m^[22m[39m[31m[1m^[22m[39m[31m[1m^[22m[39m[31m[1
m^[22m[39m[31m[1m^[22m[39m[31m[1m^[22m[39m[31m[1m^[2
2m[39m[31m[1m^[22m[39m[31m[1m^[22m[39m[31m[1m^[22m[3
9m[31m[1m^[22m[39m[31m[1m^[22m[39m[31m[1m^[22m[39m[3
1m[1m^[22m[39m[31m[1m^[22m[39m[31m[1m^[22m[39m[31m[1
m^[22m[39m[31m[1m^[22m[39m[31m[1m^[22m[39m[31m[1m^[2
2m[39m[31m[1m^[22m[39m[31m[1m^[22m[39m[31m[1m^[22m[3
9m[31m[1m^[22m[39m[31m[1m^[22m[39m[31m[1m^[22m[39m[3
1m[1m^[22m[39m[31m[1m^[22m[39m[31m[1m^[22m[39m[31m[1
m^[22m[39m[31m[1m^[22m[39m[31m[1m^[22m[39m[31m[1m^[2
2m[39m[31m[1m^[22m[39m[31m[1m^[22m[39m[31m[1m^[22m[3
9m[31m[1m^[22m[39m
 [90m 20 |[39m [36mimport[39m { toast } [36mfrom[39m 
[32m"sonner"[39m[33m;[39m
 [90m 21 |[39m
 [90m 22 |[39m [36mconst[39m [33mPage[39m [33m=[39m () 
[33m=>[39m {[0m



https://nextjs.org/docs/messages/module-not-found


./src/app/[locale]/deals/page.tsx:19:1
Module not found: Can't resolve '@/actions/deals'
[0m [90m 17 |[39m [36mimport[39m [33mAddDealForm[39m 
[36mfrom[39m 
[32m"@/components/deals/add-deal-form"[39m[33m;[39m
 [90m 18 |[39m [36mimport[39m [33mDealsTable[39m 
[36mfrom[39m 
[32m"@/components/shared/deals-table"[39m[33m;[39m
[31m[1m>[22m[39m[90m 19 |[39m [36mimport[39m { 
getDirectDeals } [36mfrom[39m 
[32m"@/actions/deals"[39m[33m;[39m
 [90m    |[39m [31m[1m^[22m[39m[31m[1m^[22m[39m[31m[1
m^[22m[39m[31m[1m^[22m[39m[31m[1m^[22m[39m[31m[1m^[2
2m[39m[31m[1m^[22m[39m[31m[1m^[22m[39m[31m[1m^[22m[3
9m[31m[1m^[22m[39m[31m[1m^[22m[39m[31m[1m^[22m[39m[3
1m[1m^[22m[39m[31m[1m^[22m[39m[31m[1m^[22m[39m[31m[1
m^[22m[39m[31m[1m^[22m[39m[31m[1m^[22m[39m[31m[1m^[2
2m[39m[31m[1m^[22m[39m[31m[1m^[22m[39m[31m[1m^[22m[3
9m[31m[1m^[22m[39m[31m[1m^[22m[39m[31m[1m^[22m[39m[3
1m[1m^[22m[39m[31m[1m^[22m[39m[31m[1m^[22m[39m[31m[1
m^[22m[39m[31m[1m^[22m[39m[31m[1m^[22m[39m[31m[1m^[2
2m[39m[31m[1m^[22m[39m[31m[1m^[22m[39m[31m[1m^[22m[3
9m[31m[1m^[22m[39m[31m[1m^[22m[39m[31m[1m^[22m[39m[3
1m[1m^[22m[39m[31m[1m^[22m[39m[31m[1m^[22m[39m[31m[1
m^[22m[39m[31m[1m^[22m[39m[31m[1m^[22m[39m[31m[1m^[2
2m[39m[31m[1m^[22m[39m[31m[1m^[22m[39m[31m[1m^[22m[3
9m[31m[1m^[22m[39m
 [90m 20 |[39m [36mimport[39m { toast } [36mfrom[39m 
[32m"sonner"[39m[33m;[39m
 [90m 21 |[39m
 [90m 22 |[39m [36mconst[39m [33mPage[39m [33m=[39m () 
[33m=>[39m {[0m



https://nextjs.org/docs/messages/module-not-found


./src/app/[locale]/estats/[slug]/page.tsx:11:1
Module not found: Can't resolve '@/assets/ryal.svg'
[0m [90m  9 |[39m   [33mMdOutlineTsunami[39m[33m,[39m
 [90m 10 |[39m } [36mfrom[39m 
[32m"react-icons/md"[39m[33m;[39m
[31m[1m>[22m[39m[90m 11 |[39m [36mimport[39m ryal 
[36mfrom[39m [32m"@/assets/ryal.svg"[39m[33m;[39m
 [90m    |[39m [31m[1m^[22m[39m[31m[1m^[22m[39m[31m[1
m^[22m[39m[31m[1m^[22m[39m[31m[1m^[22m[39m[31m[1m^[2
2m[39m[31m[1m^[22m[39m[31m[1m^[22m[39m[31m[1m^[22m[3
9m[31m[1m^[22m[39m[31m[1m^[22m[39m[31m[1m^[22m[39m[3
1m[1m^[22m[39m[31m[1m^[22m[39m[31m[1m^[22m[39m[31m[1
m^[22m[39m[31m[1m^[22m[39m[31m[1m^[22m[39m[31m[1m^[2
2m[39m[31m[1m^[22m[39m[31m[1m^[22m[39m[31m[1m^[22m[3
9m[31m[1m^[22m[39m[31m[1m^[22m[39m[31m[1m^[22m[39m[3
1m[1m^[22m[39m[31m[1m^[22m[39m[31m[1m^[22m[39m[31m[1
m^[22m[39m[31m[1m^[22m[39m[31m[1m^[22m[39m[31m[1m^[2
2m[39m[31m[1m^[22m[39m[31m[1m^[22m[39m[31m[1m^[22m[3
9m[31m[1m^[22m[39m[31m[1m^[22m[39m
 [90m 12 |[39m [36mimport[39m [33mImage[39m [36mfrom[39m 
[32m"next/image"[39m[33m;[39m
 [90m 13 |[39m [36mimport[39m { [33mTiHomeOutline[39m } 
[36mfrom[39m [32m"react-icons/ti"[39m[33m;[39m
 [90m 14 |[39m [36mimport[39m { 
[33mIoIosCheckmarkCircle[39m } [36mfrom[39m 
[32m"react-icons/io"[39m[33m;[39m[0m



https://nextjs.org/docs/messages/module-not-found


./src/app/[locale]/estats/[slug]/page.tsx:11:1
Module not found: Can't resolve '@/assets/ryal.svg'
[0m [90m  9 |[39m   [33mMdOutlineTsunami[39m[33m,[39m
 [90m 10 |[39m } [36mfrom[39m 
[32m"react-icons/md"[39m[33m;[39m
[31m[1m>[22m[39m[90m 11 |[39m [36mimport[39m ryal 
[36mfrom[39m [32m"@/assets/ryal.svg"[39m[33m;[39m
 [90m    |[39m [31m[1m^[22m[39m[31m[1m^[22m[39m[31m[1
m^[22m[39m[31m[1m^[22m[39m[31m[1m^[22m[39m[31m[1m^[2
2m[39m[31m[1m^[22m[39m[31m[1m^[22m[39m[31m[1m^[22m[3
9m[31m[1m^[22m[39m[31m[1m^[22m[39m[31m[1m^[22m[39m[3
1m[1m^[22m[39m[31m[1m^[22m[39m[31m[1m^[22m[39m[31m[1
m^[22m[39m[31m[1m^[22m[39m[31m[1m^[22m[39m[31m[1m^[2
2m[39m[31m[1m^[22m[39m[31m[1m^[22m[39m[31m[1m^[22m[3
9m[31m[1m^[22m[39m[31m[1m^[22m[39m[31m[1m^[22m[39m[3
1m[1m^[22m[39m[31m[1m^[22m[39m[31m[1m^[22m[39m[31m[1
m^[22m[39m[31m[1m^[22m[39m[31m[1m^[22m[39m[31m[1m^[2
2m[39m[31m[1m^[22m[39m[31m[1m^[22m[39m[31m[1m^[22m[3
9m[31m[1m^[22m[39m[31m[1m^[22m[39m
 [90m 12 |[39m [36mimport[39m [33mImage[39m [36mfrom[39m 
[32m"next/image"[39m[33m;[39m
 [90m 13 |[39m [36mimport[39m { [33mTiHomeOutline[39m } 
[36mfrom[39m [32m"react-icons/ti"[39m[33m;[39m
 [90m 14 |[39m [36mimport[39m { 
[33mIoIosCheckmarkCircle[39m } [36mfrom[39m 
[32m"react-icons/io"[39m[33m;[39m[0m



https://nextjs.org/docs/messages/module-not-found


./src/app/[locale]/auth/forgot-password/page.tsx:1:1
Module not found: Can't resolve '@/components/auth/forget-form'
[0m[31m[1m>[22m[39m[90m 1 |[39m [36mimport[39m 
[33mForgetForm[39m [36mfrom[39m 
[32m'@/components/auth/forget-form'[39m
 [90m   |[39m [31m[1m^[22m[39m[31m[1m^[22m[39m[31m[1m
^[22m[39m[31m[1m^[22m[39m[31m[1m^[22m[39m[31m[1m^[22
m[39m[31m[1m^[22m[39m[31m[1m^[22m[39m[31m[1m^[22m[39
m[31m[1m^[22m[39m[31m[1m^[22m[39m[31m[1m^[22m[39m[31
m[1m^[22m[39m[31m[1m^[22m[39m[31m[1m^[22m[39m[31m[1m
^[22m[39m[31m[1m^[22m[39m[31m[1m^[22m[39m[31m[1m^[22
m[39m[31m[1m^[22m[39m[31m[1m^[22m[39m[31m[1m^[22m[39
m[31m[1m^[22m[39m[31m[1m^[22m[39m[31m[1m^[22m[39m[31
m[1m^[22m[39m[31m[1m^[22m[39m[31m[1m^[22m[39m[31m[1m
^[22m[39m[31m[1m^[22m[39m[31m[1m^[22m[39m[31m[1m^[22
m[39m[31m[1m^[22m[39m[31m[1m^[22m[39m[31m[1m^[22m[39
m[31m[1m^[22m[39m[31m[1m^[22m[39m[31m[1m^[22m[39m[31
m[1m^[22m[39m[31m[1m^[22m[39m[31m[1m^[22m[39m[31m[1m
^[22m[39m[31m[1m^[22m[39m[31m[1m^[22m[39m[31m[1m^[22
m[39m[31m[1m^[22m[39m[31m[1m^[22m[39m[31m[1m^[22m[39
m[31m[1m^[22m[39m[31m[1m^[22m[39m[31m[1m^[22m[39m[31
m[1m^[22m[39m[31m[1m^[22m[39m[31m[1m^[22m[39m
 [90m 2 |[39m [36mimport[39m [33mCustomBreadcrumbs[39m 
[36mfrom[39m [32m'@/components/shared/custom-breadcrumbs'[39m
 [90m 3 |[39m [36mimport[39m [33mImage[39m [36mfrom[39m 
[32m'next/image'[39m
 [90m 4 |[39m [36mimport[39m { useTranslations } 
[36mfrom[39m [32m'next-intl'[39m[0m



https://nextjs.org/docs/messages/module-not-found


./src/app/[locale]/auth/forgot-password/page.tsx:1:1
Module not found: Can't resolve '@/components/auth/forget-form'
[0m[31m[1m>[22m[39m[90m 1 |[39m [36mimport[39m 
[33mForgetForm[39m [36mfrom[39m 
[32m'@/components/auth/forget-form'[39m
 [90m   |[39m [31m[1m^[22m[39m[31m[1m^[22m[39m[31m[1m
^[22m[39m[31m[1m^[22m[39m[31m[1m^[22m[39m[31m[1m^[22
m[39m[31m[1m^[22m[39m[31m[1m^[22m[39m[31m[1m^[22m[39
m[31m[1m^[22m[39m[31m[1m^[22m[39m[31m[1m^[22m[39m[31
m[1m^[22m[39m[31m[1m^[22m[39m[31m[1m^[22m[39m[31m[1m
^[22m[39m[31m[1m^[22m[39m[31m[1m^[22m[39m[31m[1m^[22
m[39m[31m[1m^[22m[39m[31m[1m^[22m[39m[31m[1m^[22m[39
m[31m[1m^[22m[39m[31m[1m^[22m[39m[31m[1m^[22m[39m[31
m[1m^[22m[39m[31m[1m^[22m[39m[31m[1m^[22m[39m[31m[1m
^[22m[39m[31m[1m^[22m[39m[31m[1m^[22m[39m[31m[1m^[22
m[39m[31m[1m^[22m[39m[31m[1m^[22m[39m[31m[1m^[22m[39
m[31m[1m^[22m[39m[31m[1m^[22m[39m[31m[1m^[22m[39m[31
m[1m^[22m[39m[31m[1m^[22m[39m[31m[1m^[22m[39m[31m[1m
^[22m[39m[31m[1m^[22m[39m[31m[1m^[22m[39m[31m[1m^[22
m[39m[31m[1m^[22m[39m[31m[1m^[22m[39m[31m[1m^[22m[39
m[31m[1m^[22m[39m[31m[1m^[22m[39m[31m[1m^[22m[39m[31
m[1m^[22m[39m[31m[1m^[22m[39m[31m[1m^[22m[39m
 [90m 2 |[39m [36mimport[39m [33mCustomBreadcrumbs[39m 
[36mfrom[39m [32m'@/components/shared/custom-breadcrumbs'[39m
 [90m 3 |[39m [36mimport[39m [33mImage[39m [36mfrom[39m 
[32m'next/image'[39m
 [90m 4 |[39m [36mimport[39m { useTranslations } 
[36mfrom[39m [32m'next-intl'[39m[0m



https://nextjs.org/docs/messages/module-not-found


./src/app/[locale]/auth/login/page.tsx:3:1
Module not found: Can't resolve '@/components/auth/login-form'
[0m [90m 1 |[39m [36mimport[39m [33mReact[39m 
[36mfrom[39m [32m'react'[39m
 [90m 2 |[39m [36mimport[39m [33mImage[39m [36mfrom[39m 
[32m'next/image'[39m
[31m[1m>[22m[39m[90m 3 |[39m [36mimport[39m 
[33mLoginForm[39m [36mfrom[39m 
[32m'@/components/auth/login-form'[39m
 [90m   |[39m [31m[1m^[22m[39m[31m[1m^[22m[39m[31m[1m
^[22m[39m[31m[1m^[22m[39m[31m[1m^[22m[39m[31m[1m^[22
m[39m[31m[1m^[22m[39m[31m[1m^[22m[39m[31m[1m^[22m[39
m[31m[1m^[22m[39m[31m[1m^[22m[39m[31m[1m^[22m[39m[31
m[1m^[22m[39m[31m[1m^[22m[39m[31m[1m^[22m[39m[31m[1m
^[22m[39m[31m[1m^[22m[39m[31m[1m^[22m[39m[31m[1m^[22
m[39m[31m[1m^[22m[39m[31m[1m^[22m[39m[31m[1m^[22m[39
m[31m[1m^[22m[39m[31m[1m^[22m[39m[31m[1m^[22m[39m[31
m[1m^[22m[39m[31m[1m^[22m[39m[31m[1m^[22m[39m[31m[1m
^[22m[39m[31m[1m^[22m[39m[31m[1m^[22m[39m[31m[1m^[22
m[39m[31m[1m^[22m[39m[31m[1m^[22m[39m[31m[1m^[22m[39
m[31m[1m^[22m[39m[31m[1m^[22m[39m[31m[1m^[22m[39m[31
m[1m^[22m[39m[31m[1m^[22m[39m[31m[1m^[22m[39m[31m[1m
^[22m[39m[31m[1m^[22m[39m[31m[1m^[22m[39m[31m[1m^[22
m[39m[31m[1m^[22m[39m[31m[1m^[22m[39m[31m[1m^[22m[39
m[31m[1m^[22m[39m[31m[1m^[22m[39m[31m[1m^[22m[39m[31
m[1m^[22m[39m
 [90m 4 |[39m [36mimport[39m [33mCustomBreadcrumbs[39m 
[36mfrom[39m [32m'@/components/shared/custom-breadcrumbs'[39m
 [90m 5 |[39m [36mimport[39m { useTranslations } 
[36mfrom[39m [32m'next-intl'[39m
 [90m 6 |[39m[0m



https://nextjs.org/docs/messages/module-not-found


./src/app/[locale]/auth/login/page.tsx:3:1
Module not found: Can't resolve '@/components/auth/login-form'
[0m [90m 1 |[39m [36mimport[39m [33mReact[39m 
[36mfrom[39m [32m'react'[39m
 [90m 2 |[39m [36mimport[39m [33mImage[39m [36mfrom[39m 
[32m'next/image'[39m
[31m[1m>[22m[39m[90m 3 |[39m [36mimport[39m 
[33mLoginForm[39m [36mfrom[39m 
[32m'@/components/auth/login-form'[39m
 [90m   |[39m [31m[1m^[22m[39m[31m[1m^[22m[39m[31m[1m
^[22m[39m[31m[1m^[22m[39m[31m[1m^[22m[39m[31m[1m^[22
m[39m[31m[1m^[22m[39m[31m[1m^[22m[39m[31m[1m^[22m[39
m[31m[1m^[22m[39m[31m[1m^[22m[39m[31m[1m^[22m[39m[31
m[1m^[22m[39m[31m[1m^[22m[39m[31m[1m^[22m[39m[31m[1m
^[22m[39m[31m[1m^[22m[39m[31m[1m^[22m[39m[31m[1m^[22
m[39m[31m[1m^[22m[39m[31m[1m^[22m[39m[31m[1m^[22m[39
m[31m[1m^[22m[39m[31m[1m^[22m[39m[31m[1m^[22m[39m[31
m[1m^[22m[39m[31m[1m^[22m[39m[31m[1m^[22m[39m[31m[1m
^[22m[39m[31m[1m^[22m[39m[31m[1m^[22m[39m[31m[1m^[22
m[39m[31m[1m^[22m[39m[31m[1m^[22m[39m[31m[1m^[22m[39
m[31m[1m^[22m[39m[31m[1m^[22m[39m[31m[1m^[22m[39m[31
m[1m^[22m[39m[31m[1m^[22m[39m[31m[1m^[22m[39m[31m[1m
^[22m[39m[31m[1m^[22m[39m[31m[1m^[22m[39m[31m[1m^[22
m[39m[31m[1m^[22m[39m[31m[1m^[22m[39m[31m[1m^[22m[39
m[31m[1m^[22m[39m[31m[1m^[22m[39m[31m[1m^[22m[39m[31
m[1m^[22m[39m
 [90m 4 |[39m [36mimport[39m [33mCustomBreadcrumbs[39m 
[36mfrom[39m [32m'@/components/shared/custom-breadcrumbs'[39m
 [90m 5 |[39m [36mimport[39m { useTranslations } 
[36mfrom[39m [32m'next-intl'[39m
 [90m 6 |[39m[0m



https://nextjs.org/docs/messages/module-not-found


./src/app/[locale]/auth/new-password/page.tsx:5:1
Module not found: Can't resolve 
'@/components/auth/new-password-form'
[0m [90m 3 |[39m [36mimport[39m [33mLoginForm[39m 
[36mfrom[39m [32m'@/components/auth/login-form'[39m
 [90m 4 |[39m [36mimport[39m [33mCustomBreadcrumbs[39m 
[36mfrom[39m [32m'@/components/shared/custom-breadcrumbs'[39m
[31m[1m>[22m[39m[90m 5 |[39m [36mimport[39m 
[33mNewPasswordForm[39m [36mfrom[39m 
[32m'@/components/auth/new-password-form'[39m
 [90m   |[39m [31m[1m^[22m[39m[31m[1m^[22m[39m[31m[1m
^[22m[39m[31m[1m^[22m[39m[31m[1m^[22m[39m[31m[1m^[22
m[39m[31m[1m^[22m[39m[31m[1m^[22m[39m[31m[1m^[22m[39
m[31m[1m^[22m[39m[31m[1m^[22m[39m[31m[1m^[22m[39m[31
m[1m^[22m[39m[31m[1m^[22m[39m[31m[1m^[22m[39m[31m[1m
^[22m[39m[31m[1m^[22m[39m[31m[1m^[22m[39m[31m[1m^[22
m[39m[31m[1m^[22m[39m[31m[1m^[22m[39m[31m[1m^[22m[39
m[31m[1m^[22m[39m[31m[1m^[22m[39m[31m[1m^[22m[39m[31
m[1m^[22m[39m[31m[1m^[22m[39m[31m[1m^[22m[39m[31m[1m
^[22m[39m[31m[1m^[22m[39m[31m[1m^[22m[39m[31m[1m^[22
m[39m[31m[1m^[22m[39m[31m[1m^[22m[39m[31m[1m^[22m[39
m[31m[1m^[22m[39m[31m[1m^[22m[39m[31m[1m^[22m[39m[31
m[1m^[22m[39m[31m[1m^[22m[39m[31m[1m^[22m[39m[31m[1m
^[22m[39m[31m[1m^[22m[39m[31m[1m^[22m[39m[31m[1m^[22
m[39m[31m[1m^[22m[39m[31m[1m^[22m[39m[31m[1m^[22m[39
m[31m[1m^[22m[39m[31m[1m^[22m[39m[31m[1m^[22m[39m[31
m[1m^[22m[39m[31m[1m^[22m[39m[31m[1m^[22m[39m[31m[1m
^[22m[39m[31m[1m^[22m[39m[31m[1m^[22m[39m[31m[1m^[22
m[39m[31m[1m^[22m[39m[31m[1m^[22m[39m[31m[1m^[22m[39
m[31m[1m^[22m[39m[31m[1m^[22m[39m[31m[1m^[22m[39m[31
m[1m^[22m[39m
 [90m 6 |[39m [36mimport[39m { useTranslations } 
[36mfrom[39m [32m'next-intl'[39m
 [90m 7 |[39m
 [90m 8 |[39m [36mconst[39m [33mNewPasswordPage[39m 
[33m=[39m () [33m=>[39m {[0m



https://nextjs.org/docs/messages/module-not-found


./src/app/[locale]/auth/new-password/page.tsx:5:1
Module not found: Can't resolve 
'@/components/auth/new-password-form'
[0m [90m 3 |[39m [36mimport[39m [33mLoginForm[39m 
[36mfrom[39m [32m'@/components/auth/login-form'[39m
 [90m 4 |[39m [36mimport[39m [33mCustomBreadcrumbs[39m 
[36mfrom[39m [32m'@/components/shared/custom-breadcrumbs'[39m
[31m[1m>[22m[39m[90m 5 |[39m [36mimport[39m 
[33mNewPasswordForm[39m [36mfrom[39m 
[32m'@/components/auth/new-password-form'[39m
 [90m   |[39m [31m[1m^[22m[39m[31m[1m^[22m[39m[31m[1m
^[22m[39m[31m[1m^[22m[39m[31m[1m^[22m[39m[31m[1m^[22
m[39m[31m[1m^[22m[39m[31m[1m^[22m[39m[31m[1m^[22m[39
m[31m[1m^[22m[39m[31m[1m^[22m[39m[31m[1m^[22m[39m[31
m[1m^[22m[39m[31m[1m^[22m[39m[31m[1m^[22m[39m[31m[1m
^[22m[39m[31m[1m^[22m[39m[31m[1m^[22m[39m[31m[1m^[22
m[39m[31m[1m^[22m[39m[31m[1m^[22m[39m[31m[1m^[22m[39
m[31m[1m^[22m[39m[31m[1m^[22m[39m[31m[1m^[22m[39m[31
m[1m^[22m[39m[31m[1m^[22m[39m[31m[1m^[22m[39m[31m[1m
^[22m[39m[31m[1m^[22m[39m[31m[1m^[22m[39m[31m[1m^[22
m[39m[31m[1m^[22m[39m[31m[1m^[22m[39m[31m[1m^[22m[39
m[31m[1m^[22m[39m[31m[1m^[22m[39m[31m[1m^[22m[39m[31
m[1m^[22m[39m[31m[1m^[22m[39m[31m[1m^[22m[39m[31m[1m
^[22m[39m[31m[1m^[22m[39m[31m[1m^[22m[39m[31m[1m^[22
m[39m[31m[1m^[22m[39m[31m[1m^[22m[39m[31m[1m^[22m[39
m[31m[1m^[22m[39m[31m[1m^[22m[39m[31m[1m^[22m[39m[31
m[1m^[22m[39m[31m[1m^[22m[39m[31m[1m^[22m[39m[31m[1m
^[22m[39m[31m[1m^[22m[39m[31m[1m^[22m[39m[31m[1m^[22
m[39m[31m[1m^[22m[39m[31m[1m^[22m[39m[31m[1m^[22m[39
m[31m[1m^[22m[39m[31m[1m^[22m[39m[31m[1m^[22m[39m[31
m[1m^[22m[39m
 [90m 6 |[39m [36mimport[39m { useTranslations } 
[36mfrom[39m [32m'next-intl'[39m
 [90m 7 |[39m
 [90m 8 |[39m [36mconst[39m [33mNewPasswordPage[39m 
[33m=[39m () [33m=>[39m {[0m



https://nextjs.org/docs/messages/module-not-found


./src/app/[locale]/auth/verfiy-otp/page.tsx:4:1
Module not found: Can't resolve '@/components/auth/otp-form'
[0m [90m 2 |[39m [36mimport[39m [33mCustomBreadcrumbs[39m 
[36mfrom[39m [32m'@/components/shared/custom-breadcrumbs'[39m
 [90m 3 |[39m [36mimport[39m [33mImage[39m [36mfrom[39m 
[32m'next/image'[39m
[31m[1m>[22m[39m[90m 4 |[39m [36mimport[39m 
[33mOtpForm[39m [36mfrom[39m 
[32m'@/components/auth/otp-form'[39m
 [90m   |[39m [31m[1m^[22m[39m[31m[1m^[22m[39m[31m[1m
^[22m[39m[31m[1m^[22m[39m[31m[1m^[22m[39m[31m[1m^[22
m[39m[31m[1m^[22m[39m[31m[1m^[22m[39m[31m[1m^[22m[39
m[31m[1m^[22m[39m[31m[1m^[22m[39m[31m[1m^[22m[39m[31
m[1m^[22m[39m[31m[1m^[22m[39m[31m[1m^[22m[39m[31m[1m
^[22m[39m[31m[1m^[22m[39m[31m[1m^[22m[39m[31m[1m^[22
m[39m[31m[1m^[22m[39m[31m[1m^[22m[39m[31m[1m^[22m[39
m[31m[1m^[22m[39m[31m[1m^[22m[39m[31m[1m^[22m[39m[31
m[1m^[22m[39m[31m[1m^[22m[39m[31m[1m^[22m[39m[31m[1m
^[22m[39m[31m[1m^[22m[39m[31m[1m^[22m[39m[31m[1m^[22
m[39m[31m[1m^[22m[39m[31m[1m^[22m[39m[31m[1m^[22m[39
m[31m[1m^[22m[39m[31m[1m^[22m[39m[31m[1m^[22m[39m[31
m[1m^[22m[39m[31m[1m^[22m[39m[31m[1m^[22m[39m[31m[1m
^[22m[39m[31m[1m^[22m[39m[31m[1m^[22m[39m[31m[1m^[22
m[39m[31m[1m^[22m[39m[31m[1m^[22m[39m[31m[1m^[22m[39
m
 [90m 5 |[39m [36mimport[39m { useTranslations } 
[36mfrom[39m [32m'next-intl'[39m
 [90m 6 |[39m
 [90m 7 |[39m [36mconst[39m [33mVrefiyOtpPage[39m 
[33m=[39m () [33m=>[39m {[0m



https://nextjs.org/docs/messages/module-not-found


./src/app/[locale]/auth/verfiy-otp/page.tsx:4:1
Module not found: Can't resolve '@/components/auth/otp-form'
[0m [90m 2 |[39m [36mimport[39m [33mCustomBreadcrumbs[39m 
[36mfrom[39m [32m'@/components/shared/custom-breadcrumbs'[39m
 [90m 3 |[39m [36mimport[39m [33mImage[39m [36mfrom[39m 
[32m'next/image'[39m
[31m[1m>[22m[39m[90m 4 |[39m [36mimport[39m 
[33mOtpForm[39m [36mfrom[39m 
[32m'@/components/auth/otp-form'[39m
 [90m   |[39m [31m[1m^[22m[39m[31m[1m^[22m[39m[31m[1m
^[22m[39m[31m[1m^[22m[39m[31m[1m^[22m[39m[31m[1m^[22
m[39m[31m[1m^[22m[39m[31m[1m^[22m[39m[31m[1m^[22m[39
m[31m[1m^[22m[39m[31m[1m^[22m[39m[31m[1m^[22m[39m[31
m[1m^[22m[39m[31m[1m^[22m[39m[31m[1m^[22m[39m[31m[1m
^[22m[39m[31m[1m^[22m[39m[31m[1m^[22m[39m[31m[1m^[22
m[39m[31m[1m^[22m[39m[31m[1m^[22m[39m[31m[1m^[22m[39
m[31m[1m^[22m[39m[31m[1m^[22m[39m[31m[1m^[22m[39m[31
m[1m^[22m[39m[31m[1m^[22m[39m[31m[1m^[22m[39m[31m[1m
^[22m[39m[31m[1m^[22m[39m[31m[1m^[22m[39m[31m[1m^[22
m[39m[31m[1m^[22m[39m[31m[1m^[22m[39m[31m[1m^[22m[39
m[31m[1m^[22m[39m[31m[1m^[22m[39m[31m[1m^[22m[39m[31
m[1m^[22m[39m[31m[1m^[22m[39m[31m[1m^[22m[39m[31m[1m
^[22m[39m[31m[1m^[22m[39m[31m[1m^[22m[39m[31m[1m^[22
m[39m[31m[1m^[22m[39m[31m[1m^[22m[39m[31m[1m^[22m[39
m
 [90m 5 |[39m [36mimport[39m { useTranslations } 
[36mfrom[39m [32m'next-intl'[39m
 [90m 6 |[39m
 [90m 7 |[39m [36mconst[39m [33mVrefiyOtpPage[39m 
[33m=[39m () [33m=>[39m {[0m



https://nextjs.org/docs/messages/module-not-found


./src/app/[locale]/auth/reset-code/page.tsx:6:1
Module not found: Can't resolve 
'@/components/auth/reset-code-form'
[0m [90m 4 |[39m [36mimport[39m [33mOtpForm[39m 
[36mfrom[39m [32m'@/components/auth/otp-form'[39m
 [90m 5 |[39m [36mimport[39m { useTranslations } 
[36mfrom[39m [32m'next-intl'[39m
[31m[1m>[22m[39m[90m 6 |[39m [36mimport[39m 
[33mResetCodeForm[39m [36mfrom[39m 
[32m'@/components/auth/reset-code-form'[39m
 [90m   |[39m [31m[1m^[22m[39m[31m[1m^[22m[39m[31m[1m
^[22m[39m[31m[1m^[22m[39m[31m[1m^[22m[39m[31m[1m^[22
m[39m[31m[1m^[22m[39m[31m[1m^[22m[39m[31m[1m^[22m[39
m[31m[1m^[22m[39m[31m[1m^[22m[39m[31m[1m^[22m[39m[31
m[1m^[22m[39m[31m[1m^[22m[39m[31m[1m^[22m[39m[31m[1m
^[22m[39m[31m[1m^[22m[39m[31m[1m^[22m[39m[31m[1m^[22
m[39m[31m[1m^[22m[39m[31m[1m^[22m[39m[31m[1m^[22m[39
m[31m[1m^[22m[39m[31m[1m^[22m[39m[31m[1m^[22m[39m[31
m[1m^[22m[39m[31m[1m^[22m[39m[31m[1m^[22m[39m[31m[1m
^[22m[39m[31m[1m^[22m[39m[31m[1m^[22m[39m[31m[1m^[22
m[39m[31m[1m^[22m[39m[31m[1m^[22m[39m[31m[1m^[22m[39
m[31m[1m^[22m[39m[31m[1m^[22m[39m[31m[1m^[22m[39m[31
m[1m^[22m[39m[31m[1m^[22m[39m[31m[1m^[22m[39m[31m[1m
^[22m[39m[31m[1m^[22m[39m[31m[1m^[22m[39m[31m[1m^[22
m[39m[31m[1m^[22m[39m[31m[1m^[22m[39m[31m[1m^[22m[39
m[31m[1m^[22m[39m[31m[1m^[22m[39m[31m[1m^[22m[39m[31
m[1m^[22m[39m[31m[1m^[22m[39m[31m[1m^[22m[39m[31m[1m
^[22m[39m[31m[1m^[22m[39m[31m[1m^[22m[39m[31m[1m^[22
m[39m[31m[1m^[22m[39m[31m[1m^[22m[39m[31m[1m^[22m[39
m
 [90m 7 |[39m
 [90m 8 |[39m [36mconst[39m [33mVrefiyOtpPage[39m 
[33m=[39m () [33m=>[39m {
 [90m 9 |[39m   [36mconst[39m t [33m=[39m 
useTranslations([32m"otp"[39m)[0m



https://nextjs.org/docs/messages/module-not-found


./src/app/[locale]/auth/reset-code/page.tsx:6:1
Module not found: Can't resolve 
'@/components/auth/reset-code-form'
[0m [90m 4 |[39m [36mimport[39m [33mOtpForm[39m 
[36mfrom[39m [32m'@/components/auth/otp-form'[39m
 [90m 5 |[39m [36mimport[39m { useTranslations } 
[36mfrom[39m [32m'next-intl'[39m
[31m[1m>[22m[39m[90m 6 |[39m [36mimport[39m 
[33mResetCodeForm[39m [36mfrom[39m 
[32m'@/components/auth/reset-code-form'[39m
 [90m   |[39m [31m[1m^[22m[39m[31m[1m^[22m[39m[31m[1m
^[22m[39m[31m[1m^[22m[39m[31m[1m^[22m[39m[31m[1m^[22
m[39m[31m[1m^[22m[39m[31m[1m^[22m[39m[31m[1m^[22m[39
m[31m[1m^[22m[39m[31m[1m^[22m[39m[31m[1m^[22m[39m[31
m[1m^[22m[39m[31m[1m^[22m[39m[31m[1m^[22m[39m[31m[1m
^[22m[39m[31m[1m^[22m[39m[31m[1m^[22m[39m[31m[1m^[22
m[39m[31m[1m^[22m[39m[31m[1m^[22m[39m[31m[1m^[22m[39
m[31m[1m^[22m[39m[31m[1m^[22m[39m[31m[1m^[22m[39m[31
m[1m^[22m[39m[31m[1m^[22m[39m[31m[1m^[22m[39m[31m[1m
^[22m[39m[31m[1m^[22m[39m[31m[1m^[22m[39m[31m[1m^[22
m[39m[31m[1m^[22m[39m[31m[1m^[22m[39m[31m[1m^[22m[39
m[31m[1m^[22m[39m[31m[1m^[22m[39m[31m[1m^[22m[39m[31
m[1m^[22m[39m[31m[1m^[22m[39m[31m[1m^[22m[39m[31m[1m
^[22m[39m[31m[1m^[22m[39m[31m[1m^[22m[39m[31m[1m^[22
m[39m[31m[1m^[22m[39m[31m[1m^[22m[39m[31m[1m^[22m[39
m[31m[1m^[22m[39m[31m[1m^[22m[39m[31m[1m^[22m[39m[31
m[1m^[22m[39m[31m[1m^[22m[39m[31m[1m^[22m[39m[31m[1m
^[22m[39m[31m[1m^[22m[39m[31m[1m^[22m[39m[31m[1m^[22
m[39m[31m[1m^[22m[39m[31m[1m^[22m[39m[31m[1m^[22m[39
m
 [90m 7 |[39m
 [90m 8 |[39m [36mconst[39m [33mVrefiyOtpPage[39m 
[33m=[39m () [33m=>[39m {
 [90m 9 |[39m   [36mconst[39m t [33m=[39m 
useTranslations([32m"otp"[39m)[0m



https://nextjs.org/docs/messages/module-not-found


./src/app/[locale]/auth/sign-up/page.tsx:4:1
Module not found: Can't resolve '@/components/auth/sign-up-form'
[0m [90m 2 |[39m [36mimport[39m [33mReact[39m 
[36mfrom[39m [32m'react'[39m
 [90m 3 |[39m [36mimport[39m [33mImage[39m [36mfrom[39m 
[32m'next/image'[39m
[31m[1m>[22m[39m[90m 4 |[39m [36mimport[39m 
[33mSignUpForm[39m [36mfrom[39m 
[32m'@/components/auth/sign-up-form'[39m
 [90m   |[39m [31m[1m^[22m[39m[31m[1m^[22m[39m[31m[1m
^[22m[39m[31m[1m^[22m[39m[31m[1m^[22m[39m[31m[1m^[22
m[39m[31m[1m^[22m[39m[31m[1m^[22m[39m[31m[1m^[22m[39
m[31m[1m^[22m[39m[31m[1m^[22m[39m[31m[1m^[22m[39m[31
m[1m^[22m[39m[31m[1m^[22m[39m[31m[1m^[22m[39m[31m[1m
^[22m[39m[31m[1m^[22m[39m[31m[1m^[22m[39m[31m[1m^[22
m[39m[31m[1m^[22m[39m[31m[1m^[22m[39m[31m[1m^[22m[39
m[31m[1m^[22m[39m[31m[1m^[22m[39m[31m[1m^[22m[39m[31
m[1m^[22m[39m[31m[1m^[22m[39m[31m[1m^[22m[39m[31m[1m
^[22m[39m[31m[1m^[22m[39m[31m[1m^[22m[39m[31m[1m^[22
m[39m[31m[1m^[22m[39m[31m[1m^[22m[39m[31m[1m^[22m[39
m[31m[1m^[22m[39m[31m[1m^[22m[39m[31m[1m^[22m[39m[31
m[1m^[22m[39m[31m[1m^[22m[39m[31m[1m^[22m[39m[31m[1m
^[22m[39m[31m[1m^[22m[39m[31m[1m^[22m[39m[31m[1m^[22
m[39m[31m[1m^[22m[39m[31m[1m^[22m[39m[31m[1m^[22m[39
m[31m[1m^[22m[39m[31m[1m^[22m[39m[31m[1m^[22m[39m[31
m[1m^[22m[39m[31m[1m^[22m[39m[31m[1m^[22m[39m[31m[1m
^[22m[39m
 [90m 5 |[39m [36mimport[39m { useTranslations } 
[36mfrom[39m [32m'next-intl'[39m
 [90m 6 |[39m [36mconst[39m [33mSignUpPage[39m [33m=[39m 
() [33m=>[39m {
 [90m 7 |[39m   [36mconst[39m t [33m=[39m 
useTranslations([32m"sign_up"[39m)[0m



https://nextjs.org/docs/messages/module-not-found


./src/app/[locale]/auth/sign-up/page.tsx:4:1
Module not found: Can't resolve '@/components/auth/sign-up-form'
[0m [90m 2 |[39m [36mimport[39m [33mReact[39m 
[36mfrom[39m [32m'react'[39m
 [90m 3 |[39m [36mimport[39m [33mImage[39m [36mfrom[39m 
[32m'next/image'[39m
[31m[1m>[22m[39m[90m 4 |[39m [36mimport[39m 
[33mSignUpForm[39m [36mfrom[39m 
[32m'@/components/auth/sign-up-form'[39m
 [90m   |[39m [31m[1m^[22m[39m[31m[1m^[22m[39m[31m[1m
^[22m[39m[31m[1m^[22m[39m[31m[1m^[22m[39m[31m[1m^[22
m[39m[31m[1m^[22m[39m[31m[1m^[22m[39m[31m[1m^[22m[39
m[31m[1m^[22m[39m[31m[1m^[22m[39m[31m[1m^[22m[39m[31
m[1m^[22m[39m[31m[1m^[22m[39m[31m[1m^[22m[39m[31m[1m
^[22m[39m[31m[1m^[22m[39m[31m[1m^[22m[39m[31m[1m^[22
m[39m[31m[1m^[22m[39m[31m[1m^[22m[39m[31m[1m^[22m[39
m[31m[1m^[22m[39m[31m[1m^[22m[39m[31m[1m^[22m[39m[31
m[1m^[22m[39m[31m[1m^[22m[39m[31m[1m^[22m[39m[31m[1m
^[22m[39m[31m[1m^[22m[39m[31m[1m^[22m[39m[31m[1m^[22
m[39m[31m[1m^[22m[39m[31m[1m^[22m[39m[31m[1m^[22m[39
m[31m[1m^[22m[39m[31m[1m^[22m[39m[31m[1m^[22m[39m[31
m[1m^[22m[39m[31m[1m^[22m[39m[31m[1m^[22m[39m[31m[1m
^[22m[39m[31m[1m^[22m[39m[31m[1m^[22m[39m[31m[1m^[22
m[39m[31m[1m^[22m[39m[31m[1m^[22m[39m[31m[1m^[22m[39
m[31m[1m^[22m[39m[31m[1m^[22m[39m[31m[1m^[22m[39m[31
m[1m^[22m[39m[31m[1m^[22m[39m[31m[1m^[22m[39m[31m[1m
^[22m[39m
 [90m 5 |[39m [36mimport[39m { useTranslations } 
[36mfrom[39m [32m'next-intl'[39m
 [90m 6 |[39m [36mconst[39m [33mSignUpPage[39m [33m=[39m 
() [33m=>[39m {
 [90m 7 |[39m   [36mconst[39m t [33m=[39m 
useTranslations([32m"sign_up"[39m)[0m



https://nextjs.org/docs/messages/module-not-found


./src/app/[locale]/deals/page.tsx:17:1
Module not found: Can't resolve 
'@/components/deals/add-deal-form'
[0m [90m 15 |[39m   [33mDialogTrigger[39m[33m,[39m
 [90m 16 |[39m } [36mfrom[39m 
[32m"@/components/ui/dialog"[39m[33m;[39m
[31m[1m>[22m[39m[90m 17 |[39m [36mimport[39m 
[33mAddDealForm[39m [36mfrom[39m 
[32m"@/components/deals/add-deal-form"[39m[33m;[39m
 [90m    |[39m [31m[1m^[22m[39m[31m[1m^[22m[39m[31m[1
m^[22m[39m[31m[1m^[22m[39m[31m[1m^[22m[39m[31m[1m^[2
2m[39m[31m[1m^[22m[39m[31m[1m^[22m[39m[31m[1m^[22m[3
9m[31m[1m^[22m[39m[31m[1m^[22m[39m[31m[1m^[22m[39m[3
1m[1m^[22m[39m[31m[1m^[22m[39m[31m[1m^[22m[39m[31m[1
m^[22m[39m[31m[1m^[22m[39m[31m[1m^[22m[39m[31m[1m^[2
2m[39m[31m[1m^[22m[39m[31m[1m^[22m[39m[31m[1m^[22m[3
9m[31m[1m^[22m[39m[31m[1m^[22m[39m[31m[1m^[22m[39m[3
1m[1m^[22m[39m[31m[1m^[22m[39m[31m[1m^[22m[39m[31m[1
m^[22m[39m[31m[1m^[22m[39m[31m[1m^[22m[39m[31m[1m^[2
2m[39m[31m[1m^[22m[39m[31m[1m^[22m[39m[31m[1m^[22m[3
9m[31m[1m^[22m[39m[31m[1m^[22m[39m[31m[1m^[22m[39m[3
1m[1m^[22m[39m[31m[1m^[22m[39m[31m[1m^[22m[39m[31m[1
m^[22m[39m[31m[1m^[22m[39m[31m[1m^[22m[39m[31m[1m^[2
2m[39m[31m[1m^[22m[39m[31m[1m^[22m[39m[31m[1m^[22m[3
9m[31m[1m^[22m[39m[31m[1m^[22m[39m[31m[1m^[22m[39m[3
1m[1m^[22m[39m[31m[1m^[22m[39m[31m[1m^[22m[39m[31m[1
m^[22m[39m[31m[1m^[22m[39m[31m[1m^[22m[39m[31m[1m^[2
2m[39m[31m[1m^[22m[39m
 [90m 18 |[39m [36mimport[39m [33mDealsTable[39m 
[36mfrom[39m 
[32m"@/components/shared/deals-table"[39m[33m;[39m
 [90m 19 |[39m [36mimport[39m { getDirectDeals } 
[36mfrom[39m [32m"@/actions/deals"[39m[33m;[39m
 [90m 20 |[39m [36mimport[39m { toast } [36mfrom[39m 
[32m"sonner"[39m[33m;[39m[0m



https://nextjs.org/docs/messages/module-not-found


./src/app/[locale]/deals/page.tsx:17:1
Module not found: Can't resolve 
'@/components/deals/add-deal-form'
[0m [90m 15 |[39m   [33mDialogTrigger[39m[33m,[39m
 [90m 16 |[39m } [36mfrom[39m 
[32m"@/components/ui/dialog"[39m[33m;[39m
[31m[1m>[22m[39m[90m 17 |[39m [36mimport[39m 
[33mAddDealForm[39m [36mfrom[39m 
[32m"@/components/deals/add-deal-form"[39m[33m;[39m
 [90m    |[39m [31m[1m^[22m[39m[31m[1m^[22m[39m[31m[1
m^[22m[39m[31m[1m^[22m[39m[31m[1m^[22m[39m[31m[1m^[2
2m[39m[31m[1m^[22m[39m[31m[1m^[22m[39m[31m[1m^[22m[3
9m[31m[1m^[22m[39m[31m[1m^[22m[39m[31m[1m^[22m[39m[3
1m[1m^[22m[39m[31m[1m^[22m[39m[31m[1m^[22m[39m[31m[1
m^[22m[39m[31m[1m^[22m[39m[31m[1m^[22m[39m[31m[1m^[2
2m[39m[31m[1m^[22m[39m[31m[1m^[22m[39m[31m[1m^[22m[3
9m[31m[1m^[22m[39m[31m[1m^[22m[39m[31m[1m^[22m[39m[3
1m[1m^[22m[39m[31m[1m^[22m[39m[31m[1m^[22m[39m[31m[1
m^[22m[39m[31m[1m^[22m[39m[31m[1m^[22m[39m[31m[1m^[2
2m[39m[31m[1m^[22m[39m[31m[1m^[22m[39m[31m[1m^[22m[3
9m[31m[1m^[22m[39m[31m[1m^[22m[39m[31m[1m^[22m[39m[3
1m[1m^[22m[39m[31m[1m^[22m[39m[31m[1m^[22m[39m[31m[1
m^[22m[39m[31m[1m^[22m[39m[31m[1m^[22m[39m[31m[1m^[2
2m[39m[31m[1m^[22m[39m[31m[1m^[22m[39m[31m[1m^[22m[3
9m[31m[1m^[22m[39m[31m[1m^[22m[39m[31m[1m^[22m[39m[3
1m[1m^[22m[39m[31m[1m^[22m[39m[31m[1m^[22m[39m[31m[1
m^[22m[39m[31m[1m^[22m[39m[31m[1m^[22m[39m[31m[1m^[2
2m[39m[31m[1m^[22m[39m
 [90m 18 |[39m [36mimport[39m [33mDealsTable[39m 
[36mfrom[39m 
[32m"@/components/shared/deals-table"[39m[33m;[39m
 [90m 19 |[39m [36mimport[39m { getDirectDeals } 
[36mfrom[39m [32m"@/actions/deals"[39m[33m;[39m
 [90m 20 |[39m [36mimport[39m { toast } [36mfrom[39m 
[32m"sonner"[39m[33m;[39m[0m



https://nextjs.org/docs/messages/module-not-found


./src/app/[locale]/deals/page.tsx:17:1
Module not found: Can't resolve 
'@/components/deals/add-deal-form'
[0m [90m 15 |[39m   [33mDialogTrigger[39m[33m,[39m
 [90m 16 |[39m } [36mfrom[39m 
[32m"@/components/ui/dialog"[39m[33m;[39m
[31m[1m>[22m[39m[90m 17 |[39m [36mimport[39m 
[33mAddDealForm[39m [36mfrom[39m 
[32m"@/components/deals/add-deal-form"[39m[33m;[39m
 [90m    |[39m [31m[1m^[22m[39m[31m[1m^[22m[39m[31m[1
m^[22m[39m[31m[1m^[22m[39m[31m[1m^[22m[39m[31m[1m^[2
2m[39m[31m[1m^[22m[39m[31m[1m^[22m[39m[31m[1m^[22m[3
9m[31m[1m^[22m[39m[31m[1m^[22m[39m[31m[1m^[22m[39m[3
1m[1m^[22m[39m[31m[1m^[22m[39m[31m[1m^[22m[39m[31m[1
m^[22m[39m[31m[1m^[22m[39m[31m[1m^[22m[39m[31m[1m^[2
2m[39m[31m[1m^[22m[39m[31m[1m^[22m[39m[31m[1m^[22m[3
9m[31m[1m^[22m[39m[31m[1m^[22m[39m[31m[1m^[22m[39m[3
1m[1m^[22m[39m[31m[1m^[22m[39m[31m[1m^[22m[39m[31m[1
m^[22m[39m[31m[1m^[22m[39m[31m[1m^[22m[39m[31m[1m^[2
2m[39m[31m[1m^[22m[39m[31m[1m^[22m[39m[31m[1m^[22m[3
9m[31m[1m^[22m[39m[31m[1m^[22m[39m[31m[1m^[22m[39m[3
1m[1m^[22m[39m[31m[1m^[22m[39m[31m[1m^[22m[39m[31m[1
m^[22m[39m[31m[1m^[22m[39m[31m[1m^[22m[39m[31m[1m^[2
2m[39m[31m[1m^[22m[39m[31m[1m^[22m[39m[31m[1m^[22m[3
9m[31m[1m^[22m[39m[31m[1m^[22m[39m[31m[1m^[22m[39m[3
1m[1m^[22m[39m[31m[1m^[22m[39m[31m[1m^[22m[39m[31m[1
m^[22m[39m[31m[1m^[22m[39m[31m[1m^[22m[39m[31m[1m^[2
2m[39m[31m[1m^[22m[39m
 [90m 18 |[39m [36mimport[39m [33mDealsTable[39m 
[36mfrom[39m 
[32m"@/components/shared/deals-table"[39m[33m;[39m
 [90m 19 |[39m [36mimport[39m { getDirectDeals } 
[36mfrom[39m [32m"@/actions/deals"[39m[33m;[39m
 [90m 20 |[39m [36mimport[39m { toast } [36mfrom[39m 
[32m"sonner"[39m[33m;[39m[0m



https://nextjs.org/docs/messages/module-not-found


./src/app/[locale]/deals/page.tsx:17:1
Module not found: Can't resolve 
'@/components/deals/add-deal-form'
[0m [90m 15 |[39m   [33mDialogTrigger[39m[33m,[39m
 [90m 16 |[39m } [36mfrom[39m 
[32m"@/components/ui/dialog"[39m[33m;[39m
[31m[1m>[22m[39m[90m 17 |[39m [36mimport[39m 
[33mAddDealForm[39m [36mfrom[39m 
[32m"@/components/deals/add-deal-form"[39m[33m;[39m
 [90m    |[39m [31m[1m^[22m[39m[31m[1m^[22m[39m[31m[1
m^[22m[39m[31m[1m^[22m[39m[31m[1m^[22m[39m[31m[1m^[2
2m[39m[31m[1m^[22m[39m[31m[1m^[22m[39m[31m[1m^[22m[3
9m[31m[1m^[22m[39m[31m[1m^[22m[39m[31m[1m^[22m[39m[3
1m[1m^[22m[39m[31m[1m^[22m[39m[31m[1m^[22m[39m[31m[1
m^[22m[39m[31m[1m^[22m[39m[31m[1m^[22m[39m[31m[1m^[2
2m[39m[31m[1m^[22m[39m[31m[1m^[22m[39m[31m[1m^[22m[3
9m[31m[1m^[22m[39m[31m[1m^[22m[39m[31m[1m^[22m[39m[3
1m[1m^[22m[39m[31m[1m^[22m[39m[31m[1m^[22m[39m[31m[1
m^[22m[39m[31m[1m^[22m[39m[31m[1m^[22m[39m[31m[1m^[2
2m[39m[31m[1m^[22m[39m[31m[1m^[22m[39m[31m[1m^[22m[3
9m[31m[1m^[22m[39m[31m[1m^[22m[39m[31m[1m^[22m[39m[3
1m[1m^[22m[39m[31m[1m^[22m[39m[31m[1m^[22m[39m[31m[1
m^[22m[39m[31m[1m^[22m[39m[31m[1m^[22m[39m[31m[1m^[2
2m[39m[31m[1m^[22m[39m[31m[1m^[22m[39m[31m[1m^[22m[3
9m[31m[1m^[22m[39m[31m[1m^[22m[39m[31m[1m^[22m[39m[3
1m[1m^[22m[39m[31m[1m^[22m[39m[31m[1m^[22m[39m[31m[1
m^[22m[39m[31m[1m^[22m[39m[31m[1m^[22m[39m[31m[1m^[2
2m[39m[31m[1m^[22m[39m
 [90m 18 |[39m [36mimport[39m [33mDealsTable[39m 
[36mfrom[39m 
[32m"@/components/shared/deals-table"[39m[33m;[39m
 [90m 19 |[39m [36mimport[39m { getDirectDeals } 
[36mfrom[39m [32m"@/actions/deals"[39m[33m;[39m
 [90m 20 |[39m [36mimport[39m { toast } [36mfrom[39m 
[32m"sonner"[39m[33m;[39m[0m



https://nextjs.org/docs/messages/module-not-found


./src/app/[locale]/wishlist/page.tsx:1:1
Module not found: Can't resolve 
'@/components/estates/estate-card'
[0m[31m[1m>[22m[39m[90m 1 |[39m [36mimport[39m 
[33mEstateCard[39m [36mfrom[39m 
[32m'@/components/estates/estate-card'[39m
 [90m   |[39m [31m[1m^[22m[39m[31m[1m^[22m[39m[31m[1m
^[22m[39m[31m[1m^[22m[39m[31m[1m^[22m[39m[31m[1m^[22
m[39m[31m[1m^[22m[39m[31m[1m^[22m[39m[31m[1m^[22m[39
m[31m[1m^[22m[39m[31m[1m^[22m[39m[31m[1m^[22m[39m[31
m[1m^[22m[39m[31m[1m^[22m[39m[31m[1m^[22m[39m[31m[1m
^[22m[39m[31m[1m^[22m[39m[31m[1m^[22m[39m[31m[1m^[22
m[39m[31m[1m^[22m[39m[31m[1m^[22m[39m[31m[1m^[22m[39
m[31m[1m^[22m[39m[31m[1m^[22m[39m[31m[1m^[22m[39m[31
m[1m^[22m[39m[31m[1m^[22m[39m[31m[1m^[22m[39m[31m[1m
^[22m[39m[31m[1m^[22m[39m[31m[1m^[22m[39m[31m[1m^[22
m[39m[31m[1m^[22m[39m[31m[1m^[22m[39m[31m[1m^[22m[39
m[31m[1m^[22m[39m[31m[1m^[22m[39m[31m[1m^[22m[39m[31
m[1m^[22m[39m[31m[1m^[22m[39m[31m[1m^[22m[39m[31m[1m
^[22m[39m[31m[1m^[22m[39m[31m[1m^[22m[39m[31m[1m^[22
m[39m[31m[1m^[22m[39m[31m[1m^[22m[39m[31m[1m^[22m[39
m[31m[1m^[22m[39m[31m[1m^[22m[39m[31m[1m^[22m[39m[31
m[1m^[22m[39m[31m[1m^[22m[39m[31m[1m^[22m[39m[31m[1m
^[22m[39m[31m[1m^[22m[39m[31m[1m^[22m[39m
 [90m 2 |[39m [36mimport[39m [33mCustomBreadcrumbs[39m 
[36mfrom[39m [32m'@/components/shared/custom-breadcrumbs'[39m
 [90m 3 |[39m [36mimport[39m [33mReact[39m [36mfrom[39m 
[32m'react'[39m
 [90m 4 |[39m[0m



https://nextjs.org/docs/messages/module-not-found


./src/app/[locale]/wishlist/page.tsx:1:1
Module not found: Can't resolve 
'@/components/estates/estate-card'
[0m[31m[1m>[22m[39m[90m 1 |[39m [36mimport[39m 
[33mEstateCard[39m [36mfrom[39m 
[32m'@/components/estates/estate-card'[39m
 [90m   |[39m [31m[1m^[22m[39m[31m[1m^[22m[39m[31m[1m
^[22m[39m[31m[1m^[22m[39m[31m[1m^[22m[39m[31m[1m^[22
m[39m[31m[1m^[22m[39m[31m[1m^[22m[39m[31m[1m^[22m[39
m[31m[1m^[22m[39m[31m[1m^[22m[39m[31m[1m^[22m[39m[31
m[1m^[22m[39m[31m[1m^[22m[39m[31m[1m^[22m[39m[31m[1m
^[22m[39m[31m[1m^[22m[39m[31m[1m^[22m[39m[31m[1m^[22
m[39m[31m[1m^[22m[39m[31m[1m^[22m[39m[31m[1m^[22m[39
m[31m[1m^[22m[39m[31m[1m^[22m[39m[31m[1m^[22m[39m[31
m[1m^[22m[39m[31m[1m^[22m[39m[31m[1m^[22m[39m[31m[1m
^[22m[39m[31m[1m^[22m[39m[31m[1m^[22m[39m[31m[1m^[22
m[39m[31m[1m^[22m[39m[31m[1m^[22m[39m[31m[1m^[22m[39
m[31m[1m^[22m[39m[31m[1m^[22m[39m[31m[1m^[22m[39m[31
m[1m^[22m[39m[31m[1m^[22m[39m[31m[1m^[22m[39m[31m[1m
^[22m[39m[31m[1m^[22m[39m[31m[1m^[22m[39m[31m[1m^[22
m[39m[31m[1m^[22m[39m[31m[1m^[22m[39m[31m[1m^[22m[39
m[31m[1m^[22m[39m[31m[1m^[22m[39m[31m[1m^[22m[39m[31
m[1m^[22m[39m[31m[1m^[22m[39m[31m[1m^[22m[39m[31m[1m
^[22m[39m[31m[1m^[22m[39m[31m[1m^[22m[39m
 [90m 2 |[39m [36mimport[39m [33mCustomBreadcrumbs[39m 
[36mfrom[39m [32m'@/components/shared/custom-breadcrumbs'[39m
 [90m 3 |[39m [36mimport[39m [33mReact[39m [36mfrom[39m 
[32m'react'[39m
 [90m 4 |[39m[0m



https://nextjs.org/docs/messages/module-not-found


./src/app/[locale]/estats/page.tsx:6:1
Module not found: Can't resolve 
'@/components/estates/estates-filter'
[0m [90m 4 |[39m [36mimport[39m { useLocale } 
[36mfrom[39m [32m"next-intl"[39m[33m;[39m
 [90m 5 |[39m [36mimport[39m [33mCustomBreadcrumbs[39m 
[36mfrom[39m 
[32m"@/components/shared/custom-breadcrumbs"[39m[33m;[39m
[31m[1m>[22m[39m[90m 6 |[39m [36mimport[39m 
[33mEstateFilterPanel[39m [36mfrom[39m 
[32m"@/components/estates/estates-filter"[39m[33m;[39m
 [90m   |[39m [31m[1m^[22m[39m[31m[1m^[22m[39m[31m[1m
^[22m[39m[31m[1m^[22m[39m[31m[1m^[22m[39m[31m[1m^[22
m[39m[31m[1m^[22m[39m[31m[1m^[22m[39m[31m[1m^[22m[39
m[31m[1m^[22m[39m[31m[1m^[22m[39m[31m[1m^[22m[39m[31
m[1m^[22m[39m[31m[1m^[22m[39m[31m[1m^[22m[39m[31m[1m
^[22m[39m[31m[1m^[22m[39m[31m[1m^[22m[39m[31m[1m^[22
m[39m[31m[1m^[22m[39m[31m[1m^[22m[39m[31m[1m^[22m[39
m[31m[1m^[22m[39m[31m[1m^[22m[39m[31m[1m^[22m[39m[31
m[1m^[22m[39m[31m[1m^[22m[39m[31m[1m^[22m[39m[31m[1m
^[22m[39m[31m[1m^[22m[39m[31m[1m^[22m[39m[31m[1m^[22
m[39m[31m[1m^[22m[39m[31m[1m^[22m[39m[31m[1m^[22m[39
m[31m[1m^[22m[39m[31m[1m^[22m[39m[31m[1m^[22m[39m[31
m[1m^[22m[39m[31m[1m^[22m[39m[31m[1m^[22m[39m[31m[1m
^[22m[39m[31m[1m^[22m[39m[31m[1m^[22m[39m[31m[1m^[22
m[39m[31m[1m^[22m[39m[31m[1m^[22m[39m[31m[1m^[22m[39
m[31m[1m^[22m[39m[31m[1m^[22m[39m[31m[1m^[22m[39m[31
m[1m^[22m[39m[31m[1m^[22m[39m[31m[1m^[22m[39m[31m[1m
^[22m[39m[31m[1m^[22m[39m[31m[1m^[22m[39m[31m[1m^[22
m[39m[31m[1m^[22m[39m[31m[1m^[22m[39m[31m[1m^[22m[39
m[31m[1m^[22m[39m[31m[1m^[22m[39m[31m[1m^[22m[39m[31
m[1m^[22m[39m[31m[1m^[22m[39m[31m[1m^[22m[39m[31m[1m
^[22m[39m
 [90m 7 |[39m [36mimport[39m [33mEstatesGrid[39m 
[36mfrom[39m 
[32m"@/components/estates/estates-grid"[39m[33m;[39m
 [90m 8 |[39m [36mimport[39m { motion } [36mfrom[39m 
[32m"motion/react"[39m[33m;[39m
 [90m 9 |[39m[0m



https://nextjs.org/docs/messages/module-not-found


./src/app/[locale]/estats/page.tsx:6:1
Module not found: Can't resolve 
'@/components/estates/estates-filter'
[0m [90m 4 |[39m [36mimport[39m { useLocale } 
[36mfrom[39m [32m"next-intl"[39m[33m;[39m
 [90m 5 |[39m [36mimport[39m [33mCustomBreadcrumbs[39m 
[36mfrom[39m 
[32m"@/components/shared/custom-breadcrumbs"[39m[33m;[39m
[31m[1m>[22m[39m[90m 6 |[39m [36mimport[39m 
[33mEstateFilterPanel[39m [36mfrom[39m 
[32m"@/components/estates/estates-filter"[39m[33m;[39m
 [90m   |[39m [31m[1m^[22m[39m[31m[1m^[22m[39m[31m[1m
^[22m[39m[31m[1m^[22m[39m[31m[1m^[22m[39m[31m[1m^[22
m[39m[31m[1m^[22m[39m[31m[1m^[22m[39m[31m[1m^[22m[39
m[31m[1m^[22m[39m[31m[1m^[22m[39m[31m[1m^[22m[39m[31
m[1m^[22m[39m[31m[1m^[22m[39m[31m[1m^[22m[39m[31m[1m
^[22m[39m[31m[1m^[22m[39m[31m[1m^[22m[39m[31m[1m^[22
m[39m[31m[1m^[22m[39m[31m[1m^[22m[39m[31m[1m^[22m[39
m[31m[1m^[22m[39m[31m[1m^[22m[39m[31m[1m^[22m[39m[31
m[1m^[22m[39m[31m[1m^[22m[39m[31m[1m^[22m[39m[31m[1m
^[22m[39m[31m[1m^[22m[39m[31m[1m^[22m[39m[31m[1m^[22
m[39m[31m[1m^[22m[39m[31m[1m^[22m[39m[31m[1m^[22m[39
m[31m[1m^[22m[39m[31m[1m^[22m[39m[31m[1m^[22m[39m[31
m[1m^[22m[39m[31m[1m^[22m[39m[31m[1m^[22m[39m[31m[1m
^[22m[39m[31m[1m^[22m[39m[31m[1m^[22m[39m[31m[1m^[22
m[39m[31m[1m^[22m[39m[31m[1m^[22m[39m[31m[1m^[22m[39
m[31m[1m^[22m[39m[31m[1m^[22m[39m[31m[1m^[22m[39m[31
m[1m^[22m[39m[31m[1m^[22m[39m[31m[1m^[22m[39m[31m[1m
^[22m[39m[31m[1m^[22m[39m[31m[1m^[22m[39m[31m[1m^[22
m[39m[31m[1m^[22m[39m[31m[1m^[22m[39m[31m[1m^[22m[39
m[31m[1m^[22m[39m[31m[1m^[22m[39m[31m[1m^[22m[39m[31
m[1m^[22m[39m[31m[1m^[22m[39m[31m[1m^[22m[39m[31m[1m
^[22m[39m
 [90m 7 |[39m [36mimport[39m [33mEstatesGrid[39m 
[36mfrom[39m 
[32m"@/components/estates/estates-grid"[39m[33m;[39m
 [90m 8 |[39m [36mimport[39m { motion } [36mfrom[39m 
[32m"motion/react"[39m[33m;[39m
 [90m 9 |[39m[0m



https://nextjs.org/docs/messages/module-not-found


./src/app/[locale]/estats/page.tsx:6:1
Module not found: Can't resolve 
'@/components/estates/estates-filter'
[0m [90m 4 |[39m [36mimport[39m { useLocale } 
[36mfrom[39m [32m"next-intl"[39m[33m;[39m
 [90m 5 |[39m [36mimport[39m [33mCustomBreadcrumbs[39m 
[36mfrom[39m 
[32m"@/components/shared/custom-breadcrumbs"[39m[33m;[39m
[31m[1m>[22m[39m[90m 6 |[39m [36mimport[39m 
[33mEstateFilterPanel[39m [36mfrom[39m 
[32m"@/components/estates/estates-filter"[39m[33m;[39m
 [90m   |[39m [31m[1m^[22m[39m[31m[1m^[22m[39m[31m[1m
^[22m[39m[31m[1m^[22m[39m[31m[1m^[22m[39m[31m[1m^[22
m[39m[31m[1m^[22m[39m[31m[1m^[22m[39m[31m[1m^[22m[39
m[31m[1m^[22m[39m[31m[1m^[22m[39m[31m[1m^[22m[39m[31
m[1m^[22m[39m[31m[1m^[22m[39m[31m[1m^[22m[39m[31m[1m
^[22m[39m[31m[1m^[22m[39m[31m[1m^[22m[39m[31m[1m^[22
m[39m[31m[1m^[22m[39m[31m[1m^[22m[39m[31m[1m^[22m[39
m[31m[1m^[22m[39m[31m[1m^[22m[39m[31m[1m^[22m[39m[31
m[1m^[22m[39m[31m[1m^[22m[39m[31m[1m^[22m[39m[31m[1m
^[22m[39m[31m[1m^[22m[39m[31m[1m^[22m[39m[31m[1m^[22
m[39m[31m[1m^[22m[39m[31m[1m^[22m[39m[31m[1m^[22m[39
m[31m[1m^[22m[39m[31m[1m^[22m[39m[31m[1m^[22m[39m[31
m[1m^[22m[39m[31m[1m^[22m[39m[31m[1m^[22m[39m[31m[1m
^[22m[39m[31m[1m^[22m[39m[31m[1m^[22m[39m[31m[1m^[22
m[39m[31m[1m^[22m[39m[31m[1m^[22m[39m[31m[1m^[22m[39
m[31m[1m^[22m[39m[31m[1m^[22m[39m[31m[1m^[22m[39m[31
m[1m^[22m[39m[31m[1m^[22m[39m[31m[1m^[22m[39m[31m[1m
^[22m[39m[31m[1m^[22m[39m[31m[1m^[22m[39m[31m[1m^[22
m[39m[31m[1m^[22m[39m[31m[1m^[22m[39m[31m[1m^[22m[39
m[31m[1m^[22m[39m[31m[1m^[22m[39m[31m[1m^[22m[39m[31
m[1m^[22m[39m[31m[1m^[22m[39m[31m[1m^[22m[39m[31m[1m
^[22m[39m
 [90m 7 |[39m [36mimport[39m [33mEstatesGrid[39m 
[36mfrom[39m 
[32m"@/components/estates/estates-grid"[39m[33m;[39m
 [90m 8 |[39m [36mimport[39m { motion } [36mfrom[39m 
[32m"motion/react"[39m[33m;[39m
 [90m 9 |[39m[0m



https://nextjs.org/docs/messages/module-not-found


./src/app/[locale]/estats/page.tsx:6:1
Module not found: Can't resolve 
'@/components/estates/estates-filter'
[0m [90m 4 |[39m [36mimport[39m { useLocale } 
[36mfrom[39m [32m"next-intl"[39m[33m;[39m
 [90m 5 |[39m [36mimport[39m [33mCustomBreadcrumbs[39m 
[36mfrom[39m 
[32m"@/components/shared/custom-breadcrumbs"[39m[33m;[39m
[31m[1m>[22m[39m[90m 6 |[39m [36mimport[39m 
[33mEstateFilterPanel[39m [36mfrom[39m 
[32m"@/components/estates/estates-filter"[39m[33m;[39m
 [90m   |[39m [31m[1m^[22m[39m[31m[1m^[22m[39m[31m[1m
^[22m[39m[31m[1m^[22m[39m[31m[1m^[22m[39m[31m[1m^[22
m[39m[31m[1m^[22m[39m[31m[1m^[22m[39m[31m[1m^[22m[39
m[31m[1m^[22m[39m[31m[1m^[22m[39m[31m[1m^[22m[39m[31
m[1m^[22m[39m[31m[1m^[22m[39m[31m[1m^[22m[39m[31m[1m
^[22m[39m[31m[1m^[22m[39m[31m[1m^[22m[39m[31m[1m^[22
m[39m[31m[1m^[22m[39m[31m[1m^[22m[39m[31m[1m^[22m[39
m[31m[1m^[22m[39m[31m[1m^[22m[39m[31m[1m^[22m[39m[31
m[1m^[22m[39m[31m[1m^[22m[39m[31m[1m^[22m[39m[31m[1m
^[22m[39m[31m[1m^[22m[39m[31m[1m^[22m[39m[31m[1m^[22
m[39m[31m[1m^[22m[39m[31m[1m^[22m[39m[31m[1m^[22m[39
m[31m[1m^[22m[39m[31m[1m^[22m[39m[31m[1m^[22m[39m[31
m[1m^[22m[39m[31m[1m^[22m[39m[31m[1m^[22m[39m[31m[1m
^[22m[39m[31m[1m^[22m[39m[31m[1m^[22m[39m[31m[1m^[22
m[39m[31m[1m^[22m[39m[31m[1m^[22m[39m[31m[1m^[22m[39
m[31m[1m^[22m[39m[31m[1m^[22m[39m[31m[1m^[22m[39m[31
m[1m^[22m[39m[31m[1m^[22m[39m[31m[1m^[22m[39m[31m[1m
^[22m[39m[31m[1m^[22m[39m[31m[1m^[22m[39m[31m[1m^[22
m[39m[31m[1m^[22m[39m[31m[1m^[22m[39m[31m[1m^[22m[39
m[31m[1m^[22m[39m[31m[1m^[22m[39m[31m[1m^[22m[39m[31
m[1m^[22m[39m[31m[1m^[22m[39m[31m[1m^[22m[39m[31m[1m
^[22m[39m
 [90m 7 |[39m [36mimport[39m [33mEstatesGrid[39m 
[36mfrom[39m 
[32m"@/components/estates/estates-grid"[39m[33m;[39m
 [90m 8 |[39m [36mimport[39m { motion } [36mfrom[39m 
[32m"motion/react"[39m[33m;[39m
 [90m 9 |[39m[0m



https://nextjs.org/docs/messages/module-not-found


./src/app/[locale]/estats/page.tsx:7:1
Module not found: Can't resolve 
'@/components/estates/estates-grid'
[0m [90m  5 |[39m [36mimport[39m 
[33mCustomBreadcrumbs[39m [36mfrom[39m 
[32m"@/components/shared/custom-breadcrumbs"[39m[33m;[39m
 [90m  6 |[39m [36mimport[39m [33mEstateFilterPanel[39m 
[36mfrom[39m 
[32m"@/components/estates/estates-filter"[39m[33m;[39m
[31m[1m>[22m[39m[90m  7 |[39m [36mimport[39m 
[33mEstatesGrid[39m [36mfrom[39m 
[32m"@/components/estates/estates-grid"[39m[33m;[39m
 [90m    |[39m [31m[1m^[22m[39m[31m[1m^[22m[39m[31m[1
m^[22m[39m[31m[1m^[22m[39m[31m[1m^[22m[39m[31m[1m^[2
2m[39m[31m[1m^[22m[39m[31m[1m^[22m[39m[31m[1m^[22m[3
9m[31m[1m^[22m[39m[31m[1m^[22m[39m[31m[1m^[22m[39m[3
1m[1m^[22m[39m[31m[1m^[22m[39m[31m[1m^[22m[39m[31m[1
m^[22m[39m[31m[1m^[22m[39m[31m[1m^[22m[39m[31m[1m^[2
2m[39m[31m[1m^[22m[39m[31m[1m^[22m[39m[31m[1m^[22m[3
9m[31m[1m^[22m[39m[31m[1m^[22m[39m[31m[1m^[22m[39m[3
1m[1m^[22m[39m[31m[1m^[22m[39m[31m[1m^[22m[39m[31m[1
m^[22m[39m[31m[1m^[22m[39m[31m[1m^[22m[39m[31m[1m^[2
2m[39m[31m[1m^[22m[39m[31m[1m^[22m[39m[31m[1m^[22m[3
9m[31m[1m^[22m[39m[31m[1m^[22m[39m[31m[1m^[22m[39m[3
1m[1m^[22m[39m[31m[1m^[22m[39m[31m[1m^[22m[39m[31m[1
m^[22m[39m[31m[1m^[22m[39m[31m[1m^[22m[39m[31m[1m^[2
2m[39m[31m[1m^[22m[39m[31m[1m^[22m[39m[31m[1m^[22m[3
9m[31m[1m^[22m[39m[31m[1m^[22m[39m[31m[1m^[22m[39m[3
1m[1m^[22m[39m[31m[1m^[22m[39m[31m[1m^[22m[39m[31m[1
m^[22m[39m[31m[1m^[22m[39m[31m[1m^[22m[39m[31m[1m^[2
2m[39m[31m[1m^[22m[39m[31m[1m^[22m[39m
 [90m  8 |[39m [36mimport[39m { motion } [36mfrom[39m 
[32m"motion/react"[39m[33m;[39m
 [90m  9 |[39m
 [90m 10 |[39m [36mconst[39m [33mEstatsPage[39m 
[33m=[39m () [33m=>[39m {[0m



https://nextjs.org/docs/messages/module-not-found


./src/app/[locale]/estats/page.tsx:7:1
Module not found: Can't resolve 
'@/components/estates/estates-grid'
[0m [90m  5 |[39m [36mimport[39m 
[33mCustomBreadcrumbs[39m [36mfrom[39m 
[32m"@/components/shared/custom-breadcrumbs"[39m[33m;[39m
 [90m  6 |[39m [36mimport[39m [33mEstateFilterPanel[39m 
[36mfrom[39m 
[32m"@/components/estates/estates-filter"[39m[33m;[39m
[31m[1m>[22m[39m[90m  7 |[39m [36mimport[39m 
[33mEstatesGrid[39m [36mfrom[39m 
[32m"@/components/estates/estates-grid"[39m[33m;[39m
 [90m    |[39m [31m[1m^[22m[39m[31m[1m^[22m[39m[31m[1
m^[22m[39m[31m[1m^[22m[39m[31m[1m^[22m[39m[31m[1m^[2
2m[39m[31m[1m^[22m[39m[31m[1m^[22m[39m[31m[1m^[22m[3
9m[31m[1m^[22m[39m[31m[1m^[22m[39m[31m[1m^[22m[39m[3
1m[1m^[22m[39m[31m[1m^[22m[39m[31m[1m^[22m[39m[31m[1
m^[22m[39m[31m[1m^[22m[39m[31m[1m^[22m[39m[31m[1m^[2
2m[39m[31m[1m^[22m[39m[31m[1m^[22m[39m[31m[1m^[22m[3
9m[31m[1m^[22m[39m[31m[1m^[22m[39m[31m[1m^[22m[39m[3
1m[1m^[22m[39m[31m[1m^[22m[39m[31m[1m^[22m[39m[31m[1
m^[22m[39m[31m[1m^[22m[39m[31m[1m^[22m[39m[31m[1m^[2
2m[39m[31m[1m^[22m[39m[31m[1m^[22m[39m[31m[1m^[22m[3
9m[31m[1m^[22m[39m[31m[1m^[22m[39m[31m[1m^[22m[39m[3
1m[1m^[22m[39m[31m[1m^[22m[39m[31m[1m^[22m[39m[31m[1
m^[22m[39m[31m[1m^[22m[39m[31m[1m^[22m[39m[31m[1m^[2
2m[39m[31m[1m^[22m[39m[31m[1m^[22m[39m[31m[1m^[22m[3
9m[31m[1m^[22m[39m[31m[1m^[22m[39m[31m[1m^[22m[39m[3
1m[1m^[22m[39m[31m[1m^[22m[39m[31m[1m^[22m[39m[31m[1
m^[22m[39m[31m[1m^[22m[39m[31m[1m^[22m[39m[31m[1m^[2
2m[39m[31m[1m^[22m[39m[31m[1m^[22m[39m
 [90m  8 |[39m [36mimport[39m { motion } [36mfrom[39m 
[32m"motion/react"[39m[33m;[39m
 [90m  9 |[39m
 [90m 10 |[39m [36mconst[39m [33mEstatsPage[39m 
[33m=[39m () [33m=>[39m {[0m



https://nextjs.org/docs/messages/module-not-found


./src/app/[locale]/estats/page.tsx:7:1
Module not found: Can't resolve 
'@/components/estates/estates-grid'
[0m [90m  5 |[39m [36mimport[39m 
[33mCustomBreadcrumbs[39m [36mfrom[39m 
[32m"@/components/shared/custom-breadcrumbs"[39m[33m;[39m
 [90m  6 |[39m [36mimport[39m [33mEstateFilterPanel[39m 
[36mfrom[39m 
[32m"@/components/estates/estates-filter"[39m[33m;[39m
[31m[1m>[22m[39m[90m  7 |[39m [36mimport[39m 
[33mEstatesGrid[39m [36mfrom[39m 
[32m"@/components/estates/estates-grid"[39m[33m;[39m
 [90m    |[39m [31m[1m^[22m[39m[31m[1m^[22m[39m[31m[1
m^[22m[39m[31m[1m^[22m[39m[31m[1m^[22m[39m[31m[1m^[2
2m[39m[31m[1m^[22m[39m[31m[1m^[22m[39m[31m[1m^[22m[3
9m[31m[1m^[22m[39m[31m[1m^[22m[39m[31m[1m^[22m[39m[3
1m[1m^[22m[39m[31m[1m^[22m[39m[31m[1m^[22m[39m[31m[1
m^[22m[39m[31m[1m^[22m[39m[31m[1m^[22m[39m[31m[1m^[2
2m[39m[31m[1m^[22m[39m[31m[1m^[22m[39m[31m[1m^[22m[3
9m[31m[1m^[22m[39m[31m[1m^[22m[39m[31m[1m^[22m[39m[3
1m[1m^[22m[39m[31m[1m^[22m[39m[31m[1m^[22m[39m[31m[1
m^[22m[39m[31m[1m^[22m[39m[31m[1m^[22m[39m[31m[1m^[2
2m[39m[31m[1m^[22m[39m[31m[1m^[22m[39m[31m[1m^[22m[3
9m[31m[1m^[22m[39m[31m[1m^[22m[39m[31m[1m^[22m[39m[3
1m[1m^[22m[39m[31m[1m^[22m[39m[31m[1m^[22m[39m[31m[1
m^[22m[39m[31m[1m^[22m[39m[31m[1m^[22m[39m[31m[1m^[2
2m[39m[31m[1m^[22m[39m[31m[1m^[22m[39m[31m[1m^[22m[3
9m[31m[1m^[22m[39m[31m[1m^[22m[39m[31m[1m^[22m[39m[3
1m[1m^[22m[39m[31m[1m^[22m[39m[31m[1m^[22m[39m[31m[1
m^[22m[39m[31m[1m^[22m[39m[31m[1m^[22m[39m[31m[1m^[2
2m[39m[31m[1m^[22m[39m[31m[1m^[22m[39m
 [90m  8 |[39m [36mimport[39m { motion } [36mfrom[39m 
[32m"motion/react"[39m[33m;[39m
 [90m  9 |[39m
 [90m 10 |[39m [36mconst[39m [33mEstatsPage[39m 
[33m=[39m () [33m=>[39m {[0m



https://nextjs.org/docs/messages/module-not-found


./src/app/[locale]/estats/page.tsx:7:1
Module not found: Can't resolve 
'@/components/estates/estates-grid'
[0m [90m  5 |[39m [36mimport[39m 
[33mCustomBreadcrumbs[39m [36mfrom[39m 
[32m"@/components/shared/custom-breadcrumbs"[39m[33m;[39m
 [90m  6 |[39m [36mimport[39m [33mEstateFilterPanel[39m 
[36mfrom[39m 
[32m"@/components/estates/estates-filter"[39m[33m;[39m
[31m[1m>[22m[39m[90m  7 |[39m [36mimport[39m 
[33mEstatesGrid[39m [36mfrom[39m 
[32m"@/components/estates/estates-grid"[39m[33m;[39m
 [90m    |[39m [31m[1m^[22m[39m[31m[1m^[22m[39m[31m[1
m^[22m[39m[31m[1m^[22m[39m[31m[1m^[22m[39m[31m[1m^[2
2m[39m[31m[1m^[22m[39m[31m[1m^[22m[39m[31m[1m^[22m[3
9m[31m[1m^[22m[39m[31m[1m^[22m[39m[31m[1m^[22m[39m[3
1m[1m^[22m[39m[31m[1m^[22m[39m[31m[1m^[22m[39m[31m[1
m^[22m[39m[31m[1m^[22m[39m[31m[1m^[22m[39m[31m[1m^[2
2m[39m[31m[1m^[22m[39m[31m[1m^[22m[39m[31m[1m^[22m[3
9m[31m[1m^[22m[39m[31m[1m^[22m[39m[31m[1m^[22m[39m[3
1m[1m^[22m[39m[31m[1m^[22m[39m[31m[1m^[22m[39m[31m[1
m^[22m[39m[31m[1m^[22m[39m[31m[1m^[22m[39m[31m[1m^[2
2m[39m[31m[1m^[22m[39m[31m[1m^[22m[39m[31m[1m^[22m[3
9m[31m[1m^[22m[39m[31m[1m^[22m[39m[31m[1m^[22m[39m[3
1m[1m^[22m[39m[31m[1m^[22m[39m[31m[1m^[22m[39m[31m[1
m^[22m[39m[31m[1m^[22m[39m[31m[1m^[22m[39m[31m[1m^[2
2m[39m[31m[1m^[22m[39m[31m[1m^[22m[39m[31m[1m^[22m[3
9m[31m[1m^[22m[39m[31m[1m^[22m[39m[31m[1m^[22m[39m[3
1m[1m^[22m[39m[31m[1m^[22m[39m[31m[1m^[22m[39m[31m[1
m^[22m[39m[31m[1m^[22m[39m[31m[1m^[22m[39m[31m[1m^[2
2m[39m[31m[1m^[22m[39m[31m[1m^[22m[39m
 [90m  8 |[39m [36mimport[39m { motion } [36mfrom[39m 
[32m"motion/react"[39m[33m;[39m
 [90m  9 |[39m
 [90m 10 |[39m [36mconst[39m [33mEstatsPage[39m 
[33m=[39m () [33m=>[39m {[0m



https://nextjs.org/docs/messages/module-not-found


./src/app/[locale]/estats/[slug]/page.tsx:19:1
Module not found: Can't resolve 
'@/components/estates/property-actions'
[0m [90m 17 |[39m [36mimport[39m [33mStatesSection[39m 
[36mfrom[39m 
[32m"@/components/home/states-section"[39m[33m;[39m
 [90m 18 |[39m [36mimport[39m [33mPropertyGallery[39m 
[36mfrom[39m 
[32m"@/components/estates/property-gallery"[39m[33m;[39m
[31m[1m>[22m[39m[90m 19 |[39m [36mimport[39m 
[33mPropertyActions[39m [36mfrom[39m 
[32m"@/components/estates/property-actions"[39m[33m;[39m
 [90m    |[39m [31m[1m^[22m[39m[31m[1m^[22m[39m[31m[1
m^[22m[39m[31m[1m^[22m[39m[31m[1m^[22m[39m[31m[1m^[2
2m[39m[31m[1m^[22m[39m[31m[1m^[22m[39m[31m[1m^[22m[3
9m[31m[1m^[22m[39m[31m[1m^[22m[39m[31m[1m^[22m[39m[3
1m[1m^[22m[39m[31m[1m^[22m[39m[31m[1m^[22m[39m[31m[1
m^[22m[39m[31m[1m^[22m[39m[31m[1m^[22m[39m[31m[1m^[2
2m[39m[31m[1m^[22m[39m[31m[1m^[22m[39m[31m[1m^[22m[3
9m[31m[1m^[22m[39m[31m[1m^[22m[39m[31m[1m^[22m[39m[3
1m[1m^[22m[39m[31m[1m^[22m[39m[31m[1m^[22m[39m[31m[1
m^[22m[39m[31m[1m^[22m[39m[31m[1m^[22m[39m[31m[1m^[2
2m[39m[31m[1m^[22m[39m[31m[1m^[22m[39m[31m[1m^[22m[3
9m[31m[1m^[22m[39m[31m[1m^[22m[39m[31m[1m^[22m[39m[3
1m[1m^[22m[39m[31m[1m^[22m[39m[31m[1m^[22m[39m[31m[1
m^[22m[39m[31m[1m^[22m[39m[31m[1m^[22m[39m[31m[1m^[2
2m[39m[31m[1m^[22m[39m[31m[1m^[22m[39m[31m[1m^[22m[3
9m[31m[1m^[22m[39m[31m[1m^[22m[39m[31m[1m^[22m[39m[3
1m[1m^[22m[39m[31m[1m^[22m[39m[31m[1m^[22m[39m[31m[1
m^[22m[39m[31m[1m^[22m[39m[31m[1m^[22m[39m[31m[1m^[2
2m[39m[31m[1m^[22m[39m[31m[1m^[22m[39m[31m[1m^[22m[3
9m[31m[1m^[22m[39m[31m[1m^[22m[39m[31m[1m^[22m[39m[3
1m[1m^[22m[39m[31m[1m^[22m[39m[31m[1m^[22m[39m[31m[1
m^[22m[39m
 [90m 20 |[39m [36mimport[39m [33mPropertyReviews[39m 
[36mfrom[39m 
[32m"@/components/estates/property-reviews"[39m[33m;[39m
 [90m 21 |[39m [36mimport[39m {
 [90m 22 |[39m   getPropertyBySlug[33m,[39m[0m



https://nextjs.org/docs/messages/module-not-found


./src/app/[locale]/estats/[slug]/page.tsx:19:1
Module not found: Can't resolve 
'@/components/estates/property-actions'
[0m [90m 17 |[39m [36mimport[39m [33mStatesSection[39m 
[36mfrom[39m 
[32m"@/components/home/states-section"[39m[33m;[39m
 [90m 18 |[39m [36mimport[39m [33mPropertyGallery[39m 
[36mfrom[39m 
[32m"@/components/estates/property-gallery"[39m[33m;[39m
[31m[1m>[22m[39m[90m 19 |[39m [36mimport[39m 
[33mPropertyActions[39m [36mfrom[39m 
[32m"@/components/estates/property-actions"[39m[33m;[39m
 [90m    |[39m [31m[1m^[22m[39m[31m[1m^[22m[39m[31m[1
m^[22m[39m[31m[1m^[22m[39m[31m[1m^[22m[39m[31m[1m^[2
2m[39m[31m[1m^[22m[39m[31m[1m^[22m[39m[31m[1m^[22m[3
9m[31m[1m^[22m[39m[31m[1m^[22m[39m[31m[1m^[22m[39m[3
1m[1m^[22m[39m[31m[1m^[22m[39m[31m[1m^[22m[39m[31m[1
m^[22m[39m[31m[1m^[22m[39m[31m[1m^[22m[39m[31m[1m^[2
2m[39m[31m[1m^[22m[39m[31m[1m^[22m[39m[31m[1m^[22m[3
9m[31m[1m^[22m[39m[31m[1m^[22m[39m[31m[1m^[22m[39m[3
1m[1m^[22m[39m[31m[1m^[22m[39m[31m[1m^[22m[39m[31m[1
m^[22m[39m[31m[1m^[22m[39m[31m[1m^[22m[39m[31m[1m^[2
2m[39m[31m[1m^[22m[39m[31m[1m^[22m[39m[31m[1m^[22m[3
9m[31m[1m^[22m[39m[31m[1m^[22m[39m[31m[1m^[22m[39m[3
1m[1m^[22m[39m[31m[1m^[22m[39m[31m[1m^[22m[39m[31m[1
m^[22m[39m[31m[1m^[22m[39m[31m[1m^[22m[39m[31m[1m^[2
2m[39m[31m[1m^[22m[39m[31m[1m^[22m[39m[31m[1m^[22m[3
9m[31m[1m^[22m[39m[31m[1m^[22m[39m[31m[1m^[22m[39m[3
1m[1m^[22m[39m[31m[1m^[22m[39m[31m[1m^[22m[39m[31m[1
m^[22m[39m[31m[1m^[22m[39m[31m[1m^[22m[39m[31m[1m^[2
2m[39m[31m[1m^[22m[39m[31m[1m^[22m[39m[31m[1m^[22m[3
9m[31m[1m^[22m[39m[31m[1m^[22m[39m[31m[1m^[22m[39m[3
1m[1m^[22m[39m[31m[1m^[22m[39m[31m[1m^[22m[39m[31m[1
m^[22m[39m
 [90m 20 |[39m [36mimport[39m [33mPropertyReviews[39m 
[36mfrom[39m 
[32m"@/components/estates/property-reviews"[39m[33m;[39m
 [90m 21 |[39m [36mimport[39m {
 [90m 22 |[39m   getPropertyBySlug[33m,[39m[0m



https://nextjs.org/docs/messages/module-not-found


./src/app/[locale]/estats/[slug]/page.tsx:18:1
Module not found: Can't resolve 
'@/components/estates/property-gallery'
[0m [90m 16 |[39m [36mimport[39m { 
[33mFaMoneyBillWave[39m } [36mfrom[39m 
[32m"react-icons/fa"[39m[33m;[39m
 [90m 17 |[39m [36mimport[39m [33mStatesSection[39m 
[36mfrom[39m 
[32m"@/components/home/states-section"[39m[33m;[39m
[31m[1m>[22m[39m[90m 18 |[39m [36mimport[39m 
[33mPropertyGallery[39m [36mfrom[39m 
[32m"@/components/estates/property-gallery"[39m[33m;[39m
 [90m    |[39m [31m[1m^[22m[39m[31m[1m^[22m[39m[31m[1
m^[22m[39m[31m[1m^[22m[39m[31m[1m^[22m[39m[31m[1m^[2
2m[39m[31m[1m^[22m[39m[31m[1m^[22m[39m[31m[1m^[22m[3
9m[31m[1m^[22m[39m[31m[1m^[22m[39m[31m[1m^[22m[39m[3
1m[1m^[22m[39m[31m[1m^[22m[39m[31m[1m^[22m[39m[31m[1
m^[22m[39m[31m[1m^[22m[39m[31m[1m^[22m[39m[31m[1m^[2
2m[39m[31m[1m^[22m[39m[31m[1m^[22m[39m[31m[1m^[22m[3
9m[31m[1m^[22m[39m[31m[1m^[22m[39m[31m[1m^[22m[39m[3
1m[1m^[22m[39m[31m[1m^[22m[39m[31m[1m^[22m[39m[31m[1
m^[22m[39m[31m[1m^[22m[39m[31m[1m^[22m[39m[31m[1m^[2
2m[39m[31m[1m^[22m[39m[31m[1m^[22m[39m[31m[1m^[22m[3
9m[31m[1m^[22m[39m[31m[1m^[22m[39m[31m[1m^[22m[39m[3
1m[1m^[22m[39m[31m[1m^[22m[39m[31m[1m^[22m[39m[31m[1
m^[22m[39m[31m[1m^[22m[39m[31m[1m^[22m[39m[31m[1m^[2
2m[39m[31m[1m^[22m[39m[31m[1m^[22m[39m[31m[1m^[22m[3
9m[31m[1m^[22m[39m[31m[1m^[22m[39m[31m[1m^[22m[39m[3
1m[1m^[22m[39m[31m[1m^[22m[39m[31m[1m^[22m[39m[31m[1
m^[22m[39m[31m[1m^[22m[39m[31m[1m^[22m[39m[31m[1m^[2
2m[39m[31m[1m^[22m[39m[31m[1m^[22m[39m[31m[1m^[22m[3
9m[31m[1m^[22m[39m[31m[1m^[22m[39m[31m[1m^[22m[39m[3
1m[1m^[22m[39m[31m[1m^[22m[39m[31m[1m^[22m[39m[31m[1
m^[22m[39m
 [90m 19 |[39m [36mimport[39m [33mPropertyActions[39m 
[36mfrom[39m 
[32m"@/components/estates/property-actions"[39m[33m;[39m
 [90m 20 |[39m [36mimport[39m [33mPropertyReviews[39m 
[36mfrom[39m 
[32m"@/components/estates/property-reviews"[39m[33m;[39m
 [90m 21 |[39m [36mimport[39m {[0m



https://nextjs.org/docs/messages/module-not-found


./src/app/[locale]/estats/[slug]/page.tsx:18:1
Module not found: Can't resolve 
'@/components/estates/property-gallery'
[0m [90m 16 |[39m [36mimport[39m { 
[33mFaMoneyBillWave[39m } [36mfrom[39m 
[32m"react-icons/fa"[39m[33m;[39m
 [90m 17 |[39m [36mimport[39m [33mStatesSection[39m 
[36mfrom[39m 
[32m"@/components/home/states-section"[39m[33m;[39m
[31m[1m>[22m[39m[90m 18 |[39m [36mimport[39m 
[33mPropertyGallery[39m [36mfrom[39m 
[32m"@/components/estates/property-gallery"[39m[33m;[39m
 [90m    |[39m [31m[1m^[22m[39m[31m[1m^[22m[39m[31m[1
m^[22m[39m[31m[1m^[22m[39m[31m[1m^[22m[39m[31m[1m^[2
2m[39m[31m[1m^[22m[39m[31m[1m^[22m[39m[31m[1m^[22m[3
9m[31m[1m^[22m[39m[31m[1m^[22m[39m[31m[1m^[22m[39m[3
1m[1m^[22m[39m[31m[1m^[22m[39m[31m[1m^[22m[39m[31m[1
m^[22m[39m[31m[1m^[22m[39m[31m[1m^[22m[39m[31m[1m^[2
2m[39m[31m[1m^[22m[39m[31m[1m^[22m[39m[31m[1m^[22m[3
9m[31m[1m^[22m[39m[31m[1m^[22m[39m[31m[1m^[22m[39m[3
1m[1m^[22m[39m[31m[1m^[22m[39m[31m[1m^[22m[39m[31m[1
m^[22m[39m[31m[1m^[22m[39m[31m[1m^[22m[39m[31m[1m^[2
2m[39m[31m[1m^[22m[39m[31m[1m^[22m[39m[31m[1m^[22m[3
9m[31m[1m^[22m[39m[31m[1m^[22m[39m[31m[1m^[22m[39m[3
1m[1m^[22m[39m[31m[1m^[22m[39m[31m[1m^[22m[39m[31m[1
m^[22m[39m[31m[1m^[22m[39m[31m[1m^[22m[39m[31m[1m^[2
2m[39m[31m[1m^[22m[39m[31m[1m^[22m[39m[31m[1m^[22m[3
9m[31m[1m^[22m[39m[31m[1m^[22m[39m[31m[1m^[22m[39m[3
1m[1m^[22m[39m[31m[1m^[22m[39m[31m[1m^[22m[39m[31m[1
m^[22m[39m[31m[1m^[22m[39m[31m[1m^[22m[39m[31m[1m^[2
2m[39m[31m[1m^[22m[39m[31m[1m^[22m[39m[31m[1m^[22m[3
9m[31m[1m^[22m[39m[31m[1m^[22m[39m[31m[1m^[22m[39m[3
1m[1m^[22m[39m[31m[1m^[22m[39m[31m[1m^[22m[39m[31m[1
m^[22m[39m
 [90m 19 |[39m [36mimport[39m [33mPropertyActions[39m 
[36mfrom[39m 
[32m"@/components/estates/property-actions"[39m[33m;[39m
 [90m 20 |[39m [36mimport[39m [33mPropertyReviews[39m 
[36mfrom[39m 
[32m"@/components/estates/property-reviews"[39m[33m;[39m
 [90m 21 |[39m [36mimport[39m {[0m



https://nextjs.org/docs/messages/module-not-found


./src/app/[locale]/estats/[slug]/page.tsx:20:1
Module not found: Can't resolve 
'@/components/estates/property-reviews'
[0m [90m 18 |[39m [36mimport[39m [33mPropertyGallery[39m 
[36mfrom[39m 
[32m"@/components/estates/property-gallery"[39m[33m;[39m
 [90m 19 |[39m [36mimport[39m [33mPropertyActions[39m 
[36mfrom[39m 
[32m"@/components/estates/property-actions"[39m[33m;[39m
[31m[1m>[22m[39m[90m 20 |[39m [36mimport[39m 
[33mPropertyReviews[39m [36mfrom[39m 
[32m"@/components/estates/property-reviews"[39m[33m;[39m
 [90m    |[39m [31m[1m^[22m[39m[31m[1m^[22m[39m[31m[1
m^[22m[39m[31m[1m^[22m[39m[31m[1m^[22m[39m[31m[1m^[2
2m[39m[31m[1m^[22m[39m[31m[1m^[22m[39m[31m[1m^[22m[3
9m[31m[1m^[22m[39m[31m[1m^[22m[39m[31m[1m^[22m[39m[3
1m[1m^[22m[39m[31m[1m^[22m[39m[31m[1m^[22m[39m[31m[1
m^[22m[39m[31m[1m^[22m[39m[31m[1m^[22m[39m[31m[1m^[2
2m[39m[31m[1m^[22m[39m[31m[1m^[22m[39m[31m[1m^[22m[3
9m[31m[1m^[22m[39m[31m[1m^[22m[39m[31m[1m^[22m[39m[3
1m[1m^[22m[39m[31m[1m^[22m[39m[31m[1m^[22m[39m[31m[1
m^[22m[39m[31m[1m^[22m[39m[31m[1m^[22m[39m[31m[1m^[2
2m[39m[31m[1m^[22m[39m[31m[1m^[22m[39m[31m[1m^[22m[3
9m[31m[1m^[22m[39m[31m[1m^[22m[39m[31m[1m^[22m[39m[3
1m[1m^[22m[39m[31m[1m^[22m[39m[31m[1m^[22m[39m[31m[1
m^[22m[39m[31m[1m^[22m[39m[31m[1m^[22m[39m[31m[1m^[2
2m[39m[31m[1m^[22m[39m[31m[1m^[22m[39m[31m[1m^[22m[3
9m[31m[1m^[22m[39m[31m[1m^[22m[39m[31m[1m^[22m[39m[3
1m[1m^[22m[39m[31m[1m^[22m[39m[31m[1m^[22m[39m[31m[1
m^[22m[39m[31m[1m^[22m[39m[31m[1m^[22m[39m[31m[1m^[2
2m[39m[31m[1m^[22m[39m[31m[1m^[22m[39m[31m[1m^[22m[3
9m[31m[1m^[22m[39m[31m[1m^[22m[39m[31m[1m^[22m[39m[3
1m[1m^[22m[39m[31m[1m^[22m[39m[31m[1m^[22m[39m[31m[1
m^[22m[39m
 [90m 21 |[39m [36mimport[39m {
 [90m 22 |[39m   getPropertyBySlug[33m,[39m
 [90m 23 |[39m   getSimilarProperties[33m,[39m[0m



https://nextjs.org/docs/messages/module-not-found


./src/app/[locale]/estats/[slug]/page.tsx:20:1
Module not found: Can't resolve 
'@/components/estates/property-reviews'
[0m [90m 18 |[39m [36mimport[39m [33mPropertyGallery[39m 
[36mfrom[39m 
[32m"@/components/estates/property-gallery"[39m[33m;[39m
 [90m 19 |[39m [36mimport[39m [33mPropertyActions[39m 
[36mfrom[39m 
[32m"@/components/estates/property-actions"[39m[33m;[39m
[31m[1m>[22m[39m[90m 20 |[39m [36mimport[39m 
[33mPropertyReviews[39m [36mfrom[39m 
[32m"@/components/estates/property-reviews"[39m[33m;[39m
 [90m    |[39m [31m[1m^[22m[39m[31m[1m^[22m[39m[31m[1
m^[22m[39m[31m[1m^[22m[39m[31m[1m^[22m[39m[31m[1m^[2
2m[39m[31m[1m^[22m[39m[31m[1m^[22m[39m[31m[1m^[22m[3
9m[31m[1m^[22m[39m[31m[1m^[22m[39m[31m[1m^[22m[39m[3
1m[1m^[22m[39m[31m[1m^[22m[39m[31m[1m^[22m[39m[31m[1
m^[22m[39m[31m[1m^[22m[39m[31m[1m^[22m[39m[31m[1m^[2
2m[39m[31m[1m^[22m[39m[31m[1m^[22m[39m[31m[1m^[22m[3
9m[31m[1m^[22m[39m[31m[1m^[22m[39m[31m[1m^[22m[39m[3
1m[1m^[22m[39m[31m[1m^[22m[39m[31m[1m^[22m[39m[31m[1
m^[22m[39m[31m[1m^[22m[39m[31m[1m^[22m[39m[31m[1m^[2
2m[39m[31m[1m^[22m[39m[31m[1m^[22m[39m[31m[1m^[22m[3
9m[31m[1m^[22m[39m[31m[1m^[22m[39m[31m[1m^[22m[39m[3
1m[1m^[22m[39m[31m[1m^[22m[39m[31m[1m^[22m[39m[31m[1
m^[22m[39m[31m[1m^[22m[39m[31m[1m^[22m[39m[31m[1m^[2
2m[39m[31m[1m^[22m[39m[31m[1m^[22m[39m[31m[1m^[22m[3
9m[31m[1m^[22m[39m[31m[1m^[22m[39m[31m[1m^[22m[39m[3
1m[1m^[22m[39m[31m[1m^[22m[39m[31m[1m^[22m[39m[31m[1
m^[22m[39m[31m[1m^[22m[39m[31m[1m^[22m[39m[31m[1m^[2
2m[39m[31m[1m^[22m[39m[31m[1m^[22m[39m[31m[1m^[22m[3
9m[31m[1m^[22m[39m[31m[1m^[22m[39m[31m[1m^[22m[39m[3
1m[1m^[22m[39m[31m[1m^[22m[39m[31m[1m^[22m[39m[31m[1
m^[22m[39m
 [90m 21 |[39m [36mimport[39m {
 [90m 22 |[39m   getPropertyBySlug[33m,[39m
 [90m 23 |[39m   getSimilarProperties[33m,[39m[0m



https://nextjs.org/docs/messages/module-not-found


./src/app/[locale]/page.tsx:1:1
Module not found: Can't resolve '@/components/home/about-section'
[0m[31m[1m>[22m[39m[90m 1 |[39m [36mimport[39m 
[33mAboutSection[39m [36mfrom[39m 
[32m"@/components/home/about-section"[39m[33m;[39m
 [90m   |[39m [31m[1m^[22m[39m[31m[1m^[22m[39m[31m[1m
^[22m[39m[31m[1m^[22m[39m[31m[1m^[22m[39m[31m[1m^[22
m[39m[31m[1m^[22m[39m[31m[1m^[22m[39m[31m[1m^[22m[39
m[31m[1m^[22m[39m[31m[1m^[22m[39m[31m[1m^[22m[39m[31
m[1m^[22m[39m[31m[1m^[22m[39m[31m[1m^[22m[39m[31m[1m
^[22m[39m[31m[1m^[22m[39m[31m[1m^[22m[39m[31m[1m^[22
m[39m[31m[1m^[22m[39m[31m[1m^[22m[39m[31m[1m^[22m[39
m[31m[1m^[22m[39m[31m[1m^[22m[39m[31m[1m^[22m[39m[31
m[1m^[22m[39m[31m[1m^[22m[39m[31m[1m^[22m[39m[31m[1m
^[22m[39m[31m[1m^[22m[39m[31m[1m^[22m[39m[31m[1m^[22
m[39m[31m[1m^[22m[39m[31m[1m^[22m[39m[31m[1m^[22m[39
m[31m[1m^[22m[39m[31m[1m^[22m[39m[31m[1m^[22m[39m[31
m[1m^[22m[39m[31m[1m^[22m[39m[31m[1m^[22m[39m[31m[1m
^[22m[39m[31m[1m^[22m[39m[31m[1m^[22m[39m[31m[1m^[22
m[39m[31m[1m^[22m[39m[31m[1m^[22m[39m[31m[1m^[22m[39
m[31m[1m^[22m[39m[31m[1m^[22m[39m[31m[1m^[22m[39m[31
m[1m^[22m[39m[31m[1m^[22m[39m[31m[1m^[22m[39m[31m[1m
^[22m[39m[31m[1m^[22m[39m[31m[1m^[22m[39m[31m[1m^[22
m[39m[31m[1m^[22m[39m
 [90m 2 |[39m [36mimport[39m [33mBlogSection[39m 
[36mfrom[39m 
[32m"@/components/home/blog-section"[39m[33m;[39m
 [90m 3 |[39m [36mimport[39m [33mClientReviews[39m 
[36mfrom[39m 
[32m"@/components/home/client-reviews"[39m[33m;[39m
 [90m 4 |[39m [36mimport[39m [33mHeroSection[39m 
[36mfrom[39m 
[32m"@/components/home/hero-section"[39m[33m;[39m[0m



https://nextjs.org/docs/messages/module-not-found


./src/app/[locale]/page.tsx:1:1
Module not found: Can't resolve '@/components/home/about-section'
[0m[31m[1m>[22m[39m[90m 1 |[39m [36mimport[39m 
[33mAboutSection[39m [36mfrom[39m 
[32m"@/components/home/about-section"[39m[33m;[39m
 [90m   |[39m [31m[1m^[22m[39m[31m[1m^[22m[39m[31m[1m
^[22m[39m[31m[1m^[22m[39m[31m[1m^[22m[39m[31m[1m^[22
m[39m[31m[1m^[22m[39m[31m[1m^[22m[39m[31m[1m^[22m[39
m[31m[1m^[22m[39m[31m[1m^[22m[39m[31m[1m^[22m[39m[31
m[1m^[22m[39m[31m[1m^[22m[39m[31m[1m^[22m[39m[31m[1m
^[22m[39m[31m[1m^[22m[39m[31m[1m^[22m[39m[31m[1m^[22
m[39m[31m[1m^[22m[39m[31m[1m^[22m[39m[31m[1m^[22m[39
m[31m[1m^[22m[39m[31m[1m^[22m[39m[31m[1m^[22m[39m[31
m[1m^[22m[39m[31m[1m^[22m[39m[31m[1m^[22m[39m[31m[1m
^[22m[39m[31m[1m^[22m[39m[31m[1m^[22m[39m[31m[1m^[22
m[39m[31m[1m^[22m[39m[31m[1m^[22m[39m[31m[1m^[22m[39
m[31m[1m^[22m[39m[31m[1m^[22m[39m[31m[1m^[22m[39m[31
m[1m^[22m[39m[31m[1m^[22m[39m[31m[1m^[22m[39m[31m[1m
^[22m[39m[31m[1m^[22m[39m[31m[1m^[22m[39m[31m[1m^[22
m[39m[31m[1m^[22m[39m[31m[1m^[22m[39m[31m[1m^[22m[39
m[31m[1m^[22m[39m[31m[1m^[22m[39m[31m[1m^[22m[39m[31
m[1m^[22m[39m[31m[1m^[22m[39m[31m[1m^[22m[39m[31m[1m
^[22m[39m[31m[1m^[22m[39m[31m[1m^[22m[39m[31m[1m^[22
m[39m[31m[1m^[22m[39m
 [90m 2 |[39m [36mimport[39m [33mBlogSection[39m 
[36mfrom[39m 
[32m"@/components/home/blog-section"[39m[33m;[39m
 [90m 3 |[39m [36mimport[39m [33mClientReviews[39m 
[36mfrom[39m 
[32m"@/components/home/client-reviews"[39m[33m;[39m
 [90m 4 |[39m [36mimport[39m [33mHeroSection[39m 
[36mfrom[39m 
[32m"@/components/home/hero-section"[39m[33m;[39m[0m



https://nextjs.org/docs/messages/module-not-found


./src/app/[locale]/blogs/[id]/page.tsx:1:1
Module not found: Can't resolve '@/components/home/blog-section'
[0m[31m[1m>[22m[39m[90m 1 |[39m [36mimport[39m 
[33mBlogSection[39m [36mfrom[39m 
[32m"@/components/home/blog-section"[39m[33m;[39m
 [90m   |[39m [31m[1m^[22m[39m[31m[1m^[22m[39m[31m[1m
^[22m[39m[31m[1m^[22m[39m[31m[1m^[22m[39m[31m[1m^[22
m[39m[31m[1m^[22m[39m[31m[1m^[22m[39m[31m[1m^[22m[39
m[31m[1m^[22m[39m[31m[1m^[22m[39m[31m[1m^[22m[39m[31
m[1m^[22m[39m[31m[1m^[22m[39m[31m[1m^[22m[39m[31m[1m
^[22m[39m[31m[1m^[22m[39m[31m[1m^[22m[39m[31m[1m^[22
m[39m[31m[1m^[22m[39m[31m[1m^[22m[39m[31m[1m^[22m[39
m[31m[1m^[22m[39m[31m[1m^[22m[39m[31m[1m^[22m[39m[31
m[1m^[22m[39m[31m[1m^[22m[39m[31m[1m^[22m[39m[31m[1m
^[22m[39m[31m[1m^[22m[39m[31m[1m^[22m[39m[31m[1m^[22
m[39m[31m[1m^[22m[39m[31m[1m^[22m[39m[31m[1m^[22m[39
m[31m[1m^[22m[39m[31m[1m^[22m[39m[31m[1m^[22m[39m[31
m[1m^[22m[39m[31m[1m^[22m[39m[31m[1m^[22m[39m[31m[1m
^[22m[39m[31m[1m^[22m[39m[31m[1m^[22m[39m[31m[1m^[22
m[39m[31m[1m^[22m[39m[31m[1m^[22m[39m[31m[1m^[22m[39
m[31m[1m^[22m[39m[31m[1m^[22m[39m[31m[1m^[22m[39m[31
m[1m^[22m[39m[31m[1m^[22m[39m[31m[1m^[22m[39m[31m[1m
^[22m[39m[31m[1m^[22m[39m[31m[1m^[22m[39m
 [90m 2 |[39m [36mimport[39m [33mCustomBreadcrumbs[39m 
[36mfrom[39m 
[32m"@/components/shared/custom-breadcrumbs"[39m[33m;[39m
 [90m 3 |[39m [36mimport[39m [33mImage[39m [36mfrom[39m 
[32m"next/image"[39m[33m;[39m
 [90m 4 |[39m [36mimport[39m [33mReact[39m [36mfrom[39m 
[32m"react"[39m[33m;[39m[0m



https://nextjs.org/docs/messages/module-not-found


./src/app/[locale]/blogs/[id]/page.tsx:1:1
Module not found: Can't resolve '@/components/home/blog-section'
[0m[31m[1m>[22m[39m[90m 1 |[39m [36mimport[39m 
[33mBlogSection[39m [36mfrom[39m 
[32m"@/components/home/blog-section"[39m[33m;[39m
 [90m   |[39m [31m[1m^[22m[39m[31m[1m^[22m[39m[31m[1m
^[22m[39m[31m[1m^[22m[39m[31m[1m^[22m[39m[31m[1m^[22
m[39m[31m[1m^[22m[39m[31m[1m^[22m[39m[31m[1m^[22m[39
m[31m[1m^[22m[39m[31m[1m^[22m[39m[31m[1m^[22m[39m[31
m[1m^[22m[39m[31m[1m^[22m[39m[31m[1m^[22m[39m[31m[1m
^[22m[39m[31m[1m^[22m[39m[31m[1m^[22m[39m[31m[1m^[22
m[39m[31m[1m^[22m[39m[31m[1m^[22m[39m[31m[1m^[22m[39
m[31m[1m^[22m[39m[31m[1m^[22m[39m[31m[1m^[22m[39m[31
m[1m^[22m[39m[31m[1m^[22m[39m[31m[1m^[22m[39m[31m[1m
^[22m[39m[31m[1m^[22m[39m[31m[1m^[22m[39m[31m[1m^[22
m[39m[31m[1m^[22m[39m[31m[1m^[22m[39m[31m[1m^[22m[39
m[31m[1m^[22m[39m[31m[1m^[22m[39m[31m[1m^[22m[39m[31
m[1m^[22m[39m[31m[1m^[22m[39m[31m[1m^[22m[39m[31m[1m
^[22m[39m[31m[1m^[22m[39m[31m[1m^[22m[39m[31m[1m^[22
m[39m[31m[1m^[22m[39m[31m[1m^[22m[39m[31m[1m^[22m[39
m[31m[1m^[22m[39m[31m[1m^[22m[39m[31m[1m^[22m[39m[31
m[1m^[22m[39m[31m[1m^[22m[39m[31m[1m^[22m[39m[31m[1m
^[22m[39m[31m[1m^[22m[39m[31m[1m^[22m[39m
 [90m 2 |[39m [36mimport[39m [33mCustomBreadcrumbs[39m 
[36mfrom[39m 
[32m"@/components/shared/custom-breadcrumbs"[39m[33m;[39m
 [90m 3 |[39m [36mimport[39m [33mImage[39m [36mfrom[39m 
[32m"next/image"[39m[33m;[39m
 [90m 4 |[39m [36mimport[39m [33mReact[39m [36mfrom[39m 
[32m"react"[39m[33m;[39m[0m



https://nextjs.org/docs/messages/module-not-found


./src/app/[locale]/page.tsx:2:1
Module not found: Can't resolve '@/components/home/blog-section'
[0m [90m 1 |[39m [36mimport[39m [33mAboutSection[39m 
[36mfrom[39m 
[32m"@/components/home/about-section"[39m[33m;[39m
[31m[1m>[22m[39m[90m 2 |[39m [36mimport[39m 
[33mBlogSection[39m [36mfrom[39m 
[32m"@/components/home/blog-section"[39m[33m;[39m
 [90m   |[39m [31m[1m^[22m[39m[31m[1m^[22m[39m[31m[1m
^[22m[39m[31m[1m^[22m[39m[31m[1m^[22m[39m[31m[1m^[22
m[39m[31m[1m^[22m[39m[31m[1m^[22m[39m[31m[1m^[22m[39
m[31m[1m^[22m[39m[31m[1m^[22m[39m[31m[1m^[22m[39m[31
m[1m^[22m[39m[31m[1m^[22m[39m[31m[1m^[22m[39m[31m[1m
^[22m[39m[31m[1m^[22m[39m[31m[1m^[22m[39m[31m[1m^[22
m[39m[31m[1m^[22m[39m[31m[1m^[22m[39m[31m[1m^[22m[39
m[31m[1m^[22m[39m[31m[1m^[22m[39m[31m[1m^[22m[39m[31
m[1m^[22m[39m[31m[1m^[22m[39m[31m[1m^[22m[39m[31m[1m
^[22m[39m[31m[1m^[22m[39m[31m[1m^[22m[39m[31m[1m^[22
m[39m[31m[1m^[22m[39m[31m[1m^[22m[39m[31m[1m^[22m[39
m[31m[1m^[22m[39m[31m[1m^[22m[39m[31m[1m^[22m[39m[31
m[1m^[22m[39m[31m[1m^[22m[39m[31m[1m^[22m[39m[31m[1m
^[22m[39m[31m[1m^[22m[39m[31m[1m^[22m[39m[31m[1m^[22
m[39m[31m[1m^[22m[39m[31m[1m^[22m[39m[31m[1m^[22m[39
m[31m[1m^[22m[39m[31m[1m^[22m[39m[31m[1m^[22m[39m[31
m[1m^[22m[39m[31m[1m^[22m[39m[31m[1m^[22m[39m[31m[1m
^[22m[39m[31m[1m^[22m[39m[31m[1m^[22m[39m
 [90m 3 |[39m [36mimport[39m [33mClientReviews[39m 
[36mfrom[39m 
[32m"@/components/home/client-reviews"[39m[33m;[39m
 [90m 4 |[39m [36mimport[39m [33mHeroSection[39m 
[36mfrom[39m 
[32m"@/components/home/hero-section"[39m[33m;[39m
 [90m 5 |[39m [36mimport[39m [33mPartnerSection[39m 
[36mfrom[39m 
[32m"@/components/home/partner-section"[39m[33m;[39m[0m



https://nextjs.org/docs/messages/module-not-found


./src/app/[locale]/page.tsx:2:1
Module not found: Can't resolve '@/components/home/blog-section'
[0m [90m 1 |[39m [36mimport[39m [33mAboutSection[39m 
[36mfrom[39m 
[32m"@/components/home/about-section"[39m[33m;[39m
[31m[1m>[22m[39m[90m 2 |[39m [36mimport[39m 
[33mBlogSection[39m [36mfrom[39m 
[32m"@/components/home/blog-section"[39m[33m;[39m
 [90m   |[39m [31m[1m^[22m[39m[31m[1m^[22m[39m[31m[1m
^[22m[39m[31m[1m^[22m[39m[31m[1m^[22m[39m[31m[1m^[22
m[39m[31m[1m^[22m[39m[31m[1m^[22m[39m[31m[1m^[22m[39
m[31m[1m^[22m[39m[31m[1m^[22m[39m[31m[1m^[22m[39m[31
m[1m^[22m[39m[31m[1m^[22m[39m[31m[1m^[22m[39m[31m[1m
^[22m[39m[31m[1m^[22m[39m[31m[1m^[22m[39m[31m[1m^[22
m[39m[31m[1m^[22m[39m[31m[1m^[22m[39m[31m[1m^[22m[39
m[31m[1m^[22m[39m[31m[1m^[22m[39m[31m[1m^[22m[39m[31
m[1m^[22m[39m[31m[1m^[22m[39m[31m[1m^[22m[39m[31m[1m
^[22m[39m[31m[1m^[22m[39m[31m[1m^[22m[39m[31m[1m^[22
m[39m[31m[1m^[22m[39m[31m[1m^[22m[39m[31m[1m^[22m[39
m[31m[1m^[22m[39m[31m[1m^[22m[39m[31m[1m^[22m[39m[31
m[1m^[22m[39m[31m[1m^[22m[39m[31m[1m^[22m[39m[31m[1m
^[22m[39m[31m[1m^[22m[39m[31m[1m^[22m[39m[31m[1m^[22
m[39m[31m[1m^[22m[39m[31m[1m^[22m[39m[31m[1m^[22m[39
m[31m[1m^[22m[39m[31m[1m^[22m[39m[31m[1m^[22m[39m[31
m[1m^[22m[39m[31m[1m^[22m[39m[31m[1m^[22m[39m[31m[1m
^[22m[39m[31m[1m^[22m[39m[31m[1m^[22m[39m
 [90m 3 |[39m [36mimport[39m [33mClientReviews[39m 
[36mfrom[39m 
[32m"@/components/home/client-reviews"[39m[33m;[39m
 [90m 4 |[39m [36mimport[39m [33mHeroSection[39m 
[36mfrom[39m 
[32m"@/components/home/hero-section"[39m[33m;[39m
 [90m 5 |[39m [36mimport[39m [33mPartnerSection[39m 
[36mfrom[39m 
[32m"@/components/home/partner-section"[39m[33m;[39m[0m



https://nextjs.org/docs/messages/module-not-found


./src/app/[locale]/page.tsx:3:1
Module not found: Can't resolve 
'@/components/home/client-reviews'
[0m [90m 1 |[39m [36mimport[39m [33mAboutSection[39m 
[36mfrom[39m 
[32m"@/components/home/about-section"[39m[33m;[39m
 [90m 2 |[39m [36mimport[39m [33mBlogSection[39m 
[36mfrom[39m 
[32m"@/components/home/blog-section"[39m[33m;[39m
[31m[1m>[22m[39m[90m 3 |[39m [36mimport[39m 
[33mClientReviews[39m [36mfrom[39m 
[32m"@/components/home/client-reviews"[39m[33m;[39m
 [90m   |[39m [31m[1m^[22m[39m[31m[1m^[22m[39m[31m[1m
^[22m[39m[31m[1m^[22m[39m[31m[1m^[22m[39m[31m[1m^[22
m[39m[31m[1m^[22m[39m[31m[1m^[22m[39m[31m[1m^[22m[39
m[31m[1m^[22m[39m[31m[1m^[22m[39m[31m[1m^[22m[39m[31
m[1m^[22m[39m[31m[1m^[22m[39m[31m[1m^[22m[39m[31m[1m
^[22m[39m[31m[1m^[22m[39m[31m[1m^[22m[39m[31m[1m^[22
m[39m[31m[1m^[22m[39m[31m[1m^[22m[39m[31m[1m^[22m[39
m[31m[1m^[22m[39m[31m[1m^[22m[39m[31m[1m^[22m[39m[31
m[1m^[22m[39m[31m[1m^[22m[39m[31m[1m^[22m[39m[31m[1m
^[22m[39m[31m[1m^[22m[39m[31m[1m^[22m[39m[31m[1m^[22
m[39m[31m[1m^[22m[39m[31m[1m^[22m[39m[31m[1m^[22m[39
m[31m[1m^[22m[39m[31m[1m^[22m[39m[31m[1m^[22m[39m[31
m[1m^[22m[39m[31m[1m^[22m[39m[31m[1m^[22m[39m[31m[1m
^[22m[39m[31m[1m^[22m[39m[31m[1m^[22m[39m[31m[1m^[22
m[39m[31m[1m^[22m[39m[31m[1m^[22m[39m[31m[1m^[22m[39
m[31m[1m^[22m[39m[31m[1m^[22m[39m[31m[1m^[22m[39m[31
m[1m^[22m[39m[31m[1m^[22m[39m[31m[1m^[22m[39m[31m[1m
^[22m[39m[31m[1m^[22m[39m[31m[1m^[22m[39m[31m[1m^[22
m[39m[31m[1m^[22m[39m[31m[1m^[22m[39m[31m[1m^[22m[39
m
 [90m 4 |[39m [36mimport[39m [33mHeroSection[39m 
[36mfrom[39m 
[32m"@/components/home/hero-section"[39m[33m;[39m
 [90m 5 |[39m [36mimport[39m [33mPartnerSection[39m 
[36mfrom[39m 
[32m"@/components/home/partner-section"[39m[33m;[39m
 [90m 6 |[39m [36mimport[39m [33mServicesSection[39m 
[36mfrom[39m 
[32m"@/components/home/services-section"[39m[33m;[39m[0m



https://nextjs.org/docs/messages/module-not-found


./src/app/[locale]/page.tsx:3:1
Module not found: Can't resolve 
'@/components/home/client-reviews'
[0m [90m 1 |[39m [36mimport[39m [33mAboutSection[39m 
[36mfrom[39m 
[32m"@/components/home/about-section"[39m[33m;[39m
 [90m 2 |[39m [36mimport[39m [33mBlogSection[39m 
[36mfrom[39m 
[32m"@/components/home/blog-section"[39m[33m;[39m
[31m[1m>[22m[39m[90m 3 |[39m [36mimport[39m 
[33mClientReviews[39m [36mfrom[39m 
[32m"@/components/home/client-reviews"[39m[33m;[39m
 [90m   |[39m [31m[1m^[22m[39m[31m[1m^[22m[39m[31m[1m
^[22m[39m[31m[1m^[22m[39m[31m[1m^[22m[39m[31m[1m^[22
m[39m[31m[1m^[22m[39m[31m[1m^[22m[39m[31m[1m^[22m[39
m[31m[1m^[22m[39m[31m[1m^[22m[39m[31m[1m^[22m[39m[31
m[1m^[22m[39m[31m[1m^[22m[39m[31m[1m^[22m[39m[31m[1m
^[22m[39m[31m[1m^[22m[39m[31m[1m^[22m[39m[31m[1m^[22
m[39m[31m[1m^[22m[39m[31m[1m^[22m[39m[31m[1m^[22m[39
m[31m[1m^[22m[39m[31m[1m^[22m[39m[31m[1m^[22m[39m[31
m[1m^[22m[39m[31m[1m^[22m[39m[31m[1m^[22m[39m[31m[1m
^[22m[39m[31m[1m^[22m[39m[31m[1m^[22m[39m[31m[1m^[22
m[39m[31m[1m^[22m[39m[31m[1m^[22m[39m[31m[1m^[22m[39
m[31m[1m^[22m[39m[31m[1m^[22m[39m[31m[1m^[22m[39m[31
m[1m^[22m[39m[31m[1m^[22m[39m[31m[1m^[22m[39m[31m[1m
^[22m[39m[31m[1m^[22m[39m[31m[1m^[22m[39m[31m[1m^[22
m[39m[31m[1m^[22m[39m[31m[1m^[22m[39m[31m[1m^[22m[39
m[31m[1m^[22m[39m[31m[1m^[22m[39m[31m[1m^[22m[39m[31
m[1m^[22m[39m[31m[1m^[22m[39m[31m[1m^[22m[39m[31m[1m
^[22m[39m[31m[1m^[22m[39m[31m[1m^[22m[39m[31m[1m^[22
m[39m[31m[1m^[22m[39m[31m[1m^[22m[39m[31m[1m^[22m[39
m
 [90m 4 |[39m [36mimport[39m [33mHeroSection[39m 
[36mfrom[39m 
[32m"@/components/home/hero-section"[39m[33m;[39m
 [90m 5 |[39m [36mimport[39m [33mPartnerSection[39m 
[36mfrom[39m 
[32m"@/components/home/partner-section"[39m[33m;[39m
 [90m 6 |[39m [36mimport[39m [33mServicesSection[39m 
[36mfrom[39m 
[32m"@/components/home/services-section"[39m[33m;[39m[0m



https://nextjs.org/docs/messages/module-not-found


./src/app/[locale]/page.tsx:4:1
Module not found: Can't resolve '@/components/home/hero-section'
[0m [90m 2 |[39m [36mimport[39m [33mBlogSection[39m 
[36mfrom[39m 
[32m"@/components/home/blog-section"[39m[33m;[39m
 [90m 3 |[39m [36mimport[39m [33mClientReviews[39m 
[36mfrom[39m 
[32m"@/components/home/client-reviews"[39m[33m;[39m
[31m[1m>[22m[39m[90m 4 |[39m [36mimport[39m 
[33mHeroSection[39m [36mfrom[39m 
[32m"@/components/home/hero-section"[39m[33m;[39m
 [90m   |[39m [31m[1m^[22m[39m[31m[1m^[22m[39m[31m[1m
^[22m[39m[31m[1m^[22m[39m[31m[1m^[22m[39m[31m[1m^[22
m[39m[31m[1m^[22m[39m[31m[1m^[22m[39m[31m[1m^[22m[39
m[31m[1m^[22m[39m[31m[1m^[22m[39m[31m[1m^[22m[39m[31
m[1m^[22m[39m[31m[1m^[22m[39m[31m[1m^[22m[39m[31m[1m
^[22m[39m[31m[1m^[22m[39m[31m[1m^[22m[39m[31m[1m^[22
m[39m[31m[1m^[22m[39m[31m[1m^[22m[39m[31m[1m^[22m[39
m[31m[1m^[22m[39m[31m[1m^[22m[39m[31m[1m^[22m[39m[31
m[1m^[22m[39m[31m[1m^[22m[39m[31m[1m^[22m[39m[31m[1m
^[22m[39m[31m[1m^[22m[39m[31m[1m^[22m[39m[31m[1m^[22
m[39m[31m[1m^[22m[39m[31m[1m^[22m[39m[31m[1m^[22m[39
m[31m[1m^[22m[39m[31m[1m^[22m[39m[31m[1m^[22m[39m[31
m[1m^[22m[39m[31m[1m^[22m[39m[31m[1m^[22m[39m[31m[1m
^[22m[39m[31m[1m^[22m[39m[31m[1m^[22m[39m[31m[1m^[22
m[39m[31m[1m^[22m[39m[31m[1m^[22m[39m[31m[1m^[22m[39
m[31m[1m^[22m[39m[31m[1m^[22m[39m[31m[1m^[22m[39m[31
m[1m^[22m[39m[31m[1m^[22m[39m[31m[1m^[22m[39m[31m[1m
^[22m[39m[31m[1m^[22m[39m[31m[1m^[22m[39m
 [90m 5 |[39m [36mimport[39m [33mPartnerSection[39m 
[36mfrom[39m 
[32m"@/components/home/partner-section"[39m[33m;[39m
 [90m 6 |[39m [36mimport[39m [33mServicesSection[39m 
[36mfrom[39m 
[32m"@/components/home/services-section"[39m[33m;[39m
 [90m 7 |[39m [36mimport[39m [33mStateFilterSection[39m 
[36mfrom[39m 
[32m"@/components/home/state-filter"[39m[33m;[39m[0m



https://nextjs.org/docs/messages/module-not-found


./src/app/[locale]/page.tsx:4:1
Module not found: Can't resolve '@/components/home/hero-section'
[0m [90m 2 |[39m [36mimport[39m [33mBlogSection[39m 
[36mfrom[39m 
[32m"@/components/home/blog-section"[39m[33m;[39m
 [90m 3 |[39m [36mimport[39m [33mClientReviews[39m 
[36mfrom[39m 
[32m"@/components/home/client-reviews"[39m[33m;[39m
[31m[1m>[22m[39m[90m 4 |[39m [36mimport[39m 
[33mHeroSection[39m [36mfrom[39m 
[32m"@/components/home/hero-section"[39m[33m;[39m
 [90m   |[39m [31m[1m^[22m[39m[31m[1m^[22m[39m[31m[1m
^[22m[39m[31m[1m^[22m[39m[31m[1m^[22m[39m[31m[1m^[22
m[39m[31m[1m^[22m[39m[31m[1m^[22m[39m[31m[1m^[22m[39
m[31m[1m^[22m[39m[31m[1m^[22m[39m[31m[1m^[22m[39m[31
m[1m^[22m[39m[31m[1m^[22m[39m[31m[1m^[22m[39m[31m[1m
^[22m[39m[31m[1m^[22m[39m[31m[1m^[22m[39m[31m[1m^[22
m[39m[31m[1m^[22m[39m[31m[1m^[22m[39m[31m[1m^[22m[39
m[31m[1m^[22m[39m[31m[1m^[22m[39m[31m[1m^[22m[39m[31
m[1m^[22m[39m[31m[1m^[22m[39m[31m[1m^[22m[39m[31m[1m
^[22m[39m[31m[1m^[22m[39m[31m[1m^[22m[39m[31m[1m^[22
m[39m[31m[1m^[22m[39m[31m[1m^[22m[39m[31m[1m^[22m[39
m[31m[1m^[22m[39m[31m[1m^[22m[39m[31m[1m^[22m[39m[31
m[1m^[22m[39m[31m[1m^[22m[39m[31m[1m^[22m[39m[31m[1m
^[22m[39m[31m[1m^[22m[39m[31m[1m^[22m[39m[31m[1m^[22
m[39m[31m[1m^[22m[39m[31m[1m^[22m[39m[31m[1m^[22m[39
m[31m[1m^[22m[39m[31m[1m^[22m[39m[31m[1m^[22m[39m[31
m[1m^[22m[39m[31m[1m^[22m[39m[31m[1m^[22m[39m[31m[1m
^[22m[39m[31m[1m^[22m[39m[31m[1m^[22m[39m
 [90m 5 |[39m [36mimport[39m [33mPartnerSection[39m 
[36mfrom[39m 
[32m"@/components/home/partner-section"[39m[33m;[39m
 [90m 6 |[39m [36mimport[39m [33mServicesSection[39m 
[36mfrom[39m 
[32m"@/components/home/services-section"[39m[33m;[39m
 [90m 7 |[39m [36mimport[39m [33mStateFilterSection[39m 
[36mfrom[39m 
[32m"@/components/home/state-filter"[39m[33m;[39m[0m



https://nextjs.org/docs/messages/module-not-found


./src/app/[locale]/page.tsx:5:1
Module not found: Can't resolve 
'@/components/home/partner-section'
[0m [90m 3 |[39m [36mimport[39m [33mClientReviews[39m 
[36mfrom[39m 
[32m"@/components/home/client-reviews"[39m[33m;[39m
 [90m 4 |[39m [36mimport[39m [33mHeroSection[39m 
[36mfrom[39m 
[32m"@/components/home/hero-section"[39m[33m;[39m
[31m[1m>[22m[39m[90m 5 |[39m [36mimport[39m 
[33mPartnerSection[39m [36mfrom[39m 
[32m"@/components/home/partner-section"[39m[33m;[39m
 [90m   |[39m [31m[1m^[22m[39m[31m[1m^[22m[39m[31m[1m
^[22m[39m[31m[1m^[22m[39m[31m[1m^[22m[39m[31m[1m^[22
m[39m[31m[1m^[22m[39m[31m[1m^[22m[39m[31m[1m^[22m[39
m[31m[1m^[22m[39m[31m[1m^[22m[39m[31m[1m^[22m[39m[31
m[1m^[22m[39m[31m[1m^[22m[39m[31m[1m^[22m[39m[31m[1m
^[22m[39m[31m[1m^[22m[39m[31m[1m^[22m[39m[31m[1m^[22
m[39m[31m[1m^[22m[39m[31m[1m^[22m[39m[31m[1m^[22m[39
m[31m[1m^[22m[39m[31m[1m^[22m[39m[31m[1m^[22m[39m[31
m[1m^[22m[39m[31m[1m^[22m[39m[31m[1m^[22m[39m[31m[1m
^[22m[39m[31m[1m^[22m[39m[31m[1m^[22m[39m[31m[1m^[22
m[39m[31m[1m^[22m[39m[31m[1m^[22m[39m[31m[1m^[22m[39
m[31m[1m^[22m[39m[31m[1m^[22m[39m[31m[1m^[22m[39m[31
m[1m^[22m[39m[31m[1m^[22m[39m[31m[1m^[22m[39m[31m[1m
^[22m[39m[31m[1m^[22m[39m[31m[1m^[22m[39m[31m[1m^[22
m[39m[31m[1m^[22m[39m[31m[1m^[22m[39m[31m[1m^[22m[39
m[31m[1m^[22m[39m[31m[1m^[22m[39m[31m[1m^[22m[39m[31
m[1m^[22m[39m[31m[1m^[22m[39m[31m[1m^[22m[39m[31m[1m
^[22m[39m[31m[1m^[22m[39m[31m[1m^[22m[39m[31m[1m^[22
m[39m[31m[1m^[22m[39m[31m[1m^[22m[39m[31m[1m^[22m[39
m[31m[1m^[22m[39m[31m[1m^[22m[39m
 [90m 6 |[39m [36mimport[39m [33mServicesSection[39m 
[36mfrom[39m 
[32m"@/components/home/services-section"[39m[33m;[39m
 [90m 7 |[39m [36mimport[39m [33mStateFilterSection[39m 
[36mfrom[39m 
[32m"@/components/home/state-filter"[39m[33m;[39m
 [90m 8 |[39m [36mimport[39m [33mStatesSection[39m 
[36mfrom[39m 
[32m"@/components/home/states-section"[39m[33m;[39m[0m



https://nextjs.org/docs/messages/module-not-found


./src/app/[locale]/page.tsx:5:1
Module not found: Can't resolve 
'@/components/home/partner-section'
[0m [90m 3 |[39m [36mimport[39m [33mClientReviews[39m 
[36mfrom[39m 
[32m"@/components/home/client-reviews"[39m[33m;[39m
 [90m 4 |[39m [36mimport[39m [33mHeroSection[39m 
[36mfrom[39m 
[32m"@/components/home/hero-section"[39m[33m;[39m
[31m[1m>[22m[39m[90m 5 |[39m [36mimport[39m 
[33mPartnerSection[39m [36mfrom[39m 
[32m"@/components/home/partner-section"[39m[33m;[39m
 [90m   |[39m [31m[1m^[22m[39m[31m[1m^[22m[39m[31m[1m
^[22m[39m[31m[1m^[22m[39m[31m[1m^[22m[39m[31m[1m^[22
m[39m[31m[1m^[22m[39m[31m[1m^[22m[39m[31m[1m^[22m[39
m[31m[1m^[22m[39m[31m[1m^[22m[39m[31m[1m^[22m[39m[31
m[1m^[22m[39m[31m[1m^[22m[39m[31m[1m^[22m[39m[31m[1m
^[22m[39m[31m[1m^[22m[39m[31m[1m^[22m[39m[31m[1m^[22
m[39m[31m[1m^[22m[39m[31m[1m^[22m[39m[31m[1m^[22m[39
m[31m[1m^[22m[39m[31m[1m^[22m[39m[31m[1m^[22m[39m[31
m[1m^[22m[39m[31m[1m^[22m[39m[31m[1m^[22m[39m[31m[1m
^[22m[39m[31m[1m^[22m[39m[31m[1m^[22m[39m[31m[1m^[22
m[39m[31m[1m^[22m[39m[31m[1m^[22m[39m[31m[1m^[22m[39
m[31m[1m^[22m[39m[31m[1m^[22m[39m[31m[1m^[22m[39m[31
m[1m^[22m[39m[31m[1m^[22m[39m[31m[1m^[22m[39m[31m[1m
^[22m[39m[31m[1m^[22m[39m[31m[1m^[22m[39m[31m[1m^[22
m[39m[31m[1m^[22m[39m[31m[1m^[22m[39m[31m[1m^[22m[39
m[31m[1m^[22m[39m[31m[1m^[22m[39m[31m[1m^[22m[39m[31
m[1m^[22m[39m[31m[1m^[22m[39m[31m[1m^[22m[39m[31m[1m
^[22m[39m[31m[1m^[22m[39m[31m[1m^[22m[39m[31m[1m^[22
m[39m[31m[1m^[22m[39m[31m[1m^[22m[39m[31m[1m^[22m[39
m[31m[1m^[22m[39m[31m[1m^[22m[39m
 [90m 6 |[39m [36mimport[39m [33mServicesSection[39m 
[36mfrom[39m 
[32m"@/components/home/services-section"[39m[33m;[39m
 [90m 7 |[39m [36mimport[39m [33mStateFilterSection[39m 
[36mfrom[39m 
[32m"@/components/home/state-filter"[39m[33m;[39m
 [90m 8 |[39m [36mimport[39m [33mStatesSection[39m 
[36mfrom[39m 
[32m"@/components/home/states-section"[39m[33m;[39m[0m



https://nextjs.org/docs/messages/module-not-found


./src/app/[locale]/page.tsx:6:1
Module not found: Can't resolve 
'@/components/home/services-section'
[0m [90m 4 |[39m [36mimport[39m [33mHeroSection[39m 
[36mfrom[39m 
[32m"@/components/home/hero-section"[39m[33m;[39m
 [90m 5 |[39m [36mimport[39m [33mPartnerSection[39m 
[36mfrom[39m 
[32m"@/components/home/partner-section"[39m[33m;[39m
[31m[1m>[22m[39m[90m 6 |[39m [36mimport[39m 
[33mServicesSection[39m [36mfrom[39m 
[32m"@/components/home/services-section"[39m[33m;[39m
 [90m   |[39m [31m[1m^[22m[39m[31m[1m^[22m[39m[31m[1m
^[22m[39m[31m[1m^[22m[39m[31m[1m^[22m[39m[31m[1m^[22
m[39m[31m[1m^[22m[39m[31m[1m^[22m[39m[31m[1m^[22m[39
m[31m[1m^[22m[39m[31m[1m^[22m[39m[31m[1m^[22m[39m[31
m[1m^[22m[39m[31m[1m^[22m[39m[31m[1m^[22m[39m[31m[1m
^[22m[39m[31m[1m^[22m[39m[31m[1m^[22m[39m[31m[1m^[22
m[39m[31m[1m^[22m[39m[31m[1m^[22m[39m[31m[1m^[22m[39
m[31m[1m^[22m[39m[31m[1m^[22m[39m[31m[1m^[22m[39m[31
m[1m^[22m[39m[31m[1m^[22m[39m[31m[1m^[22m[39m[31m[1m
^[22m[39m[31m[1m^[22m[39m[31m[1m^[22m[39m[31m[1m^[22
m[39m[31m[1m^[22m[39m[31m[1m^[22m[39m[31m[1m^[22m[39
m[31m[1m^[22m[39m[31m[1m^[22m[39m[31m[1m^[22m[39m[31
m[1m^[22m[39m[31m[1m^[22m[39m[31m[1m^[22m[39m[31m[1m
^[22m[39m[31m[1m^[22m[39m[31m[1m^[22m[39m[31m[1m^[22
m[39m[31m[1m^[22m[39m[31m[1m^[22m[39m[31m[1m^[22m[39
m[31m[1m^[22m[39m[31m[1m^[22m[39m[31m[1m^[22m[39m[31
m[1m^[22m[39m[31m[1m^[22m[39m[31m[1m^[22m[39m[31m[1m
^[22m[39m[31m[1m^[22m[39m[31m[1m^[22m[39m[31m[1m^[22
m[39m[31m[1m^[22m[39m[31m[1m^[22m[39m[31m[1m^[22m[39
m[31m[1m^[22m[39m[31m[1m^[22m[39m[31m[1m^[22m[39m[31
m[1m^[22m[39m
 [90m 7 |[39m [36mimport[39m [33mStateFilterSection[39m 
[36mfrom[39m 
[32m"@/components/home/state-filter"[39m[33m;[39m
 [90m 8 |[39m [36mimport[39m [33mStatesSection[39m 
[36mfrom[39m 
[32m"@/components/home/states-section"[39m[33m;[39m
 [90m 9 |[39m [36mimport[39m { getData } [36mfrom[39m 
[32m"@/lib/fetch-methods"[39m[33m;[39m[0m



https://nextjs.org/docs/messages/module-not-found


./src/app/[locale]/page.tsx:6:1
Module not found: Can't resolve 
'@/components/home/services-section'
[0m [90m 4 |[39m [36mimport[39m [33mHeroSection[39m 
[36mfrom[39m 
[32m"@/components/home/hero-section"[39m[33m;[39m
 [90m 5 |[39m [36mimport[39m [33mPartnerSection[39m 
[36mfrom[39m 
[32m"@/components/home/partner-section"[39m[33m;[39m
[31m[1m>[22m[39m[90m 6 |[39m [36mimport[39m 
[33mServicesSection[39m [36mfrom[39m 
[32m"@/components/home/services-section"[39m[33m;[39m
 [90m   |[39m [31m[1m^[22m[39m[31m[1m^[22m[39m[31m[1m
^[22m[39m[31m[1m^[22m[39m[31m[1m^[22m[39m[31m[1m^[22
m[39m[31m[1m^[22m[39m[31m[1m^[22m[39m[31m[1m^[22m[39
m[31m[1m^[22m[39m[31m[1m^[22m[39m[31m[1m^[22m[39m[31
m[1m^[22m[39m[31m[1m^[22m[39m[31m[1m^[22m[39m[31m[1m
^[22m[39m[31m[1m^[22m[39m[31m[1m^[22m[39m[31m[1m^[22
m[39m[31m[1m^[22m[39m[31m[1m^[22m[39m[31m[1m^[22m[39
m[31m[1m^[22m[39m[31m[1m^[22m[39m[31m[1m^[22m[39m[31
m[1m^[22m[39m[31m[1m^[22m[39m[31m[1m^[22m[39m[31m[1m
^[22m[39m[31m[1m^[22m[39m[31m[1m^[22m[39m[31m[1m^[22
m[39m[31m[1m^[22m[39m[31m[1m^[22m[39m[31m[1m^[22m[39
m[31m[1m^[22m[39m[31m[1m^[22m[39m[31m[1m^[22m[39m[31
m[1m^[22m[39m[31m[1m^[22m[39m[31m[1m^[22m[39m[31m[1m
^[22m[39m[31m[1m^[22m[39m[31m[1m^[22m[39m[31m[1m^[22
m[39m[31m[1m^[22m[39m[31m[1m^[22m[39m[31m[1m^[22m[39
m[31m[1m^[22m[39m[31m[1m^[22m[39m[31m[1m^[22m[39m[31
m[1m^[22m[39m[31m[1m^[22m[39m[31m[1m^[22m[39m[31m[1m
^[22m[39m[31m[1m^[22m[39m[31m[1m^[22m[39m[31m[1m^[22
m[39m[31m[1m^[22m[39m[31m[1m^[22m[39m[31m[1m^[22m[39
m[31m[1m^[22m[39m[31m[1m^[22m[39m[31m[1m^[22m[39m[31
m[1m^[22m[39m
 [90m 7 |[39m [36mimport[39m [33mStateFilterSection[39m 
[36mfrom[39m 
[32m"@/components/home/state-filter"[39m[33m;[39m
 [90m 8 |[39m [36mimport[39m [33mStatesSection[39m 
[36mfrom[39m 
[32m"@/components/home/states-section"[39m[33m;[39m
 [90m 9 |[39m [36mimport[39m { getData } [36mfrom[39m 
[32m"@/lib/fetch-methods"[39m[33m;[39m[0m



https://nextjs.org/docs/messages/module-not-found


./src/app/[locale]/page.tsx:7:1
Module not found: Can't resolve '@/components/home/state-filter'
[0m [90m  5 |[39m [36mimport[39m [33mPartnerSection[39m 
[36mfrom[39m 
[32m"@/components/home/partner-section"[39m[33m;[39m
 [90m  6 |[39m [36mimport[39m [33mServicesSection[39m 
[36mfrom[39m 
[32m"@/components/home/services-section"[39m[33m;[39m
[31m[1m>[22m[39m[90m  7 |[39m [36mimport[39m 
[33mStateFilterSection[39m [36mfrom[39m 
[32m"@/components/home/state-filter"[39m[33m;[39m
 [90m    |[39m [31m[1m^[22m[39m[31m[1m^[22m[39m[31m[1
m^[22m[39m[31m[1m^[22m[39m[31m[1m^[22m[39m[31m[1m^[2
2m[39m[31m[1m^[22m[39m[31m[1m^[22m[39m[31m[1m^[22m[3
9m[31m[1m^[22m[39m[31m[1m^[22m[39m[31m[1m^[22m[39m[3
1m[1m^[22m[39m[31m[1m^[22m[39m[31m[1m^[22m[39m[31m[1
m^[22m[39m[31m[1m^[22m[39m[31m[1m^[22m[39m[31m[1m^[2
2m[39m[31m[1m^[22m[39m[31m[1m^[22m[39m[31m[1m^[22m[3
9m[31m[1m^[22m[39m[31m[1m^[22m[39m[31m[1m^[22m[39m[3
1m[1m^[22m[39m[31m[1m^[22m[39m[31m[1m^[22m[39m[31m[1
m^[22m[39m[31m[1m^[22m[39m[31m[1m^[22m[39m[31m[1m^[2
2m[39m[31m[1m^[22m[39m[31m[1m^[22m[39m[31m[1m^[22m[3
9m[31m[1m^[22m[39m[31m[1m^[22m[39m[31m[1m^[22m[39m[3
1m[1m^[22m[39m[31m[1m^[22m[39m[31m[1m^[22m[39m[31m[1
m^[22m[39m[31m[1m^[22m[39m[31m[1m^[22m[39m[31m[1m^[2
2m[39m[31m[1m^[22m[39m[31m[1m^[22m[39m[31m[1m^[22m[3
9m[31m[1m^[22m[39m[31m[1m^[22m[39m[31m[1m^[22m[39m[3
1m[1m^[22m[39m[31m[1m^[22m[39m[31m[1m^[22m[39m[31m[1
m^[22m[39m[31m[1m^[22m[39m[31m[1m^[22m[39m[31m[1m^[2
2m[39m[31m[1m^[22m[39m[31m[1m^[22m[39m[31m[1m^[22m[3
9m[31m[1m^[22m[39m[31m[1m^[22m[39m[31m[1m^[22m[39m
 [90m  8 |[39m [36mimport[39m [33mStatesSection[39m 
[36mfrom[39m 
[32m"@/components/home/states-section"[39m[33m;[39m
 [90m  9 |[39m [36mimport[39m { getData } [36mfrom[39m 
[32m"@/lib/fetch-methods"[39m[33m;[39m
 [90m 10 |[39m [36mimport[39m { getSettings } [36mfrom[39m 
[32m"@/lib/settings-actions"[39m[33m;[39m[0m



https://nextjs.org/docs/messages/module-not-found


./src/app/[locale]/page.tsx:7:1
Module not found: Can't resolve '@/components/home/state-filter'
[0m [90m  5 |[39m [36mimport[39m [33mPartnerSection[39m 
[36mfrom[39m 
[32m"@/components/home/partner-section"[39m[33m;[39m
 [90m  6 |[39m [36mimport[39m [33mServicesSection[39m 
[36mfrom[39m 
[32m"@/components/home/services-section"[39m[33m;[39m
[31m[1m>[22m[39m[90m  7 |[39m [36mimport[39m 
[33mStateFilterSection[39m [36mfrom[39m 
[32m"@/components/home/state-filter"[39m[33m;[39m
 [90m    |[39m [31m[1m^[22m[39m[31m[1m^[22m[39m[31m[1
m^[22m[39m[31m[1m^[22m[39m[31m[1m^[22m[39m[31m[1m^[2
2m[39m[31m[1m^[22m[39m[31m[1m^[22m[39m[31m[1m^[22m[3
9m[31m[1m^[22m[39m[31m[1m^[22m[39m[31m[1m^[22m[39m[3
1m[1m^[22m[39m[31m[1m^[22m[39m[31m[1m^[22m[39m[31m[1
m^[22m[39m[31m[1m^[22m[39m[31m[1m^[22m[39m[31m[1m^[2
2m[39m[31m[1m^[22m[39m[31m[1m^[22m[39m[31m[1m^[22m[3
9m[31m[1m^[22m[39m[31m[1m^[22m[39m[31m[1m^[22m[39m[3
1m[1m^[22m[39m[31m[1m^[22m[39m[31m[1m^[22m[39m[31m[1
m^[22m[39m[31m[1m^[22m[39m[31m[1m^[22m[39m[31m[1m^[2
2m[39m[31m[1m^[22m[39m[31m[1m^[22m[39m[31m[1m^[22m[3
9m[31m[1m^[22m[39m[31m[1m^[22m[39m[31m[1m^[22m[39m[3
1m[1m^[22m[39m[31m[1m^[22m[39m[31m[1m^[22m[39m[31m[1
m^[22m[39m[31m[1m^[22m[39m[31m[1m^[22m[39m[31m[1m^[2
2m[39m[31m[1m^[22m[39m[31m[1m^[22m[39m[31m[1m^[22m[3
9m[31m[1m^[22m[39m[31m[1m^[22m[39m[31m[1m^[22m[39m[3
1m[1m^[22m[39m[31m[1m^[22m[39m[31m[1m^[22m[39m[31m[1
m^[22m[39m[31m[1m^[22m[39m[31m[1m^[22m[39m[31m[1m^[2
2m[39m[31m[1m^[22m[39m[31m[1m^[22m[39m[31m[1m^[22m[3
9m[31m[1m^[22m[39m[31m[1m^[22m[39m[31m[1m^[22m[39m
 [90m  8 |[39m [36mimport[39m [33mStatesSection[39m 
[36mfrom[39m 
[32m"@/components/home/states-section"[39m[33m;[39m
 [90m  9 |[39m [36mimport[39m { getData } [36mfrom[39m 
[32m"@/lib/fetch-methods"[39m[33m;[39m
 [90m 10 |[39m [36mimport[39m { getSettings } [36mfrom[39m 
[32m"@/lib/settings-actions"[39m[33m;[39m[0m



https://nextjs.org/docs/messages/module-not-found


./src/app/[locale]/estats/[slug]/page.tsx:17:1
Module not found: Can't resolve 
'@/components/home/states-section'
[0m [90m 15 |[39m [36mimport[39m { [33mBsBank[39m } 
[36mfrom[39m [32m"react-icons/bs"[39m[33m;[39m
 [90m 16 |[39m [36mimport[39m { [33mFaMoneyBillWave[39m } 
[36mfrom[39m [32m"react-icons/fa"[39m[33m;[39m
[31m[1m>[22m[39m[90m 17 |[39m [36mimport[39m 
[33mStatesSection[39m [36mfrom[39m 
[32m"@/components/home/states-section"[39m[33m;[39m
 [90m    |[39m [31m[1m^[22m[39m[31m[1m^[22m[39m[31m[1
m^[22m[39m[31m[1m^[22m[39m[31m[1m^[22m[39m[31m[1m^[2
2m[39m[31m[1m^[22m[39m[31m[1m^[22m[39m[31m[1m^[22m[3
9m[31m[1m^[22m[39m[31m[1m^[22m[39m[31m[1m^[22m[39m[3
1m[1m^[22m[39m[31m[1m^[22m[39m[31m[1m^[22m[39m[31m[1
m^[22m[39m[31m[1m^[22m[39m[31m[1m^[22m[39m[31m[1m^[2
2m[39m[31m[1m^[22m[39m[31m[1m^[22m[39m[31m[1m^[22m[3
9m[31m[1m^[22m[39m[31m[1m^[22m[39m[31m[1m^[22m[39m[3
1m[1m^[22m[39m[31m[1m^[22m[39m[31m[1m^[22m[39m[31m[1
m^[22m[39m[31m[1m^[22m[39m[31m[1m^[22m[39m[31m[1m^[2
2m[39m[31m[1m^[22m[39m[31m[1m^[22m[39m[31m[1m^[22m[3
9m[31m[1m^[22m[39m[31m[1m^[22m[39m[31m[1m^[22m[39m[3
1m[1m^[22m[39m[31m[1m^[22m[39m[31m[1m^[22m[39m[31m[1
m^[22m[39m[31m[1m^[22m[39m[31m[1m^[22m[39m[31m[1m^[2
2m[39m[31m[1m^[22m[39m[31m[1m^[22m[39m[31m[1m^[22m[3
9m[31m[1m^[22m[39m[31m[1m^[22m[39m[31m[1m^[22m[39m[3
1m[1m^[22m[39m[31m[1m^[22m[39m[31m[1m^[22m[39m[31m[1
m^[22m[39m[31m[1m^[22m[39m[31m[1m^[22m[39m[31m[1m^[2
2m[39m[31m[1m^[22m[39m[31m[1m^[22m[39m[31m[1m^[22m[3
9m
 [90m 18 |[39m [36mimport[39m [33mPropertyGallery[39m 
[36mfrom[39m 
[32m"@/components/estates/property-gallery"[39m[33m;[39m
 [90m 19 |[39m [36mimport[39m [33mPropertyActions[39m 
[36mfrom[39m 
[32m"@/components/estates/property-actions"[39m[33m;[39m
 [90m 20 |[39m [36mimport[39m [33mPropertyReviews[39m 
[36mfrom[39m 
[32m"@/components/estates/property-reviews"[39m[33m;[39m[0m



https://nextjs.org/docs/messages/module-not-found


./src/app/[locale]/estats/[slug]/page.tsx:17:1
Module not found: Can't resolve 
'@/components/home/states-section'
[0m [90m 15 |[39m [36mimport[39m { [33mBsBank[39m } 
[36mfrom[39m [32m"react-icons/bs"[39m[33m;[39m
 [90m 16 |[39m [36mimport[39m { [33mFaMoneyBillWave[39m } 
[36mfrom[39m [32m"react-icons/fa"[39m[33m;[39m
[31m[1m>[22m[39m[90m 17 |[39m [36mimport[39m 
[33mStatesSection[39m [36mfrom[39m 
[32m"@/components/home/states-section"[39m[33m;[39m
 [90m    |[39m [31m[1m^[22m[39m[31m[1m^[22m[39m[31m[1
m^[22m[39m[31m[1m^[22m[39m[31m[1m^[22m[39m[31m[1m^[2
2m[39m[31m[1m^[22m[39m[31m[1m^[22m[39m[31m[1m^[22m[3
9m[31m[1m^[22m[39m[31m[1m^[22m[39m[31m[1m^[22m[39m[3
1m[1m^[22m[39m[31m[1m^[22m[39m[31m[1m^[22m[39m[31m[1
m^[22m[39m[31m[1m^[22m[39m[31m[1m^[22m[39m[31m[1m^[2
2m[39m[31m[1m^[22m[39m[31m[1m^[22m[39m[31m[1m^[22m[3
9m[31m[1m^[22m[39m[31m[1m^[22m[39m[31m[1m^[22m[39m[3
1m[1m^[22m[39m[31m[1m^[22m[39m[31m[1m^[22m[39m[31m[1
m^[22m[39m[31m[1m^[22m[39m[31m[1m^[22m[39m[31m[1m^[2
2m[39m[31m[1m^[22m[39m[31m[1m^[22m[39m[31m[1m^[22m[3
9m[31m[1m^[22m[39m[31m[1m^[22m[39m[31m[1m^[22m[39m[3
1m[1m^[22m[39m[31m[1m^[22m[39m[31m[1m^[22m[39m[31m[1
m^[22m[39m[31m[1m^[22m[39m[31m[1m^[22m[39m[31m[1m^[2
2m[39m[31m[1m^[22m[39m[31m[1m^[22m[39m[31m[1m^[22m[3
9m[31m[1m^[22m[39m[31m[1m^[22m[39m[31m[1m^[22m[39m[3
1m[1m^[22m[39m[31m[1m^[22m[39m[31m[1m^[22m[39m[31m[1
m^[22m[39m[31m[1m^[22m[39m[31m[1m^[22m[39m[31m[1m^[2
2m[39m[31m[1m^[22m[39m[31m[1m^[22m[39m[31m[1m^[22m[3
9m
 [90m 18 |[39m [36mimport[39m [33mPropertyGallery[39m 
[36mfrom[39m 
[32m"@/components/estates/property-gallery"[39m[33m;[39m
 [90m 19 |[39m [36mimport[39m [33mPropertyActions[39m 
[36mfrom[39m 
[32m"@/components/estates/property-actions"[39m[33m;[39m
 [90m 20 |[39m [36mimport[39m [33mPropertyReviews[39m 
[36mfrom[39m 
[32m"@/components/estates/property-reviews"[39m[33m;[39m[0m



https://nextjs.org/docs/messages/module-not-found


./src/app/[locale]/page.tsx:8:1
Module not found: Can't resolve 
'@/components/home/states-section'
[0m [90m  6 |[39m [36mimport[39m [33mServicesSection[39m 
[36mfrom[39m 
[32m"@/components/home/services-section"[39m[33m;[39m
 [90m  7 |[39m [36mimport[39m [33mStateFilterSection[39m 
[36mfrom[39m 
[32m"@/components/home/state-filter"[39m[33m;[39m
[31m[1m>[22m[39m[90m  8 |[39m [36mimport[39m 
[33mStatesSection[39m [36mfrom[39m 
[32m"@/components/home/states-section"[39m[33m;[39m
 [90m    |[39m [31m[1m^[22m[39m[31m[1m^[22m[39m[31m[1
m^[22m[39m[31m[1m^[22m[39m[31m[1m^[22m[39m[31m[1m^[2
2m[39m[31m[1m^[22m[39m[31m[1m^[22m[39m[31m[1m^[22m[3
9m[31m[1m^[22m[39m[31m[1m^[22m[39m[31m[1m^[22m[39m[3
1m[1m^[22m[39m[31m[1m^[22m[39m[31m[1m^[22m[39m[31m[1
m^[22m[39m[31m[1m^[22m[39m[31m[1m^[22m[39m[31m[1m^[2
2m[39m[31m[1m^[22m[39m[31m[1m^[22m[39m[31m[1m^[22m[3
9m[31m[1m^[22m[39m[31m[1m^[22m[39m[31m[1m^[22m[39m[3
1m[1m^[22m[39m[31m[1m^[22m[39m[31m[1m^[22m[39m[31m[1
m^[22m[39m[31m[1m^[22m[39m[31m[1m^[22m[39m[31m[1m^[2
2m[39m[31m[1m^[22m[39m[31m[1m^[22m[39m[31m[1m^[22m[3
9m[31m[1m^[22m[39m[31m[1m^[22m[39m[31m[1m^[22m[39m[3
1m[1m^[22m[39m[31m[1m^[22m[39m[31m[1m^[22m[39m[31m[1
m^[22m[39m[31m[1m^[22m[39m[31m[1m^[22m[39m[31m[1m^[2
2m[39m[31m[1m^[22m[39m[31m[1m^[22m[39m[31m[1m^[22m[3
9m[31m[1m^[22m[39m[31m[1m^[22m[39m[31m[1m^[22m[39m[3
1m[1m^[22m[39m[31m[1m^[22m[39m[31m[1m^[22m[39m[31m[1
m^[22m[39m[31m[1m^[22m[39m[31m[1m^[22m[39m[31m[1m^[2
2m[39m[31m[1m^[22m[39m[31m[1m^[22m[39m[31m[1m^[22m[3
9m
 [90m  9 |[39m [36mimport[39m { getData } [36mfrom[39m 
[32m"@/lib/fetch-methods"[39m[33m;[39m
 [90m 10 |[39m [36mimport[39m { getSettings } [36mfrom[39m 
[32m"@/lib/settings-actions"[39m[33m;[39m
 [90m 11 |[39m[0m



https://nextjs.org/docs/messages/module-not-found


./src/app/[locale]/page.tsx:8:1
Module not found: Can't resolve 
'@/components/home/states-section'
[0m [90m  6 |[39m [36mimport[39m [33mServicesSection[39m 
[36mfrom[39m 
[32m"@/components/home/services-section"[39m[33m;[39m
 [90m  7 |[39m [36mimport[39m [33mStateFilterSection[39m 
[36mfrom[39m 
[32m"@/components/home/state-filter"[39m[33m;[39m
[31m[1m>[22m[39m[90m  8 |[39m [36mimport[39m 
[33mStatesSection[39m [36mfrom[39m 
[32m"@/components/home/states-section"[39m[33m;[39m
 [90m    |[39m [31m[1m^[22m[39m[31m[1m^[22m[39m[31m[1
m^[22m[39m[31m[1m^[22m[39m[31m[1m^[22m[39m[31m[1m^[2
2m[39m[31m[1m^[22m[39m[31m[1m^[22m[39m[31m[1m^[22m[3
9m[31m[1m^[22m[39m[31m[1m^[22m[39m[31m[1m^[22m[39m[3
1m[1m^[22m[39m[31m[1m^[22m[39m[31m[1m^[22m[39m[31m[1
m^[22m[39m[31m[1m^[22m[39m[31m[1m^[22m[39m[31m[1m^[2
2m[39m[31m[1m^[22m[39m[31m[1m^[22m[39m[31m[1m^[22m[3
9m[31m[1m^[22m[39m[31m[1m^[22m[39m[31m[1m^[22m[39m[3
1m[1m^[22m[39m[31m[1m^[22m[39m[31m[1m^[22m[39m[31m[1
m^[22m[39m[31m[1m^[22m[39m[31m[1m^[22m[39m[31m[1m^[2
2m[39m[31m[1m^[22m[39m[31m[1m^[22m[39m[31m[1m^[22m[3
9m[31m[1m^[22m[39m[31m[1m^[22m[39m[31m[1m^[22m[39m[3
1m[1m^[22m[39m[31m[1m^[22m[39m[31m[1m^[22m[39m[31m[1
m^[22m[39m[31m[1m^[22m[39m[31m[1m^[22m[39m[31m[1m^[2
2m[39m[31m[1m^[22m[39m[31m[1m^[22m[39m[31m[1m^[22m[3
9m[31m[1m^[22m[39m[31m[1m^[22m[39m[31m[1m^[22m[39m[3
1m[1m^[22m[39m[31m[1m^[22m[39m[31m[1m^[22m[39m[31m[1
m^[22m[39m[31m[1m^[22m[39m[31m[1m^[22m[39m[31m[1m^[2
2m[39m[31m[1m^[22m[39m[31m[1m^[22m[39m[31m[1m^[22m[3
9m
 [90m  9 |[39m [36mimport[39m { getData } [36mfrom[39m 
[32m"@/lib/fetch-methods"[39m[33m;[39m
 [90m 10 |[39m [36mimport[39m { getSettings } [36mfrom[39m 
[32m"@/lib/settings-actions"[39m[33m;[39m
 [90m 11 |[39m[0m



https://nextjs.org/docs/messages/module-not-found


./src/app/[locale]/blogs/page.tsx:6:1
Module not found: Can't resolve 
'@/components/motion/animated-section'
[0m [90m 4 |[39m [36mimport[39m { getTranslations } 
[36mfrom[39m [32m"next-intl/server"[39m[33m;[39m
 [90m 5 |[39m [36mimport[39m { getBlogs } [36mfrom[39m 
[32m"@/lib/blog-actions"[39m[33m;[39m
[31m[1m>[22m[39m[90m 6 |[39m [36mimport[39m { 
[33mAnimatedSection[39m } [36mfrom[39m 
[32m"@/components/motion/animated-section"[39m[33m;[39m
 [90m   |[39m [31m[1m^[22m[39m[31m[1m^[22m[39m[31m[1m
^[22m[39m[31m[1m^[22m[39m[31m[1m^[22m[39m[31m[1m^[22
m[39m[31m[1m^[22m[39m[31m[1m^[22m[39m[31m[1m^[22m[39
m[31m[1m^[22m[39m[31m[1m^[22m[39m[31m[1m^[22m[39m[31
m[1m^[22m[39m[31m[1m^[22m[39m[31m[1m^[22m[39m[31m[1m
^[22m[39m[31m[1m^[22m[39m[31m[1m^[22m[39m[31m[1m^[22
m[39m[31m[1m^[22m[39m[31m[1m^[22m[39m[31m[1m^[22m[39
m[31m[1m^[22m[39m[31m[1m^[22m[39m[31m[1m^[22m[39m[31
m[1m^[22m[39m[31m[1m^[22m[39m[31m[1m^[22m[39m[31m[1m
^[22m[39m[31m[1m^[22m[39m[31m[1m^[22m[39m[31m[1m^[22
m[39m[31m[1m^[22m[39m[31m[1m^[22m[39m[31m[1m^[22m[39
m[31m[1m^[22m[39m[31m[1m^[22m[39m[31m[1m^[22m[39m[31
m[1m^[22m[39m[31m[1m^[22m[39m[31m[1m^[22m[39m[31m[1m
^[22m[39m[31m[1m^[22m[39m[31m[1m^[22m[39m[31m[1m^[22
m[39m[31m[1m^[22m[39m[31m[1m^[22m[39m[31m[1m^[22m[39
m[31m[1m^[22m[39m[31m[1m^[22m[39m[31m[1m^[22m[39m[31
m[1m^[22m[39m[31m[1m^[22m[39m[31m[1m^[22m[39m[31m[1m
^[22m[39m[31m[1m^[22m[39m[31m[1m^[22m[39m[31m[1m^[22
m[39m[31m[1m^[22m[39m[31m[1m^[22m[39m[31m[1m^[22m[39
m[31m[1m^[22m[39m[31m[1m^[22m[39m[31m[1m^[22m[39m[31
m[1m^[22m[39m[31m[1m^[22m[39m[31m[1m^[22m[39m[31m[1m
^[22m[39m[31m[1m^[22m[39m[31m[1m^[22m[39m[31m[1m^[22
m[39m
 [90m 7 |[39m [36mimport[39m { [33mAnimatedItem[39m } 
[36mfrom[39m 
[32m"@/components/motion/animated-section"[39m[33m;[39m
 [90m 8 |[39m
 [90m 9 |[39m [36mconst[39m [33mBlogsPage[39m [33m=[39m 
[36masync[39m ({ searchParams }) [33m=>[39m {[0m



https://nextjs.org/docs/messages/module-not-found


./src/app/[locale]/blogs/page.tsx:6:1
Module not found: Can't resolve 
'@/components/motion/animated-section'
[0m [90m 4 |[39m [36mimport[39m { getTranslations } 
[36mfrom[39m [32m"next-intl/server"[39m[33m;[39m
 [90m 5 |[39m [36mimport[39m { getBlogs } [36mfrom[39m 
[32m"@/lib/blog-actions"[39m[33m;[39m
[31m[1m>[22m[39m[90m 6 |[39m [36mimport[39m { 
[33mAnimatedSection[39m } [36mfrom[39m 
[32m"@/components/motion/animated-section"[39m[33m;[39m
 [90m   |[39m [31m[1m^[22m[39m[31m[1m^[22m[39m[31m[1m
^[22m[39m[31m[1m^[22m[39m[31m[1m^[22m[39m[31m[1m^[22
m[39m[31m[1m^[22m[39m[31m[1m^[22m[39m[31m[1m^[22m[39
m[31m[1m^[22m[39m[31m[1m^[22m[39m[31m[1m^[22m[39m[31
m[1m^[22m[39m[31m[1m^[22m[39m[31m[1m^[22m[39m[31m[1m
^[22m[39m[31m[1m^[22m[39m[31m[1m^[22m[39m[31m[1m^[22
m[39m[31m[1m^[22m[39m[31m[1m^[22m[39m[31m[1m^[22m[39
m[31m[1m^[22m[39m[31m[1m^[22m[39m[31m[1m^[22m[39m[31
m[1m^[22m[39m[31m[1m^[22m[39m[31m[1m^[22m[39m[31m[1m
^[22m[39m[31m[1m^[22m[39m[31m[1m^[22m[39m[31m[1m^[22
m[39m[31m[1m^[22m[39m[31m[1m^[22m[39m[31m[1m^[22m[39
m[31m[1m^[22m[39m[31m[1m^[22m[39m[31m[1m^[22m[39m[31
m[1m^[22m[39m[31m[1m^[22m[39m[31m[1m^[22m[39m[31m[1m
^[22m[39m[31m[1m^[22m[39m[31m[1m^[22m[39m[31m[1m^[22
m[39m[31m[1m^[22m[39m[31m[1m^[22m[39m[31m[1m^[22m[39
m[31m[1m^[22m[39m[31m[1m^[22m[39m[31m[1m^[22m[39m[31
m[1m^[22m[39m[31m[1m^[22m[39m[31m[1m^[22m[39m[31m[1m
^[22m[39m[31m[1m^[22m[39m[31m[1m^[22m[39m[31m[1m^[22
m[39m[31m[1m^[22m[39m[31m[1m^[22m[39m[31m[1m^[22m[39
m[31m[1m^[22m[39m[31m[1m^[22m[39m[31m[1m^[22m[39m[31
m[1m^[22m[39m[31m[1m^[22m[39m[31m[1m^[22m[39m[31m[1m
^[22m[39m[31m[1m^[22m[39m[31m[1m^[22m[39m[31m[1m^[22
m[39m
 [90m 7 |[39m [36mimport[39m { [33mAnimatedItem[39m } 
[36mfrom[39m 
[32m"@/components/motion/animated-section"[39m[33m;[39m
 [90m 8 |[39m
 [90m 9 |[39m [36mconst[39m [33mBlogsPage[39m [33m=[39m 
[36masync[39m ({ searchParams }) [33m=>[39m {[0m



https://nextjs.org/docs/messages/module-not-found


./src/app/[locale]/blogs/page.tsx:7:1
Module not found: Can't resolve 
'@/components/motion/animated-section'
[0m [90m  5 |[39m [36mimport[39m { getBlogs } 
[36mfrom[39m [32m"@/lib/blog-actions"[39m[33m;[39m
 [90m  6 |[39m [36mimport[39m { [33mAnimatedSection[39m } 
[36mfrom[39m 
[32m"@/components/motion/animated-section"[39m[33m;[39m
[31m[1m>[22m[39m[90m  7 |[39m [36mimport[39m { 
[33mAnimatedItem[39m } [36mfrom[39m 
[32m"@/components/motion/animated-section"[39m[33m;[39m
 [90m    |[39m [31m[1m^[22m[39m[31m[1m^[22m[39m[31m[1
m^[22m[39m[31m[1m^[22m[39m[31m[1m^[22m[39m[31m[1m^[2
2m[39m[31m[1m^[22m[39m[31m[1m^[22m[39m[31m[1m^[22m[3
9m[31m[1m^[22m[39m[31m[1m^[22m[39m[31m[1m^[22m[39m[3
1m[1m^[22m[39m[31m[1m^[22m[39m[31m[1m^[22m[39m[31m[1
m^[22m[39m[31m[1m^[22m[39m[31m[1m^[22m[39m[31m[1m^[2
2m[39m[31m[1m^[22m[39m[31m[1m^[22m[39m[31m[1m^[22m[3
9m[31m[1m^[22m[39m[31m[1m^[22m[39m[31m[1m^[22m[39m[3
1m[1m^[22m[39m[31m[1m^[22m[39m[31m[1m^[22m[39m[31m[1
m^[22m[39m[31m[1m^[22m[39m[31m[1m^[22m[39m[31m[1m^[2
2m[39m[31m[1m^[22m[39m[31m[1m^[22m[39m[31m[1m^[22m[3
9m[31m[1m^[22m[39m[31m[1m^[22m[39m[31m[1m^[22m[39m[3
1m[1m^[22m[39m[31m[1m^[22m[39m[31m[1m^[22m[39m[31m[1
m^[22m[39m[31m[1m^[22m[39m[31m[1m^[22m[39m[31m[1m^[2
2m[39m[31m[1m^[22m[39m[31m[1m^[22m[39m[31m[1m^[22m[3
9m[31m[1m^[22m[39m[31m[1m^[22m[39m[31m[1m^[22m[39m[3
1m[1m^[22m[39m[31m[1m^[22m[39m[31m[1m^[22m[39m[31m[1
m^[22m[39m[31m[1m^[22m[39m[31m[1m^[22m[39m[31m[1m^[2
2m[39m[31m[1m^[22m[39m[31m[1m^[22m[39m[31m[1m^[22m[3
9m[31m[1m^[22m[39m[31m[1m^[22m[39m[31m[1m^[22m[39m[3
1m[1m^[22m[39m[31m[1m^[22m[39m[31m[1m^[22m[39m[31m[1
m^[22m[39m
 [90m  8 |[39m
 [90m  9 |[39m [36mconst[39m [33mBlogsPage[39m [33m=[39m 
[36masync[39m ({ searchParams }) [33m=>[39m {
 [90m 10 |[39m   [36mconst[39m t [33m=[39m [36mawait[39m 
getTranslations([32m"breadcrumbs"[39m)[33m;[39m[0m



https://nextjs.org/docs/messages/module-not-found


./src/app/[locale]/blogs/page.tsx:7:1
Module not found: Can't resolve 
'@/components/motion/animated-section'
[0m [90m  5 |[39m [36mimport[39m { getBlogs } 
[36mfrom[39m [32m"@/lib/blog-actions"[39m[33m;[39m
 [90m  6 |[39m [36mimport[39m { [33mAnimatedSection[39m } 
[36mfrom[39m 
[32m"@/components/motion/animated-section"[39m[33m;[39m
[31m[1m>[22m[39m[90m  7 |[39m [36mimport[39m { 
[33mAnimatedItem[39m } [36mfrom[39m 
[32m"@/components/motion/animated-section"[39m[33m;[39m
 [90m    |[39m [31m[1m^[22m[39m[31m[1m^[22m[39m[31m[1
m^[22m[39m[31m[1m^[22m[39m[31m[1m^[22m[39m[31m[1m^[2
2m[39m[31m[1m^[22m[39m[31m[1m^[22m[39m[31m[1m^[22m[3
9m[31m[1m^[22m[39m[31m[1m^[22m[39m[31m[1m^[22m[39m[3
1m[1m^[22m[39m[31m[1m^[22m[39m[31m[1m^[22m[39m[31m[1
m^[22m[39m[31m[1m^[22m[39m[31m[1m^[22m[39m[31m[1m^[2
2m[39m[31m[1m^[22m[39m[31m[1m^[22m[39m[31m[1m^[22m[3
9m[31m[1m^[22m[39m[31m[1m^[22m[39m[31m[1m^[22m[39m[3
1m[1m^[22m[39m[31m[1m^[22m[39m[31m[1m^[22m[39m[31m[1
m^[22m[39m[31m[1m^[22m[39m[31m[1m^[22m[39m[31m[1m^[2
2m[39m[31m[1m^[22m[39m[31m[1m^[22m[39m[31m[1m^[22m[3
9m[31m[1m^[22m[39m[31m[1m^[22m[39m[31m[1m^[22m[39m[3
1m[1m^[22m[39m[31m[1m^[22m[39m[31m[1m^[22m[39m[31m[1
m^[22m[39m[31m[1m^[22m[39m[31m[1m^[22m[39m[31m[1m^[2
2m[39m[31m[1m^[22m[39m[31m[1m^[22m[39m[31m[1m^[22m[3
9m[31m[1m^[22m[39m[31m[1m^[22m[39m[31m[1m^[22m[39m[3
1m[1m^[22m[39m[31m[1m^[22m[39m[31m[1m^[22m[39m[31m[1
m^[22m[39m[31m[1m^[22m[39m[31m[1m^[22m[39m[31m[1m^[2
2m[39m[31m[1m^[22m[39m[31m[1m^[22m[39m[31m[1m^[22m[3
9m[31m[1m^[22m[39m[31m[1m^[22m[39m[31m[1m^[22m[39m[3
1m[1m^[22m[39m[31m[1m^[22m[39m[31m[1m^[22m[39m[31m[1
m^[22m[39m
 [90m  8 |[39m
 [90m  9 |[39m [36mconst[39m [33mBlogsPage[39m [33m=[39m 
[36masync[39m ({ searchParams }) [33m=>[39m {
 [90m 10 |[39m   [36mconst[39m t [33m=[39m [36mawait[39m 
getTranslations([32m"breadcrumbs"[39m)[33m;[39m[0m



https://nextjs.org/docs/messages/module-not-found


./src/app/[locale]/packages/page.tsx:5:1
Module not found: Can't resolve 
'@/components/motion/animated-section'
[0m [90m  3 |[39m [36mimport[39m [33mReact[39m 
[36mfrom[39m [32m"react"[39m[33m;[39m
 [90m  4 |[39m [36mimport[39m { getTranslations } 
[36mfrom[39m [32m"next-intl/server"[39m[33m;[39m
[31m[1m>[22m[39m[90m  5 |[39m [36mimport[39m {
 [90m    |[39m [31m[1m^[22m[39m[31m[1m^[22m[39m[31m[1
m^[22m[39m[31m[1m^[22m[39m[31m[1m^[22m[39m[31m[1m^[2
2m[39m[31m[1m^[22m[39m[31m[1m^[22m[39m
[31m[1m>[22m[39m[90m  6 |[39m   
[33mAnimatedSection[39m[33m,[39m
 [90m    |[39m [31m[1m^[22m[39m[31m[1m^[22m[39m[31m[1
m^[22m[39m[31m[1m^[22m[39m[31m[1m^[22m[39m[31m[1m^[2
2m[39m[31m[1m^[22m[39m[31m[1m^[22m[39m[31m[1m^[22m[3
9m[31m[1m^[22m[39m[31m[1m^[22m[39m[31m[1m^[22m[39m[3
1m[1m^[22m[39m[31m[1m^[22m[39m[31m[1m^[22m[39m[31m[1
m^[22m[39m[31m[1m^[22m[39m[31m[1m^[22m[39m
[31m[1m>[22m[39m[90m  7 |[39m   
[33mAnimatedItem[39m[33m,[39m
 [90m    |[39m [31m[1m^[22m[39m[31m[1m^[22m[39m[31m[1
m^[22m[39m[31m[1m^[22m[39m[31m[1m^[22m[39m[31m[1m^[2
2m[39m[31m[1m^[22m[39m[31m[1m^[22m[39m[31m[1m^[22m[3
9m[31m[1m^[22m[39m[31m[1m^[22m[39m[31m[1m^[22m[39m[3
1m[1m^[22m[39m[31m[1m^[22m[39m[31m[1m^[22m[39m[31m[1
m^[22m[39m[31m[1m^[22m[39m[31m[1m^[22m[39m
[31m[1m>[22m[39m[90m  8 |[39m } [36mfrom[39m 
[32m"@/components/motion/animated-section"[39m[33m;[39m
 [90m    |[39m [31m[1m^[22m[39m[31m[1m^[22m[39m[31m[1
m^[22m[39m[31m[1m^[22m[39m[31m[1m^[22m[39m[31m[1m^[2
2m[39m[31m[1m^[22m[39m[31m[1m^[22m[39m[31m[1m^[22m[3
9m[31m[1m^[22m[39m[31m[1m^[22m[39m[31m[1m^[22m[39m[3
1m[1m^[22m[39m[31m[1m^[22m[39m[31m[1m^[22m[39m[31m[1
m^[22m[39m[31m[1m^[22m[39m[31m[1m^[22m[39m[31m[1m^[2
2m[39m[31m[1m^[22m[39m[31m[1m^[22m[39m[31m[1m^[22m[3
9m[31m[1m^[22m[39m[31m[1m^[22m[39m[31m[1m^[22m[39m[3
1m[1m^[22m[39m[31m[1m^[22m[39m[31m[1m^[22m[39m[31m[1
m^[22m[39m[31m[1m^[22m[39m[31m[1m^[22m[39m[31m[1m^[2
2m[39m[31m[1m^[22m[39m[31m[1m^[22m[39m[31m[1m^[22m[3
9m[31m[1m^[22m[39m[31m[1m^[22m[39m[31m[1m^[22m[39m[3
1m[1m^[22m[39m[31m[1m^[22m[39m[31m[1m^[22m[39m[31m[1
m^[22m[39m[31m[1m^[22m[39m[31m[1m^[22m[39m[31m[1m^[2
2m[39m[31m[1m^[22m[39m[31m[1m^[22m[39m
 [90m  9 |[39m
 [90m 10 |[39m [36mconst[39m [33mPackagesPage[39m 
[33m=[39m [36masync[39m () [33m=>[39m {
 [90m 11 |[39m   [36mconst[39m t [33m=[39m [36mawait[39m 
getTranslations([32m"packages_page"[39m)[33m;[39m[0m



https://nextjs.org/docs/messages/module-not-found


./src/app/[locale]/packages/page.tsx:5:1
Module not found: Can't resolve 
'@/components/motion/animated-section'
[0m [90m  3 |[39m [36mimport[39m [33mReact[39m 
[36mfrom[39m [32m"react"[39m[33m;[39m
 [90m  4 |[39m [36mimport[39m { getTranslations } 
[36mfrom[39m [32m"next-intl/server"[39m[33m;[39m
[31m[1m>[22m[39m[90m  5 |[39m [36mimport[39m {
 [90m    |[39m [31m[1m^[22m[39m[31m[1m^[22m[39m[31m[1
m^[22m[39m[31m[1m^[22m[39m[31m[1m^[22m[39m[31m[1m^[2
2m[39m[31m[1m^[22m[39m[31m[1m^[22m[39m
[31m[1m>[22m[39m[90m  6 |[39m   
[33mAnimatedSection[39m[33m,[39m
 [90m    |[39m [31m[1m^[22m[39m[31m[1m^[22m[39m[31m[1
m^[22m[39m[31m[1m^[22m[39m[31m[1m^[22m[39m[31m[1m^[2
2m[39m[31m[1m^[22m[39m[31m[1m^[22m[39m[31m[1m^[22m[3
9m[31m[1m^[22m[39m[31m[1m^[22m[39m[31m[1m^[22m[39m[3
1m[1m^[22m[39m[31m[1m^[22m[39m[31m[1m^[22m[39m[31m[1
m^[22m[39m[31m[1m^[22m[39m[31m[1m^[22m[39m
[31m[1m>[22m[39m[90m  7 |[39m   
[33mAnimatedItem[39m[33m,[39m
 [90m    |[39m [31m[1m^[22m[39m[31m[1m^[22m[39m[31m[1
m^[22m[39m[31m[1m^[22m[39m[31m[1m^[22m[39m[31m[1m^[2
2m[39m[31m[1m^[22m[39m[31m[1m^[22m[39m[31m[1m^[22m[3
9m[31m[1m^[22m[39m[31m[1m^[22m[39m[31m[1m^[22m[39m[3
1m[1m^[22m[39m[31m[1m^[22m[39m[31m[1m^[22m[39m[31m[1
m^[22m[39m[31m[1m^[22m[39m[31m[1m^[22m[39m
[31m[1m>[22m[39m[90m  8 |[39m } [36mfrom[39m 
[32m"@/components/motion/animated-section"[39m[33m;[39m
 [90m    |[39m [31m[1m^[22m[39m[31m[1m^[22m[39m[31m[1
m^[22m[39m[31m[1m^[22m[39m[31m[1m^[22m[39m[31m[1m^[2
2m[39m[31m[1m^[22m[39m[31m[1m^[22m[39m[31m[1m^[22m[3
9m[31m[1m^[22m[39m[31m[1m^[22m[39m[31m[1m^[22m[39m[3
1m[1m^[22m[39m[31m[1m^[22m[39m[31m[1m^[22m[39m[31m[1
m^[22m[39m[31m[1m^[22m[39m[31m[1m^[22m[39m[31m[1m^[2
2m[39m[31m[1m^[22m[39m[31m[1m^[22m[39m[31m[1m^[22m[3
9m[31m[1m^[22m[39m[31m[1m^[22m[39m[31m[1m^[22m[39m[3
1m[1m^[22m[39m[31m[1m^[22m[39m[31m[1m^[22m[39m[31m[1
m^[22m[39m[31m[1m^[22m[39m[31m[1m^[22m[39m[31m[1m^[2
2m[39m[31m[1m^[22m[39m[31m[1m^[22m[39m[31m[1m^[22m[3
9m[31m[1m^[22m[39m[31m[1m^[22m[39m[31m[1m^[22m[39m[3
1m[1m^[22m[39m[31m[1m^[22m[39m[31m[1m^[22m[39m[31m[1
m^[22m[39m[31m[1m^[22m[39m[31m[1m^[22m[39m[31m[1m^[2
2m[39m[31m[1m^[22m[39m[31m[1m^[22m[39m
 [90m  9 |[39m
 [90m 10 |[39m [36mconst[39m [33mPackagesPage[39m 
[33m=[39m [36masync[39m () [33m=>[39m {
 [90m 11 |[39m   [36mconst[39m t [33m=[39m [36mawait[39m 
getTranslations([32m"packages_page"[39m)[33m;[39m[0m



https://nextjs.org/docs/messages/module-not-found


./src/app/[locale]/packages/page.tsx:5:1
Module not found: Can't resolve 
'@/components/motion/animated-section'
[0m [90m  3 |[39m [36mimport[39m [33mReact[39m 
[36mfrom[39m [32m"react"[39m[33m;[39m
 [90m  4 |[39m [36mimport[39m { getTranslations } 
[36mfrom[39m [32m"next-intl/server"[39m[33m;[39m
[31m[1m>[22m[39m[90m  5 |[39m [36mimport[39m {
 [90m    |[39m [31m[1m^[22m[39m[31m[1m^[22m[39m[31m[1
m^[22m[39m[31m[1m^[22m[39m[31m[1m^[22m[39m[31m[1m^[2
2m[39m[31m[1m^[22m[39m[31m[1m^[22m[39m
[31m[1m>[22m[39m[90m  6 |[39m   
[33mAnimatedSection[39m[33m,[39m
 [90m    |[39m [31m[1m^[22m[39m[31m[1m^[22m[39m[31m[1
m^[22m[39m[31m[1m^[22m[39m[31m[1m^[22m[39m[31m[1m^[2
2m[39m[31m[1m^[22m[39m[31m[1m^[22m[39m[31m[1m^[22m[3
9m[31m[1m^[22m[39m[31m[1m^[22m[39m[31m[1m^[22m[39m[3
1m[1m^[22m[39m[31m[1m^[22m[39m[31m[1m^[22m[39m[31m[1
m^[22m[39m[31m[1m^[22m[39m[31m[1m^[22m[39m
[31m[1m>[22m[39m[90m  7 |[39m   
[33mAnimatedItem[39m[33m,[39m
 [90m    |[39m [31m[1m^[22m[39m[31m[1m^[22m[39m[31m[1
m^[22m[39m[31m[1m^[22m[39m[31m[1m^[22m[39m[31m[1m^[2
2m[39m[31m[1m^[22m[39m[31m[1m^[22m[39m[31m[1m^[22m[3
9m[31m[1m^[22m[39m[31m[1m^[22m[39m[31m[1m^[22m[39m[3
1m[1m^[22m[39m[31m[1m^[22m[39m[31m[1m^[22m[39m[31m[1
m^[22m[39m[31m[1m^[22m[39m[31m[1m^[22m[39m
[31m[1m>[22m[39m[90m  8 |[39m } [36mfrom[39m 
[32m"@/components/motion/animated-section"[39m[33m;[39m
 [90m    |[39m [31m[1m^[22m[39m[31m[1m^[22m[39m[31m[1
m^[22m[39m[31m[1m^[22m[39m[31m[1m^[22m[39m[31m[1m^[2
2m[39m[31m[1m^[22m[39m[31m[1m^[22m[39m[31m[1m^[22m[3
9m[31m[1m^[22m[39m[31m[1m^[22m[39m[31m[1m^[22m[39m[3
1m[1m^[22m[39m[31m[1m^[22m[39m[31m[1m^[22m[39m[31m[1
m^[22m[39m[31m[1m^[22m[39m[31m[1m^[22m[39m[31m[1m^[2
2m[39m[31m[1m^[22m[39m[31m[1m^[22m[39m[31m[1m^[22m[3
9m[31m[1m^[22m[39m[31m[1m^[22m[39m[31m[1m^[22m[39m[3
1m[1m^[22m[39m[31m[1m^[22m[39m[31m[1m^[22m[39m[31m[1
m^[22m[39m[31m[1m^[22m[39m[31m[1m^[22m[39m[31m[1m^[2
2m[39m[31m[1m^[22m[39m[31m[1m^[22m[39m[31m[1m^[22m[3
9m[31m[1m^[22m[39m[31m[1m^[22m[39m[31m[1m^[22m[39m[3
1m[1m^[22m[39m[31m[1m^[22m[39m[31m[1m^[22m[39m[31m[1
m^[22m[39m[31m[1m^[22m[39m[31m[1m^[22m[39m[31m[1m^[2
2m[39m[31m[1m^[22m[39m[31m[1m^[22m[39m
 [90m  9 |[39m
 [90m 10 |[39m [36mconst[39m [33mPackagesPage[39m 
[33m=[39m [36masync[39m () [33m=>[39m {
 [90m 11 |[39m   [36mconst[39m t [33m=[39m [36mawait[39m 
getTranslations([32m"packages_page"[39m)[33m;[39m[0m



https://nextjs.org/docs/messages/module-not-found


./src/app/[locale]/partners/page.tsx:7:1
Module not found: Can't resolve 
'@/components/motion/animated-section'
[0m [90m  5 |[39m [36mimport[39m { getTranslations } 
[36mfrom[39m [32m"next-intl/server"[39m[33m;[39m
 [90m  6 |[39m [36mimport[39m { getData } [36mfrom[39m 
[32m"@/lib/fetch-methods"[39m[33m;[39m
[31m[1m>[22m[39m[90m  7 |[39m [36mimport[39m {
 [90m    |[39m [31m[1m^[22m[39m[31m[1m^[22m[39m[31m[1
m^[22m[39m[31m[1m^[22m[39m[31m[1m^[22m[39m[31m[1m^[2
2m[39m[31m[1m^[22m[39m[31m[1m^[22m[39m
[31m[1m>[22m[39m[90m  8 |[39m   
[33mAnimatedSection[39m[33m,[39m
 [90m    |[39m [31m[1m^[22m[39m[31m[1m^[22m[39m[31m[1
m^[22m[39m[31m[1m^[22m[39m[31m[1m^[22m[39m[31m[1m^[2
2m[39m[31m[1m^[22m[39m[31m[1m^[22m[39m[31m[1m^[22m[3
9m[31m[1m^[22m[39m[31m[1m^[22m[39m[31m[1m^[22m[39m[3
1m[1m^[22m[39m[31m[1m^[22m[39m[31m[1m^[22m[39m[31m[1
m^[22m[39m[31m[1m^[22m[39m[31m[1m^[22m[39m
[31m[1m>[22m[39m[90m  9 |[39m   
[33mAnimatedItem[39m[33m,[39m
 [90m    |[39m [31m[1m^[22m[39m[31m[1m^[22m[39m[31m[1
m^[22m[39m[31m[1m^[22m[39m[31m[1m^[22m[39m[31m[1m^[2
2m[39m[31m[1m^[22m[39m[31m[1m^[22m[39m[31m[1m^[22m[3
9m[31m[1m^[22m[39m[31m[1m^[22m[39m[31m[1m^[22m[39m[3
1m[1m^[22m[39m[31m[1m^[22m[39m[31m[1m^[22m[39m[31m[1
m^[22m[39m[31m[1m^[22m[39m[31m[1m^[22m[39m
[31m[1m>[22m[39m[90m 10 |[39m } [36mfrom[39m 
[32m"@/components/motion/animated-section"[39m[33m;[39m
 [90m    |[39m [31m[1m^[22m[39m[31m[1m^[22m[39m[31m[1
m^[22m[39m[31m[1m^[22m[39m[31m[1m^[22m[39m[31m[1m^[2
2m[39m[31m[1m^[22m[39m[31m[1m^[22m[39m[31m[1m^[22m[3
9m[31m[1m^[22m[39m[31m[1m^[22m[39m[31m[1m^[22m[39m[3
1m[1m^[22m[39m[31m[1m^[22m[39m[31m[1m^[22m[39m[31m[1
m^[22m[39m[31m[1m^[22m[39m[31m[1m^[22m[39m[31m[1m^[2
2m[39m[31m[1m^[22m[39m[31m[1m^[22m[39m[31m[1m^[22m[3
9m[31m[1m^[22m[39m[31m[1m^[22m[39m[31m[1m^[22m[39m[3
1m[1m^[22m[39m[31m[1m^[22m[39m[31m[1m^[22m[39m[31m[1
m^[22m[39m[31m[1m^[22m[39m[31m[1m^[22m[39m[31m[1m^[2
2m[39m[31m[1m^[22m[39m[31m[1m^[22m[39m[31m[1m^[22m[3
9m[31m[1m^[22m[39m[31m[1m^[22m[39m[31m[1m^[22m[39m[3
1m[1m^[22m[39m[31m[1m^[22m[39m[31m[1m^[22m[39m[31m[1
m^[22m[39m[31m[1m^[22m[39m[31m[1m^[22m[39m[31m[1m^[2
2m[39m[31m[1m^[22m[39m[31m[1m^[22m[39m
 [90m 11 |[39m
 [90m 12 |[39m [36mconst[39m [33mPartnersPage[39m 
[33m=[39m [36masync[39m ({ searchParams }) [33m=>[39m {
 [90m 13 |[39m   [36mconst[39m t [33m=[39m [36mawait[39m 
getTranslations([32m"breadcrumbs"[39m)[33m;[39m[0m



https://nextjs.org/docs/messages/module-not-found


./src/app/[locale]/partners/page.tsx:7:1
Module not found: Can't resolve 
'@/components/motion/animated-section'
[0m [90m  5 |[39m [36mimport[39m { getTranslations } 
[36mfrom[39m [32m"next-intl/server"[39m[33m;[39m
 [90m  6 |[39m [36mimport[39m { getData } [36mfrom[39m 
[32m"@/lib/fetch-methods"[39m[33m;[39m
[31m[1m>[22m[39m[90m  7 |[39m [36mimport[39m {
 [90m    |[39m [31m[1m^[22m[39m[31m[1m^[22m[39m[31m[1
m^[22m[39m[31m[1m^[22m[39m[31m[1m^[22m[39m[31m[1m^[2
2m[39m[31m[1m^[22m[39m[31m[1m^[22m[39m
[31m[1m>[22m[39m[90m  8 |[39m   
[33mAnimatedSection[39m[33m,[39m
 [90m    |[39m [31m[1m^[22m[39m[31m[1m^[22m[39m[31m[1
m^[22m[39m[31m[1m^[22m[39m[31m[1m^[22m[39m[31m[1m^[2
2m[39m[31m[1m^[22m[39m[31m[1m^[22m[39m[31m[1m^[22m[3
9m[31m[1m^[22m[39m[31m[1m^[22m[39m[31m[1m^[22m[39m[3
1m[1m^[22m[39m[31m[1m^[22m[39m[31m[1m^[22m[39m[31m[1
m^[22m[39m[31m[1m^[22m[39m[31m[1m^[22m[39m
[31m[1m>[22m[39m[90m  9 |[39m   
[33mAnimatedItem[39m[33m,[39m
 [90m    |[39m [31m[1m^[22m[39m[31m[1m^[22m[39m[31m[1
m^[22m[39m[31m[1m^[22m[39m[31m[1m^[22m[39m[31m[1m^[2
2m[39m[31m[1m^[22m[39m[31m[1m^[22m[39m[31m[1m^[22m[3
9m[31m[1m^[22m[39m[31m[1m^[22m[39m[31m[1m^[22m[39m[3
1m[1m^[22m[39m[31m[1m^[22m[39m[31m[1m^[22m[39m[31m[1
m^[22m[39m[31m[1m^[22m[39m[31m[1m^[22m[39m
[31m[1m>[22m[39m[90m 10 |[39m } [36mfrom[39m 
[32m"@/components/motion/animated-section"[39m[33m;[39m
 [90m    |[39m [31m[1m^[22m[39m[31m[1m^[22m[39m[31m[1
m^[22m[39m[31m[1m^[22m[39m[31m[1m^[22m[39m[31m[1m^[2
2m[39m[31m[1m^[22m[39m[31m[1m^[22m[39m[31m[1m^[22m[3
9m[31m[1m^[22m[39m[31m[1m^[22m[39m[31m[1m^[22m[39m[3
1m[1m^[22m[39m[31m[1m^[22m[39m[31m[1m^[22m[39m[31m[1
m^[22m[39m[31m[1m^[22m[39m[31m[1m^[22m[39m[31m[1m^[2
2m[39m[31m[1m^[22m[39m[31m[1m^[22m[39m[31m[1m^[22m[3
9m[31m[1m^[22m[39m[31m[1m^[22m[39m[31m[1m^[22m[39m[3
1m[1m^[22m[39m[31m[1m^[22m[39m[31m[1m^[22m[39m[31m[1
m^[22m[39m[31m[1m^[22m[39m[31m[1m^[22m[39m[31m[1m^[2
2m[39m[31m[1m^[22m[39m[31m[1m^[22m[39m[31m[1m^[22m[3
9m[31m[1m^[22m[39m[31m[1m^[22m[39m[31m[1m^[22m[39m[3
1m[1m^[22m[39m[31m[1m^[22m[39m[31m[1m^[22m[39m[31m[1
m^[22m[39m[31m[1m^[22m[39m[31m[1m^[22m[39m[31m[1m^[2
2m[39m[31m[1m^[22m[39m[31m[1m^[22m[39m
 [90m 11 |[39m
 [90m 12 |[39m [36mconst[39m [33mPartnersPage[39m 
[33m=[39m [36masync[39m ({ searchParams }) [33m=>[39m {
 [90m 13 |[39m   [36mconst[39m t [33m=[39m [36mawait[39m 
getTranslations([32m"breadcrumbs"[39m)[33m;[39m[0m



https://nextjs.org/docs/messages/module-not-found


./src/app/[locale]/partners/page.tsx:7:1
Module not found: Can't resolve 
'@/components/motion/animated-section'
[0m [90m  5 |[39m [36mimport[39m { getTranslations } 
[36mfrom[39m [32m"next-intl/server"[39m[33m;[39m
 [90m  6 |[39m [36mimport[39m { getData } [36mfrom[39m 
[32m"@/lib/fetch-methods"[39m[33m;[39m
[31m[1m>[22m[39m[90m  7 |[39m [36mimport[39m {
 [90m    |[39m [31m[1m^[22m[39m[31m[1m^[22m[39m[31m[1
m^[22m[39m[31m[1m^[22m[39m[31m[1m^[22m[39m[31m[1m^[2
2m[39m[31m[1m^[22m[39m[31m[1m^[22m[39m
[31m[1m>[22m[39m[90m  8 |[39m   
[33mAnimatedSection[39m[33m,[39m
 [90m    |[39m [31m[1m^[22m[39m[31m[1m^[22m[39m[31m[1
m^[22m[39m[31m[1m^[22m[39m[31m[1m^[22m[39m[31m[1m^[2
2m[39m[31m[1m^[22m[39m[31m[1m^[22m[39m[31m[1m^[22m[3
9m[31m[1m^[22m[39m[31m[1m^[22m[39m[31m[1m^[22m[39m[3
1m[1m^[22m[39m[31m[1m^[22m[39m[31m[1m^[22m[39m[31m[1
m^[22m[39m[31m[1m^[22m[39m[31m[1m^[22m[39m
[31m[1m>[22m[39m[90m  9 |[39m   
[33mAnimatedItem[39m[33m,[39m
 [90m    |[39m [31m[1m^[22m[39m[31m[1m^[22m[39m[31m[1
m^[22m[39m[31m[1m^[22m[39m[31m[1m^[22m[39m[31m[1m^[2
2m[39m[31m[1m^[22m[39m[31m[1m^[22m[39m[31m[1m^[22m[3
9m[31m[1m^[22m[39m[31m[1m^[22m[39m[31m[1m^[22m[39m[3
1m[1m^[22m[39m[31m[1m^[22m[39m[31m[1m^[22m[39m[31m[1
m^[22m[39m[31m[1m^[22m[39m[31m[1m^[22m[39m
[31m[1m>[22m[39m[90m 10 |[39m } [36mfrom[39m 
[32m"@/components/motion/animated-section"[39m[33m;[39m
 [90m    |[39m [31m[1m^[22m[39m[31m[1m^[22m[39m[31m[1
m^[22m[39m[31m[1m^[22m[39m[31m[1m^[22m[39m[31m[1m^[2
2m[39m[31m[1m^[22m[39m[31m[1m^[22m[39m[31m[1m^[22m[3
9m[31m[1m^[22m[39m[31m[1m^[22m[39m[31m[1m^[22m[39m[3
1m[1m^[22m[39m[31m[1m^[22m[39m[31m[1m^[22m[39m[31m[1
m^[22m[39m[31m[1m^[22m[39m[31m[1m^[22m[39m[31m[1m^[2
2m[39m[31m[1m^[22m[39m[31m[1m^[22m[39m[31m[1m^[22m[3
9m[31m[1m^[22m[39m[31m[1m^[22m[39m[31m[1m^[22m[39m[3
1m[1m^[22m[39m[31m[1m^[22m[39m[31m[1m^[22m[39m[31m[1
m^[22m[39m[31m[1m^[22m[39m[31m[1m^[22m[39m[31m[1m^[2
2m[39m[31m[1m^[22m[39m[31m[1m^[22m[39m[31m[1m^[22m[3
9m[31m[1m^[22m[39m[31m[1m^[22m[39m[31m[1m^[22m[39m[3
1m[1m^[22m[39m[31m[1m^[22m[39m[31m[1m^[22m[39m[31m[1
m^[22m[39m[31m[1m^[22m[39m[31m[1m^[22m[39m[31m[1m^[2
2m[39m[31m[1m^[22m[39m[31m[1m^[22m[39m
 [90m 11 |[39m
 [90m 12 |[39m [36mconst[39m [33mPartnersPage[39m 
[33m=[39m [36masync[39m ({ searchParams }) [33m=>[39m {
 [90m 13 |[39m   [36mconst[39m t [33m=[39m [36mawait[39m 
getTranslations([32m"breadcrumbs"[39m)[33m;[39m[0m



https://nextjs.org/docs/messages/module-not-found


./src/app/[locale]/layout.tsx:9:1
Module not found: Can't resolve 
'@/components/shared/FloatingSocials'
[0m [90m  7 |[39m [36mimport[39m [33mFooter[39m 
[36mfrom[39m [32m"@/components/shared/footer"[39m[33m;[39m
 [90m  8 |[39m [36mimport[39m [33mNavbar[39m 
[36mfrom[39m [32m"@/components/shared/navbar"[39m[33m;[39m
[31m[1m>[22m[39m[90m  9 |[39m [36mimport[39m 
[33mFloatingSocials[39m [36mfrom[39m 
[32m"@/components/shared/FloatingSocials"[39m[33m;[39m
 [90m    |[39m [31m[1m^[22m[39m[31m[1m^[22m[39m[31m[1
m^[22m[39m[31m[1m^[22m[39m[31m[1m^[22m[39m[31m[1m^[2
2m[39m[31m[1m^[22m[39m[31m[1m^[22m[39m[31m[1m^[22m[3
9m[31m[1m^[22m[39m[31m[1m^[22m[39m[31m[1m^[22m[39m[3
1m[1m^[22m[39m[31m[1m^[22m[39m[31m[1m^[22m[39m[31m[1
m^[22m[39m[31m[1m^[22m[39m[31m[1m^[22m[39m[31m[1m^[2
2m[39m[31m[1m^[22m[39m[31m[1m^[22m[39m[31m[1m^[22m[3
9m[31m[1m^[22m[39m[31m[1m^[22m[39m[31m[1m^[22m[39m[3
1m[1m^[22m[39m[31m[1m^[22m[39m[31m[1m^[22m[39m[31m[1
m^[22m[39m[31m[1m^[22m[39m[31m[1m^[22m[39m[31m[1m^[2
2m[39m[31m[1m^[22m[39m[31m[1m^[22m[39m[31m[1m^[22m[3
9m[31m[1m^[22m[39m[31m[1m^[22m[39m[31m[1m^[22m[39m[3
1m[1m^[22m[39m[31m[1m^[22m[39m[31m[1m^[22m[39m[31m[1
m^[22m[39m[31m[1m^[22m[39m[31m[1m^[22m[39m[31m[1m^[2
2m[39m[31m[1m^[22m[39m[31m[1m^[22m[39m[31m[1m^[22m[3
9m[31m[1m^[22m[39m[31m[1m^[22m[39m[31m[1m^[22m[39m[3
1m[1m^[22m[39m[31m[1m^[22m[39m[31m[1m^[22m[39m[31m[1
m^[22m[39m[31m[1m^[22m[39m[31m[1m^[22m[39m[31m[1m^[2
2m[39m[31m[1m^[22m[39m[31m[1m^[22m[39m[31m[1m^[22m[3
9m[31m[1m^[22m[39m[31m[1m^[22m[39m[31m[1m^[22m[39m[3
1m[1m^[22m[39m[31m[1m^[22m[39m
 [90m 10 |[39m [36mimport[39m { [33mToaster[39m } 
[36mfrom[39m [32m"sonner"[39m[33m;[39m
 [90m 11 |[39m [36mimport[39m [33mUserContextProvider[39m 
[36mfrom[39m [32m"@/context/user-context"[39m[33m;[39m
 [90m 12 |[39m [36mimport[39m { getData } [36mfrom[39m 
[32m"@/lib/fetch-methods"[39m[33m;[39m[0m



https://nextjs.org/docs/messages/module-not-found


./src/app/[locale]/layout.tsx:9:1
Module not found: Can't resolve 
'@/components/shared/FloatingSocials'
[0m [90m  7 |[39m [36mimport[39m [33mFooter[39m 
[36mfrom[39m [32m"@/components/shared/footer"[39m[33m;[39m
 [90m  8 |[39m [36mimport[39m [33mNavbar[39m 
[36mfrom[39m [32m"@/components/shared/navbar"[39m[33m;[39m
[31m[1m>[22m[39m[90m  9 |[39m [36mimport[39m 
[33mFloatingSocials[39m [36mfrom[39m 
[32m"@/components/shared/FloatingSocials"[39m[33m;[39m
 [90m    |[39m [31m[1m^[22m[39m[31m[1m^[22m[39m[31m[1
m^[22m[39m[31m[1m^[22m[39m[31m[1m^[22m[39m[31m[1m^[2
2m[39m[31m[1m^[22m[39m[31m[1m^[22m[39m[31m[1m^[22m[3
9m[31m[1m^[22m[39m[31m[1m^[22m[39m[31m[1m^[22m[39m[3
1m[1m^[22m[39m[31m[1m^[22m[39m[31m[1m^[22m[39m[31m[1
m^[22m[39m[31m[1m^[22m[39m[31m[1m^[22m[39m[31m[1m^[2
2m[39m[31m[1m^[22m[39m[31m[1m^[22m[39m[31m[1m^[22m[3
9m[31m[1m^[22m[39m[31m[1m^[22m[39m[31m[1m^[22m[39m[3
1m[1m^[22m[39m[31m[1m^[22m[39m[31m[1m^[22m[39m[31m[1
m^[22m[39m[31m[1m^[22m[39m[31m[1m^[22m[39m[31m[1m^[2
2m[39m[31m[1m^[22m[39m[31m[1m^[22m[39m[31m[1m^[22m[3
9m[31m[1m^[22m[39m[31m[1m^[22m[39m[31m[1m^[22m[39m[3
1m[1m^[22m[39m[31m[1m^[22m[39m[31m[1m^[22m[39m[31m[1
m^[22m[39m[31m[1m^[22m[39m[31m[1m^[22m[39m[31m[1m^[2
2m[39m[31m[1m^[22m[39m[31m[1m^[22m[39m[31m[1m^[22m[3
9m[31m[1m^[22m[39m[31m[1m^[22m[39m[31m[1m^[22m[39m[3
1m[1m^[22m[39m[31m[1m^[22m[39m[31m[1m^[22m[39m[31m[1
m^[22m[39m[31m[1m^[22m[39m[31m[1m^[22m[39m[31m[1m^[2
2m[39m[31m[1m^[22m[39m[31m[1m^[22m[39m[31m[1m^[22m[3
9m[31m[1m^[22m[39m[31m[1m^[22m[39m[31m[1m^[22m[39m[3
1m[1m^[22m[39m[31m[1m^[22m[39m
 [90m 10 |[39m [36mimport[39m { [33mToaster[39m } 
[36mfrom[39m [32m"sonner"[39m[33m;[39m
 [90m 11 |[39m [36mimport[39m [33mUserContextProvider[39m 
[36mfrom[39m [32m"@/context/user-context"[39m[33m;[39m
 [90m 12 |[39m [36mimport[39m { getData } [36mfrom[39m 
[32m"@/lib/fetch-methods"[39m[33m;[39m[0m



https://nextjs.org/docs/messages/module-not-found


./src/app/[locale]/blogs/page.tsx:3:1
Module not found: Can't resolve '@/components/shared/blog-card'
[0m [90m 1 |[39m [36mimport[39m [33mReact[39m 
[36mfrom[39m [32m"react"[39m[33m;[39m
 [90m 2 |[39m [36mimport[39m [33mCustomBreadcrumbs[39m 
[36mfrom[39m 
[32m"@/components/shared/custom-breadcrumbs"[39m[33m;[39m
[31m[1m>[22m[39m[90m 3 |[39m [36mimport[39m 
[33mBlogCard[39m [36mfrom[39m 
[32m"@/components/shared/blog-card"[39m[33m;[39m
 [90m   |[39m [31m[1m^[22m[39m[31m[1m^[22m[39m[31m[1m
^[22m[39m[31m[1m^[22m[39m[31m[1m^[22m[39m[31m[1m^[22
m[39m[31m[1m^[22m[39m[31m[1m^[22m[39m[31m[1m^[22m[39
m[31m[1m^[22m[39m[31m[1m^[22m[39m[31m[1m^[22m[39m[31
m[1m^[22m[39m[31m[1m^[22m[39m[31m[1m^[22m[39m[31m[1m
^[22m[39m[31m[1m^[22m[39m[31m[1m^[22m[39m[31m[1m^[22
m[39m[31m[1m^[22m[39m[31m[1m^[22m[39m[31m[1m^[22m[39
m[31m[1m^[22m[39m[31m[1m^[22m[39m[31m[1m^[22m[39m[31
m[1m^[22m[39m[31m[1m^[22m[39m[31m[1m^[22m[39m[31m[1m
^[22m[39m[31m[1m^[22m[39m[31m[1m^[22m[39m[31m[1m^[22
m[39m[31m[1m^[22m[39m[31m[1m^[22m[39m[31m[1m^[22m[39
m[31m[1m^[22m[39m[31m[1m^[22m[39m[31m[1m^[22m[39m[31
m[1m^[22m[39m[31m[1m^[22m[39m[31m[1m^[22m[39m[31m[1m
^[22m[39m[31m[1m^[22m[39m[31m[1m^[22m[39m[31m[1m^[22
m[39m[31m[1m^[22m[39m[31m[1m^[22m[39m[31m[1m^[22m[39
m[31m[1m^[22m[39m[31m[1m^[22m[39m[31m[1m^[22m[39m[31
m[1m^[22m[39m[31m[1m^[22m[39m
 [90m 4 |[39m [36mimport[39m { getTranslations } 
[36mfrom[39m [32m"next-intl/server"[39m[33m;[39m
 [90m 5 |[39m [36mimport[39m { getBlogs } [36mfrom[39m 
[32m"@/lib/blog-actions"[39m[33m;[39m
 [90m 6 |[39m [36mimport[39m { [33mAnimatedSection[39m } 
[36mfrom[39m 
[32m"@/components/motion/animated-section"[39m[33m;[39m[0m



https://nextjs.org/docs/messages/module-not-found


./src/app/[locale]/blogs/page.tsx:3:1
Module not found: Can't resolve '@/components/shared/blog-card'
[0m [90m 1 |[39m [36mimport[39m [33mReact[39m 
[36mfrom[39m [32m"react"[39m[33m;[39m
 [90m 2 |[39m [36mimport[39m [33mCustomBreadcrumbs[39m 
[36mfrom[39m 
[32m"@/components/shared/custom-breadcrumbs"[39m[33m;[39m
[31m[1m>[22m[39m[90m 3 |[39m [36mimport[39m 
[33mBlogCard[39m [36mfrom[39m 
[32m"@/components/shared/blog-card"[39m[33m;[39m
 [90m   |[39m [31m[1m^[22m[39m[31m[1m^[22m[39m[31m[1m
^[22m[39m[31m[1m^[22m[39m[31m[1m^[22m[39m[31m[1m^[22
m[39m[31m[1m^[22m[39m[31m[1m^[22m[39m[31m[1m^[22m[39
m[31m[1m^[22m[39m[31m[1m^[22m[39m[31m[1m^[22m[39m[31
m[1m^[22m[39m[31m[1m^[22m[39m[31m[1m^[22m[39m[31m[1m
^[22m[39m[31m[1m^[22m[39m[31m[1m^[22m[39m[31m[1m^[22
m[39m[31m[1m^[22m[39m[31m[1m^[22m[39m[31m[1m^[22m[39
m[31m[1m^[22m[39m[31m[1m^[22m[39m[31m[1m^[22m[39m[31
m[1m^[22m[39m[31m[1m^[22m[39m[31m[1m^[22m[39m[31m[1m
^[22m[39m[31m[1m^[22m[39m[31m[1m^[22m[39m[31m[1m^[22
m[39m[31m[1m^[22m[39m[31m[1m^[22m[39m[31m[1m^[22m[39
m[31m[1m^[22m[39m[31m[1m^[22m[39m[31m[1m^[22m[39m[31
m[1m^[22m[39m[31m[1m^[22m[39m[31m[1m^[22m[39m[31m[1m
^[22m[39m[31m[1m^[22m[39m[31m[1m^[22m[39m[31m[1m^[22
m[39m[31m[1m^[22m[39m[31m[1m^[22m[39m[31m[1m^[22m[39
m[31m[1m^[22m[39m[31m[1m^[22m[39m[31m[1m^[22m[39m[31
m[1m^[22m[39m[31m[1m^[22m[39m
 [90m 4 |[39m [36mimport[39m { getTranslations } 
[36mfrom[39m [32m"next-intl/server"[39m[33m;[39m
 [90m 5 |[39m [36mimport[39m { getBlogs } [36mfrom[39m 
[32m"@/lib/blog-actions"[39m[33m;[39m
 [90m 6 |[39m [36mimport[39m { [33mAnimatedSection[39m } 
[36mfrom[39m 
[32m"@/components/motion/animated-section"[39m[33m;[39m[0m



https://nextjs.org/docs/messages/module-not-found


./src/app/[locale]/complaints/page.tsx:1:1
Module not found: Can't resolve 
'@/components/shared/complaints-form'
[0m[31m[1m>[22m[39m[90m 1 |[39m [36mimport[39m 
[33mComplaintsForm[39m [36mfrom[39m 
[32m'@/components/shared/complaints-form'[39m
 [90m   |[39m [31m[1m^[22m[39m[31m[1m^[22m[39m[31m[1m
^[22m[39m[31m[1m^[22m[39m[31m[1m^[22m[39m[31m[1m^[22
m[39m[31m[1m^[22m[39m[31m[1m^[22m[39m[31m[1m^[22m[39
m[31m[1m^[22m[39m[31m[1m^[22m[39m[31m[1m^[22m[39m[31
m[1m^[22m[39m[31m[1m^[22m[39m[31m[1m^[22m[39m[31m[1m
^[22m[39m[31m[1m^[22m[39m[31m[1m^[22m[39m[31m[1m^[22
m[39m[31m[1m^[22m[39m[31m[1m^[22m[39m[31m[1m^[22m[39
m[31m[1m^[22m[39m[31m[1m^[22m[39m[31m[1m^[22m[39m[31
m[1m^[22m[39m[31m[1m^[22m[39m[31m[1m^[22m[39m[31m[1m
^[22m[39m[31m[1m^[22m[39m[31m[1m^[22m[39m[31m[1m^[22
m[39m[31m[1m^[22m[39m[31m[1m^[22m[39m[31m[1m^[22m[39
m[31m[1m^[22m[39m[31m[1m^[22m[39m[31m[1m^[22m[39m[31
m[1m^[22m[39m[31m[1m^[22m[39m[31m[1m^[22m[39m[31m[1m
^[22m[39m[31m[1m^[22m[39m[31m[1m^[22m[39m[31m[1m^[22
m[39m[31m[1m^[22m[39m[31m[1m^[22m[39m[31m[1m^[22m[39
m[31m[1m^[22m[39m[31m[1m^[22m[39m[31m[1m^[22m[39m[31
m[1m^[22m[39m[31m[1m^[22m[39m[31m[1m^[22m[39m[31m[1m
^[22m[39m[31m[1m^[22m[39m[31m[1m^[22m[39m[31m[1m^[22
m[39m[31m[1m^[22m[39m[31m[1m^[22m[39m[31m[1m^[22m[39
m[31m[1m^[22m[39m[31m[1m^[22m[39m[31m[1m^[22m[39m
 [90m 2 |[39m [36mimport[39m [33mCustomBreadcrumbs[39m 
[36mfrom[39m [32m'@/components/shared/custom-breadcrumbs'[39m
 [90m 3 |[39m [36mimport[39m { useTranslations } 
[36mfrom[39m [32m'next-intl'[39m
 [90m 4 |[39m [36mimport[39m [33mReact[39m [36mfrom[39m 
[32m'react'[39m[0m



https://nextjs.org/docs/messages/module-not-found


./src/app/[locale]/complaints/page.tsx:1:1
Module not found: Can't resolve 
'@/components/shared/complaints-form'
[0m[31m[1m>[22m[39m[90m 1 |[39m [36mimport[39m 
[33mComplaintsForm[39m [36mfrom[39m 
[32m'@/components/shared/complaints-form'[39m
 [90m   |[39m [31m[1m^[22m[39m[31m[1m^[22m[39m[31m[1m
^[22m[39m[31m[1m^[22m[39m[31m[1m^[22m[39m[31m[1m^[22
m[39m[31m[1m^[22m[39m[31m[1m^[22m[39m[31m[1m^[22m[39
m[31m[1m^[22m[39m[31m[1m^[22m[39m[31m[1m^[22m[39m[31
m[1m^[22m[39m[31m[1m^[22m[39m[31m[1m^[22m[39m[31m[1m
^[22m[39m[31m[1m^[22m[39m[31m[1m^[22m[39m[31m[1m^[22
m[39m[31m[1m^[22m[39m[31m[1m^[22m[39m[31m[1m^[22m[39
m[31m[1m^[22m[39m[31m[1m^[22m[39m[31m[1m^[22m[39m[31
m[1m^[22m[39m[31m[1m^[22m[39m[31m[1m^[22m[39m[31m[1m
^[22m[39m[31m[1m^[22m[39m[31m[1m^[22m[39m[31m[1m^[22
m[39m[31m[1m^[22m[39m[31m[1m^[22m[39m[31m[1m^[22m[39
m[31m[1m^[22m[39m[31m[1m^[22m[39m[31m[1m^[22m[39m[31
m[1m^[22m[39m[31m[1m^[22m[39m[31m[1m^[22m[39m[31m[1m
^[22m[39m[31m[1m^[22m[39m[31m[1m^[22m[39m[31m[1m^[22
m[39m[31m[1m^[22m[39m[31m[1m^[22m[39m[31m[1m^[22m[39
m[31m[1m^[22m[39m[31m[1m^[22m[39m[31m[1m^[22m[39m[31
m[1m^[22m[39m[31m[1m^[22m[39m[31m[1m^[22m[39m[31m[1m
^[22m[39m[31m[1m^[22m[39m[31m[1m^[22m[39m[31m[1m^[22
m[39m[31m[1m^[22m[39m[31m[1m^[22m[39m[31m[1m^[22m[39
m[31m[1m^[22m[39m[31m[1m^[22m[39m[31m[1m^[22m[39m
 [90m 2 |[39m [36mimport[39m [33mCustomBreadcrumbs[39m 
[36mfrom[39m [32m'@/components/shared/custom-breadcrumbs'[39m
 [90m 3 |[39m [36mimport[39m { useTranslations } 
[36mfrom[39m [32m'next-intl'[39m
 [90m 4 |[39m [36mimport[39m [33mReact[39m [36mfrom[39m 
[32m'react'[39m[0m



https://nextjs.org/docs/messages/module-not-found


./src/app/[locale]/about-us/page.tsx:1:1
Module not found: Can't resolve 
'@/components/shared/custom-breadcrumbs'
[0m[31m[1m>[22m[39m[90m 1 |[39m [36mimport[39m 
[33mCustomBreadcrumbs[39m [36mfrom[39m 
[32m"@/components/shared/custom-breadcrumbs"[39m[33m;[39m
 [90m   |[39m [31m[1m^[22m[39m[31m[1m^[22m[39m[31m[1m
^[22m[39m[31m[1m^[22m[39m[31m[1m^[22m[39m[31m[1m^[22
m[39m[31m[1m^[22m[39m[31m[1m^[22m[39m[31m[1m^[22m[39
m[31m[1m^[22m[39m[31m[1m^[22m[39m[31m[1m^[22m[39m[31
m[1m^[22m[39m[31m[1m^[22m[39m[31m[1m^[22m[39m[31m[1m
^[22m[39m[31m[1m^[22m[39m[31m[1m^[22m[39m[31m[1m^[22
m[39m[31m[1m^[22m[39m[31m[1m^[22m[39m[31m[1m^[22m[39
m[31m[1m^[22m[39m[31m[1m^[22m[39m[31m[1m^[22m[39m[31
m[1m^[22m[39m[31m[1m^[22m[39m[31m[1m^[22m[39m[31m[1m
^[22m[39m[31m[1m^[22m[39m[31m[1m^[22m[39m[31m[1m^[22
m[39m[31m[1m^[22m[39m[31m[1m^[22m[39m[31m[1m^[22m[39
m[31m[1m^[22m[39m[31m[1m^[22m[39m[31m[1m^[22m[39m[31
m[1m^[22m[39m[31m[1m^[22m[39m[31m[1m^[22m[39m[31m[1m
^[22m[39m[31m[1m^[22m[39m[31m[1m^[22m[39m[31m[1m^[22
m[39m[31m[1m^[22m[39m[31m[1m^[22m[39m[31m[1m^[22m[39
m[31m[1m^[22m[39m[31m[1m^[22m[39m[31m[1m^[22m[39m[31
m[1m^[22m[39m[31m[1m^[22m[39m[31m[1m^[22m[39m[31m[1m
^[22m[39m[31m[1m^[22m[39m[31m[1m^[22m[39m[31m[1m^[22
m[39m[31m[1m^[22m[39m[31m[1m^[22m[39m[31m[1m^[22m[39
m[31m[1m^[22m[39m[31m[1m^[22m[39m[31m[1m^[22m[39m[31
m[1m^[22m[39m[31m[1m^[22m[39m[31m[1m^[22m[39m[31m[1m
^[22m[39m[31m[1m^[22m[39m[31m[1m^[22m[39m[31m[1m^[22
m[39m
 [90m 2 |[39m [36mimport[39m { getData } [36mfrom[39m 
[32m"@/lib/fetch-methods"[39m[33m;[39m
 [90m 3 |[39m [36mimport[39m [33mImage[39m [36mfrom[39m 
[32m"next/image"[39m[33m;[39m
 [90m 4 |[39m [36mimport[39m [33mReact[39m [36mfrom[39m 
[32m"react"[39m[33m;[39m[0m



https://nextjs.org/docs/messages/module-not-found


./src/app/[locale]/about-us/page.tsx:1:1
Module not found: Can't resolve 
'@/components/shared/custom-breadcrumbs'
[0m[31m[1m>[22m[39m[90m 1 |[39m [36mimport[39m 
[33mCustomBreadcrumbs[39m [36mfrom[39m 
[32m"@/components/shared/custom-breadcrumbs"[39m[33m;[39m
 [90m   |[39m [31m[1m^[22m[39m[31m[1m^[22m[39m[31m[1m
^[22m[39m[31m[1m^[22m[39m[31m[1m^[22m[39m[31m[1m^[22
m[39m[31m[1m^[22m[39m[31m[1m^[22m[39m[31m[1m^[22m[39
m[31m[1m^[22m[39m[31m[1m^[22m[39m[31m[1m^[22m[39m[31
m[1m^[22m[39m[31m[1m^[22m[39m[31m[1m^[22m[39m[31m[1m
^[22m[39m[31m[1m^[22m[39m[31m[1m^[22m[39m[31m[1m^[22
m[39m[31m[1m^[22m[39m[31m[1m^[22m[39m[31m[1m^[22m[39
m[31m[1m^[22m[39m[31m[1m^[22m[39m[31m[1m^[22m[39m[31
m[1m^[22m[39m[31m[1m^[22m[39m[31m[1m^[22m[39m[31m[1m
^[22m[39m[31m[1m^[22m[39m[31m[1m^[22m[39m[31m[1m^[22
m[39m[31m[1m^[22m[39m[31m[1m^[22m[39m[31m[1m^[22m[39
m[31m[1m^[22m[39m[31m[1m^[22m[39m[31m[1m^[22m[39m[31
m[1m^[22m[39m[31m[1m^[22m[39m[31m[1m^[22m[39m[31m[1m
^[22m[39m[31m[1m^[22m[39m[31m[1m^[22m[39m[31m[1m^[22
m[39m[31m[1m^[22m[39m[31m[1m^[22m[39m[31m[1m^[22m[39
m[31m[1m^[22m[39m[31m[1m^[22m[39m[31m[1m^[22m[39m[31
m[1m^[22m[39m[31m[1m^[22m[39m[31m[1m^[22m[39m[31m[1m
^[22m[39m[31m[1m^[22m[39m[31m[1m^[22m[39m[31m[1m^[22
m[39m[31m[1m^[22m[39m[31m[1m^[22m[39m[31m[1m^[22m[39
m[31m[1m^[22m[39m[31m[1m^[22m[39m[31m[1m^[22m[39m[31
m[1m^[22m[39m[31m[1m^[22m[39m[31m[1m^[22m[39m[31m[1m
^[22m[39m[31m[1m^[22m[39m[31m[1m^[22m[39m[31m[1m^[22
m[39m
 [90m 2 |[39m [36mimport[39m { getData } [36mfrom[39m 
[32m"@/lib/fetch-methods"[39m[33m;[39m
 [90m 3 |[39m [36mimport[39m [33mImage[39m [36mfrom[39m 
[32m"next/image"[39m[33m;[39m
 [90m 4 |[39m [36mimport[39m [33mReact[39m [36mfrom[39m 
[32m"react"[39m[33m;[39m[0m



https://nextjs.org/docs/messages/module-not-found


./src/app/[locale]/auth/forgot-password/page.tsx:2:1
Module not found: Can't resolve 
'@/components/shared/custom-breadcrumbs'
[0m [90m 1 |[39m [36mimport[39m [33mForgetForm[39m 
[36mfrom[39m [32m'@/components/auth/forget-form'[39m
[31m[1m>[22m[39m[90m 2 |[39m [36mimport[39m 
[33mCustomBreadcrumbs[39m [36mfrom[39m 
[32m'@/components/shared/custom-breadcrumbs'[39m
 [90m   |[39m [31m[1m^[22m[39m[31m[1m^[22m[39m[31m[1m
^[22m[39m[31m[1m^[22m[39m[31m[1m^[22m[39m[31m[1m^[22
m[39m[31m[1m^[22m[39m[31m[1m^[22m[39m[31m[1m^[22m[39
m[31m[1m^[22m[39m[31m[1m^[22m[39m[31m[1m^[22m[39m[31
m[1m^[22m[39m[31m[1m^[22m[39m[31m[1m^[22m[39m[31m[1m
^[22m[39m[31m[1m^[22m[39m[31m[1m^[22m[39m[31m[1m^[22
m[39m[31m[1m^[22m[39m[31m[1m^[22m[39m[31m[1m^[22m[39
m[31m[1m^[22m[39m[31m[1m^[22m[39m[31m[1m^[22m[39m[31
m[1m^[22m[39m[31m[1m^[22m[39m[31m[1m^[22m[39m[31m[1m
^[22m[39m[31m[1m^[22m[39m[31m[1m^[22m[39m[31m[1m^[22
m[39m[31m[1m^[22m[39m[31m[1m^[22m[39m[31m[1m^[22m[39
m[31m[1m^[22m[39m[31m[1m^[22m[39m[31m[1m^[22m[39m[31
m[1m^[22m[39m[31m[1m^[22m[39m[31m[1m^[22m[39m[31m[1m
^[22m[39m[31m[1m^[22m[39m[31m[1m^[22m[39m[31m[1m^[22
m[39m[31m[1m^[22m[39m[31m[1m^[22m[39m[31m[1m^[22m[39
m[31m[1m^[22m[39m[31m[1m^[22m[39m[31m[1m^[22m[39m[31
m[1m^[22m[39m[31m[1m^[22m[39m[31m[1m^[22m[39m[31m[1m
^[22m[39m[31m[1m^[22m[39m[31m[1m^[22m[39m[31m[1m^[22
m[39m[31m[1m^[22m[39m[31m[1m^[22m[39m[31m[1m^[22m[39
m[31m[1m^[22m[39m[31m[1m^[22m[39m[31m[1m^[22m[39m[31
m[1m^[22m[39m[31m[1m^[22m[39m[31m[1m^[22m[39m[31m[1m
^[22m[39m[31m[1m^[22m[39m[31m[1m^[22m[39m
 [90m 3 |[39m [36mimport[39m [33mImage[39m [36mfrom[39m 
[32m'next/image'[39m
 [90m 4 |[39m [36mimport[39m { useTranslations } 
[36mfrom[39m [32m'next-intl'[39m
 [90m 5 |[39m[0m



https://nextjs.org/docs/messages/module-not-found


./src/app/[locale]/auth/forgot-password/page.tsx:2:1
Module not found: Can't resolve 
'@/components/shared/custom-breadcrumbs'
[0m [90m 1 |[39m [36mimport[39m [33mForgetForm[39m 
[36mfrom[39m [32m'@/components/auth/forget-form'[39m
[31m[1m>[22m[39m[90m 2 |[39m [36mimport[39m 
[33mCustomBreadcrumbs[39m [36mfrom[39m 
[32m'@/components/shared/custom-breadcrumbs'[39m
 [90m   |[39m [31m[1m^[22m[39m[31m[1m^[22m[39m[31m[1m
^[22m[39m[31m[1m^[22m[39m[31m[1m^[22m[39m[31m[1m^[22
m[39m[31m[1m^[22m[39m[31m[1m^[22m[39m[31m[1m^[22m[39
m[31m[1m^[22m[39m[31m[1m^[22m[39m[31m[1m^[22m[39m[31
m[1m^[22m[39m[31m[1m^[22m[39m[31m[1m^[22m[39m[31m[1m
^[22m[39m[31m[1m^[22m[39m[31m[1m^[22m[39m[31m[1m^[22
m[39m[31m[1m^[22m[39m[31m[1m^[22m[39m[31m[1m^[22m[39
m[31m[1m^[22m[39m[31m[1m^[22m[39m[31m[1m^[22m[39m[31
m[1m^[22m[39m[31m[1m^[22m[39m[31m[1m^[22m[39m[31m[1m
^[22m[39m[31m[1m^[22m[39m[31m[1m^[22m[39m[31m[1m^[22
m[39m[31m[1m^[22m[39m[31m[1m^[22m[39m[31m[1m^[22m[39
m[31m[1m^[22m[39m[31m[1m^[22m[39m[31m[1m^[22m[39m[31
m[1m^[22m[39m[31m[1m^[22m[39m[31m[1m^[22m[39m[31m[1m
^[22m[39m[31m[1m^[22m[39m[31m[1m^[22m[39m[31m[1m^[22
m[39m[31m[1m^[22m[39m[31m[1m^[22m[39m[31m[1m^[22m[39
m[31m[1m^[22m[39m[31m[1m^[22m[39m[31m[1m^[22m[39m[31
m[1m^[22m[39m[31m[1m^[22m[39m[31m[1m^[22m[39m[31m[1m
^[22m[39m[31m[1m^[22m[39m[31m[1m^[22m[39m[31m[1m^[22
m[39m[31m[1m^[22m[39m[31m[1m^[22m[39m[31m[1m^[22m[39
m[31m[1m^[22m[39m[31m[1m^[22m[39m[31m[1m^[22m[39m[31
m[1m^[22m[39m[31m[1m^[22m[39m[31m[1m^[22m[39m[31m[1m
^[22m[39m[31m[1m^[22m[39m[31m[1m^[22m[39m
 [90m 3 |[39m [36mimport[39m [33mImage[39m [36mfrom[39m 
[32m'next/image'[39m
 [90m 4 |[39m [36mimport[39m { useTranslations } 
[36mfrom[39m [32m'next-intl'[39m
 [90m 5 |[39m[0m



https://nextjs.org/docs/messages/module-not-found


./src/app/[locale]/auth/login/page.tsx:4:1
Module not found: Can't resolve 
'@/components/shared/custom-breadcrumbs'
[0m [90m 2 |[39m [36mimport[39m [33mImage[39m 
[36mfrom[39m [32m'next/image'[39m
 [90m 3 |[39m [36mimport[39m [33mLoginForm[39m 
[36mfrom[39m [32m'@/components/auth/login-form'[39m
[31m[1m>[22m[39m[90m 4 |[39m [36mimport[39m 
[33mCustomBreadcrumbs[39m [36mfrom[39m 
[32m'@/components/shared/custom-breadcrumbs'[39m
 [90m   |[39m [31m[1m^[22m[39m[31m[1m^[22m[39m[31m[1m
^[22m[39m[31m[1m^[22m[39m[31m[1m^[22m[39m[31m[1m^[22
m[39m[31m[1m^[22m[39m[31m[1m^[22m[39m[31m[1m^[22m[39
m[31m[1m^[22m[39m[31m[1m^[22m[39m[31m[1m^[22m[39m[31
m[1m^[22m[39m[31m[1m^[22m[39m[31m[1m^[22m[39m[31m[1m
^[22m[39m[31m[1m^[22m[39m[31m[1m^[22m[39m[31m[1m^[22
m[39m[31m[1m^[22m[39m[31m[1m^[22m[39m[31m[1m^[22m[39
m[31m[1m^[22m[39m[31m[1m^[22m[39m[31m[1m^[22m[39m[31
m[1m^[22m[39m[31m[1m^[22m[39m[31m[1m^[22m[39m[31m[1m
^[22m[39m[31m[1m^[22m[39m[31m[1m^[22m[39m[31m[1m^[22
m[39m[31m[1m^[22m[39m[31m[1m^[22m[39m[31m[1m^[22m[39
m[31m[1m^[22m[39m[31m[1m^[22m[39m[31m[1m^[22m[39m[31
m[1m^[22m[39m[31m[1m^[22m[39m[31m[1m^[22m[39m[31m[1m
^[22m[39m[31m[1m^[22m[39m[31m[1m^[22m[39m[31m[1m^[22
m[39m[31m[1m^[22m[39m[31m[1m^[22m[39m[31m[1m^[22m[39
m[31m[1m^[22m[39m[31m[1m^[22m[39m[31m[1m^[22m[39m[31
m[1m^[22m[39m[31m[1m^[22m[39m[31m[1m^[22m[39m[31m[1m
^[22m[39m[31m[1m^[22m[39m[31m[1m^[22m[39m[31m[1m^[22
m[39m[31m[1m^[22m[39m[31m[1m^[22m[39m[31m[1m^[22m[39
m[31m[1m^[22m[39m[31m[1m^[22m[39m[31m[1m^[22m[39m[31
m[1m^[22m[39m[31m[1m^[22m[39m[31m[1m^[22m[39m[31m[1m
^[22m[39m[31m[1m^[22m[39m[31m[1m^[22m[39m
 [90m 5 |[39m [36mimport[39m { useTranslations } 
[36mfrom[39m [32m'next-intl'[39m
 [90m 6 |[39m
 [90m 7 |[39m [36mconst[39m [33mLoginPage[39m [33m=[39m 
() [33m=>[39m {[0m



https://nextjs.org/docs/messages/module-not-found


./src/app/[locale]/auth/login/page.tsx:4:1
Module not found: Can't resolve 
'@/components/shared/custom-breadcrumbs'
[0m [90m 2 |[39m [36mimport[39m [33mImage[39m 
[36mfrom[39m [32m'next/image'[39m
 [90m 3 |[39m [36mimport[39m [33mLoginForm[39m 
[36mfrom[39m [32m'@/components/auth/login-form'[39m
[31m[1m>[22m[39m[90m 4 |[39m [36mimport[39m 
[33mCustomBreadcrumbs[39m [36mfrom[39m 
[32m'@/components/shared/custom-breadcrumbs'[39m
 [90m   |[39m [31m[1m^[22m[39m[31m[1m^[22m[39m[31m[1m
^[22m[39m[31m[1m^[22m[39m[31m[1m^[22m[39m[31m[1m^[22
m[39m[31m[1m^[22m[39m[31m[1m^[22m[39m[31m[1m^[22m[39
m[31m[1m^[22m[39m[31m[1m^[22m[39m[31m[1m^[22m[39m[31
m[1m^[22m[39m[31m[1m^[22m[39m[31m[1m^[22m[39m[31m[1m
^[22m[39m[31m[1m^[22m[39m[31m[1m^[22m[39m[31m[1m^[22
m[39m[31m[1m^[22m[39m[31m[1m^[22m[39m[31m[1m^[22m[39
m[31m[1m^[22m[39m[31m[1m^[22m[39m[31m[1m^[22m[39m[31
m[1m^[22m[39m[31m[1m^[22m[39m[31m[1m^[22m[39m[31m[1m
^[22m[39m[31m[1m^[22m[39m[31m[1m^[22m[39m[31m[1m^[22
m[39m[31m[1m^[22m[39m[31m[1m^[22m[39m[31m[1m^[22m[39
m[31m[1m^[22m[39m[31m[1m^[22m[39m[31m[1m^[22m[39m[31
m[1m^[22m[39m[31m[1m^[22m[39m[31m[1m^[22m[39m[31m[1m
^[22m[39m[31m[1m^[22m[39m[31m[1m^[22m[39m[31m[1m^[22
m[39m[31m[1m^[22m[39m[31m[1m^[22m[39m[31m[1m^[22m[39
m[31m[1m^[22m[39m[31m[1m^[22m[39m[31m[1m^[22m[39m[31
m[1m^[22m[39m[31m[1m^[22m[39m[31m[1m^[22m[39m[31m[1m
^[22m[39m[31m[1m^[22m[39m[31m[1m^[22m[39m[31m[1m^[22
m[39m[31m[1m^[22m[39m[31m[1m^[22m[39m[31m[1m^[22m[39
m[31m[1m^[22m[39m[31m[1m^[22m[39m[31m[1m^[22m[39m[31
m[1m^[22m[39m[31m[1m^[22m[39m[31m[1m^[22m[39m[31m[1m
^[22m[39m[31m[1m^[22m[39m[31m[1m^[22m[39m
 [90m 5 |[39m [36mimport[39m { useTranslations } 
[36mfrom[39m [32m'next-intl'[39m
 [90m 6 |[39m
 [90m 7 |[39m [36mconst[39m [33mLoginPage[39m [33m=[39m 
() [33m=>[39m {[0m



https://nextjs.org/docs/messages/module-not-found


./src/app/[locale]/auth/new-password/page.tsx:4:1
Module not found: Can't resolve 
'@/components/shared/custom-breadcrumbs'
[0m [90m 2 |[39m [36mimport[39m [33mImage[39m 
[36mfrom[39m [32m'next/image'[39m
 [90m 3 |[39m [36mimport[39m [33mLoginForm[39m 
[36mfrom[39m [32m'@/components/auth/login-form'[39m
[31m[1m>[22m[39m[90m 4 |[39m [36mimport[39m 
[33mCustomBreadcrumbs[39m [36mfrom[39m 
[32m'@/components/shared/custom-breadcrumbs'[39m
 [90m   |[39m [31m[1m^[22m[39m[31m[1m^[22m[39m[31m[1m
^[22m[39m[31m[1m^[22m[39m[31m[1m^[22m[39m[31m[1m^[22
m[39m[31m[1m^[22m[39m[31m[1m^[22m[39m[31m[1m^[22m[39
m[31m[1m^[22m[39m[31m[1m^[22m[39m[31m[1m^[22m[39m[31
m[1m^[22m[39m[31m[1m^[22m[39m[31m[1m^[22m[39m[31m[1m
^[22m[39m[31m[1m^[22m[39m[31m[1m^[22m[39m[31m[1m^[22
m[39m[31m[1m^[22m[39m[31m[1m^[22m[39m[31m[1m^[22m[39
m[31m[1m^[22m[39m[31m[1m^[22m[39m[31m[1m^[22m[39m[31
m[1m^[22m[39m[31m[1m^[22m[39m[31m[1m^[22m[39m[31m[1m
^[22m[39m[31m[1m^[22m[39m[31m[1m^[22m[39m[31m[1m^[22
m[39m[31m[1m^[22m[39m[31m[1m^[22m[39m[31m[1m^[22m[39
m[31m[1m^[22m[39m[31m[1m^[22m[39m[31m[1m^[22m[39m[31
m[1m^[22m[39m[31m[1m^[22m[39m[31m[1m^[22m[39m[31m[1m
^[22m[39m[31m[1m^[22m[39m[31m[1m^[22m[39m[31m[1m^[22
m[39m[31m[1m^[22m[39m[31m[1m^[22m[39m[31m[1m^[22m[39
m[31m[1m^[22m[39m[31m[1m^[22m[39m[31m[1m^[22m[39m[31
m[1m^[22m[39m[31m[1m^[22m[39m[31m[1m^[22m[39m[31m[1m
^[22m[39m[31m[1m^[22m[39m[31m[1m^[22m[39m[31m[1m^[22
m[39m[31m[1m^[22m[39m[31m[1m^[22m[39m[31m[1m^[22m[39
m[31m[1m^[22m[39m[31m[1m^[22m[39m[31m[1m^[22m[39m[31
m[1m^[22m[39m[31m[1m^[22m[39m[31m[1m^[22m[39m[31m[1m
^[22m[39m[31m[1m^[22m[39m[31m[1m^[22m[39m
 [90m 5 |[39m [36mimport[39m [33mNewPasswordForm[39m 
[36mfrom[39m [32m'@/components/auth/new-password-form'[39m
 [90m 6 |[39m [36mimport[39m { useTranslations } 
[36mfrom[39m [32m'next-intl'[39m
 [90m 7 |[39m[0m



https://nextjs.org/docs/messages/module-not-found


./src/app/[locale]/auth/new-password/page.tsx:4:1
Module not found: Can't resolve 
'@/components/shared/custom-breadcrumbs'
[0m [90m 2 |[39m [36mimport[39m [33mImage[39m 
[36mfrom[39m [32m'next/image'[39m
 [90m 3 |[39m [36mimport[39m [33mLoginForm[39m 
[36mfrom[39m [32m'@/components/auth/login-form'[39m
[31m[1m>[22m[39m[90m 4 |[39m [36mimport[39m 
[33mCustomBreadcrumbs[39m [36mfrom[39m 
[32m'@/components/shared/custom-breadcrumbs'[39m
 [90m   |[39m [31m[1m^[22m[39m[31m[1m^[22m[39m[31m[1m
^[22m[39m[31m[1m^[22m[39m[31m[1m^[22m[39m[31m[1m^[22
m[39m[31m[1m^[22m[39m[31m[1m^[22m[39m[31m[1m^[22m[39
m[31m[1m^[22m[39m[31m[1m^[22m[39m[31m[1m^[22m[39m[31
m[1m^[22m[39m[31m[1m^[22m[39m[31m[1m^[22m[39m[31m[1m
^[22m[39m[31m[1m^[22m[39m[31m[1m^[22m[39m[31m[1m^[22
m[39m[31m[1m^[22m[39m[31m[1m^[22m[39m[31m[1m^[22m[39
m[31m[1m^[22m[39m[31m[1m^[22m[39m[31m[1m^[22m[39m[31
m[1m^[22m[39m[31m[1m^[22m[39m[31m[1m^[22m[39m[31m[1m
^[22m[39m[31m[1m^[22m[39m[31m[1m^[22m[39m[31m[1m^[22
m[39m[31m[1m^[22m[39m[31m[1m^[22m[39m[31m[1m^[22m[39
m[31m[1m^[22m[39m[31m[1m^[22m[39m[31m[1m^[22m[39m[31
m[1m^[22m[39m[31m[1m^[22m[39m[31m[1m^[22m[39m[31m[1m
^[22m[39m[31m[1m^[22m[39m[31m[1m^[22m[39m[31m[1m^[22
m[39m[31m[1m^[22m[39m[31m[1m^[22m[39m[31m[1m^[22m[39
m[31m[1m^[22m[39m[31m[1m^[22m[39m[31m[1m^[22m[39m[31
m[1m^[22m[39m[31m[1m^[22m[39m[31m[1m^[22m[39m[31m[1m
^[22m[39m[31m[1m^[22m[39m[31m[1m^[22m[39m[31m[1m^[22
m[39m[31m[1m^[22m[39m[31m[1m^[22m[39m[31m[1m^[22m[39
m[31m[1m^[22m[39m[31m[1m^[22m[39m[31m[1m^[22m[39m[31
m[1m^[22m[39m[31m[1m^[22m[39m[31m[1m^[22m[39m[31m[1m
^[22m[39m[31m[1m^[22m[39m[31m[1m^[22m[39m
 [90m 5 |[39m [36mimport[39m [33mNewPasswordForm[39m 
[36mfrom[39m [32m'@/components/auth/new-password-form'[39m
 [90m 6 |[39m [36mimport[39m { useTranslations } 
[36mfrom[39m [32m'next-intl'[39m
 [90m 7 |[39m[0m



https://nextjs.org/docs/messages/module-not-found


./src/app/[locale]/auth/reset-code/page.tsx:2:1
Module not found: Can't resolve 
'@/components/shared/custom-breadcrumbs'
[0m [90m 1 |[39m [36mimport[39m [33mReact[39m 
[36mfrom[39m [32m'react'[39m
[31m[1m>[22m[39m[90m 2 |[39m [36mimport[39m 
[33mCustomBreadcrumbs[39m [36mfrom[39m 
[32m'@/components/shared/custom-breadcrumbs'[39m
 [90m   |[39m [31m[1m^[22m[39m[31m[1m^[22m[39m[31m[1m
^[22m[39m[31m[1m^[22m[39m[31m[1m^[22m[39m[31m[1m^[22
m[39m[31m[1m^[22m[39m[31m[1m^[22m[39m[31m[1m^[22m[39
m[31m[1m^[22m[39m[31m[1m^[22m[39m[31m[1m^[22m[39m[31
m[1m^[22m[39m[31m[1m^[22m[39m[31m[1m^[22m[39m[31m[1m
^[22m[39m[31m[1m^[22m[39m[31m[1m^[22m[39m[31m[1m^[22
m[39m[31m[1m^[22m[39m[31m[1m^[22m[39m[31m[1m^[22m[39
m[31m[1m^[22m[39m[31m[1m^[22m[39m[31m[1m^[22m[39m[31
m[1m^[22m[39m[31m[1m^[22m[39m[31m[1m^[22m[39m[31m[1m
^[22m[39m[31m[1m^[22m[39m[31m[1m^[22m[39m[31m[1m^[22
m[39m[31m[1m^[22m[39m[31m[1m^[22m[39m[31m[1m^[22m[39
m[31m[1m^[22m[39m[31m[1m^[22m[39m[31m[1m^[22m[39m[31
m[1m^[22m[39m[31m[1m^[22m[39m[31m[1m^[22m[39m[31m[1m
^[22m[39m[31m[1m^[22m[39m[31m[1m^[22m[39m[31m[1m^[22
m[39m[31m[1m^[22m[39m[31m[1m^[22m[39m[31m[1m^[22m[39
m[31m[1m^[22m[39m[31m[1m^[22m[39m[31m[1m^[22m[39m[31
m[1m^[22m[39m[31m[1m^[22m[39m[31m[1m^[22m[39m[31m[1m
^[22m[39m[31m[1m^[22m[39m[31m[1m^[22m[39m[31m[1m^[22
m[39m[31m[1m^[22m[39m[31m[1m^[22m[39m[31m[1m^[22m[39
m[31m[1m^[22m[39m[31m[1m^[22m[39m[31m[1m^[22m[39m[31
m[1m^[22m[39m[31m[1m^[22m[39m[31m[1m^[22m[39m[31m[1m
^[22m[39m[31m[1m^[22m[39m[31m[1m^[22m[39m
 [90m 3 |[39m [36mimport[39m [33mImage[39m [36mfrom[39m 
[32m'next/image'[39m
 [90m 4 |[39m [36mimport[39m [33mOtpForm[39m 
[36mfrom[39m [32m'@/components/auth/otp-form'[39m
 [90m 5 |[39m [36mimport[39m { useTranslations } 
[36mfrom[39m [32m'next-intl'[39m[0m



https://nextjs.org/docs/messages/module-not-found


./src/app/[locale]/auth/reset-code/page.tsx:2:1
Module not found: Can't resolve 
'@/components/shared/custom-breadcrumbs'
[0m [90m 1 |[39m [36mimport[39m [33mReact[39m 
[36mfrom[39m [32m'react'[39m
[31m[1m>[22m[39m[90m 2 |[39m [36mimport[39m 
[33mCustomBreadcrumbs[39m [36mfrom[39m 
[32m'@/components/shared/custom-breadcrumbs'[39m
 [90m   |[39m [31m[1m^[22m[39m[31m[1m^[22m[39m[31m[1m
^[22m[39m[31m[1m^[22m[39m[31m[1m^[22m[39m[31m[1m^[22
m[39m[31m[1m^[22m[39m[31m[1m^[22m[39m[31m[1m^[22m[39
m[31m[1m^[22m[39m[31m[1m^[22m[39m[31m[1m^[22m[39m[31
m[1m^[22m[39m[31m[1m^[22m[39m[31m[1m^[22m[39m[31m[1m
^[22m[39m[31m[1m^[22m[39m[31m[1m^[22m[39m[31m[1m^[22
m[39m[31m[1m^[22m[39m[31m[1m^[22m[39m[31m[1m^[22m[39
m[31m[1m^[22m[39m[31m[1m^[22m[39m[31m[1m^[22m[39m[31
m[1m^[22m[39m[31m[1m^[22m[39m[31m[1m^[22m[39m[31m[1m
^[22m[39m[31m[1m^[22m[39m[31m[1m^[22m[39m[31m[1m^[22
m[39m[31m[1m^[22m[39m[31m[1m^[22m[39m[31m[1m^[22m[39
m[31m[1m^[22m[39m[31m[1m^[22m[39m[31m[1m^[22m[39m[31
m[1m^[22m[39m[31m[1m^[22m[39m[31m[1m^[22m[39m[31m[1m
^[22m[39m[31m[1m^[22m[39m[31m[1m^[22m[39m[31m[1m^[22
m[39m[31m[1m^[22m[39m[31m[1m^[22m[39m[31m[1m^[22m[39
m[31m[1m^[22m[39m[31m[1m^[22m[39m[31m[1m^[22m[39m[31
m[1m^[22m[39m[31m[1m^[22m[39m[31m[1m^[22m[39m[31m[1m
^[22m[39m[31m[1m^[22m[39m[31m[1m^[22m[39m[31m[1m^[22
m[39m[31m[1m^[22m[39m[31m[1m^[22m[39m[31m[1m^[22m[39
m[31m[1m^[22m[39m[31m[1m^[22m[39m[31m[1m^[22m[39m[31
m[1m^[22m[39m[31m[1m^[22m[39m[31m[1m^[22m[39m[31m[1m
^[22m[39m[31m[1m^[22m[39m[31m[1m^[22m[39m
 [90m 3 |[39m [36mimport[39m [33mImage[39m [36mfrom[39m 
[32m'next/image'[39m
 [90m 4 |[39m [36mimport[39m [33mOtpForm[39m 
[36mfrom[39m [32m'@/components/auth/otp-form'[39m
 [90m 5 |[39m [36mimport[39m { useTranslations } 
[36mfrom[39m [32m'next-intl'[39m[0m



https://nextjs.org/docs/messages/module-not-found


./src/app/[locale]/auth/sign-up/page.tsx:1:1
Module not found: Can't resolve 
'@/components/shared/custom-breadcrumbs'
[0m[31m[1m>[22m[39m[90m 1 |[39m [36mimport[39m 
[33mCustomBreadcrumbs[39m [36mfrom[39m 
[32m'@/components/shared/custom-breadcrumbs'[39m
 [90m   |[39m [31m[1m^[22m[39m[31m[1m^[22m[39m[31m[1m
^[22m[39m[31m[1m^[22m[39m[31m[1m^[22m[39m[31m[1m^[22
m[39m[31m[1m^[22m[39m[31m[1m^[22m[39m[31m[1m^[22m[39
m[31m[1m^[22m[39m[31m[1m^[22m[39m[31m[1m^[22m[39m[31
m[1m^[22m[39m[31m[1m^[22m[39m[31m[1m^[22m[39m[31m[1m
^[22m[39m[31m[1m^[22m[39m[31m[1m^[22m[39m[31m[1m^[22
m[39m[31m[1m^[22m[39m[31m[1m^[22m[39m[31m[1m^[22m[39
m[31m[1m^[22m[39m[31m[1m^[22m[39m[31m[1m^[22m[39m[31
m[1m^[22m[39m[31m[1m^[22m[39m[31m[1m^[22m[39m[31m[1m
^[22m[39m[31m[1m^[22m[39m[31m[1m^[22m[39m[31m[1m^[22
m[39m[31m[1m^[22m[39m[31m[1m^[22m[39m[31m[1m^[22m[39
m[31m[1m^[22m[39m[31m[1m^[22m[39m[31m[1m^[22m[39m[31
m[1m^[22m[39m[31m[1m^[22m[39m[31m[1m^[22m[39m[31m[1m
^[22m[39m[31m[1m^[22m[39m[31m[1m^[22m[39m[31m[1m^[22
m[39m[31m[1m^[22m[39m[31m[1m^[22m[39m[31m[1m^[22m[39
m[31m[1m^[22m[39m[31m[1m^[22m[39m[31m[1m^[22m[39m[31
m[1m^[22m[39m[31m[1m^[22m[39m[31m[1m^[22m[39m[31m[1m
^[22m[39m[31m[1m^[22m[39m[31m[1m^[22m[39m[31m[1m^[22
m[39m[31m[1m^[22m[39m[31m[1m^[22m[39m[31m[1m^[22m[39
m[31m[1m^[22m[39m[31m[1m^[22m[39m[31m[1m^[22m[39m[31
m[1m^[22m[39m[31m[1m^[22m[39m[31m[1m^[22m[39m[31m[1m
^[22m[39m[31m[1m^[22m[39m[31m[1m^[22m[39m
 [90m 2 |[39m [36mimport[39m [33mReact[39m [36mfrom[39m 
[32m'react'[39m
 [90m 3 |[39m [36mimport[39m [33mImage[39m [36mfrom[39m 
[32m'next/image'[39m
 [90m 4 |[39m [36mimport[39m [33mSignUpForm[39m 
[36mfrom[39m [32m'@/components/auth/sign-up-form'[39m[0m



https://nextjs.org/docs/messages/module-not-found


./src/app/[locale]/auth/sign-up/page.tsx:1:1
Module not found: Can't resolve 
'@/components/shared/custom-breadcrumbs'
[0m[31m[1m>[22m[39m[90m 1 |[39m [36mimport[39m 
[33mCustomBreadcrumbs[39m [36mfrom[39m 
[32m'@/components/shared/custom-breadcrumbs'[39m
 [90m   |[39m [31m[1m^[22m[39m[31m[1m^[22m[39m[31m[1m
^[22m[39m[31m[1m^[22m[39m[31m[1m^[22m[39m[31m[1m^[22
m[39m[31m[1m^[22m[39m[31m[1m^[22m[39m[31m[1m^[22m[39
m[31m[1m^[22m[39m[31m[1m^[22m[39m[31m[1m^[22m[39m[31
m[1m^[22m[39m[31m[1m^[22m[39m[31m[1m^[22m[39m[31m[1m
^[22m[39m[31m[1m^[22m[39m[31m[1m^[22m[39m[31m[1m^[22
m[39m[31m[1m^[22m[39m[31m[1m^[22m[39m[31m[1m^[22m[39
m[31m[1m^[22m[39m[31m[1m^[22m[39m[31m[1m^[22m[39m[31
m[1m^[22m[39m[31m[1m^[22m[39m[31m[1m^[22m[39m[31m[1m
^[22m[39m[31m[1m^[22m[39m[31m[1m^[22m[39m[31m[1m^[22
m[39m[31m[1m^[22m[39m[31m[1m^[22m[39m[31m[1m^[22m[39
m[31m[1m^[22m[39m[31m[1m^[22m[39m[31m[1m^[22m[39m[31
m[1m^[22m[39m[31m[1m^[22m[39m[31m[1m^[22m[39m[31m[1m
^[22m[39m[31m[1m^[22m[39m[31m[1m^[22m[39m[31m[1m^[22
m[39m[31m[1m^[22m[39m[31m[1m^[22m[39m[31m[1m^[22m[39
m[31m[1m^[22m[39m[31m[1m^[22m[39m[31m[1m^[22m[39m[31
m[1m^[22m[39m[31m[1m^[22m[39m[31m[1m^[22m[39m[31m[1m
^[22m[39m[31m[1m^[22m[39m[31m[1m^[22m[39m[31m[1m^[22
m[39m[31m[1m^[22m[39m[31m[1m^[22m[39m[31m[1m^[22m[39
m[31m[1m^[22m[39m[31m[1m^[22m[39m[31m[1m^[22m[39m[31
m[1m^[22m[39m[31m[1m^[22m[39m[31m[1m^[22m[39m[31m[1m
^[22m[39m[31m[1m^[22m[39m[31m[1m^[22m[39m
 [90m 2 |[39m [36mimport[39m [33mReact[39m [36mfrom[39m 
[32m'react'[39m
 [90m 3 |[39m [36mimport[39m [33mImage[39m [36mfrom[39m 
[32m'next/image'[39m
 [90m 4 |[39m [36mimport[39m [33mSignUpForm[39m 
[36mfrom[39m [32m'@/components/auth/sign-up-form'[39m[0m



https://nextjs.org/docs/messages/module-not-found


./src/app/[locale]/auth/verfiy-otp/page.tsx:2:1
Module not found: Can't resolve 
'@/components/shared/custom-breadcrumbs'
[0m [90m 1 |[39m [36mimport[39m [33mReact[39m 
[36mfrom[39m [32m'react'[39m
[31m[1m>[22m[39m[90m 2 |[39m [36mimport[39m 
[33mCustomBreadcrumbs[39m [36mfrom[39m 
[32m'@/components/shared/custom-breadcrumbs'[39m
 [90m   |[39m [31m[1m^[22m[39m[31m[1m^[22m[39m[31m[1m
^[22m[39m[31m[1m^[22m[39m[31m[1m^[22m[39m[31m[1m^[22
m[39m[31m[1m^[22m[39m[31m[1m^[22m[39m[31m[1m^[22m[39
m[31m[1m^[22m[39m[31m[1m^[22m[39m[31m[1m^[22m[39m[31
m[1m^[22m[39m[31m[1m^[22m[39m[31m[1m^[22m[39m[31m[1m
^[22m[39m[31m[1m^[22m[39m[31m[1m^[22m[39m[31m[1m^[22
m[39m[31m[1m^[22m[39m[31m[1m^[22m[39m[31m[1m^[22m[39
m[31m[1m^[22m[39m[31m[1m^[22m[39m[31m[1m^[22m[39m[31
m[1m^[22m[39m[31m[1m^[22m[39m[31m[1m^[22m[39m[31m[1m
^[22m[39m[31m[1m^[22m[39m[31m[1m^[22m[39m[31m[1m^[22
m[39m[31m[1m^[22m[39m[31m[1m^[22m[39m[31m[1m^[22m[39
m[31m[1m^[22m[39m[31m[1m^[22m[39m[31m[1m^[22m[39m[31
m[1m^[22m[39m[31m[1m^[22m[39m[31m[1m^[22m[39m[31m[1m
^[22m[39m[31m[1m^[22m[39m[31m[1m^[22m[39m[31m[1m^[22
m[39m[31m[1m^[22m[39m[31m[1m^[22m[39m[31m[1m^[22m[39
m[31m[1m^[22m[39m[31m[1m^[22m[39m[31m[1m^[22m[39m[31
m[1m^[22m[39m[31m[1m^[22m[39m[31m[1m^[22m[39m[31m[1m
^[22m[39m[31m[1m^[22m[39m[31m[1m^[22m[39m[31m[1m^[22
m[39m[31m[1m^[22m[39m[31m[1m^[22m[39m[31m[1m^[22m[39
m[31m[1m^[22m[39m[31m[1m^[22m[39m[31m[1m^[22m[39m[31
m[1m^[22m[39m[31m[1m^[22m[39m[31m[1m^[22m[39m[31m[1m
^[22m[39m[31m[1m^[22m[39m[31m[1m^[22m[39m
 [90m 3 |[39m [36mimport[39m [33mImage[39m [36mfrom[39m 
[32m'next/image'[39m
 [90m 4 |[39m [36mimport[39m [33mOtpForm[39m 
[36mfrom[39m [32m'@/components/auth/otp-form'[39m
 [90m 5 |[39m [36mimport[39m { useTranslations } 
[36mfrom[39m [32m'next-intl'[39m[0m



https://nextjs.org/docs/messages/module-not-found


./src/app/[locale]/auth/verfiy-otp/page.tsx:2:1
Module not found: Can't resolve 
'@/components/shared/custom-breadcrumbs'
[0m [90m 1 |[39m [36mimport[39m [33mReact[39m 
[36mfrom[39m [32m'react'[39m
[31m[1m>[22m[39m[90m 2 |[39m [36mimport[39m 
[33mCustomBreadcrumbs[39m [36mfrom[39m 
[32m'@/components/shared/custom-breadcrumbs'[39m
 [90m   |[39m [31m[1m^[22m[39m[31m[1m^[22m[39m[31m[1m
^[22m[39m[31m[1m^[22m[39m[31m[1m^[22m[39m[31m[1m^[22
m[39m[31m[1m^[22m[39m[31m[1m^[22m[39m[31m[1m^[22m[39
m[31m[1m^[22m[39m[31m[1m^[22m[39m[31m[1m^[22m[39m[31
m[1m^[22m[39m[31m[1m^[22m[39m[31m[1m^[22m[39m[31m[1m
^[22m[39m[31m[1m^[22m[39m[31m[1m^[22m[39m[31m[1m^[22
m[39m[31m[1m^[22m[39m[31m[1m^[22m[39m[31m[1m^[22m[39
m[31m[1m^[22m[39m[31m[1m^[22m[39m[31m[1m^[22m[39m[31
m[1m^[22m[39m[31m[1m^[22m[39m[31m[1m^[22m[39m[31m[1m
^[22m[39m[31m[1m^[22m[39m[31m[1m^[22m[39m[31m[1m^[22
m[39m[31m[1m^[22m[39m[31m[1m^[22m[39m[31m[1m^[22m[39
m[31m[1m^[22m[39m[31m[1m^[22m[39m[31m[1m^[22m[39m[31
m[1m^[22m[39m[31m[1m^[22m[39m[31m[1m^[22m[39m[31m[1m
^[22m[39m[31m[1m^[22m[39m[31m[1m^[22m[39m[31m[1m^[22
m[39m[31m[1m^[22m[39m[31m[1m^[22m[39m[31m[1m^[22m[39
m[31m[1m^[22m[39m[31m[1m^[22m[39m[31m[1m^[22m[39m[31
m[1m^[22m[39m[31m[1m^[22m[39m[31m[1m^[22m[39m[31m[1m
^[22m[39m[31m[1m^[22m[39m[31m[1m^[22m[39m[31m[1m^[22
m[39m[31m[1m^[22m[39m[31m[1m^[22m[39m[31m[1m^[22m[39
m[31m[1m^[22m[39m[31m[1m^[22m[39m[31m[1m^[22m[39m[31
m[1m^[22m[39m[31m[1m^[22m[39m[31m[1m^[22m[39m[31m[1m
^[22m[39m[31m[1m^[22m[39m[31m[1m^[22m[39m
 [90m 3 |[39m [36mimport[39m [33mImage[39m [36mfrom[39m 
[32m'next/image'[39m
 [90m 4 |[39m [36mimport[39m [33mOtpForm[39m 
[36mfrom[39m [32m'@/components/auth/otp-form'[39m
 [90m 5 |[39m [36mimport[39m { useTranslations } 
[36mfrom[39m [32m'next-intl'[39m[0m



https://nextjs.org/docs/messages/module-not-found


./src/app/[locale]/blogs/[id]/page.tsx:2:1
Module not found: Can't resolve 
'@/components/shared/custom-breadcrumbs'
[0m [90m 1 |[39m [36mimport[39m [33mBlogSection[39m 
[36mfrom[39m 
[32m"@/components/home/blog-section"[39m[33m;[39m
[31m[1m>[22m[39m[90m 2 |[39m [36mimport[39m 
[33mCustomBreadcrumbs[39m [36mfrom[39m 
[32m"@/components/shared/custom-breadcrumbs"[39m[33m;[39m
 [90m   |[39m [31m[1m^[22m[39m[31m[1m^[22m[39m[31m[1m
^[22m[39m[31m[1m^[22m[39m[31m[1m^[22m[39m[31m[1m^[22
m[39m[31m[1m^[22m[39m[31m[1m^[22m[39m[31m[1m^[22m[39
m[31m[1m^[22m[39m[31m[1m^[22m[39m[31m[1m^[22m[39m[31
m[1m^[22m[39m[31m[1m^[22m[39m[31m[1m^[22m[39m[31m[1m
^[22m[39m[31m[1m^[22m[39m[31m[1m^[22m[39m[31m[1m^[22
m[39m[31m[1m^[22m[39m[31m[1m^[22m[39m[31m[1m^[22m[39
m[31m[1m^[22m[39m[31m[1m^[22m[39m[31m[1m^[22m[39m[31
m[1m^[22m[39m[31m[1m^[22m[39m[31m[1m^[22m[39m[31m[1m
^[22m[39m[31m[1m^[22m[39m[31m[1m^[22m[39m[31m[1m^[22
m[39m[31m[1m^[22m[39m[31m[1m^[22m[39m[31m[1m^[22m[39
m[31m[1m^[22m[39m[31m[1m^[22m[39m[31m[1m^[22m[39m[31
m[1m^[22m[39m[31m[1m^[22m[39m[31m[1m^[22m[39m[31m[1m
^[22m[39m[31m[1m^[22m[39m[31m[1m^[22m[39m[31m[1m^[22
m[39m[31m[1m^[22m[39m[31m[1m^[22m[39m[31m[1m^[22m[39
m[31m[1m^[22m[39m[31m[1m^[22m[39m[31m[1m^[22m[39m[31
m[1m^[22m[39m[31m[1m^[22m[39m[31m[1m^[22m[39m[31m[1m
^[22m[39m[31m[1m^[22m[39m[31m[1m^[22m[39m[31m[1m^[22
m[39m[31m[1m^[22m[39m[31m[1m^[22m[39m[31m[1m^[22m[39
m[31m[1m^[22m[39m[31m[1m^[22m[39m[31m[1m^[22m[39m[31
m[1m^[22m[39m[31m[1m^[22m[39m[31m[1m^[22m[39m[31m[1m
^[22m[39m[31m[1m^[22m[39m[31m[1m^[22m[39m[31m[1m^[22
m[39m
 [90m 3 |[39m [36mimport[39m [33mImage[39m [36mfrom[39m 
[32m"next/image"[39m[33m;[39m
 [90m 4 |[39m [36mimport[39m [33mReact[39m [36mfrom[39m 
[32m"react"[39m[33m;[39m
 [90m 5 |[39m [36mimport[39m { getBlogById } [36mfrom[39m 
[32m"@/lib/blog-actions"[39m[33m;[39m[0m



https://nextjs.org/docs/messages/module-not-found


./src/app/[locale]/blogs/[id]/page.tsx:2:1
Module not found: Can't resolve 
'@/components/shared/custom-breadcrumbs'
[0m [90m 1 |[39m [36mimport[39m [33mBlogSection[39m 
[36mfrom[39m 
[32m"@/components/home/blog-section"[39m[33m;[39m
[31m[1m>[22m[39m[90m 2 |[39m [36mimport[39m 
[33mCustomBreadcrumbs[39m [36mfrom[39m 
[32m"@/components/shared/custom-breadcrumbs"[39m[33m;[39m
 [90m   |[39m [31m[1m^[22m[39m[31m[1m^[22m[39m[31m[1m
^[22m[39m[31m[1m^[22m[39m[31m[1m^[22m[39m[31m[1m^[22
m[39m[31m[1m^[22m[39m[31m[1m^[22m[39m[31m[1m^[22m[39
m[31m[1m^[22m[39m[31m[1m^[22m[39m[31m[1m^[22m[39m[31
m[1m^[22m[39m[31m[1m^[22m[39m[31m[1m^[22m[39m[31m[1m
^[22m[39m[31m[1m^[22m[39m[31m[1m^[22m[39m[31m[1m^[22
m[39m[31m[1m^[22m[39m[31m[1m^[22m[39m[31m[1m^[22m[39
m[31m[1m^[22m[39m[31m[1m^[22m[39m[31m[1m^[22m[39m[31
m[1m^[22m[39m[31m[1m^[22m[39m[31m[1m^[22m[39m[31m[1m
^[22m[39m[31m[1m^[22m[39m[31m[1m^[22m[39m[31m[1m^[22
m[39m[31m[1m^[22m[39m[31m[1m^[22m[39m[31m[1m^[22m[39
m[31m[1m^[22m[39m[31m[1m^[22m[39m[31m[1m^[22m[39m[31
m[1m^[22m[39m[31m[1m^[22m[39m[31m[1m^[22m[39m[31m[1m
^[22m[39m[31m[1m^[22m[39m[31m[1m^[22m[39m[31m[1m^[22
m[39m[31m[1m^[22m[39m[31m[1m^[22m[39m[31m[1m^[22m[39
m[31m[1m^[22m[39m[31m[1m^[22m[39m[31m[1m^[22m[39m[31
m[1m^[22m[39m[31m[1m^[22m[39m[31m[1m^[22m[39m[31m[1m
^[22m[39m[31m[1m^[22m[39m[31m[1m^[22m[39m[31m[1m^[22
m[39m[31m[1m^[22m[39m[31m[1m^[22m[39m[31m[1m^[22m[39
m[31m[1m^[22m[39m[31m[1m^[22m[39m[31m[1m^[22m[39m[31
m[1m^[22m[39m[31m[1m^[22m[39m[31m[1m^[22m[39m[31m[1m
^[22m[39m[31m[1m^[22m[39m[31m[1m^[22m[39m[31m[1m^[22
m[39m
 [90m 3 |[39m [36mimport[39m [33mImage[39m [36mfrom[39m 
[32m"next/image"[39m[33m;[39m
 [90m 4 |[39m [36mimport[39m [33mReact[39m [36mfrom[39m 
[32m"react"[39m[33m;[39m
 [90m 5 |[39m [36mimport[39m { getBlogById } [36mfrom[39m 
[32m"@/lib/blog-actions"[39m[33m;[39m[0m



https://nextjs.org/docs/messages/module-not-found


./src/app/[locale]/blogs/page.tsx:2:1
Module not found: Can't resolve 
'@/components/shared/custom-breadcrumbs'
[0m [90m 1 |[39m [36mimport[39m [33mReact[39m 
[36mfrom[39m [32m"react"[39m[33m;[39m
[31m[1m>[22m[39m[90m 2 |[39m [36mimport[39m 
[33mCustomBreadcrumbs[39m [36mfrom[39m 
[32m"@/components/shared/custom-breadcrumbs"[39m[33m;[39m
 [90m   |[39m [31m[1m^[22m[39m[31m[1m^[22m[39m[31m[1m
^[22m[39m[31m[1m^[22m[39m[31m[1m^[22m[39m[31m[1m^[22
m[39m[31m[1m^[22m[39m[31m[1m^[22m[39m[31m[1m^[22m[39
m[31m[1m^[22m[39m[31m[1m^[22m[39m[31m[1m^[22m[39m[31
m[1m^[22m[39m[31m[1m^[22m[39m[31m[1m^[22m[39m[31m[1m
^[22m[39m[31m[1m^[22m[39m[31m[1m^[22m[39m[31m[1m^[22
m[39m[31m[1m^[22m[39m[31m[1m^[22m[39m[31m[1m^[22m[39
m[31m[1m^[22m[39m[31m[1m^[22m[39m[31m[1m^[22m[39m[31
m[1m^[22m[39m[31m[1m^[22m[39m[31m[1m^[22m[39m[31m[1m
^[22m[39m[31m[1m^[22m[39m[31m[1m^[22m[39m[31m[1m^[22
m[39m[31m[1m^[22m[39m[31m[1m^[22m[39m[31m[1m^[22m[39
m[31m[1m^[22m[39m[31m[1m^[22m[39m[31m[1m^[22m[39m[31
m[1m^[22m[39m[31m[1m^[22m[39m[31m[1m^[22m[39m[31m[1m
^[22m[39m[31m[1m^[22m[39m[31m[1m^[22m[39m[31m[1m^[22
m[39m[31m[1m^[22m[39m[31m[1m^[22m[39m[31m[1m^[22m[39
m[31m[1m^[22m[39m[31m[1m^[22m[39m[31m[1m^[22m[39m[31
m[1m^[22m[39m[31m[1m^[22m[39m[31m[1m^[22m[39m[31m[1m
^[22m[39m[31m[1m^[22m[39m[31m[1m^[22m[39m[31m[1m^[22
m[39m[31m[1m^[22m[39m[31m[1m^[22m[39m[31m[1m^[22m[39
m[31m[1m^[22m[39m[31m[1m^[22m[39m[31m[1m^[22m[39m[31
m[1m^[22m[39m[31m[1m^[22m[39m[31m[1m^[22m[39m[31m[1m
^[22m[39m[31m[1m^[22m[39m[31m[1m^[22m[39m[31m[1m^[22
m[39m
 [90m 3 |[39m [36mimport[39m [33mBlogCard[39m 
[36mfrom[39m 
[32m"@/components/shared/blog-card"[39m[33m;[39m
 [90m 4 |[39m [36mimport[39m { getTranslations } 
[36mfrom[39m [32m"next-intl/server"[39m[33m;[39m
 [90m 5 |[39m [36mimport[39m { getBlogs } [36mfrom[39m 
[32m"@/lib/blog-actions"[39m[33m;[39m[0m



https://nextjs.org/docs/messages/module-not-found


./src/app/[locale]/blogs/page.tsx:2:1
Module not found: Can't resolve 
'@/components/shared/custom-breadcrumbs'
[0m [90m 1 |[39m [36mimport[39m [33mReact[39m 
[36mfrom[39m [32m"react"[39m[33m;[39m
[31m[1m>[22m[39m[90m 2 |[39m [36mimport[39m 
[33mCustomBreadcrumbs[39m [36mfrom[39m 
[32m"@/components/shared/custom-breadcrumbs"[39m[33m;[39m
 [90m   |[39m [31m[1m^[22m[39m[31m[1m^[22m[39m[31m[1m
^[22m[39m[31m[1m^[22m[39m[31m[1m^[22m[39m[31m[1m^[22
m[39m[31m[1m^[22m[39m[31m[1m^[22m[39m[31m[1m^[22m[39
m[31m[1m^[22m[39m[31m[1m^[22m[39m[31m[1m^[22m[39m[31
m[1m^[22m[39m[31m[1m^[22m[39m[31m[1m^[22m[39m[31m[1m
^[22m[39m[31m[1m^[22m[39m[31m[1m^[22m[39m[31m[1m^[22
m[39m[31m[1m^[22m[39m[31m[1m^[22m[39m[31m[1m^[22m[39
m[31m[1m^[22m[39m[31m[1m^[22m[39m[31m[1m^[22m[39m[31
m[1m^[22m[39m[31m[1m^[22m[39m[31m[1m^[22m[39m[31m[1m
^[22m[39m[31m[1m^[22m[39m[31m[1m^[22m[39m[31m[1m^[22
m[39m[31m[1m^[22m[39m[31m[1m^[22m[39m[31m[1m^[22m[39
m[31m[1m^[22m[39m[31m[1m^[22m[39m[31m[1m^[22m[39m[31
m[1m^[22m[39m[31m[1m^[22m[39m[31m[1m^[22m[39m[31m[1m
^[22m[39m[31m[1m^[22m[39m[31m[1m^[22m[39m[31m[1m^[22
m[39m[31m[1m^[22m[39m[31m[1m^[22m[39m[31m[1m^[22m[39
m[31m[1m^[22m[39m[31m[1m^[22m[39m[31m[1m^[22m[39m[31
m[1m^[22m[39m[31m[1m^[22m[39m[31m[1m^[22m[39m[31m[1m
^[22m[39m[31m[1m^[22m[39m[31m[1m^[22m[39m[31m[1m^[22
m[39m[31m[1m^[22m[39m[31m[1m^[22m[39m[31m[1m^[22m[39
m[31m[1m^[22m[39m[31m[1m^[22m[39m[31m[1m^[22m[39m[31
m[1m^[22m[39m[31m[1m^[22m[39m[31m[1m^[22m[39m[31m[1m
^[22m[39m[31m[1m^[22m[39m[31m[1m^[22m[39m[31m[1m^[22
m[39m
 [90m 3 |[39m [36mimport[39m [33mBlogCard[39m 
[36mfrom[39m 
[32m"@/components/shared/blog-card"[39m[33m;[39m
 [90m 4 |[39m [36mimport[39m { getTranslations } 
[36mfrom[39m [32m"next-intl/server"[39m[33m;[39m
 [90m 5 |[39m [36mimport[39m { getBlogs } [36mfrom[39m 
[32m"@/lib/blog-actions"[39m[33m;[39m[0m



https://nextjs.org/docs/messages/module-not-found


./src/app/[locale]/complaints/page.tsx:2:1
Module not found: Can't resolve 
'@/components/shared/custom-breadcrumbs'
[0m [90m 1 |[39m [36mimport[39m [33mComplaintsForm[39m 
[36mfrom[39m [32m'@/components/shared/complaints-form'[39m
[31m[1m>[22m[39m[90m 2 |[39m [36mimport[39m 
[33mCustomBreadcrumbs[39m [36mfrom[39m 
[32m'@/components/shared/custom-breadcrumbs'[39m
 [90m   |[39m [31m[1m^[22m[39m[31m[1m^[22m[39m[31m[1m
^[22m[39m[31m[1m^[22m[39m[31m[1m^[22m[39m[31m[1m^[22
m[39m[31m[1m^[22m[39m[31m[1m^[22m[39m[31m[1m^[22m[39
m[31m[1m^[22m[39m[31m[1m^[22m[39m[31m[1m^[22m[39m[31
m[1m^[22m[39m[31m[1m^[22m[39m[31m[1m^[22m[39m[31m[1m
^[22m[39m[31m[1m^[22m[39m[31m[1m^[22m[39m[31m[1m^[22
m[39m[31m[1m^[22m[39m[31m[1m^[22m[39m[31m[1m^[22m[39
m[31m[1m^[22m[39m[31m[1m^[22m[39m[31m[1m^[22m[39m[31
m[1m^[22m[39m[31m[1m^[22m[39m[31m[1m^[22m[39m[31m[1m
^[22m[39m[31m[1m^[22m[39m[31m[1m^[22m[39m[31m[1m^[22
m[39m[31m[1m^[22m[39m[31m[1m^[22m[39m[31m[1m^[22m[39
m[31m[1m^[22m[39m[31m[1m^[22m[39m[31m[1m^[22m[39m[31
m[1m^[22m[39m[31m[1m^[22m[39m[31m[1m^[22m[39m[31m[1m
^[22m[39m[31m[1m^[22m[39m[31m[1m^[22m[39m[31m[1m^[22
m[39m[31m[1m^[22m[39m[31m[1m^[22m[39m[31m[1m^[22m[39
m[31m[1m^[22m[39m[31m[1m^[22m[39m[31m[1m^[22m[39m[31
m[1m^[22m[39m[31m[1m^[22m[39m[31m[1m^[22m[39m[31m[1m
^[22m[39m[31m[1m^[22m[39m[31m[1m^[22m[39m[31m[1m^[22
m[39m[31m[1m^[22m[39m[31m[1m^[22m[39m[31m[1m^[22m[39
m[31m[1m^[22m[39m[31m[1m^[22m[39m[31m[1m^[22m[39m[31
m[1m^[22m[39m[31m[1m^[22m[39m[31m[1m^[22m[39m[31m[1m
^[22m[39m[31m[1m^[22m[39m[31m[1m^[22m[39m
 [90m 3 |[39m [36mimport[39m { useTranslations } 
[36mfrom[39m [32m'next-intl'[39m
 [90m 4 |[39m [36mimport[39m [33mReact[39m [36mfrom[39m 
[32m'react'[39m
 [90m 5 |[39m[0m



https://nextjs.org/docs/messages/module-not-found


./src/app/[locale]/complaints/page.tsx:2:1
Module not found: Can't resolve 
'@/components/shared/custom-breadcrumbs'
[0m [90m 1 |[39m [36mimport[39m [33mComplaintsForm[39m 
[36mfrom[39m [32m'@/components/shared/complaints-form'[39m
[31m[1m>[22m[39m[90m 2 |[39m [36mimport[39m 
[33mCustomBreadcrumbs[39m [36mfrom[39m 
[32m'@/components/shared/custom-breadcrumbs'[39m
 [90m   |[39m [31m[1m^[22m[39m[31m[1m^[22m[39m[31m[1m
^[22m[39m[31m[1m^[22m[39m[31m[1m^[22m[39m[31m[1m^[22
m[39m[31m[1m^[22m[39m[31m[1m^[22m[39m[31m[1m^[22m[39
m[31m[1m^[22m[39m[31m[1m^[22m[39m[31m[1m^[22m[39m[31
m[1m^[22m[39m[31m[1m^[22m[39m[31m[1m^[22m[39m[31m[1m
^[22m[39m[31m[1m^[22m[39m[31m[1m^[22m[39m[31m[1m^[22
m[39m[31m[1m^[22m[39m[31m[1m^[22m[39m[31m[1m^[22m[39
m[31m[1m^[22m[39m[31m[1m^[22m[39m[31m[1m^[22m[39m[31
m[1m^[22m[39m[31m[1m^[22m[39m[31m[1m^[22m[39m[31m[1m
^[22m[39m[31m[1m^[22m[39m[31m[1m^[22m[39m[31m[1m^[22
m[39m[31m[1m^[22m[39m[31m[1m^[22m[39m[31m[1m^[22m[39
m[31m[1m^[22m[39m[31m[1m^[22m[39m[31m[1m^[22m[39m[31
m[1m^[22m[39m[31m[1m^[22m[39m[31m[1m^[22m[39m[31m[1m
^[22m[39m[31m[1m^[22m[39m[31m[1m^[22m[39m[31m[1m^[22
m[39m[31m[1m^[22m[39m[31m[1m^[22m[39m[31m[1m^[22m[39
m[31m[1m^[22m[39m[31m[1m^[22m[39m[31m[1m^[22m[39m[31
m[1m^[22m[39m[31m[1m^[22m[39m[31m[1m^[22m[39m[31m[1m
^[22m[39m[31m[1m^[22m[39m[31m[1m^[22m[39m[31m[1m^[22
m[39m[31m[1m^[22m[39m[31m[1m^[22m[39m[31m[1m^[22m[39
m[31m[1m^[22m[39m[31m[1m^[22m[39m[31m[1m^[22m[39m[31
m[1m^[22m[39m[31m[1m^[22m[39m[31m[1m^[22m[39m[31m[1m
^[22m[39m[31m[1m^[22m[39m[31m[1m^[22m[39m
 [90m 3 |[39m [36mimport[39m { useTranslations } 
[36mfrom[39m [32m'next-intl'[39m
 [90m 4 |[39m [36mimport[39m [33mReact[39m [36mfrom[39m 
[32m'react'[39m
 [90m 5 |[39m[0m



https://nextjs.org/docs/messages/module-not-found


./src/app/[locale]/deals/[id]/page.tsx:2:1
Module not found: Can't resolve 
'@/components/shared/custom-breadcrumbs'
[0m [90m 1 |[39m [32m"use client"[39m[33m;[39m
[31m[1m>[22m[39m[90m 2 |[39m [36mimport[39m 
[33mCustomBreadcrumbs[39m [36mfrom[39m 
[32m"@/components/shared/custom-breadcrumbs"[39m[33m;[39m
 [90m   |[39m [31m[1m^[22m[39m[31m[1m^[22m[39m[31m[1m
^[22m[39m[31m[1m^[22m[39m[31m[1m^[22m[39m[31m[1m^[22
m[39m[31m[1m^[22m[39m[31m[1m^[22m[39m[31m[1m^[22m[39
m[31m[1m^[22m[39m[31m[1m^[22m[39m[31m[1m^[22m[39m[31
m[1m^[22m[39m[31m[1m^[22m[39m[31m[1m^[22m[39m[31m[1m
^[22m[39m[31m[1m^[22m[39m[31m[1m^[22m[39m[31m[1m^[22
m[39m[31m[1m^[22m[39m[31m[1m^[22m[39m[31m[1m^[22m[39
m[31m[1m^[22m[39m[31m[1m^[22m[39m[31m[1m^[22m[39m[31
m[1m^[22m[39m[31m[1m^[22m[39m[31m[1m^[22m[39m[31m[1m
^[22m[39m[31m[1m^[22m[39m[31m[1m^[22m[39m[31m[1m^[22
m[39m[31m[1m^[22m[39m[31m[1m^[22m[39m[31m[1m^[22m[39
m[31m[1m^[22m[39m[31m[1m^[22m[39m[31m[1m^[22m[39m[31
m[1m^[22m[39m[31m[1m^[22m[39m[31m[1m^[22m[39m[31m[1m
^[22m[39m[31m[1m^[22m[39m[31m[1m^[22m[39m[31m[1m^[22
m[39m[31m[1m^[22m[39m[31m[1m^[22m[39m[31m[1m^[22m[39
m[31m[1m^[22m[39m[31m[1m^[22m[39m[31m[1m^[22m[39m[31
m[1m^[22m[39m[31m[1m^[22m[39m[31m[1m^[22m[39m[31m[1m
^[22m[39m[31m[1m^[22m[39m[31m[1m^[22m[39m[31m[1m^[22
m[39m[31m[1m^[22m[39m[31m[1m^[22m[39m[31m[1m^[22m[39
m[31m[1m^[22m[39m[31m[1m^[22m[39m[31m[1m^[22m[39m[31
m[1m^[22m[39m[31m[1m^[22m[39m[31m[1m^[22m[39m[31m[1m
^[22m[39m[31m[1m^[22m[39m[31m[1m^[22m[39m[31m[1m^[22
m[39m
 [90m 3 |[39m [36mimport[39m { [33mCard[39m[33m,[39m 
[33mCardContent[39m } [36mfrom[39m 
[32m"@/components/ui/card"[39m[33m;[39m
 [90m 4 |[39m [36mimport[39m {
 [90m 5 |[39m   [33mFaMoneyBillWave[39m[33m,[39m[0m



https://nextjs.org/docs/messages/module-not-found


./src/app/[locale]/deals/[id]/page.tsx:2:1
Module not found: Can't resolve 
'@/components/shared/custom-breadcrumbs'
[0m [90m 1 |[39m [32m"use client"[39m[33m;[39m
[31m[1m>[22m[39m[90m 2 |[39m [36mimport[39m 
[33mCustomBreadcrumbs[39m [36mfrom[39m 
[32m"@/components/shared/custom-breadcrumbs"[39m[33m;[39m
 [90m   |[39m [31m[1m^[22m[39m[31m[1m^[22m[39m[31m[1m
^[22m[39m[31m[1m^[22m[39m[31m[1m^[22m[39m[31m[1m^[22
m[39m[31m[1m^[22m[39m[31m[1m^[22m[39m[31m[1m^[22m[39
m[31m[1m^[22m[39m[31m[1m^[22m[39m[31m[1m^[22m[39m[31
m[1m^[22m[39m[31m[1m^[22m[39m[31m[1m^[22m[39m[31m[1m
^[22m[39m[31m[1m^[22m[39m[31m[1m^[22m[39m[31m[1m^[22
m[39m[31m[1m^[22m[39m[31m[1m^[22m[39m[31m[1m^[22m[39
m[31m[1m^[22m[39m[31m[1m^[22m[39m[31m[1m^[22m[39m[31
m[1m^[22m[39m[31m[1m^[22m[39m[31m[1m^[22m[39m[31m[1m
^[22m[39m[31m[1m^[22m[39m[31m[1m^[22m[39m[31m[1m^[22
m[39m[31m[1m^[22m[39m[31m[1m^[22m[39m[31m[1m^[22m[39
m[31m[1m^[22m[39m[31m[1m^[22m[39m[31m[1m^[22m[39m[31
m[1m^[22m[39m[31m[1m^[22m[39m[31m[1m^[22m[39m[31m[1m
^[22m[39m[31m[1m^[22m[39m[31m[1m^[22m[39m[31m[1m^[22
m[39m[31m[1m^[22m[39m[31m[1m^[22m[39m[31m[1m^[22m[39
m[31m[1m^[22m[39m[31m[1m^[22m[39m[31m[1m^[22m[39m[31
m[1m^[22m[39m[31m[1m^[22m[39m[31m[1m^[22m[39m[31m[1m
^[22m[39m[31m[1m^[22m[39m[31m[1m^[22m[39m[31m[1m^[22
m[39m[31m[1m^[22m[39m[31m[1m^[22m[39m[31m[1m^[22m[39
m[31m[1m^[22m[39m[31m[1m^[22m[39m[31m[1m^[22m[39m[31
m[1m^[22m[39m[31m[1m^[22m[39m[31m[1m^[22m[39m[31m[1m
^[22m[39m[31m[1m^[22m[39m[31m[1m^[22m[39m[31m[1m^[22
m[39m
 [90m 3 |[39m [36mimport[39m { [33mCard[39m[33m,[39m 
[33mCardContent[39m } [36mfrom[39m 
[32m"@/components/ui/card"[39m[33m;[39m
 [90m 4 |[39m [36mimport[39m {
 [90m 5 |[39m   [33mFaMoneyBillWave[39m[33m,[39m[0m



https://nextjs.org/docs/messages/module-not-found


./src/app/[locale]/deals/[id]/page.tsx:2:1
Module not found: Can't resolve 
'@/components/shared/custom-breadcrumbs'
[0m [90m 1 |[39m [32m"use client"[39m[33m;[39m
[31m[1m>[22m[39m[90m 2 |[39m [36mimport[39m 
[33mCustomBreadcrumbs[39m [36mfrom[39m 
[32m"@/components/shared/custom-breadcrumbs"[39m[33m;[39m
 [90m   |[39m [31m[1m^[22m[39m[31m[1m^[22m[39m[31m[1m
^[22m[39m[31m[1m^[22m[39m[31m[1m^[22m[39m[31m[1m^[22
m[39m[31m[1m^[22m[39m[31m[1m^[22m[39m[31m[1m^[22m[39
m[31m[1m^[22m[39m[31m[1m^[22m[39m[31m[1m^[22m[39m[31
m[1m^[22m[39m[31m[1m^[22m[39m[31m[1m^[22m[39m[31m[1m
^[22m[39m[31m[1m^[22m[39m[31m[1m^[22m[39m[31m[1m^[22
m[39m[31m[1m^[22m[39m[31m[1m^[22m[39m[31m[1m^[22m[39
m[31m[1m^[22m[39m[31m[1m^[22m[39m[31m[1m^[22m[39m[31
m[1m^[22m[39m[31m[1m^[22m[39m[31m[1m^[22m[39m[31m[1m
^[22m[39m[31m[1m^[22m[39m[31m[1m^[22m[39m[31m[1m^[22
m[39m[31m[1m^[22m[39m[31m[1m^[22m[39m[31m[1m^[22m[39
m[31m[1m^[22m[39m[31m[1m^[22m[39m[31m[1m^[22m[39m[31
m[1m^[22m[39m[31m[1m^[22m[39m[31m[1m^[22m[39m[31m[1m
^[22m[39m[31m[1m^[22m[39m[31m[1m^[22m[39m[31m[1m^[22
m[39m[31m[1m^[22m[39m[31m[1m^[22m[39m[31m[1m^[22m[39
m[31m[1m^[22m[39m[31m[1m^[22m[39m[31m[1m^[22m[39m[31
m[1m^[22m[39m[31m[1m^[22m[39m[31m[1m^[22m[39m[31m[1m
^[22m[39m[31m[1m^[22m[39m[31m[1m^[22m[39m[31m[1m^[22
m[39m[31m[1m^[22m[39m[31m[1m^[22m[39m[31m[1m^[22m[39
m[31m[1m^[22m[39m[31m[1m^[22m[39m[31m[1m^[22m[39m[31
m[1m^[22m[39m[31m[1m^[22m[39m[31m[1m^[22m[39m[31m[1m
^[22m[39m[31m[1m^[22m[39m[31m[1m^[22m[39m[31m[1m^[22
m[39m
 [90m 3 |[39m [36mimport[39m { [33mCard[39m[33m,[39m 
[33mCardContent[39m } [36mfrom[39m 
[32m"@/components/ui/card"[39m[33m;[39m
 [90m 4 |[39m [36mimport[39m {
 [90m 5 |[39m   [33mFaMoneyBillWave[39m[33m,[39m[0m



https://nextjs.org/docs/messages/module-not-found


./src/app/[locale]/deals/[id]/page.tsx:2:1
Module not found: Can't resolve 
'@/components/shared/custom-breadcrumbs'
[0m [90m 1 |[39m [32m"use client"[39m[33m;[39m
[31m[1m>[22m[39m[90m 2 |[39m [36mimport[39m 
[33mCustomBreadcrumbs[39m [36mfrom[39m 
[32m"@/components/shared/custom-breadcrumbs"[39m[33m;[39m
 [90m   |[39m [31m[1m^[22m[39m[31m[1m^[22m[39m[31m[1m
^[22m[39m[31m[1m^[22m[39m[31m[1m^[22m[39m[31m[1m^[22
m[39m[31m[1m^[22m[39m[31m[1m^[22m[39m[31m[1m^[22m[39
m[31m[1m^[22m[39m[31m[1m^[22m[39m[31m[1m^[22m[39m[31
m[1m^[22m[39m[31m[1m^[22m[39m[31m[1m^[22m[39m[31m[1m
^[22m[39m[31m[1m^[22m[39m[31m[1m^[22m[39m[31m[1m^[22
m[39m[31m[1m^[22m[39m[31m[1m^[22m[39m[31m[1m^[22m[39
m[31m[1m^[22m[39m[31m[1m^[22m[39m[31m[1m^[22m[39m[31
m[1m^[22m[39m[31m[1m^[22m[39m[31m[1m^[22m[39m[31m[1m
^[22m[39m[31m[1m^[22m[39m[31m[1m^[22m[39m[31m[1m^[22
m[39m[31m[1m^[22m[39m[31m[1m^[22m[39m[31m[1m^[22m[39
m[31m[1m^[22m[39m[31m[1m^[22m[39m[31m[1m^[22m[39m[31
m[1m^[22m[39m[31m[1m^[22m[39m[31m[1m^[22m[39m[31m[1m
^[22m[39m[31m[1m^[22m[39m[31m[1m^[22m[39m[31m[1m^[22
m[39m[31m[1m^[22m[39m[31m[1m^[22m[39m[31m[1m^[22m[39
m[31m[1m^[22m[39m[31m[1m^[22m[39m[31m[1m^[22m[39m[31
m[1m^[22m[39m[31m[1m^[22m[39m[31m[1m^[22m[39m[31m[1m
^[22m[39m[31m[1m^[22m[39m[31m[1m^[22m[39m[31m[1m^[22
m[39m[31m[1m^[22m[39m[31m[1m^[22m[39m[31m[1m^[22m[39
m[31m[1m^[22m[39m[31m[1m^[22m[39m[31m[1m^[22m[39m[31
m[1m^[22m[39m[31m[1m^[22m[39m[31m[1m^[22m[39m[31m[1m
^[22m[39m[31m[1m^[22m[39m[31m[1m^[22m[39m[31m[1m^[22
m[39m
 [90m 3 |[39m [36mimport[39m { [33mCard[39m[33m,[39m 
[33mCardContent[39m } [36mfrom[39m 
[32m"@/components/ui/card"[39m[33m;[39m
 [90m 4 |[39m [36mimport[39m {
 [90m 5 |[39m   [33mFaMoneyBillWave[39m[33m,[39m[0m



https://nextjs.org/docs/messages/module-not-found


./src/app/[locale]/deals/page.tsx:2:1
Module not found: Can't resolve 
'@/components/shared/custom-breadcrumbs'
[0m [90m 1 |[39m [32m"use client"[39m[33m;[39m
[31m[1m>[22m[39m[90m 2 |[39m [36mimport[39m 
[33mCustomBreadcrumbs[39m [36mfrom[39m 
[32m"@/components/shared/custom-breadcrumbs"[39m[33m;[39m
 [90m   |[39m [31m[1m^[22m[39m[31m[1m^[22m[39m[31m[1m
^[22m[39m[31m[1m^[22m[39m[31m[1m^[22m[39m[31m[1m^[22
m[39m[31m[1m^[22m[39m[31m[1m^[22m[39m[31m[1m^[22m[39
m[31m[1m^[22m[39m[31m[1m^[22m[39m[31m[1m^[22m[39m[31
m[1m^[22m[39m[31m[1m^[22m[39m[31m[1m^[22m[39m[31m[1m
^[22m[39m[31m[1m^[22m[39m[31m[1m^[22m[39m[31m[1m^[22
m[39m[31m[1m^[22m[39m[31m[1m^[22m[39m[31m[1m^[22m[39
m[31m[1m^[22m[39m[31m[1m^[22m[39m[31m[1m^[22m[39m[31
m[1m^[22m[39m[31m[1m^[22m[39m[31m[1m^[22m[39m[31m[1m
^[22m[39m[31m[1m^[22m[39m[31m[1m^[22m[39m[31m[1m^[22
m[39m[31m[1m^[22m[39m[31m[1m^[22m[39m[31m[1m^[22m[39
m[31m[1m^[22m[39m[31m[1m^[22m[39m[31m[1m^[22m[39m[31
m[1m^[22m[39m[31m[1m^[22m[39m[31m[1m^[22m[39m[31m[1m
^[22m[39m[31m[1m^[22m[39m[31m[1m^[22m[39m[31m[1m^[22
m[39m[31m[1m^[22m[39m[31m[1m^[22m[39m[31m[1m^[22m[39
m[31m[1m^[22m[39m[31m[1m^[22m[39m[31m[1m^[22m[39m[31
m[1m^[22m[39m[31m[1m^[22m[39m[31m[1m^[22m[39m[31m[1m
^[22m[39m[31m[1m^[22m[39m[31m[1m^[22m[39m[31m[1m^[22
m[39m[31m[1m^[22m[39m[31m[1m^[22m[39m[31m[1m^[22m[39
m[31m[1m^[22m[39m[31m[1m^[22m[39m[31m[1m^[22m[39m[31
m[1m^[22m[39m[31m[1m^[22m[39m[31m[1m^[22m[39m[31m[1m
^[22m[39m[31m[1m^[22m[39m[31m[1m^[22m[39m[31m[1m^[22
m[39m
 [90m 3 |[39m [36mimport[39m [33mReact[39m[33m,[39m { 
useEffect[33m,[39m useState } [36mfrom[39m 
[32m"react"[39m[33m;[39m
 [90m 4 |[39m [36mimport[39m { [33mTabs[39m[33m,[39m 
[33mTabsContent[39m[33m,[39m [33mTabsList[39m[33m,[39m 
[33mTabsTrigger[39m } [36mfrom[39m 
[32m"@/components/ui/tabs"[39m[33m;[39m
 [90m 5 |[39m [36mimport[39m { [33mInput[39m } 
[36mfrom[39m [32m"@/components/ui/input"[39m[33m;[39m[0m



https://nextjs.org/docs/messages/module-not-found


./src/app/[locale]/deals/page.tsx:2:1
Module not found: Can't resolve 
'@/components/shared/custom-breadcrumbs'
[0m [90m 1 |[39m [32m"use client"[39m[33m;[39m
[31m[1m>[22m[39m[90m 2 |[39m [36mimport[39m 
[33mCustomBreadcrumbs[39m [36mfrom[39m 
[32m"@/components/shared/custom-breadcrumbs"[39m[33m;[39m
 [90m   |[39m [31m[1m^[22m[39m[31m[1m^[22m[39m[31m[1m
^[22m[39m[31m[1m^[22m[39m[31m[1m^[22m[39m[31m[1m^[22
m[39m[31m[1m^[22m[39m[31m[1m^[22m[39m[31m[1m^[22m[39
m[31m[1m^[22m[39m[31m[1m^[22m[39m[31m[1m^[22m[39m[31
m[1m^[22m[39m[31m[1m^[22m[39m[31m[1m^[22m[39m[31m[1m
^[22m[39m[31m[1m^[22m[39m[31m[1m^[22m[39m[31m[1m^[22
m[39m[31m[1m^[22m[39m[31m[1m^[22m[39m[31m[1m^[22m[39
m[31m[1m^[22m[39m[31m[1m^[22m[39m[31m[1m^[22m[39m[31
m[1m^[22m[39m[31m[1m^[22m[39m[31m[1m^[22m[39m[31m[1m
^[22m[39m[31m[1m^[22m[39m[31m[1m^[22m[39m[31m[1m^[22
m[39m[31m[1m^[22m[39m[31m[1m^[22m[39m[31m[1m^[22m[39
m[31m[1m^[22m[39m[31m[1m^[22m[39m[31m[1m^[22m[39m[31
m[1m^[22m[39m[31m[1m^[22m[39m[31m[1m^[22m[39m[31m[1m
^[22m[39m[31m[1m^[22m[39m[31m[1m^[22m[39m[31m[1m^[22
m[39m[31m[1m^[22m[39m[31m[1m^[22m[39m[31m[1m^[22m[39
m[31m[1m^[22m[39m[31m[1m^[22m[39m[31m[1m^[22m[39m[31
m[1m^[22m[39m[31m[1m^[22m[39m[31m[1m^[22m[39m[31m[1m
^[22m[39m[31m[1m^[22m[39m[31m[1m^[22m[39m[31m[1m^[22
m[39m[31m[1m^[22m[39m[31m[1m^[22m[39m[31m[1m^[22m[39
m[31m[1m^[22m[39m[31m[1m^[22m[39m[31m[1m^[22m[39m[31
m[1m^[22m[39m[31m[1m^[22m[39m[31m[1m^[22m[39m[31m[1m
^[22m[39m[31m[1m^[22m[39m[31m[1m^[22m[39m[31m[1m^[22
m[39m
 [90m 3 |[39m [36mimport[39m [33mReact[39m[33m,[39m { 
useEffect[33m,[39m useState } [36mfrom[39m 
[32m"react"[39m[33m;[39m
 [90m 4 |[39m [36mimport[39m { [33mTabs[39m[33m,[39m 
[33mTabsContent[39m[33m,[39m [33mTabsList[39m[33m,[39m 
[33mTabsTrigger[39m } [36mfrom[39m 
[32m"@/components/ui/tabs"[39m[33m;[39m
 [90m 5 |[39m [36mimport[39m { [33mInput[39m } 
[36mfrom[39m [32m"@/components/ui/input"[39m[33m;[39m[0m



https://nextjs.org/docs/messages/module-not-found


./src/app/[locale]/deals/page.tsx:2:1
Module not found: Can't resolve 
'@/components/shared/custom-breadcrumbs'
[0m [90m 1 |[39m [32m"use client"[39m[33m;[39m
[31m[1m>[22m[39m[90m 2 |[39m [36mimport[39m 
[33mCustomBreadcrumbs[39m [36mfrom[39m 
[32m"@/components/shared/custom-breadcrumbs"[39m[33m;[39m
 [90m   |[39m [31m[1m^[22m[39m[31m[1m^[22m[39m[31m[1m
^[22m[39m[31m[1m^[22m[39m[31m[1m^[22m[39m[31m[1m^[22
m[39m[31m[1m^[22m[39m[31m[1m^[22m[39m[31m[1m^[22m[39
m[31m[1m^[22m[39m[31m[1m^[22m[39m[31m[1m^[22m[39m[31
m[1m^[22m[39m[31m[1m^[22m[39m[31m[1m^[22m[39m[31m[1m
^[22m[39m[31m[1m^[22m[39m[31m[1m^[22m[39m[31m[1m^[22
m[39m[31m[1m^[22m[39m[31m[1m^[22m[39m[31m[1m^[22m[39
m[31m[1m^[22m[39m[31m[1m^[22m[39m[31m[1m^[22m[39m[31
m[1m^[22m[39m[31m[1m^[22m[39m[31m[1m^[22m[39m[31m[1m
^[22m[39m[31m[1m^[22m[39m[31m[1m^[22m[39m[31m[1m^[22
m[39m[31m[1m^[22m[39m[31m[1m^[22m[39m[31m[1m^[22m[39
m[31m[1m^[22m[39m[31m[1m^[22m[39m[31m[1m^[22m[39m[31
m[1m^[22m[39m[31m[1m^[22m[39m[31m[1m^[22m[39m[31m[1m
^[22m[39m[31m[1m^[22m[39m[31m[1m^[22m[39m[31m[1m^[22
m[39m[31m[1m^[22m[39m[31m[1m^[22m[39m[31m[1m^[22m[39
m[31m[1m^[22m[39m[31m[1m^[22m[39m[31m[1m^[22m[39m[31
m[1m^[22m[39m[31m[1m^[22m[39m[31m[1m^[22m[39m[31m[1m
^[22m[39m[31m[1m^[22m[39m[31m[1m^[22m[39m[31m[1m^[22
m[39m[31m[1m^[22m[39m[31m[1m^[22m[39m[31m[1m^[22m[39
m[31m[1m^[22m[39m[31m[1m^[22m[39m[31m[1m^[22m[39m[31
m[1m^[22m[39m[31m[1m^[22m[39m[31m[1m^[22m[39m[31m[1m
^[22m[39m[31m[1m^[22m[39m[31m[1m^[22m[39m[31m[1m^[22
m[39m
 [90m 3 |[39m [36mimport[39m [33mReact[39m[33m,[39m { 
useEffect[33m,[39m useState } [36mfrom[39m 
[32m"react"[39m[33m;[39m
 [90m 4 |[39m [36mimport[39m { [33mTabs[39m[33m,[39m 
[33mTabsContent[39m[33m,[39m [33mTabsList[39m[33m,[39m 
[33mTabsTrigger[39m } [36mfrom[39m 
[32m"@/components/ui/tabs"[39m[33m;[39m
 [90m 5 |[39m [36mimport[39m { [33mInput[39m } 
[36mfrom[39m [32m"@/components/ui/input"[39m[33m;[39m[0m



https://nextjs.org/docs/messages/module-not-found


./src/app/[locale]/deals/page.tsx:2:1
Module not found: Can't resolve 
'@/components/shared/custom-breadcrumbs'
[0m [90m 1 |[39m [32m"use client"[39m[33m;[39m
[31m[1m>[22m[39m[90m 2 |[39m [36mimport[39m 
[33mCustomBreadcrumbs[39m [36mfrom[39m 
[32m"@/components/shared/custom-breadcrumbs"[39m[33m;[39m
 [90m   |[39m [31m[1m^[22m[39m[31m[1m^[22m[39m[31m[1m
^[22m[39m[31m[1m^[22m[39m[31m[1m^[22m[39m[31m[1m^[22
m[39m[31m[1m^[22m[39m[31m[1m^[22m[39m[31m[1m^[22m[39
m[31m[1m^[22m[39m[31m[1m^[22m[39m[31m[1m^[22m[39m[31
m[1m^[22m[39m[31m[1m^[22m[39m[31m[1m^[22m[39m[31m[1m
^[22m[39m[31m[1m^[22m[39m[31m[1m^[22m[39m[31m[1m^[22
m[39m[31m[1m^[22m[39m[31m[1m^[22m[39m[31m[1m^[22m[39
m[31m[1m^[22m[39m[31m[1m^[22m[39m[31m[1m^[22m[39m[31
m[1m^[22m[39m[31m[1m^[22m[39m[31m[1m^[22m[39m[31m[1m
^[22m[39m[31m[1m^[22m[39m[31m[1m^[22m[39m[31m[1m^[22
m[39m[31m[1m^[22m[39m[31m[1m^[22m[39m[31m[1m^[22m[39
m[31m[1m^[22m[39m[31m[1m^[22m[39m[31m[1m^[22m[39m[31
m[1m^[22m[39m[31m[1m^[22m[39m[31m[1m^[22m[39m[31m[1m
^[22m[39m[31m[1m^[22m[39m[31m[1m^[22m[39m[31m[1m^[22
m[39m[31m[1m^[22m[39m[31m[1m^[22m[39m[31m[1m^[22m[39
m[31m[1m^[22m[39m[31m[1m^[22m[39m[31m[1m^[22m[39m[31
m[1m^[22m[39m[31m[1m^[22m[39m[31m[1m^[22m[39m[31m[1m
^[22m[39m[31m[1m^[22m[39m[31m[1m^[22m[39m[31m[1m^[22
m[39m[31m[1m^[22m[39m[31m[1m^[22m[39m[31m[1m^[22m[39
m[31m[1m^[22m[39m[31m[1m^[22m[39m[31m[1m^[22m[39m[31
m[1m^[22m[39m[31m[1m^[22m[39m[31m[1m^[22m[39m[31m[1m
^[22m[39m[31m[1m^[22m[39m[31m[1m^[22m[39m[31m[1m^[22
m[39m
 [90m 3 |[39m [36mimport[39m [33mReact[39m[33m,[39m { 
useEffect[33m,[39m useState } [36mfrom[39m 
[32m"react"[39m[33m;[39m
 [90m 4 |[39m [36mimport[39m { [33mTabs[39m[33m,[39m 
[33mTabsContent[39m[33m,[39m [33mTabsList[39m[33m,[39m 
[33mTabsTrigger[39m } [36mfrom[39m 
[32m"@/components/ui/tabs"[39m[33m;[39m
 [90m 5 |[39m [36mimport[39m { [33mInput[39m } 
[36mfrom[39m [32m"@/components/ui/input"[39m[33m;[39m[0m



https://nextjs.org/docs/messages/module-not-found


./src/app/[locale]/estats/[slug]/page.tsx:4:1
Module not found: Can't resolve 
'@/components/shared/custom-breadcrumbs'
[0m [90m 2 |[39m [36mimport[39m { notFound } [36mfrom[39m 
[32m"next/navigation"[39m[33m;[39m
 [90m 3 |[39m [36mimport[39m { getLocale[33m,[39m 
getTranslations } [36mfrom[39m 
[32m"next-intl/server"[39m[33m;[39m
[31m[1m>[22m[39m[90m 4 |[39m [36mimport[39m 
[33mCustomBreadcrumbs[39m [36mfrom[39m 
[32m"@/components/shared/custom-breadcrumbs"[39m[33m;[39m
 [90m   |[39m [31m[1m^[22m[39m[31m[1m^[22m[39m[31m[1m
^[22m[39m[31m[1m^[22m[39m[31m[1m^[22m[39m[31m[1m^[22
m[39m[31m[1m^[22m[39m[31m[1m^[22m[39m[31m[1m^[22m[39
m[31m[1m^[22m[39m[31m[1m^[22m[39m[31m[1m^[22m[39m[31
m[1m^[22m[39m[31m[1m^[22m[39m[31m[1m^[22m[39m[31m[1m
^[22m[39m[31m[1m^[22m[39m[31m[1m^[22m[39m[31m[1m^[22
m[39m[31m[1m^[22m[39m[31m[1m^[22m[39m[31m[1m^[22m[39
m[31m[1m^[22m[39m[31m[1m^[22m[39m[31m[1m^[22m[39m[31
m[1m^[22m[39m[31m[1m^[22m[39m[31m[1m^[22m[39m[31m[1m
^[22m[39m[31m[1m^[22m[39m[31m[1m^[22m[39m[31m[1m^[22
m[39m[31m[1m^[22m[39m[31m[1m^[22m[39m[31m[1m^[22m[39
m[31m[1m^[22m[39m[31m[1m^[22m[39m[31m[1m^[22m[39m[31
m[1m^[22m[39m[31m[1m^[22m[39m[31m[1m^[22m[39m[31m[1m
^[22m[39m[31m[1m^[22m[39m[31m[1m^[22m[39m[31m[1m^[22
m[39m[31m[1m^[22m[39m[31m[1m^[22m[39m[31m[1m^[22m[39
m[31m[1m^[22m[39m[31m[1m^[22m[39m[31m[1m^[22m[39m[31
m[1m^[22m[39m[31m[1m^[22m[39m[31m[1m^[22m[39m[31m[1m
^[22m[39m[31m[1m^[22m[39m[31m[1m^[22m[39m[31m[1m^[22
m[39m[31m[1m^[22m[39m[31m[1m^[22m[39m[31m[1m^[22m[39
m[31m[1m^[22m[39m[31m[1m^[22m[39m[31m[1m^[22m[39m[31
m[1m^[22m[39m[31m[1m^[22m[39m[31m[1m^[22m[39m[31m[1m
^[22m[39m[31m[1m^[22m[39m[31m[1m^[22m[39m[31m[1m^[22
m[39m
 [90m 5 |[39m [36mimport[39m { 
[33mPiBathtub[39m[33m,[39m [33mPiPhoneCallLight[39m } 
[36mfrom[39m [32m"react-icons/pi"[39m[33m;[39m
 [90m 6 |[39m [36mimport[39m {
 [90m 7 |[39m   [33mMdOutlineBed[39m[33m,[39m[0m



https://nextjs.org/docs/messages/module-not-found


./src/app/[locale]/estats/[slug]/page.tsx:4:1
Module not found: Can't resolve 
'@/components/shared/custom-breadcrumbs'
[0m [90m 2 |[39m [36mimport[39m { notFound } [36mfrom[39m 
[32m"next/navigation"[39m[33m;[39m
 [90m 3 |[39m [36mimport[39m { getLocale[33m,[39m 
getTranslations } [36mfrom[39m 
[32m"next-intl/server"[39m[33m;[39m
[31m[1m>[22m[39m[90m 4 |[39m [36mimport[39m 
[33mCustomBreadcrumbs[39m [36mfrom[39m 
[32m"@/components/shared/custom-breadcrumbs"[39m[33m;[39m
 [90m   |[39m [31m[1m^[22m[39m[31m[1m^[22m[39m[31m[1m
^[22m[39m[31m[1m^[22m[39m[31m[1m^[22m[39m[31m[1m^[22
m[39m[31m[1m^[22m[39m[31m[1m^[22m[39m[31m[1m^[22m[39
m[31m[1m^[22m[39m[31m[1m^[22m[39m[31m[1m^[22m[39m[31
m[1m^[22m[39m[31m[1m^[22m[39m[31m[1m^[22m[39m[31m[1m
^[22m[39m[31m[1m^[22m[39m[31m[1m^[22m[39m[31m[1m^[22
m[39m[31m[1m^[22m[39m[31m[1m^[22m[39m[31m[1m^[22m[39
m[31m[1m^[22m[39m[31m[1m^[22m[39m[31m[1m^[22m[39m[31
m[1m^[22m[39m[31m[1m^[22m[39m[31m[1m^[22m[39m[31m[1m
^[22m[39m[31m[1m^[22m[39m[31m[1m^[22m[39m[31m[1m^[22
m[39m[31m[1m^[22m[39m[31m[1m^[22m[39m[31m[1m^[22m[39
m[31m[1m^[22m[39m[31m[1m^[22m[39m[31m[1m^[22m[39m[31
m[1m^[22m[39m[31m[1m^[22m[39m[31m[1m^[22m[39m[31m[1m
^[22m[39m[31m[1m^[22m[39m[31m[1m^[22m[39m[31m[1m^[22
m[39m[31m[1m^[22m[39m[31m[1m^[22m[39m[31m[1m^[22m[39
m[31m[1m^[22m[39m[31m[1m^[22m[39m[31m[1m^[22m[39m[31
m[1m^[22m[39m[31m[1m^[22m[39m[31m[1m^[22m[39m[31m[1m
^[22m[39m[31m[1m^[22m[39m[31m[1m^[22m[39m[31m[1m^[22
m[39m[31m[1m^[22m[39m[31m[1m^[22m[39m[31m[1m^[22m[39
m[31m[1m^[22m[39m[31m[1m^[22m[39m[31m[1m^[22m[39m[31
m[1m^[22m[39m[31m[1m^[22m[39m[31m[1m^[22m[39m[31m[1m
^[22m[39m[31m[1m^[22m[39m[31m[1m^[22m[39m[31m[1m^[22
m[39m
 [90m 5 |[39m [36mimport[39m { 
[33mPiBathtub[39m[33m,[39m [33mPiPhoneCallLight[39m } 
[36mfrom[39m [32m"react-icons/pi"[39m[33m;[39m
 [90m 6 |[39m [36mimport[39m {
 [90m 7 |[39m   [33mMdOutlineBed[39m[33m,[39m[0m



https://nextjs.org/docs/messages/module-not-found


./src/app/[locale]/estats/page.tsx:5:1
Module not found: Can't resolve 
'@/components/shared/custom-breadcrumbs'
[0m [90m 3 |[39m [36mimport[39m { 
useSearchParams[33m,[39m useRouter } [36mfrom[39m 
[32m"next/navigation"[39m[33m;[39m
 [90m 4 |[39m [36mimport[39m { useLocale } [36mfrom[39m 
[32m"next-intl"[39m[33m;[39m
[31m[1m>[22m[39m[90m 5 |[39m [36mimport[39m 
[33mCustomBreadcrumbs[39m [36mfrom[39m 
[32m"@/components/shared/custom-breadcrumbs"[39m[33m;[39m
 [90m   |[39m [31m[1m^[22m[39m[31m[1m^[22m[39m[31m[1m
^[22m[39m[31m[1m^[22m[39m[31m[1m^[22m[39m[31m[1m^[22
m[39m[31m[1m^[22m[39m[31m[1m^[22m[39m[31m[1m^[22m[39
m[31m[1m^[22m[39m[31m[1m^[22m[39m[31m[1m^[22m[39m[31
m[1m^[22m[39m[31m[1m^[22m[39m[31m[1m^[22m[39m[31m[1m
^[22m[39m[31m[1m^[22m[39m[31m[1m^[22m[39m[31m[1m^[22
m[39m[31m[1m^[22m[39m[31m[1m^[22m[39m[31m[1m^[22m[39
m[31m[1m^[22m[39m[31m[1m^[22m[39m[31m[1m^[22m[39m[31
m[1m^[22m[39m[31m[1m^[22m[39m[31m[1m^[22m[39m[31m[1m
^[22m[39m[31m[1m^[22m[39m[31m[1m^[22m[39m[31m[1m^[22
m[39m[31m[1m^[22m[39m[31m[1m^[22m[39m[31m[1m^[22m[39
m[31m[1m^[22m[39m[31m[1m^[22m[39m[31m[1m^[22m[39m[31
m[1m^[22m[39m[31m[1m^[22m[39m[31m[1m^[22m[39m[31m[1m
^[22m[39m[31m[1m^[22m[39m[31m[1m^[22m[39m[31m[1m^[22
m[39m[31m[1m^[22m[39m[31m[1m^[22m[39m[31m[1m^[22m[39
m[31m[1m^[22m[39m[31m[1m^[22m[39m[31m[1m^[22m[39m[31
m[1m^[22m[39m[31m[1m^[22m[39m[31m[1m^[22m[39m[31m[1m
^[22m[39m[31m[1m^[22m[39m[31m[1m^[22m[39m[31m[1m^[22
m[39m[31m[1m^[22m[39m[31m[1m^[22m[39m[31m[1m^[22m[39
m[31m[1m^[22m[39m[31m[1m^[22m[39m[31m[1m^[22m[39m[31
m[1m^[22m[39m[31m[1m^[22m[39m[31m[1m^[22m[39m[31m[1m
^[22m[39m[31m[1m^[22m[39m[31m[1m^[22m[39m[31m[1m^[22
m[39m
 [90m 6 |[39m [36mimport[39m [33mEstateFilterPanel[39m 
[36mfrom[39m 
[32m"@/components/estates/estates-filter"[39m[33m;[39m
 [90m 7 |[39m [36mimport[39m [33mEstatesGrid[39m 
[36mfrom[39m 
[32m"@/components/estates/estates-grid"[39m[33m;[39m
 [90m 8 |[39m [36mimport[39m { motion } [36mfrom[39m 
[32m"motion/react"[39m[33m;[39m[0m



https://nextjs.org/docs/messages/module-not-found


./src/app/[locale]/estats/page.tsx:5:1
Module not found: Can't resolve 
'@/components/shared/custom-breadcrumbs'
[0m [90m 3 |[39m [36mimport[39m { 
useSearchParams[33m,[39m useRouter } [36mfrom[39m 
[32m"next/navigation"[39m[33m;[39m
 [90m 4 |[39m [36mimport[39m { useLocale } [36mfrom[39m 
[32m"next-intl"[39m[33m;[39m
[31m[1m>[22m[39m[90m 5 |[39m [36mimport[39m 
[33mCustomBreadcrumbs[39m [36mfrom[39m 
[32m"@/components/shared/custom-breadcrumbs"[39m[33m;[39m
 [90m   |[39m [31m[1m^[22m[39m[31m[1m^[22m[39m[31m[1m
^[22m[39m[31m[1m^[22m[39m[31m[1m^[22m[39m[31m[1m^[22
m[39m[31m[1m^[22m[39m[31m[1m^[22m[39m[31m[1m^[22m[39
m[31m[1m^[22m[39m[31m[1m^[22m[39m[31m[1m^[22m[39m[31
m[1m^[22m[39m[31m[1m^[22m[39m[31m[1m^[22m[39m[31m[1m
^[22m[39m[31m[1m^[22m[39m[31m[1m^[22m[39m[31m[1m^[22
m[39m[31m[1m^[22m[39m[31m[1m^[22m[39m[31m[1m^[22m[39
m[31m[1m^[22m[39m[31m[1m^[22m[39m[31m[1m^[22m[39m[31
m[1m^[22m[39m[31m[1m^[22m[39m[31m[1m^[22m[39m[31m[1m
^[22m[39m[31m[1m^[22m[39m[31m[1m^[22m[39m[31m[1m^[22
m[39m[31m[1m^[22m[39m[31m[1m^[22m[39m[31m[1m^[22m[39
m[31m[1m^[22m[39m[31m[1m^[22m[39m[31m[1m^[22m[39m[31
m[1m^[22m[39m[31m[1m^[22m[39m[31m[1m^[22m[39m[31m[1m
^[22m[39m[31m[1m^[22m[39m[31m[1m^[22m[39m[31m[1m^[22
m[39m[31m[1m^[22m[39m[31m[1m^[22m[39m[31m[1m^[22m[39
m[31m[1m^[22m[39m[31m[1m^[22m[39m[31m[1m^[22m[39m[31
m[1m^[22m[39m[31m[1m^[22m[39m[31m[1m^[22m[39m[31m[1m
^[22m[39m[31m[1m^[22m[39m[31m[1m^[22m[39m[31m[1m^[22
m[39m[31m[1m^[22m[39m[31m[1m^[22m[39m[31m[1m^[22m[39
m[31m[1m^[22m[39m[31m[1m^[22m[39m[31m[1m^[22m[39m[31
m[1m^[22m[39m[31m[1m^[22m[39m[31m[1m^[22m[39m[31m[1m
^[22m[39m[31m[1m^[22m[39m[31m[1m^[22m[39m[31m[1m^[22
m[39m
 [90m 6 |[39m [36mimport[39m [33mEstateFilterPanel[39m 
[36mfrom[39m 
[32m"@/components/estates/estates-filter"[39m[33m;[39m
 [90m 7 |[39m [36mimport[39m [33mEstatesGrid[39m 
[36mfrom[39m 
[32m"@/components/estates/estates-grid"[39m[33m;[39m
 [90m 8 |[39m [36mimport[39m { motion } [36mfrom[39m 
[32m"motion/react"[39m[33m;[39m[0m



https://nextjs.org/docs/messages/module-not-found


./src/app/[locale]/estats/page.tsx:5:1
Module not found: Can't resolve 
'@/components/shared/custom-breadcrumbs'
[0m [90m 3 |[39m [36mimport[39m { 
useSearchParams[33m,[39m useRouter } [36mfrom[39m 
[32m"next/navigation"[39m[33m;[39m
 [90m 4 |[39m [36mimport[39m { useLocale } [36mfrom[39m 
[32m"next-intl"[39m[33m;[39m
[31m[1m>[22m[39m[90m 5 |[39m [36mimport[39m 
[33mCustomBreadcrumbs[39m [36mfrom[39m 
[32m"@/components/shared/custom-breadcrumbs"[39m[33m;[39m
 [90m   |[39m [31m[1m^[22m[39m[31m[1m^[22m[39m[31m[1m
^[22m[39m[31m[1m^[22m[39m[31m[1m^[22m[39m[31m[1m^[22
m[39m[31m[1m^[22m[39m[31m[1m^[22m[39m[31m[1m^[22m[39
m[31m[1m^[22m[39m[31m[1m^[22m[39m[31m[1m^[22m[39m[31
m[1m^[22m[39m[31m[1m^[22m[39m[31m[1m^[22m[39m[31m[1m
^[22m[39m[31m[1m^[22m[39m[31m[1m^[22m[39m[31m[1m^[22
m[39m[31m[1m^[22m[39m[31m[1m^[22m[39m[31m[1m^[22m[39
m[31m[1m^[22m[39m[31m[1m^[22m[39m[31m[1m^[22m[39m[31
m[1m^[22m[39m[31m[1m^[22m[39m[31m[1m^[22m[39m[31m[1m
^[22m[39m[31m[1m^[22m[39m[31m[1m^[22m[39m[31m[1m^[22
m[39m[31m[1m^[22m[39m[31m[1m^[22m[39m[31m[1m^[22m[39
m[31m[1m^[22m[39m[31m[1m^[22m[39m[31m[1m^[22m[39m[31
m[1m^[22m[39m[31m[1m^[22m[39m[31m[1m^[22m[39m[31m[1m
^[22m[39m[31m[1m^[22m[39m[31m[1m^[22m[39m[31m[1m^[22
m[39m[31m[1m^[22m[39m[31m[1m^[22m[39m[31m[1m^[22m[39
m[31m[1m^[22m[39m[31m[1m^[22m[39m[31m[1m^[22m[39m[31
m[1m^[22m[39m[31m[1m^[22m[39m[31m[1m^[22m[39m[31m[1m
^[22m[39m[31m[1m^[22m[39m[31m[1m^[22m[39m[31m[1m^[22
m[39m[31m[1m^[22m[39m[31m[1m^[22m[39m[31m[1m^[22m[39
m[31m[1m^[22m[39m[31m[1m^[22m[39m[31m[1m^[22m[39m[31
m[1m^[22m[39m[31m[1m^[22m[39m[31m[1m^[22m[39m[31m[1m
^[22m[39m[31m[1m^[22m[39m[31m[1m^[22m[39m[31m[1m^[22
m[39m
 [90m 6 |[39m [36mimport[39m [33mEstateFilterPanel[39m 
[36mfrom[39m 
[32m"@/components/estates/estates-filter"[39m[33m;[39m
 [90m 7 |[39m [36mimport[39m [33mEstatesGrid[39m 
[36mfrom[39m 
[32m"@/components/estates/estates-grid"[39m[33m;[39m
 [90m 8 |[39m [36mimport[39m { motion } [36mfrom[39m 
[32m"motion/react"[39m[33m;[39m[0m



https://nextjs.org/docs/messages/module-not-found


./src/app/[locale]/estats/page.tsx:5:1
Module not found: Can't resolve 
'@/components/shared/custom-breadcrumbs'
[0m [90m 3 |[39m [36mimport[39m { 
useSearchParams[33m,[39m useRouter } [36mfrom[39m 
[32m"next/navigation"[39m[33m;[39m
 [90m 4 |[39m [36mimport[39m { useLocale } [36mfrom[39m 
[32m"next-intl"[39m[33m;[39m
[31m[1m>[22m[39m[90m 5 |[39m [36mimport[39m 
[33mCustomBreadcrumbs[39m [36mfrom[39m 
[32m"@/components/shared/custom-breadcrumbs"[39m[33m;[39m
 [90m   |[39m [31m[1m^[22m[39m[31m[1m^[22m[39m[31m[1m
^[22m[39m[31m[1m^[22m[39m[31m[1m^[22m[39m[31m[1m^[22
m[39m[31m[1m^[22m[39m[31m[1m^[22m[39m[31m[1m^[22m[39
m[31m[1m^[22m[39m[31m[1m^[22m[39m[31m[1m^[22m[39m[31
m[1m^[22m[39m[31m[1m^[22m[39m[31m[1m^[22m[39m[31m[1m
^[22m[39m[31m[1m^[22m[39m[31m[1m^[22m[39m[31m[1m^[22
m[39m[31m[1m^[22m[39m[31m[1m^[22m[39m[31m[1m^[22m[39
m[31m[1m^[22m[39m[31m[1m^[22m[39m[31m[1m^[22m[39m[31
m[1m^[22m[39m[31m[1m^[22m[39m[31m[1m^[22m[39m[31m[1m
^[22m[39m[31m[1m^[22m[39m[31m[1m^[22m[39m[31m[1m^[22
m[39m[31m[1m^[22m[39m[31m[1m^[22m[39m[31m[1m^[22m[39
m[31m[1m^[22m[39m[31m[1m^[22m[39m[31m[1m^[22m[39m[31
m[1m^[22m[39m[31m[1m^[22m[39m[31m[1m^[22m[39m[31m[1m
^[22m[39m[31m[1m^[22m[39m[31m[1m^[22m[39m[31m[1m^[22
m[39m[31m[1m^[22m[39m[31m[1m^[22m[39m[31m[1m^[22m[39
m[31m[1m^[22m[39m[31m[1m^[22m[39m[31m[1m^[22m[39m[31
m[1m^[22m[39m[31m[1m^[22m[39m[31m[1m^[22m[39m[31m[1m
^[22m[39m[31m[1m^[22m[39m[31m[1m^[22m[39m[31m[1m^[22
m[39m[31m[1m^[22m[39m[31m[1m^[22m[39m[31m[1m^[22m[39
m[31m[1m^[22m[39m[31m[1m^[22m[39m[31m[1m^[22m[39m[31
m[1m^[22m[39m[31m[1m^[22m[39m[31m[1m^[22m[39m[31m[1m
^[22m[39m[31m[1m^[22m[39m[31m[1m^[22m[39m[31m[1m^[22
m[39m
 [90m 6 |[39m [36mimport[39m [33mEstateFilterPanel[39m 
[36mfrom[39m 
[32m"@/components/estates/estates-filter"[39m[33m;[39m
 [90m 7 |[39m [36mimport[39m [33mEstatesGrid[39m 
[36mfrom[39m 
[32m"@/components/estates/estates-grid"[39m[33m;[39m
 [90m 8 |[39m [36mimport[39m { motion } [36mfrom[39m 
[32m"motion/react"[39m[33m;[39m[0m



https://nextjs.org/docs/messages/module-not-found


./src/app/[locale]/notifications/page.tsx:1:1
Module not found: Can't resolve 
'@/components/shared/custom-breadcrumbs'
[0m[31m[1m>[22m[39m[90m 1 |[39m [36mimport[39m 
[33mCustomBreadcrumbs[39m [36mfrom[39m 
[32m'@/components/shared/custom-breadcrumbs'[39m
 [90m   |[39m [31m[1m^[22m[39m[31m[1m^[22m[39m[31m[1m
^[22m[39m[31m[1m^[22m[39m[31m[1m^[22m[39m[31m[1m^[22
m[39m[31m[1m^[22m[39m[31m[1m^[22m[39m[31m[1m^[22m[39
m[31m[1m^[22m[39m[31m[1m^[22m[39m[31m[1m^[22m[39m[31
m[1m^[22m[39m[31m[1m^[22m[39m[31m[1m^[22m[39m[31m[1m
^[22m[39m[31m[1m^[22m[39m[31m[1m^[22m[39m[31m[1m^[22
m[39m[31m[1m^[22m[39m[31m[1m^[22m[39m[31m[1m^[22m[39
m[31m[1m^[22m[39m[31m[1m^[22m[39m[31m[1m^[22m[39m[31
m[1m^[22m[39m[31m[1m^[22m[39m[31m[1m^[22m[39m[31m[1m
^[22m[39m[31m[1m^[22m[39m[31m[1m^[22m[39m[31m[1m^[22
m[39m[31m[1m^[22m[39m[31m[1m^[22m[39m[31m[1m^[22m[39
m[31m[1m^[22m[39m[31m[1m^[22m[39m[31m[1m^[22m[39m[31
m[1m^[22m[39m[31m[1m^[22m[39m[31m[1m^[22m[39m[31m[1m
^[22m[39m[31m[1m^[22m[39m[31m[1m^[22m[39m[31m[1m^[22
m[39m[31m[1m^[22m[39m[31m[1m^[22m[39m[31m[1m^[22m[39
m[31m[1m^[22m[39m[31m[1m^[22m[39m[31m[1m^[22m[39m[31
m[1m^[22m[39m[31m[1m^[22m[39m[31m[1m^[22m[39m[31m[1m
^[22m[39m[31m[1m^[22m[39m[31m[1m^[22m[39m[31m[1m^[22
m[39m[31m[1m^[22m[39m[31m[1m^[22m[39m[31m[1m^[22m[39
m[31m[1m^[22m[39m[31m[1m^[22m[39m[31m[1m^[22m[39m[31
m[1m^[22m[39m[31m[1m^[22m[39m[31m[1m^[22m[39m[31m[1m
^[22m[39m[31m[1m^[22m[39m[31m[1m^[22m[39m
 [90m 2 |[39m [36mimport[39m { useLocale } [36mfrom[39m 
[32m'next-intl'[39m
 [90m 3 |[39m [36mimport[39m [33mImage[39m [36mfrom[39m 
[32m'next/image'[39m
 [90m 4 |[39m [36mimport[39m [33mReact[39m [36mfrom[39m 
[32m'react'[39m[0m



https://nextjs.org/docs/messages/module-not-found


./src/app/[locale]/notifications/page.tsx:1:1
Module not found: Can't resolve 
'@/components/shared/custom-breadcrumbs'
[0m[31m[1m>[22m[39m[90m 1 |[39m [36mimport[39m 
[33mCustomBreadcrumbs[39m [36mfrom[39m 
[32m'@/components/shared/custom-breadcrumbs'[39m
 [90m   |[39m [31m[1m^[22m[39m[31m[1m^[22m[39m[31m[1m
^[22m[39m[31m[1m^[22m[39m[31m[1m^[22m[39m[31m[1m^[22
m[39m[31m[1m^[22m[39m[31m[1m^[22m[39m[31m[1m^[22m[39
m[31m[1m^[22m[39m[31m[1m^[22m[39m[31m[1m^[22m[39m[31
m[1m^[22m[39m[31m[1m^[22m[39m[31m[1m^[22m[39m[31m[1m
^[22m[39m[31m[1m^[22m[39m[31m[1m^[22m[39m[31m[1m^[22
m[39m[31m[1m^[22m[39m[31m[1m^[22m[39m[31m[1m^[22m[39
m[31m[1m^[22m[39m[31m[1m^[22m[39m[31m[1m^[22m[39m[31
m[1m^[22m[39m[31m[1m^[22m[39m[31m[1m^[22m[39m[31m[1m
^[22m[39m[31m[1m^[22m[39m[31m[1m^[22m[39m[31m[1m^[22
m[39m[31m[1m^[22m[39m[31m[1m^[22m[39m[31m[1m^[22m[39
m[31m[1m^[22m[39m[31m[1m^[22m[39m[31m[1m^[22m[39m[31
m[1m^[22m[39m[31m[1m^[22m[39m[31m[1m^[22m[39m[31m[1m
^[22m[39m[31m[1m^[22m[39m[31m[1m^[22m[39m[31m[1m^[22
m[39m[31m[1m^[22m[39m[31m[1m^[22m[39m[31m[1m^[22m[39
m[31m[1m^[22m[39m[31m[1m^[22m[39m[31m[1m^[22m[39m[31
m[1m^[22m[39m[31m[1m^[22m[39m[31m[1m^[22m[39m[31m[1m
^[22m[39m[31m[1m^[22m[39m[31m[1m^[22m[39m[31m[1m^[22
m[39m[31m[1m^[22m[39m[31m[1m^[22m[39m[31m[1m^[22m[39
m[31m[1m^[22m[39m[31m[1m^[22m[39m[31m[1m^[22m[39m[31
m[1m^[22m[39m[31m[1m^[22m[39m[31m[1m^[22m[39m[31m[1m
^[22m[39m[31m[1m^[22m[39m[31m[1m^[22m[39m
 [90m 2 |[39m [36mimport[39m { useLocale } [36mfrom[39m 
[32m'next-intl'[39m
 [90m 3 |[39m [36mimport[39m [33mImage[39m [36mfrom[39m 
[32m'next/image'[39m
 [90m 4 |[39m [36mimport[39m [33mReact[39m [36mfrom[39m 
[32m'react'[39m[0m



https://nextjs.org/docs/messages/module-not-found


./src/app/[locale]/offers/page.tsx:1:1
Module not found: Can't resolve 
'@/components/shared/custom-breadcrumbs'
[0m[31m[1m>[22m[39m[90m 1 |[39m [36mimport[39m 
[33mCustomBreadcrumbs[39m [36mfrom[39m 
[32m"@/components/shared/custom-breadcrumbs"[39m[33m;[39m
 [90m   |[39m [31m[1m^[22m[39m[31m[1m^[22m[39m[31m[1m
^[22m[39m[31m[1m^[22m[39m[31m[1m^[22m[39m[31m[1m^[22
m[39m[31m[1m^[22m[39m[31m[1m^[22m[39m[31m[1m^[22m[39
m[31m[1m^[22m[39m[31m[1m^[22m[39m[31m[1m^[22m[39m[31
m[1m^[22m[39m[31m[1m^[22m[39m[31m[1m^[22m[39m[31m[1m
^[22m[39m[31m[1m^[22m[39m[31m[1m^[22m[39m[31m[1m^[22
m[39m[31m[1m^[22m[39m[31m[1m^[22m[39m[31m[1m^[22m[39
m[31m[1m^[22m[39m[31m[1m^[22m[39m[31m[1m^[22m[39m[31
m[1m^[22m[39m[31m[1m^[22m[39m[31m[1m^[22m[39m[31m[1m
^[22m[39m[31m[1m^[22m[39m[31m[1m^[22m[39m[31m[1m^[22
m[39m[31m[1m^[22m[39m[31m[1m^[22m[39m[31m[1m^[22m[39
m[31m[1m^[22m[39m[31m[1m^[22m[39m[31m[1m^[22m[39m[31
m[1m^[22m[39m[31m[1m^[22m[39m[31m[1m^[22m[39m[31m[1m
^[22m[39m[31m[1m^[22m[39m[31m[1m^[22m[39m[31m[1m^[22
m[39m[31m[1m^[22m[39m[31m[1m^[22m[39m[31m[1m^[22m[39
m[31m[1m^[22m[39m[31m[1m^[22m[39m[31m[1m^[22m[39m[31
m[1m^[22m[39m[31m[1m^[22m[39m[31m[1m^[22m[39m[31m[1m
^[22m[39m[31m[1m^[22m[39m[31m[1m^[22m[39m[31m[1m^[22
m[39m[31m[1m^[22m[39m[31m[1m^[22m[39m[31m[1m^[22m[39
m[31m[1m^[22m[39m[31m[1m^[22m[39m[31m[1m^[22m[39m[31
m[1m^[22m[39m[31m[1m^[22m[39m[31m[1m^[22m[39m[31m[1m
^[22m[39m[31m[1m^[22m[39m[31m[1m^[22m[39m[31m[1m^[22
m[39m
 [90m 2 |[39m [36mimport[39m [33mOfferCard[39m 
[36mfrom[39m 
[32m"@/components/shared/offer-card"[39m[33m;[39m
 [90m 3 |[39m [36mimport[39m { getData } [36mfrom[39m 
[32m"@/lib/fetch-methods"[39m[33m;[39m
 [90m 4 |[39m [36mimport[39m [33mReact[39m [36mfrom[39m 
[32m"react"[39m[33m;[39m[0m



https://nextjs.org/docs/messages/module-not-found


./src/app/[locale]/offers/page.tsx:1:1
Module not found: Can't resolve 
'@/components/shared/custom-breadcrumbs'
[0m[31m[1m>[22m[39m[90m 1 |[39m [36mimport[39m 
[33mCustomBreadcrumbs[39m [36mfrom[39m 
[32m"@/components/shared/custom-breadcrumbs"[39m[33m;[39m
 [90m   |[39m [31m[1m^[22m[39m[31m[1m^[22m[39m[31m[1m
^[22m[39m[31m[1m^[22m[39m[31m[1m^[22m[39m[31m[1m^[22
m[39m[31m[1m^[22m[39m[31m[1m^[22m[39m[31m[1m^[22m[39
m[31m[1m^[22m[39m[31m[1m^[22m[39m[31m[1m^[22m[39m[31
m[1m^[22m[39m[31m[1m^[22m[39m[31m[1m^[22m[39m[31m[1m
^[22m[39m[31m[1m^[22m[39m[31m[1m^[22m[39m[31m[1m^[22
m[39m[31m[1m^[22m[39m[31m[1m^[22m[39m[31m[1m^[22m[39
m[31m[1m^[22m[39m[31m[1m^[22m[39m[31m[1m^[22m[39m[31
m[1m^[22m[39m[31m[1m^[22m[39m[31m[1m^[22m[39m[31m[1m
^[22m[39m[31m[1m^[22m[39m[31m[1m^[22m[39m[31m[1m^[22
m[39m[31m[1m^[22m[39m[31m[1m^[22m[39m[31m[1m^[22m[39
m[31m[1m^[22m[39m[31m[1m^[22m[39m[31m[1m^[22m[39m[31
m[1m^[22m[39m[31m[1m^[22m[39m[31m[1m^[22m[39m[31m[1m
^[22m[39m[31m[1m^[22m[39m[31m[1m^[22m[39m[31m[1m^[22
m[39m[31m[1m^[22m[39m[31m[1m^[22m[39m[31m[1m^[22m[39
m[31m[1m^[22m[39m[31m[1m^[22m[39m[31m[1m^[22m[39m[31
m[1m^[22m[39m[31m[1m^[22m[39m[31m[1m^[22m[39m[31m[1m
^[22m[39m[31m[1m^[22m[39m[31m[1m^[22m[39m[31m[1m^[22
m[39m[31m[1m^[22m[39m[31m[1m^[22m[39m[31m[1m^[22m[39
m[31m[1m^[22m[39m[31m[1m^[22m[39m[31m[1m^[22m[39m[31
m[1m^[22m[39m[31m[1m^[22m[39m[31m[1m^[22m[39m[31m[1m
^[22m[39m[31m[1m^[22m[39m[31m[1m^[22m[39m[31m[1m^[22
m[39m
 [90m 2 |[39m [36mimport[39m [33mOfferCard[39m 
[36mfrom[39m 
[32m"@/components/shared/offer-card"[39m[33m;[39m
 [90m 3 |[39m [36mimport[39m { getData } [36mfrom[39m 
[32m"@/lib/fetch-methods"[39m[33m;[39m
 [90m 4 |[39m [36mimport[39m [33mReact[39m [36mfrom[39m 
[32m"react"[39m[33m;[39m[0m



https://nextjs.org/docs/messages/module-not-found


./src/app/[locale]/packages/page.tsx:1:1
Module not found: Can't resolve 
'@/components/shared/custom-breadcrumbs'
[0m[31m[1m>[22m[39m[90m 1 |[39m [36mimport[39m 
[33mCustomBreadcrumbs[39m [36mfrom[39m 
[32m"@/components/shared/custom-breadcrumbs"[39m[33m;[39m
 [90m   |[39m [31m[1m^[22m[39m[31m[1m^[22m[39m[31m[1m
^[22m[39m[31m[1m^[22m[39m[31m[1m^[22m[39m[31m[1m^[22
m[39m[31m[1m^[22m[39m[31m[1m^[22m[39m[31m[1m^[22m[39
m[31m[1m^[22m[39m[31m[1m^[22m[39m[31m[1m^[22m[39m[31
m[1m^[22m[39m[31m[1m^[22m[39m[31m[1m^[22m[39m[31m[1m
^[22m[39m[31m[1m^[22m[39m[31m[1m^[22m[39m[31m[1m^[22
m[39m[31m[1m^[22m[39m[31m[1m^[22m[39m[31m[1m^[22m[39
m[31m[1m^[22m[39m[31m[1m^[22m[39m[31m[1m^[22m[39m[31
m[1m^[22m[39m[31m[1m^[22m[39m[31m[1m^[22m[39m[31m[1m
^[22m[39m[31m[1m^[22m[39m[31m[1m^[22m[39m[31m[1m^[22
m[39m[31m[1m^[22m[39m[31m[1m^[22m[39m[31m[1m^[22m[39
m[31m[1m^[22m[39m[31m[1m^[22m[39m[31m[1m^[22m[39m[31
m[1m^[22m[39m[31m[1m^[22m[39m[31m[1m^[22m[39m[31m[1m
^[22m[39m[31m[1m^[22m[39m[31m[1m^[22m[39m[31m[1m^[22
m[39m[31m[1m^[22m[39m[31m[1m^[22m[39m[31m[1m^[22m[39
m[31m[1m^[22m[39m[31m[1m^[22m[39m[31m[1m^[22m[39m[31
m[1m^[22m[39m[31m[1m^[22m[39m[31m[1m^[22m[39m[31m[1m
^[22m[39m[31m[1m^[22m[39m[31m[1m^[22m[39m[31m[1m^[22
m[39m[31m[1m^[22m[39m[31m[1m^[22m[39m[31m[1m^[22m[39
m[31m[1m^[22m[39m[31m[1m^[22m[39m[31m[1m^[22m[39m[31
m[1m^[22m[39m[31m[1m^[22m[39m[31m[1m^[22m[39m[31m[1m
^[22m[39m[31m[1m^[22m[39m[31m[1m^[22m[39m[31m[1m^[22
m[39m
 [90m 2 |[39m [36mimport[39m [33mPlanCard[39m 
[36mfrom[39m 
[32m"@/components/shared/plan-card"[39m[33m;[39m
 [90m 3 |[39m [36mimport[39m [33mReact[39m [36mfrom[39m 
[32m"react"[39m[33m;[39m
 [90m 4 |[39m [36mimport[39m { getTranslations } 
[36mfrom[39m [32m"next-intl/server"[39m[33m;[39m[0m



https://nextjs.org/docs/messages/module-not-found


./src/app/[locale]/packages/page.tsx:1:1
Module not found: Can't resolve 
'@/components/shared/custom-breadcrumbs'
[0m[31m[1m>[22m[39m[90m 1 |[39m [36mimport[39m 
[33mCustomBreadcrumbs[39m [36mfrom[39m 
[32m"@/components/shared/custom-breadcrumbs"[39m[33m;[39m
 [90m   |[39m [31m[1m^[22m[39m[31m[1m^[22m[39m[31m[1m
^[22m[39m[31m[1m^[22m[39m[31m[1m^[22m[39m[31m[1m^[22
m[39m[31m[1m^[22m[39m[31m[1m^[22m[39m[31m[1m^[22m[39
m[31m[1m^[22m[39m[31m[1m^[22m[39m[31m[1m^[22m[39m[31
m[1m^[22m[39m[31m[1m^[22m[39m[31m[1m^[22m[39m[31m[1m
^[22m[39m[31m[1m^[22m[39m[31m[1m^[22m[39m[31m[1m^[22
m[39m[31m[1m^[22m[39m[31m[1m^[22m[39m[31m[1m^[22m[39
m[31m[1m^[22m[39m[31m[1m^[22m[39m[31m[1m^[22m[39m[31
m[1m^[22m[39m[31m[1m^[22m[39m[31m[1m^[22m[39m[31m[1m
^[22m[39m[31m[1m^[22m[39m[31m[1m^[22m[39m[31m[1m^[22
m[39m[31m[1m^[22m[39m[31m[1m^[22m[39m[31m[1m^[22m[39
m[31m[1m^[22m[39m[31m[1m^[22m[39m[31m[1m^[22m[39m[31
m[1m^[22m[39m[31m[1m^[22m[39m[31m[1m^[22m[39m[31m[1m
^[22m[39m[31m[1m^[22m[39m[31m[1m^[22m[39m[31m[1m^[22
m[39m[31m[1m^[22m[39m[31m[1m^[22m[39m[31m[1m^[22m[39
m[31m[1m^[22m[39m[31m[1m^[22m[39m[31m[1m^[22m[39m[31
m[1m^[22m[39m[31m[1m^[22m[39m[31m[1m^[22m[39m[31m[1m
^[22m[39m[31m[1m^[22m[39m[31m[1m^[22m[39m[31m[1m^[22
m[39m[31m[1m^[22m[39m[31m[1m^[22m[39m[31m[1m^[22m[39
m[31m[1m^[22m[39m[31m[1m^[22m[39m[31m[1m^[22m[39m[31
m[1m^[22m[39m[31m[1m^[22m[39m[31m[1m^[22m[39m[31m[1m
^[22m[39m[31m[1m^[22m[39m[31m[1m^[22m[39m[31m[1m^[22
m[39m
 [90m 2 |[39m [36mimport[39m [33mPlanCard[39m 
[36mfrom[39m 
[32m"@/components/shared/plan-card"[39m[33m;[39m
 [90m 3 |[39m [36mimport[39m [33mReact[39m [36mfrom[39m 
[32m"react"[39m[33m;[39m
 [90m 4 |[39m [36mimport[39m { getTranslations } 
[36mfrom[39m [32m"next-intl/server"[39m[33m;[39m[0m



https://nextjs.org/docs/messages/module-not-found


./src/app/[locale]/partners/[id]/page.tsx:2:1
Module not found: Can't resolve 
'@/components/shared/custom-breadcrumbs'
[0m [90m 1 |[39m [36mimport[39m [33mEstateCard[39m 
[36mfrom[39m 
[32m"@/components/estates/estate-card"[39m[33m;[39m
[31m[1m>[22m[39m[90m 2 |[39m [36mimport[39m 
[33mCustomBreadcrumbs[39m [36mfrom[39m 
[32m"@/components/shared/custom-breadcrumbs"[39m[33m;[39m
 [90m   |[39m [31m[1m^[22m[39m[31m[1m^[22m[39m[31m[1m
^[22m[39m[31m[1m^[22m[39m[31m[1m^[22m[39m[31m[1m^[22
m[39m[31m[1m^[22m[39m[31m[1m^[22m[39m[31m[1m^[22m[39
m[31m[1m^[22m[39m[31m[1m^[22m[39m[31m[1m^[22m[39m[31
m[1m^[22m[39m[31m[1m^[22m[39m[31m[1m^[22m[39m[31m[1m
^[22m[39m[31m[1m^[22m[39m[31m[1m^[22m[39m[31m[1m^[22
m[39m[31m[1m^[22m[39m[31m[1m^[22m[39m[31m[1m^[22m[39
m[31m[1m^[22m[39m[31m[1m^[22m[39m[31m[1m^[22m[39m[31
m[1m^[22m[39m[31m[1m^[22m[39m[31m[1m^[22m[39m[31m[1m
^[22m[39m[31m[1m^[22m[39m[31m[1m^[22m[39m[31m[1m^[22
m[39m[31m[1m^[22m[39m[31m[1m^[22m[39m[31m[1m^[22m[39
m[31m[1m^[22m[39m[31m[1m^[22m[39m[31m[1m^[22m[39m[31
m[1m^[22m[39m[31m[1m^[22m[39m[31m[1m^[22m[39m[31m[1m
^[22m[39m[31m[1m^[22m[39m[31m[1m^[22m[39m[31m[1m^[22
m[39m[31m[1m^[22m[39m[31m[1m^[22m[39m[31m[1m^[22m[39
m[31m[1m^[22m[39m[31m[1m^[22m[39m[31m[1m^[22m[39m[31
m[1m^[22m[39m[31m[1m^[22m[39m[31m[1m^[22m[39m[31m[1m
^[22m[39m[31m[1m^[22m[39m[31m[1m^[22m[39m[31m[1m^[22
m[39m[31m[1m^[22m[39m[31m[1m^[22m[39m[31m[1m^[22m[39
m[31m[1m^[22m[39m[31m[1m^[22m[39m[31m[1m^[22m[39m[31
m[1m^[22m[39m[31m[1m^[22m[39m[31m[1m^[22m[39m[31m[1m
^[22m[39m[31m[1m^[22m[39m[31m[1m^[22m[39m[31m[1m^[22
m[39m
 [90m 3 |[39m [36mimport[39m [33mSectionHeader[39m 
[36mfrom[39m 
[32m"@/components/shared/section-header"[39m[33m;[39m
 [90m 4 |[39m [36mimport[39m [33mImage[39m [36mfrom[39m 
[32m"next/image"[39m[33m;[39m
 [90m 5 |[39m [36mimport[39m [33mReact[39m [36mfrom[39m 
[32m"react"[39m[33m;[39m[0m



https://nextjs.org/docs/messages/module-not-found


./src/app/[locale]/partners/[id]/page.tsx:2:1
Module not found: Can't resolve 
'@/components/shared/custom-breadcrumbs'
[0m [90m 1 |[39m [36mimport[39m [33mEstateCard[39m 
[36mfrom[39m 
[32m"@/components/estates/estate-card"[39m[33m;[39m
[31m[1m>[22m[39m[90m 2 |[39m [36mimport[39m 
[33mCustomBreadcrumbs[39m [36mfrom[39m 
[32m"@/components/shared/custom-breadcrumbs"[39m[33m;[39m
 [90m   |[39m [31m[1m^[22m[39m[31m[1m^[22m[39m[31m[1m
^[22m[39m[31m[1m^[22m[39m[31m[1m^[22m[39m[31m[1m^[22
m[39m[31m[1m^[22m[39m[31m[1m^[22m[39m[31m[1m^[22m[39
m[31m[1m^[22m[39m[31m[1m^[22m[39m[31m[1m^[22m[39m[31
m[1m^[22m[39m[31m[1m^[22m[39m[31m[1m^[22m[39m[31m[1m
^[22m[39m[31m[1m^[22m[39m[31m[1m^[22m[39m[31m[1m^[22
m[39m[31m[1m^[22m[39m[31m[1m^[22m[39m[31m[1m^[22m[39
m[31m[1m^[22m[39m[31m[1m^[22m[39m[31m[1m^[22m[39m[31
m[1m^[22m[39m[31m[1m^[22m[39m[31m[1m^[22m[39m[31m[1m
^[22m[39m[31m[1m^[22m[39m[31m[1m^[22m[39m[31m[1m^[22
m[39m[31m[1m^[22m[39m[31m[1m^[22m[39m[31m[1m^[22m[39
m[31m[1m^[22m[39m[31m[1m^[22m[39m[31m[1m^[22m[39m[31
m[1m^[22m[39m[31m[1m^[22m[39m[31m[1m^[22m[39m[31m[1m
^[22m[39m[31m[1m^[22m[39m[31m[1m^[22m[39m[31m[1m^[22
m[39m[31m[1m^[22m[39m[31m[1m^[22m[39m[31m[1m^[22m[39
m[31m[1m^[22m[39m[31m[1m^[22m[39m[31m[1m^[22m[39m[31
m[1m^[22m[39m[31m[1m^[22m[39m[31m[1m^[22m[39m[31m[1m
^[22m[39m[31m[1m^[22m[39m[31m[1m^[22m[39m[31m[1m^[22
m[39m[31m[1m^[22m[39m[31m[1m^[22m[39m[31m[1m^[22m[39
m[31m[1m^[22m[39m[31m[1m^[22m[39m[31m[1m^[22m[39m[31
m[1m^[22m[39m[31m[1m^[22m[39m[31m[1m^[22m[39m[31m[1m
^[22m[39m[31m[1m^[22m[39m[31m[1m^[22m[39m[31m[1m^[22
m[39m
 [90m 3 |[39m [36mimport[39m [33mSectionHeader[39m 
[36mfrom[39m 
[32m"@/components/shared/section-header"[39m[33m;[39m
 [90m 4 |[39m [36mimport[39m [33mImage[39m [36mfrom[39m 
[32m"next/image"[39m[33m;[39m
 [90m 5 |[39m [36mimport[39m [33mReact[39m [36mfrom[39m 
[32m"react"[39m[33m;[39m[0m



https://nextjs.org/docs/messages/module-not-found


./src/app/[locale]/partners/page.tsx:1:1
Module not found: Can't resolve 
'@/components/shared/custom-breadcrumbs'
[0m[31m[1m>[22m[39m[90m 1 |[39m [36mimport[39m 
[33mCustomBreadcrumbs[39m [36mfrom[39m 
[32m"@/components/shared/custom-breadcrumbs"[39m[33m;[39m
 [90m   |[39m [31m[1m^[22m[39m[31m[1m^[22m[39m[31m[1m
^[22m[39m[31m[1m^[22m[39m[31m[1m^[22m[39m[31m[1m^[22
m[39m[31m[1m^[22m[39m[31m[1m^[22m[39m[31m[1m^[22m[39
m[31m[1m^[22m[39m[31m[1m^[22m[39m[31m[1m^[22m[39m[31
m[1m^[22m[39m[31m[1m^[22m[39m[31m[1m^[22m[39m[31m[1m
^[22m[39m[31m[1m^[22m[39m[31m[1m^[22m[39m[31m[1m^[22
m[39m[31m[1m^[22m[39m[31m[1m^[22m[39m[31m[1m^[22m[39
m[31m[1m^[22m[39m[31m[1m^[22m[39m[31m[1m^[22m[39m[31
m[1m^[22m[39m[31m[1m^[22m[39m[31m[1m^[22m[39m[31m[1m
^[22m[39m[31m[1m^[22m[39m[31m[1m^[22m[39m[31m[1m^[22
m[39m[31m[1m^[22m[39m[31m[1m^[22m[39m[31m[1m^[22m[39
m[31m[1m^[22m[39m[31m[1m^[22m[39m[31m[1m^[22m[39m[31
m[1m^[22m[39m[31m[1m^[22m[39m[31m[1m^[22m[39m[31m[1m
^[22m[39m[31m[1m^[22m[39m[31m[1m^[22m[39m[31m[1m^[22
m[39m[31m[1m^[22m[39m[31m[1m^[22m[39m[31m[1m^[22m[39
m[31m[1m^[22m[39m[31m[1m^[22m[39m[31m[1m^[22m[39m[31
m[1m^[22m[39m[31m[1m^[22m[39m[31m[1m^[22m[39m[31m[1m
^[22m[39m[31m[1m^[22m[39m[31m[1m^[22m[39m[31m[1m^[22
m[39m[31m[1m^[22m[39m[31m[1m^[22m[39m[31m[1m^[22m[39
m[31m[1m^[22m[39m[31m[1m^[22m[39m[31m[1m^[22m[39m[31
m[1m^[22m[39m[31m[1m^[22m[39m[31m[1m^[22m[39m[31m[1m
^[22m[39m[31m[1m^[22m[39m[31m[1m^[22m[39m[31m[1m^[22
m[39m
 [90m 2 |[39m [36mimport[39m [33mPartnerCard[39m 
[36mfrom[39m 
[32m"@/components/shared/partner-card"[39m[33m;[39m
 [90m 3 |[39m [36mimport[39m { [33mButton[39m } 
[36mfrom[39m [32m"@/components/ui/button"[39m[33m;[39m
 [90m 4 |[39m [36mimport[39m { [33mChevronRight[39m } 
[36mfrom[39m [32m"lucide-react"[39m[33m;[39m[0m



https://nextjs.org/docs/messages/module-not-found


./src/app/[locale]/partners/page.tsx:1:1
Module not found: Can't resolve 
'@/components/shared/custom-breadcrumbs'
[0m[31m[1m>[22m[39m[90m 1 |[39m [36mimport[39m 
[33mCustomBreadcrumbs[39m [36mfrom[39m 
[32m"@/components/shared/custom-breadcrumbs"[39m[33m;[39m
 [90m   |[39m [31m[1m^[22m[39m[31m[1m^[22m[39m[31m[1m
^[22m[39m[31m[1m^[22m[39m[31m[1m^[22m[39m[31m[1m^[22
m[39m[31m[1m^[22m[39m[31m[1m^[22m[39m[31m[1m^[22m[39
m[31m[1m^[22m[39m[31m[1m^[22m[39m[31m[1m^[22m[39m[31
m[1m^[22m[39m[31m[1m^[22m[39m[31m[1m^[22m[39m[31m[1m
^[22m[39m[31m[1m^[22m[39m[31m[1m^[22m[39m[31m[1m^[22
m[39m[31m[1m^[22m[39m[31m[1m^[22m[39m[31m[1m^[22m[39
m[31m[1m^[22m[39m[31m[1m^[22m[39m[31m[1m^[22m[39m[31
m[1m^[22m[39m[31m[1m^[22m[39m[31m[1m^[22m[39m[31m[1m
^[22m[39m[31m[1m^[22m[39m[31m[1m^[22m[39m[31m[1m^[22
m[39m[31m[1m^[22m[39m[31m[1m^[22m[39m[31m[1m^[22m[39
m[31m[1m^[22m[39m[31m[1m^[22m[39m[31m[1m^[22m[39m[31
m[1m^[22m[39m[31m[1m^[22m[39m[31m[1m^[22m[39m[31m[1m
^[22m[39m[31m[1m^[22m[39m[31m[1m^[22m[39m[31m[1m^[22
m[39m[31m[1m^[22m[39m[31m[1m^[22m[39m[31m[1m^[22m[39
m[31m[1m^[22m[39m[31m[1m^[22m[39m[31m[1m^[22m[39m[31
m[1m^[22m[39m[31m[1m^[22m[39m[31m[1m^[22m[39m[31m[1m
^[22m[39m[31m[1m^[22m[39m[31m[1m^[22m[39m[31m[1m^[22
m[39m[31m[1m^[22m[39m[31m[1m^[22m[39m[31m[1m^[22m[39
m[31m[1m^[22m[39m[31m[1m^[22m[39m[31m[1m^[22m[39m[31
m[1m^[22m[39m[31m[1m^[22m[39m[31m[1m^[22m[39m[31m[1m
^[22m[39m[31m[1m^[22m[39m[31m[1m^[22m[39m[31m[1m^[22
m[39m
 [90m 2 |[39m [36mimport[39m [33mPartnerCard[39m 
[36mfrom[39m 
[32m"@/components/shared/partner-card"[39m[33m;[39m
 [90m 3 |[39m [36mimport[39m { [33mButton[39m } 
[36mfrom[39m [32m"@/components/ui/button"[39m[33m;[39m
 [90m 4 |[39m [36mimport[39m { [33mChevronRight[39m } 
[36mfrom[39m [32m"lucide-react"[39m[33m;[39m[0m



https://nextjs.org/docs/messages/module-not-found


./src/app/[locale]/user-manual/page.tsx:1:1
Module not found: Can't resolve 
'@/components/shared/custom-breadcrumbs'
[0m[31m[1m>[22m[39m[90m 1 |[39m [36mimport[39m 
[33mCustomBreadcrumbs[39m [36mfrom[39m 
[32m"@/components/shared/custom-breadcrumbs"[39m[33m;[39m
 [90m   |[39m [31m[1m^[22m[39m[31m[1m^[22m[39m[31m[1m
^[22m[39m[31m[1m^[22m[39m[31m[1m^[22m[39m[31m[1m^[22
m[39m[31m[1m^[22m[39m[31m[1m^[22m[39m[31m[1m^[22m[39
m[31m[1m^[22m[39m[31m[1m^[22m[39m[31m[1m^[22m[39m[31
m[1m^[22m[39m[31m[1m^[22m[39m[31m[1m^[22m[39m[31m[1m
^[22m[39m[31m[1m^[22m[39m[31m[1m^[22m[39m[31m[1m^[22
m[39m[31m[1m^[22m[39m[31m[1m^[22m[39m[31m[1m^[22m[39
m[31m[1m^[22m[39m[31m[1m^[22m[39m[31m[1m^[22m[39m[31
m[1m^[22m[39m[31m[1m^[22m[39m[31m[1m^[22m[39m[31m[1m
^[22m[39m[31m[1m^[22m[39m[31m[1m^[22m[39m[31m[1m^[22
m[39m[31m[1m^[22m[39m[31m[1m^[22m[39m[31m[1m^[22m[39
m[31m[1m^[22m[39m[31m[1m^[22m[39m[31m[1m^[22m[39m[31
m[1m^[22m[39m[31m[1m^[22m[39m[31m[1m^[22m[39m[31m[1m
^[22m[39m[31m[1m^[22m[39m[31m[1m^[22m[39m[31m[1m^[22
m[39m[31m[1m^[22m[39m[31m[1m^[22m[39m[31m[1m^[22m[39
m[31m[1m^[22m[39m[31m[1m^[22m[39m[31m[1m^[22m[39m[31
m[1m^[22m[39m[31m[1m^[22m[39m[31m[1m^[22m[39m[31m[1m
^[22m[39m[31m[1m^[22m[39m[31m[1m^[22m[39m[31m[1m^[22
m[39m[31m[1m^[22m[39m[31m[1m^[22m[39m[31m[1m^[22m[39
m[31m[1m^[22m[39m[31m[1m^[22m[39m[31m[1m^[22m[39m[31
m[1m^[22m[39m[31m[1m^[22m[39m[31m[1m^[22m[39m[31m[1m
^[22m[39m[31m[1m^[22m[39m[31m[1m^[22m[39m[31m[1m^[22
m[39m
 [90m 2 |[39m [36mimport[39m { getData } [36mfrom[39m 
[32m"@/lib/fetch-methods"[39m[33m;[39m
 [90m 3 |[39m [36mimport[39m [33mImage[39m [36mfrom[39m 
[32m"next/image"[39m[33m;[39m
 [90m 4 |[39m [36mimport[39m [33mReact[39m [36mfrom[39m 
[32m"react"[39m[33m;[39m[0m



https://nextjs.org/docs/messages/module-not-found


./src/app/[locale]/user-manual/page.tsx:1:1
Module not found: Can't resolve 
'@/components/shared/custom-breadcrumbs'
[0m[31m[1m>[22m[39m[90m 1 |[39m [36mimport[39m 
[33mCustomBreadcrumbs[39m [36mfrom[39m 
[32m"@/components/shared/custom-breadcrumbs"[39m[33m;[39m
 [90m   |[39m [31m[1m^[22m[39m[31m[1m^[22m[39m[31m[1m
^[22m[39m[31m[1m^[22m[39m[31m[1m^[22m[39m[31m[1m^[22
m[39m[31m[1m^[22m[39m[31m[1m^[22m[39m[31m[1m^[22m[39
m[31m[1m^[22m[39m[31m[1m^[22m[39m[31m[1m^[22m[39m[31
m[1m^[22m[39m[31m[1m^[22m[39m[31m[1m^[22m[39m[31m[1m
^[22m[39m[31m[1m^[22m[39m[31m[1m^[22m[39m[31m[1m^[22
m[39m[31m[1m^[22m[39m[31m[1m^[22m[39m[31m[1m^[22m[39
m[31m[1m^[22m[39m[31m[1m^[22m[39m[31m[1m^[22m[39m[31
m[1m^[22m[39m[31m[1m^[22m[39m[31m[1m^[22m[39m[31m[1m
^[22m[39m[31m[1m^[22m[39m[31m[1m^[22m[39m[31m[1m^[22
m[39m[31m[1m^[22m[39m[31m[1m^[22m[39m[31m[1m^[22m[39
m[31m[1m^[22m[39m[31m[1m^[22m[39m[31m[1m^[22m[39m[31
m[1m^[22m[39m[31m[1m^[22m[39m[31m[1m^[22m[39m[31m[1m
^[22m[39m[31m[1m^[22m[39m[31m[1m^[22m[39m[31m[1m^[22
m[39m[31m[1m^[22m[39m[31m[1m^[22m[39m[31m[1m^[22m[39
m[31m[1m^[22m[39m[31m[1m^[22m[39m[31m[1m^[22m[39m[31
m[1m^[22m[39m[31m[1m^[22m[39m[31m[1m^[22m[39m[31m[1m
^[22m[39m[31m[1m^[22m[39m[31m[1m^[22m[39m[31m[1m^[22
m[39m[31m[1m^[22m[39m[31m[1m^[22m[39m[31m[1m^[22m[39
m[31m[1m^[22m[39m[31m[1m^[22m[39m[31m[1m^[22m[39m[31
m[1m^[22m[39m[31m[1m^[22m[39m[31m[1m^[22m[39m[31m[1m
^[22m[39m[31m[1m^[22m[39m[31m[1m^[22m[39m[31m[1m^[22
m[39m
 [90m 2 |[39m [36mimport[39m { getData } [36mfrom[39m 
[32m"@/lib/fetch-methods"[39m[33m;[39m
 [90m 3 |[39m [36mimport[39m [33mImage[39m [36mfrom[39m 
[32m"next/image"[39m[33m;[39m
 [90m 4 |[39m [36mimport[39m [33mReact[39m [36mfrom[39m 
[32m"react"[39m[33m;[39m[0m



https://nextjs.org/docs/messages/module-not-found


./src/app/[locale]/wishlist/page.tsx:2:1
Module not found: Can't resolve 
'@/components/shared/custom-breadcrumbs'
[0m [90m 1 |[39m [36mimport[39m [33mEstateCard[39m 
[36mfrom[39m [32m'@/components/estates/estate-card'[39m
[31m[1m>[22m[39m[90m 2 |[39m [36mimport[39m 
[33mCustomBreadcrumbs[39m [36mfrom[39m 
[32m'@/components/shared/custom-breadcrumbs'[39m
 [90m   |[39m [31m[1m^[22m[39m[31m[1m^[22m[39m[31m[1m
^[22m[39m[31m[1m^[22m[39m[31m[1m^[22m[39m[31m[1m^[22
m[39m[31m[1m^[22m[39m[31m[1m^[22m[39m[31m[1m^[22m[39
m[31m[1m^[22m[39m[31m[1m^[22m[39m[31m[1m^[22m[39m[31
m[1m^[22m[39m[31m[1m^[22m[39m[31m[1m^[22m[39m[31m[1m
^[22m[39m[31m[1m^[22m[39m[31m[1m^[22m[39m[31m[1m^[22
m[39m[31m[1m^[22m[39m[31m[1m^[22m[39m[31m[1m^[22m[39
m[31m[1m^[22m[39m[31m[1m^[22m[39m[31m[1m^[22m[39m[31
m[1m^[22m[39m[31m[1m^[22m[39m[31m[1m^[22m[39m[31m[1m
^[22m[39m[31m[1m^[22m[39m[31m[1m^[22m[39m[31m[1m^[22
m[39m[31m[1m^[22m[39m[31m[1m^[22m[39m[31m[1m^[22m[39
m[31m[1m^[22m[39m[31m[1m^[22m[39m[31m[1m^[22m[39m[31
m[1m^[22m[39m[31m[1m^[22m[39m[31m[1m^[22m[39m[31m[1m
^[22m[39m[31m[1m^[22m[39m[31m[1m^[22m[39m[31m[1m^[22
m[39m[31m[1m^[22m[39m[31m[1m^[22m[39m[31m[1m^[22m[39
m[31m[1m^[22m[39m[31m[1m^[22m[39m[31m[1m^[22m[39m[31
m[1m^[22m[39m[31m[1m^[22m[39m[31m[1m^[22m[39m[31m[1m
^[22m[39m[31m[1m^[22m[39m[31m[1m^[22m[39m[31m[1m^[22
m[39m[31m[1m^[22m[39m[31m[1m^[22m[39m[31m[1m^[22m[39
m[31m[1m^[22m[39m[31m[1m^[22m[39m[31m[1m^[22m[39m[31
m[1m^[22m[39m[31m[1m^[22m[39m[31m[1m^[22m[39m[31m[1m
^[22m[39m[31m[1m^[22m[39m[31m[1m^[22m[39m
 [90m 3 |[39m [36mimport[39m [33mReact[39m [36mfrom[39m 
[32m'react'[39m
 [90m 4 |[39m
 [90m 5 |[39m [36mconst[39m [33mWishListPage[39m 
[33m=[39m () [33m=>[39m {[0m



https://nextjs.org/docs/messages/module-not-found


./src/app/[locale]/wishlist/page.tsx:2:1
Module not found: Can't resolve 
'@/components/shared/custom-breadcrumbs'
[0m [90m 1 |[39m [36mimport[39m [33mEstateCard[39m 
[36mfrom[39m [32m'@/components/estates/estate-card'[39m
[31m[1m>[22m[39m[90m 2 |[39m [36mimport[39m 
[33mCustomBreadcrumbs[39m [36mfrom[39m 
[32m'@/components/shared/custom-breadcrumbs'[39m
 [90m   |[39m [31m[1m^[22m[39m[31m[1m^[22m[39m[31m[1m
^[22m[39m[31m[1m^[22m[39m[31m[1m^[22m[39m[31m[1m^[22
m[39m[31m[1m^[22m[39m[31m[1m^[22m[39m[31m[1m^[22m[39
m[31m[1m^[22m[39m[31m[1m^[22m[39m[31m[1m^[22m[39m[31
m[1m^[22m[39m[31m[1m^[22m[39m[31m[1m^[22m[39m[31m[1m
^[22m[39m[31m[1m^[22m[39m[31m[1m^[22m[39m[31m[1m^[22
m[39m[31m[1m^[22m[39m[31m[1m^[22m[39m[31m[1m^[22m[39
m[31m[1m^[22m[39m[31m[1m^[22m[39m[31m[1m^[22m[39m[31
m[1m^[22m[39m[31m[1m^[22m[39m[31m[1m^[22m[39m[31m[1m
^[22m[39m[31m[1m^[22m[39m[31m[1m^[22m[39m[31m[1m^[22
m[39m[31m[1m^[22m[39m[31m[1m^[22m[39m[31m[1m^[22m[39
m[31m[1m^[22m[39m[31m[1m^[22m[39m[31m[1m^[22m[39m[31
m[1m^[22m[39m[31m[1m^[22m[39m[31m[1m^[22m[39m[31m[1m
^[22m[39m[31m[1m^[22m[39m[31m[1m^[22m[39m[31m[1m^[22
m[39m[31m[1m^[22m[39m[31m[1m^[22m[39m[31m[1m^[22m[39
m[31m[1m^[22m[39m[31m[1m^[22m[39m[31m[1m^[22m[39m[31
m[1m^[22m[39m[31m[1m^[22m[39m[31m[1m^[22m[39m[31m[1m
^[22m[39m[31m[1m^[22m[39m[31m[1m^[22m[39m[31m[1m^[22
m[39m[31m[1m^[22m[39m[31m[1m^[22m[39m[31m[1m^[22m[39
m[31m[1m^[22m[39m[31m[1m^[22m[39m[31m[1m^[22m[39m[31
m[1m^[22m[39m[31m[1m^[22m[39m[31m[1m^[22m[39m[31m[1m
^[22m[39m[31m[1m^[22m[39m[31m[1m^[22m[39m
 [90m 3 |[39m [36mimport[39m [33mReact[39m [36mfrom[39m 
[32m'react'[39m
 [90m 4 |[39m
 [90m 5 |[39m [36mconst[39m [33mWishListPage[39m 
[33m=[39m () [33m=>[39m {[0m



https://nextjs.org/docs/messages/module-not-found


./src/app/[locale]/deals/page.tsx:18:1
Module not found: Can't resolve '@/components/shared/deals-table'
[0m [90m 16 |[39m } [36mfrom[39m 
[32m"@/components/ui/dialog"[39m[33m;[39m
 [90m 17 |[39m [36mimport[39m [33mAddDealForm[39m 
[36mfrom[39m 
[32m"@/components/deals/add-deal-form"[39m[33m;[39m
[31m[1m>[22m[39m[90m 18 |[39m [36mimport[39m 
[33mDealsTable[39m [36mfrom[39m 
[32m"@/components/shared/deals-table"[39m[33m;[39m
 [90m    |[39m [31m[1m^[22m[39m[31m[1m^[22m[39m[31m[1
m^[22m[39m[31m[1m^[22m[39m[31m[1m^[22m[39m[31m[1m^[2
2m[39m[31m[1m^[22m[39m[31m[1m^[22m[39m[31m[1m^[22m[3
9m[31m[1m^[22m[39m[31m[1m^[22m[39m[31m[1m^[22m[39m[3
1m[1m^[22m[39m[31m[1m^[22m[39m[31m[1m^[22m[39m[31m[1
m^[22m[39m[31m[1m^[22m[39m[31m[1m^[22m[39m[31m[1m^[2
2m[39m[31m[1m^[22m[39m[31m[1m^[22m[39m[31m[1m^[22m[3
9m[31m[1m^[22m[39m[31m[1m^[22m[39m[31m[1m^[22m[39m[3
1m[1m^[22m[39m[31m[1m^[22m[39m[31m[1m^[22m[39m[31m[1
m^[22m[39m[31m[1m^[22m[39m[31m[1m^[22m[39m[31m[1m^[2
2m[39m[31m[1m^[22m[39m[31m[1m^[22m[39m[31m[1m^[22m[3
9m[31m[1m^[22m[39m[31m[1m^[22m[39m[31m[1m^[22m[39m[3
1m[1m^[22m[39m[31m[1m^[22m[39m[31m[1m^[22m[39m[31m[1
m^[22m[39m[31m[1m^[22m[39m[31m[1m^[22m[39m[31m[1m^[2
2m[39m[31m[1m^[22m[39m[31m[1m^[22m[39m[31m[1m^[22m[3
9m[31m[1m^[22m[39m[31m[1m^[22m[39m[31m[1m^[22m[39m[3
1m[1m^[22m[39m[31m[1m^[22m[39m[31m[1m^[22m[39m[31m[1
m^[22m[39m[31m[1m^[22m[39m[31m[1m^[22m[39m
 [90m 19 |[39m [36mimport[39m { getDirectDeals } 
[36mfrom[39m [32m"@/actions/deals"[39m[33m;[39m
 [90m 20 |[39m [36mimport[39m { toast } [36mfrom[39m 
[32m"sonner"[39m[33m;[39m
 [90m 21 |[39m[0m



https://nextjs.org/docs/messages/module-not-found


./src/app/[locale]/deals/page.tsx:18:1
Module not found: Can't resolve '@/components/shared/deals-table'
[0m [90m 16 |[39m } [36mfrom[39m 
[32m"@/components/ui/dialog"[39m[33m;[39m
 [90m 17 |[39m [36mimport[39m [33mAddDealForm[39m 
[36mfrom[39m 
[32m"@/components/deals/add-deal-form"[39m[33m;[39m
[31m[1m>[22m[39m[90m 18 |[39m [36mimport[39m 
[33mDealsTable[39m [36mfrom[39m 
[32m"@/components/shared/deals-table"[39m[33m;[39m
 [90m    |[39m [31m[1m^[22m[39m[31m[1m^[22m[39m[31m[1
m^[22m[39m[31m[1m^[22m[39m[31m[1m^[22m[39m[31m[1m^[2
2m[39m[31m[1m^[22m[39m[31m[1m^[22m[39m[31m[1m^[22m[3
9m[31m[1m^[22m[39m[31m[1m^[22m[39m[31m[1m^[22m[39m[3
1m[1m^[22m[39m[31m[1m^[22m[39m[31m[1m^[22m[39m[31m[1
m^[22m[39m[31m[1m^[22m[39m[31m[1m^[22m[39m[31m[1m^[2
2m[39m[31m[1m^[22m[39m[31m[1m^[22m[39m[31m[1m^[22m[3
9m[31m[1m^[22m[39m[31m[1m^[22m[39m[31m[1m^[22m[39m[3
1m[1m^[22m[39m[31m[1m^[22m[39m[31m[1m^[22m[39m[31m[1
m^[22m[39m[31m[1m^[22m[39m[31m[1m^[22m[39m[31m[1m^[2
2m[39m[31m[1m^[22m[39m[31m[1m^[22m[39m[31m[1m^[22m[3
9m[31m[1m^[22m[39m[31m[1m^[22m[39m[31m[1m^[22m[39m[3
1m[1m^[22m[39m[31m[1m^[22m[39m[31m[1m^[22m[39m[31m[1
m^[22m[39m[31m[1m^[22m[39m[31m[1m^[22m[39m[31m[1m^[2
2m[39m[31m[1m^[22m[39m[31m[1m^[22m[39m[31m[1m^[22m[3
9m[31m[1m^[22m[39m[31m[1m^[22m[39m[31m[1m^[22m[39m[3
1m[1m^[22m[39m[31m[1m^[22m[39m[31m[1m^[22m[39m[31m[1
m^[22m[39m[31m[1m^[22m[39m[31m[1m^[22m[39m
 [90m 19 |[39m [36mimport[39m { getDirectDeals } 
[36mfrom[39m [32m"@/actions/deals"[39m[33m;[39m
 [90m 20 |[39m [36mimport[39m { toast } [36mfrom[39m 
[32m"sonner"[39m[33m;[39m
 [90m 21 |[39m[0m



https://nextjs.org/docs/messages/module-not-found


./src/app/[locale]/deals/page.tsx:18:1
Module not found: Can't resolve '@/components/shared/deals-table'
[0m [90m 16 |[39m } [36mfrom[39m 
[32m"@/components/ui/dialog"[39m[33m;[39m
 [90m 17 |[39m [36mimport[39m [33mAddDealForm[39m 
[36mfrom[39m 
[32m"@/components/deals/add-deal-form"[39m[33m;[39m
[31m[1m>[22m[39m[90m 18 |[39m [36mimport[39m 
[33mDealsTable[39m [36mfrom[39m 
[32m"@/components/shared/deals-table"[39m[33m;[39m
 [90m    |[39m [31m[1m^[22m[39m[31m[1m^[22m[39m[31m[1
m^[22m[39m[31m[1m^[22m[39m[31m[1m^[22m[39m[31m[1m^[2
2m[39m[31m[1m^[22m[39m[31m[1m^[22m[39m[31m[1m^[22m[3
9m[31m[1m^[22m[39m[31m[1m^[22m[39m[31m[1m^[22m[39m[3
1m[1m^[22m[39m[31m[1m^[22m[39m[31m[1m^[22m[39m[31m[1
m^[22m[39m[31m[1m^[22m[39m[31m[1m^[22m[39m[31m[1m^[2
2m[39m[31m[1m^[22m[39m[31m[1m^[22m[39m[31m[1m^[22m[3
9m[31m[1m^[22m[39m[31m[1m^[22m[39m[31m[1m^[22m[39m[3
1m[1m^[22m[39m[31m[1m^[22m[39m[31m[1m^[22m[39m[31m[1
m^[22m[39m[31m[1m^[22m[39m[31m[1m^[22m[39m[31m[1m^[2
2m[39m[31m[1m^[22m[39m[31m[1m^[22m[39m[31m[1m^[22m[3
9m[31m[1m^[22m[39m[31m[1m^[22m[39m[31m[1m^[22m[39m[3
1m[1m^[22m[39m[31m[1m^[22m[39m[31m[1m^[22m[39m[31m[1
m^[22m[39m[31m[1m^[22m[39m[31m[1m^[22m[39m[31m[1m^[2
2m[39m[31m[1m^[22m[39m[31m[1m^[22m[39m[31m[1m^[22m[3
9m[31m[1m^[22m[39m[31m[1m^[22m[39m[31m[1m^[22m[39m[3
1m[1m^[22m[39m[31m[1m^[22m[39m[31m[1m^[22m[39m[31m[1
m^[22m[39m[31m[1m^[22m[39m[31m[1m^[22m[39m
 [90m 19 |[39m [36mimport[39m { getDirectDeals } 
[36mfrom[39m [32m"@/actions/deals"[39m[33m;[39m
 [90m 20 |[39m [36mimport[39m { toast } [36mfrom[39m 
[32m"sonner"[39m[33m;[39m
 [90m 21 |[39m[0m



https://nextjs.org/docs/messages/module-not-found


./src/app/[locale]/deals/page.tsx:18:1
Module not found: Can't resolve '@/components/shared/deals-table'
[0m [90m 16 |[39m } [36mfrom[39m 
[32m"@/components/ui/dialog"[39m[33m;[39m
 [90m 17 |[39m [36mimport[39m [33mAddDealForm[39m 
[36mfrom[39m 
[32m"@/components/deals/add-deal-form"[39m[33m;[39m
[31m[1m>[22m[39m[90m 18 |[39m [36mimport[39m 
[33mDealsTable[39m [36mfrom[39m 
[32m"@/components/shared/deals-table"[39m[33m;[39m
 [90m    |[39m [31m[1m^[22m[39m[31m[1m^[22m[39m[31m[1
m^[22m[39m[31m[1m^[22m[39m[31m[1m^[22m[39m[31m[1m^[2
2m[39m[31m[1m^[22m[39m[31m[1m^[22m[39m[31m[1m^[22m[3
9m[31m[1m^[22m[39m[31m[1m^[22m[39m[31m[1m^[22m[39m[3
1m[1m^[22m[39m[31m[1m^[22m[39m[31m[1m^[22m[39m[31m[1
m^[22m[39m[31m[1m^[22m[39m[31m[1m^[22m[39m[31m[1m^[2
2m[39m[31m[1m^[22m[39m[31m[1m^[22m[39m[31m[1m^[22m[3
9m[31m[1m^[22m[39m[31m[1m^[22m[39m[31m[1m^[22m[39m[3
1m[1m^[22m[39m[31m[1m^[22m[39m[31m[1m^[22m[39m[31m[1
m^[22m[39m[31m[1m^[22m[39m[31m[1m^[22m[39m[31m[1m^[2
2m[39m[31m[1m^[22m[39m[31m[1m^[22m[39m[31m[1m^[22m[3
9m[31m[1m^[22m[39m[31m[1m^[22m[39m[31m[1m^[22m[39m[3
1m[1m^[22m[39m[31m[1m^[22m[39m[31m[1m^[22m[39m[31m[1
m^[22m[39m[31m[1m^[22m[39m[31m[1m^[22m[39m[31m[1m^[2
2m[39m[31m[1m^[22m[39m[31m[1m^[22m[39m[31m[1m^[22m[3
9m[31m[1m^[22m[39m[31m[1m^[22m[39m[31m[1m^[22m[39m[3
1m[1m^[22m[39m[31m[1m^[22m[39m[31m[1m^[22m[39m[31m[1
m^[22m[39m[31m[1m^[22m[39m[31m[1m^[22m[39m
 [90m 19 |[39m [36mimport[39m { getDirectDeals } 
[36mfrom[39m [32m"@/actions/deals"[39m[33m;[39m
 [90m 20 |[39m [36mimport[39m { toast } [36mfrom[39m 
[32m"sonner"[39m[33m;[39m
 [90m 21 |[39m[0m



https://nextjs.org/docs/messages/module-not-found


./src/app/[locale]/layout.tsx:7:1
Module not found: Can't resolve '@/components/shared/footer'
[0m [90m  5 |[39m [36mimport[39m { getMessages } 
[36mfrom[39m [32m"next-intl/server"[39m[33m;[39m
 [90m  6 |[39m [36mimport[39m { [33mAlexandria[39m } 
[36mfrom[39m [32m"next/font/google"[39m[33m;[39m
[31m[1m>[22m[39m[90m  7 |[39m [36mimport[39m 
[33mFooter[39m [36mfrom[39m 
[32m"@/components/shared/footer"[39m[33m;[39m
 [90m    |[39m [31m[1m^[22m[39m[31m[1m^[22m[39m[31m[1
m^[22m[39m[31m[1m^[22m[39m[31m[1m^[22m[39m[31m[1m^[2
2m[39m[31m[1m^[22m[39m[31m[1m^[22m[39m[31m[1m^[22m[3
9m[31m[1m^[22m[39m[31m[1m^[22m[39m[31m[1m^[22m[39m[3
1m[1m^[22m[39m[31m[1m^[22m[39m[31m[1m^[22m[39m[31m[1
m^[22m[39m[31m[1m^[22m[39m[31m[1m^[22m[39m[31m[1m^[2
2m[39m[31m[1m^[22m[39m[31m[1m^[22m[39m[31m[1m^[22m[3
9m[31m[1m^[22m[39m[31m[1m^[22m[39m[31m[1m^[22m[39m[3
1m[1m^[22m[39m[31m[1m^[22m[39m[31m[1m^[22m[39m[31m[1
m^[22m[39m[31m[1m^[22m[39m[31m[1m^[22m[39m[31m[1m^[2
2m[39m[31m[1m^[22m[39m[31m[1m^[22m[39m[31m[1m^[22m[3
9m[31m[1m^[22m[39m[31m[1m^[22m[39m[31m[1m^[22m[39m[3
1m[1m^[22m[39m[31m[1m^[22m[39m[31m[1m^[22m[39m[31m[1
m^[22m[39m[31m[1m^[22m[39m[31m[1m^[22m[39m[31m[1m^[2
2m[39m[31m[1m^[22m[39m[31m[1m^[22m[39m[31m[1m^[22m[3
9m
 [90m  8 |[39m [36mimport[39m [33mNavbar[39m 
[36mfrom[39m [32m"@/components/shared/navbar"[39m[33m;[39m
 [90m  9 |[39m [36mimport[39m [33mFloatingSocials[39m 
[36mfrom[39m 
[32m"@/components/shared/FloatingSocials"[39m[33m;[39m
 [90m 10 |[39m [36mimport[39m { [33mToaster[39m } 
[36mfrom[39m [32m"sonner"[39m[33m;[39m[0m



https://nextjs.org/docs/messages/module-not-found


./src/app/[locale]/layout.tsx:7:1
Module not found: Can't resolve '@/components/shared/footer'
[0m [90m  5 |[39m [36mimport[39m { getMessages } 
[36mfrom[39m [32m"next-intl/server"[39m[33m;[39m
 [90m  6 |[39m [36mimport[39m { [33mAlexandria[39m } 
[36mfrom[39m [32m"next/font/google"[39m[33m;[39m
[31m[1m>[22m[39m[90m  7 |[39m [36mimport[39m 
[33mFooter[39m [36mfrom[39m 
[32m"@/components/shared/footer"[39m[33m;[39m
 [90m    |[39m [31m[1m^[22m[39m[31m[1m^[22m[39m[31m[1
m^[22m[39m[31m[1m^[22m[39m[31m[1m^[22m[39m[31m[1m^[2
2m[39m[31m[1m^[22m[39m[31m[1m^[22m[39m[31m[1m^[22m[3
9m[31m[1m^[22m[39m[31m[1m^[22m[39m[31m[1m^[22m[39m[3
1m[1m^[22m[39m[31m[1m^[22m[39m[31m[1m^[22m[39m[31m[1
m^[22m[39m[31m[1m^[22m[39m[31m[1m^[22m[39m[31m[1m^[2
2m[39m[31m[1m^[22m[39m[31m[1m^[22m[39m[31m[1m^[22m[3
9m[31m[1m^[22m[39m[31m[1m^[22m[39m[31m[1m^[22m[39m[3
1m[1m^[22m[39m[31m[1m^[22m[39m[31m[1m^[22m[39m[31m[1
m^[22m[39m[31m[1m^[22m[39m[31m[1m^[22m[39m[31m[1m^[2
2m[39m[31m[1m^[22m[39m[31m[1m^[22m[39m[31m[1m^[22m[3
9m[31m[1m^[22m[39m[31m[1m^[22m[39m[31m[1m^[22m[39m[3
1m[1m^[22m[39m[31m[1m^[22m[39m[31m[1m^[22m[39m[31m[1
m^[22m[39m[31m[1m^[22m[39m[31m[1m^[22m[39m[31m[1m^[2
2m[39m[31m[1m^[22m[39m[31m[1m^[22m[39m[31m[1m^[22m[3
9m
 [90m  8 |[39m [36mimport[39m [33mNavbar[39m 
[36mfrom[39m [32m"@/components/shared/navbar"[39m[33m;[39m
 [90m  9 |[39m [36mimport[39m [33mFloatingSocials[39m 
[36mfrom[39m 
[32m"@/components/shared/FloatingSocials"[39m[33m;[39m
 [90m 10 |[39m [36mimport[39m { [33mToaster[39m } 
[36mfrom[39m [32m"sonner"[39m[33m;[39m[0m



https://nextjs.org/docs/messages/module-not-found


./src/app/[locale]/layout.tsx:8:1
Module not found: Can't resolve '@/components/shared/navbar'
[0m [90m  6 |[39m [36mimport[39m { [33mAlexandria[39m } 
[36mfrom[39m [32m"next/font/google"[39m[33m;[39m
 [90m  7 |[39m [36mimport[39m [33mFooter[39m 
[36mfrom[39m [32m"@/components/shared/footer"[39m[33m;[39m
[31m[1m>[22m[39m[90m  8 |[39m [36mimport[39m 
[33mNavbar[39m [36mfrom[39m 
[32m"@/components/shared/navbar"[39m[33m;[39m
 [90m    |[39m [31m[1m^[22m[39m[31m[1m^[22m[39m[31m[1
m^[22m[39m[31m[1m^[22m[39m[31m[1m^[22m[39m[31m[1m^[2
2m[39m[31m[1m^[22m[39m[31m[1m^[22m[39m[31m[1m^[22m[3
9m[31m[1m^[22m[39m[31m[1m^[22m[39m[31m[1m^[22m[39m[3
1m[1m^[22m[39m[31m[1m^[22m[39m[31m[1m^[22m[39m[31m[1
m^[22m[39m[31m[1m^[22m[39m[31m[1m^[22m[39m[31m[1m^[2
2m[39m[31m[1m^[22m[39m[31m[1m^[22m[39m[31m[1m^[22m[3
9m[31m[1m^[22m[39m[31m[1m^[22m[39m[31m[1m^[22m[39m[3
1m[1m^[22m[39m[31m[1m^[22m[39m[31m[1m^[22m[39m[31m[1
m^[22m[39m[31m[1m^[22m[39m[31m[1m^[22m[39m[31m[1m^[2
2m[39m[31m[1m^[22m[39m[31m[1m^[22m[39m[31m[1m^[22m[3
9m[31m[1m^[22m[39m[31m[1m^[22m[39m[31m[1m^[22m[39m[3
1m[1m^[22m[39m[31m[1m^[22m[39m[31m[1m^[22m[39m[31m[1
m^[22m[39m[31m[1m^[22m[39m[31m[1m^[22m[39m[31m[1m^[2
2m[39m[31m[1m^[22m[39m[31m[1m^[22m[39m[31m[1m^[22m[3
9m
 [90m  9 |[39m [36mimport[39m [33mFloatingSocials[39m 
[36mfrom[39m 
[32m"@/components/shared/FloatingSocials"[39m[33m;[39m
 [90m 10 |[39m [36mimport[39m { [33mToaster[39m } 
[36mfrom[39m [32m"sonner"[39m[33m;[39m
 [90m 11 |[39m [36mimport[39m [33mUserContextProvider[39m 
[36mfrom[39m [32m"@/context/user-context"[39m[33m;[39m[0m



https://nextjs.org/docs/messages/module-not-found


./src/app/[locale]/layout.tsx:8:1
Module not found: Can't resolve '@/components/shared/navbar'
[0m [90m  6 |[39m [36mimport[39m { [33mAlexandria[39m } 
[36mfrom[39m [32m"next/font/google"[39m[33m;[39m
 [90m  7 |[39m [36mimport[39m [33mFooter[39m 
[36mfrom[39m [32m"@/components/shared/footer"[39m[33m;[39m
[31m[1m>[22m[39m[90m  8 |[39m [36mimport[39m 
[33mNavbar[39m [36mfrom[39m 
[32m"@/components/shared/navbar"[39m[33m;[39m
 [90m    |[39m [31m[1m^[22m[39m[31m[1m^[22m[39m[31m[1
m^[22m[39m[31m[1m^[22m[39m[31m[1m^[22m[39m[31m[1m^[2
2m[39m[31m[1m^[22m[39m[31m[1m^[22m[39m[31m[1m^[22m[3
9m[31m[1m^[22m[39m[31m[1m^[22m[39m[31m[1m^[22m[39m[3
1m[1m^[22m[39m[31m[1m^[22m[39m[31m[1m^[22m[39m[31m[1
m^[22m[39m[31m[1m^[22m[39m[31m[1m^[22m[39m[31m[1m^[2
2m[39m[31m[1m^[22m[39m[31m[1m^[22m[39m[31m[1m^[22m[3
9m[31m[1m^[22m[39m[31m[1m^[22m[39m[31m[1m^[22m[39m[3
1m[1m^[22m[39m[31m[1m^[22m[39m[31m[1m^[22m[39m[31m[1
m^[22m[39m[31m[1m^[22m[39m[31m[1m^[22m[39m[31m[1m^[2
2m[39m[31m[1m^[22m[39m[31m[1m^[22m[39m[31m[1m^[22m[3
9m[31m[1m^[22m[39m[31m[1m^[22m[39m[31m[1m^[22m[39m[3
1m[1m^[22m[39m[31m[1m^[22m[39m[31m[1m^[22m[39m[31m[1
m^[22m[39m[31m[1m^[22m[39m[31m[1m^[22m[39m[31m[1m^[2
2m[39m[31m[1m^[22m[39m[31m[1m^[22m[39m[31m[1m^[22m[3
9m
 [90m  9 |[39m [36mimport[39m [33mFloatingSocials[39m 
[36mfrom[39m 
[32m"@/components/shared/FloatingSocials"[39m[33m;[39m
 [90m 10 |[39m [36mimport[39m { [33mToaster[39m } 
[36mfrom[39m [32m"sonner"[39m[33m;[39m
 [90m 11 |[39m [36mimport[39m [33mUserContextProvider[39m 
[36mfrom[39m [32m"@/context/user-context"[39m[33m;[39m[0m



https://nextjs.org/docs/messages/module-not-found


./src/app/[locale]/offers/page.tsx:2:1
Module not found: Can't resolve '@/components/shared/offer-card'
[0m [90m 1 |[39m [36mimport[39m [33mCustomBreadcrumbs[39m 
[36mfrom[39m 
[32m"@/components/shared/custom-breadcrumbs"[39m[33m;[39m
[31m[1m>[22m[39m[90m 2 |[39m [36mimport[39m 
[33mOfferCard[39m [36mfrom[39m 
[32m"@/components/shared/offer-card"[39m[33m;[39m
 [90m   |[39m [31m[1m^[22m[39m[31m[1m^[22m[39m[31m[1m
^[22m[39m[31m[1m^[22m[39m[31m[1m^[22m[39m[31m[1m^[22
m[39m[31m[1m^[22m[39m[31m[1m^[22m[39m[31m[1m^[22m[39
m[31m[1m^[22m[39m[31m[1m^[22m[39m[31m[1m^[22m[39m[31
m[1m^[22m[39m[31m[1m^[22m[39m[31m[1m^[22m[39m[31m[1m
^[22m[39m[31m[1m^[22m[39m[31m[1m^[22m[39m[31m[1m^[22
m[39m[31m[1m^[22m[39m[31m[1m^[22m[39m[31m[1m^[22m[39
m[31m[1m^[22m[39m[31m[1m^[22m[39m[31m[1m^[22m[39m[31
m[1m^[22m[39m[31m[1m^[22m[39m[31m[1m^[22m[39m[31m[1m
^[22m[39m[31m[1m^[22m[39m[31m[1m^[22m[39m[31m[1m^[22
m[39m[31m[1m^[22m[39m[31m[1m^[22m[39m[31m[1m^[22m[39
m[31m[1m^[22m[39m[31m[1m^[22m[39m[31m[1m^[22m[39m[31
m[1m^[22m[39m[31m[1m^[22m[39m[31m[1m^[22m[39m[31m[1m
^[22m[39m[31m[1m^[22m[39m[31m[1m^[22m[39m[31m[1m^[22
m[39m[31m[1m^[22m[39m[31m[1m^[22m[39m[31m[1m^[22m[39
m[31m[1m^[22m[39m[31m[1m^[22m[39m[31m[1m^[22m[39m[31
m[1m^[22m[39m[31m[1m^[22m[39m[31m[1m^[22m[39m[31m[1m
^[22m[39m
 [90m 3 |[39m [36mimport[39m { getData } [36mfrom[39m 
[32m"@/lib/fetch-methods"[39m[33m;[39m
 [90m 4 |[39m [36mimport[39m [33mReact[39m [36mfrom[39m 
[32m"react"[39m[33m;[39m
 [90m 5 |[39m [36mimport[39m { getTranslations } 
[36mfrom[39m [32m"next-intl/server"[39m[33m;[39m[0m



https://nextjs.org/docs/messages/module-not-found


./src/app/[locale]/offers/page.tsx:2:1
Module not found: Can't resolve '@/components/shared/offer-card'
[0m [90m 1 |[39m [36mimport[39m [33mCustomBreadcrumbs[39m 
[36mfrom[39m 
[32m"@/components/shared/custom-breadcrumbs"[39m[33m;[39m
[31m[1m>[22m[39m[90m 2 |[39m [36mimport[39m 
[33mOfferCard[39m [36mfrom[39m 
[32m"@/components/shared/offer-card"[39m[33m;[39m
 [90m   |[39m [31m[1m^[22m[39m[31m[1m^[22m[39m[31m[1m
^[22m[39m[31m[1m^[22m[39m[31m[1m^[22m[39m[31m[1m^[22
m[39m[31m[1m^[22m[39m[31m[1m^[22m[39m[31m[1m^[22m[39
m[31m[1m^[22m[39m[31m[1m^[22m[39m[31m[1m^[22m[39m[31
m[1m^[22m[39m[31m[1m^[22m[39m[31m[1m^[22m[39m[31m[1m
^[22m[39m[31m[1m^[22m[39m[31m[1m^[22m[39m[31m[1m^[22
m[39m[31m[1m^[22m[39m[31m[1m^[22m[39m[31m[1m^[22m[39
m[31m[1m^[22m[39m[31m[1m^[22m[39m[31m[1m^[22m[39m[31
m[1m^[22m[39m[31m[1m^[22m[39m[31m[1m^[22m[39m[31m[1m
^[22m[39m[31m[1m^[22m[39m[31m[1m^[22m[39m[31m[1m^[22
m[39m[31m[1m^[22m[39m[31m[1m^[22m[39m[31m[1m^[22m[39
m[31m[1m^[22m[39m[31m[1m^[22m[39m[31m[1m^[22m[39m[31
m[1m^[22m[39m[31m[1m^[22m[39m[31m[1m^[22m[39m[31m[1m
^[22m[39m[31m[1m^[22m[39m[31m[1m^[22m[39m[31m[1m^[22
m[39m[31m[1m^[22m[39m[31m[1m^[22m[39m[31m[1m^[22m[39
m[31m[1m^[22m[39m[31m[1m^[22m[39m[31m[1m^[22m[39m[31
m[1m^[22m[39m[31m[1m^[22m[39m[31m[1m^[22m[39m[31m[1m
^[22m[39m
 [90m 3 |[39m [36mimport[39m { getData } [36mfrom[39m 
[32m"@/lib/fetch-methods"[39m[33m;[39m
 [90m 4 |[39m [36mimport[39m [33mReact[39m [36mfrom[39m 
[32m"react"[39m[33m;[39m
 [90m 5 |[39m [36mimport[39m { getTranslations } 
[36mfrom[39m [32m"next-intl/server"[39m[33m;[39m[0m



https://nextjs.org/docs/messages/module-not-found


./src/app/[locale]/partners/page.tsx:2:1
Module not found: Can't resolve 
'@/components/shared/partner-card'
[0m [90m 1 |[39m [36mimport[39m [33mCustomBreadcrumbs[39m 
[36mfrom[39m 
[32m"@/components/shared/custom-breadcrumbs"[39m[33m;[39m
[31m[1m>[22m[39m[90m 2 |[39m [36mimport[39m 
[33mPartnerCard[39m [36mfrom[39m 
[32m"@/components/shared/partner-card"[39m[33m;[39m
 [90m   |[39m [31m[1m^[22m[39m[31m[1m^[22m[39m[31m[1m
^[22m[39m[31m[1m^[22m[39m[31m[1m^[22m[39m[31m[1m^[22
m[39m[31m[1m^[22m[39m[31m[1m^[22m[39m[31m[1m^[22m[39
m[31m[1m^[22m[39m[31m[1m^[22m[39m[31m[1m^[22m[39m[31
m[1m^[22m[39m[31m[1m^[22m[39m[31m[1m^[22m[39m[31m[1m
^[22m[39m[31m[1m^[22m[39m[31m[1m^[22m[39m[31m[1m^[22
m[39m[31m[1m^[22m[39m[31m[1m^[22m[39m[31m[1m^[22m[39
m[31m[1m^[22m[39m[31m[1m^[22m[39m[31m[1m^[22m[39m[31
m[1m^[22m[39m[31m[1m^[22m[39m[31m[1m^[22m[39m[31m[1m
^[22m[39m[31m[1m^[22m[39m[31m[1m^[22m[39m[31m[1m^[22
m[39m[31m[1m^[22m[39m[31m[1m^[22m[39m[31m[1m^[22m[39
m[31m[1m^[22m[39m[31m[1m^[22m[39m[31m[1m^[22m[39m[31
m[1m^[22m[39m[31m[1m^[22m[39m[31m[1m^[22m[39m[31m[1m
^[22m[39m[31m[1m^[22m[39m[31m[1m^[22m[39m[31m[1m^[22
m[39m[31m[1m^[22m[39m[31m[1m^[22m[39m[31m[1m^[22m[39
m[31m[1m^[22m[39m[31m[1m^[22m[39m[31m[1m^[22m[39m[31
m[1m^[22m[39m[31m[1m^[22m[39m[31m[1m^[22m[39m[31m[1m
^[22m[39m[31m[1m^[22m[39m[31m[1m^[22m[39m[31m[1m^[22
m[39m[31m[1m^[22m[39m
 [90m 3 |[39m [36mimport[39m { [33mButton[39m } 
[36mfrom[39m [32m"@/components/ui/button"[39m[33m;[39m
 [90m 4 |[39m [36mimport[39m { [33mChevronRight[39m } 
[36mfrom[39m [32m"lucide-react"[39m[33m;[39m
 [90m 5 |[39m [36mimport[39m { getTranslations } 
[36mfrom[39m [32m"next-intl/server"[39m[33m;[39m[0m



https://nextjs.org/docs/messages/module-not-found


./src/app/[locale]/partners/page.tsx:2:1
Module not found: Can't resolve 
'@/components/shared/partner-card'
[0m [90m 1 |[39m [36mimport[39m [33mCustomBreadcrumbs[39m 
[36mfrom[39m 
[32m"@/components/shared/custom-breadcrumbs"[39m[33m;[39m
[31m[1m>[22m[39m[90m 2 |[39m [36mimport[39m 
[33mPartnerCard[39m [36mfrom[39m 
[32m"@/components/shared/partner-card"[39m[33m;[39m
 [90m   |[39m [31m[1m^[22m[39m[31m[1m^[22m[39m[31m[1m
^[22m[39m[31m[1m^[22m[39m[31m[1m^[22m[39m[31m[1m^[22
m[39m[31m[1m^[22m[39m[31m[1m^[22m[39m[31m[1m^[22m[39
m[31m[1m^[22m[39m[31m[1m^[22m[39m[31m[1m^[22m[39m[31
m[1m^[22m[39m[31m[1m^[22m[39m[31m[1m^[22m[39m[31m[1m
^[22m[39m[31m[1m^[22m[39m[31m[1m^[22m[39m[31m[1m^[22
m[39m[31m[1m^[22m[39m[31m[1m^[22m[39m[31m[1m^[22m[39
m[31m[1m^[22m[39m[31m[1m^[22m[39m[31m[1m^[22m[39m[31
m[1m^[22m[39m[31m[1m^[22m[39m[31m[1m^[22m[39m[31m[1m
^[22m[39m[31m[1m^[22m[39m[31m[1m^[22m[39m[31m[1m^[22
m[39m[31m[1m^[22m[39m[31m[1m^[22m[39m[31m[1m^[22m[39
m[31m[1m^[22m[39m[31m[1m^[22m[39m[31m[1m^[22m[39m[31
m[1m^[22m[39m[31m[1m^[22m[39m[31m[1m^[22m[39m[31m[1m
^[22m[39m[31m[1m^[22m[39m[31m[1m^[22m[39m[31m[1m^[22
m[39m[31m[1m^[22m[39m[31m[1m^[22m[39m[31m[1m^[22m[39
m[31m[1m^[22m[39m[31m[1m^[22m[39m[31m[1m^[22m[39m[31
m[1m^[22m[39m[31m[1m^[22m[39m[31m[1m^[22m[39m[31m[1m
^[22m[39m[31m[1m^[22m[39m[31m[1m^[22m[39m[31m[1m^[22
m[39m[31m[1m^[22m[39m
 [90m 3 |[39m [36mimport[39m { [33mButton[39m } 
[36mfrom[39m [32m"@/components/ui/button"[39m[33m;[39m
 [90m 4 |[39m [36mimport[39m { [33mChevronRight[39m } 
[36mfrom[39m [32m"lucide-react"[39m[33m;[39m
 [90m 5 |[39m [36mimport[39m { getTranslations } 
[36mfrom[39m [32m"next-intl/server"[39m[33m;[39m[0m



https://nextjs.org/docs/messages/module-not-found


./src/app/[locale]/packages/page.tsx:2:1
Module not found: Can't resolve '@/components/shared/plan-card'
[0m [90m 1 |[39m [36mimport[39m [33mCustomBreadcrumbs[39m 
[36mfrom[39m 
[32m"@/components/shared/custom-breadcrumbs"[39m[33m;[39m
[31m[1m>[22m[39m[90m 2 |[39m [36mimport[39m 
[33mPlanCard[39m [36mfrom[39m 
[32m"@/components/shared/plan-card"[39m[33m;[39m
 [90m   |[39m [31m[1m^[22m[39m[31m[1m^[22m[39m[31m[1m
^[22m[39m[31m[1m^[22m[39m[31m[1m^[22m[39m[31m[1m^[22
m[39m[31m[1m^[22m[39m[31m[1m^[22m[39m[31m[1m^[22m[39
m[31m[1m^[22m[39m[31m[1m^[22m[39m[31m[1m^[22m[39m[31
m[1m^[22m[39m[31m[1m^[22m[39m[31m[1m^[22m[39m[31m[1m
^[22m[39m[31m[1m^[22m[39m[31m[1m^[22m[39m[31m[1m^[22
m[39m[31m[1m^[22m[39m[31m[1m^[22m[39m[31m[1m^[22m[39
m[31m[1m^[22m[39m[31m[1m^[22m[39m[31m[1m^[22m[39m[31
m[1m^[22m[39m[31m[1m^[22m[39m[31m[1m^[22m[39m[31m[1m
^[22m[39m[31m[1m^[22m[39m[31m[1m^[22m[39m[31m[1m^[22
m[39m[31m[1m^[22m[39m[31m[1m^[22m[39m[31m[1m^[22m[39
m[31m[1m^[22m[39m[31m[1m^[22m[39m[31m[1m^[22m[39m[31
m[1m^[22m[39m[31m[1m^[22m[39m[31m[1m^[22m[39m[31m[1m
^[22m[39m[31m[1m^[22m[39m[31m[1m^[22m[39m[31m[1m^[22
m[39m[31m[1m^[22m[39m[31m[1m^[22m[39m[31m[1m^[22m[39
m[31m[1m^[22m[39m[31m[1m^[22m[39m[31m[1m^[22m[39m[31
m[1m^[22m[39m[31m[1m^[22m[39m
 [90m 3 |[39m [36mimport[39m [33mReact[39m [36mfrom[39m 
[32m"react"[39m[33m;[39m
 [90m 4 |[39m [36mimport[39m { getTranslations } 
[36mfrom[39m [32m"next-intl/server"[39m[33m;[39m
 [90m 5 |[39m [36mimport[39m {[0m



https://nextjs.org/docs/messages/module-not-found


./src/app/[locale]/packages/page.tsx:2:1
Module not found: Can't resolve '@/components/shared/plan-card'
[0m [90m 1 |[39m [36mimport[39m [33mCustomBreadcrumbs[39m 
[36mfrom[39m 
[32m"@/components/shared/custom-breadcrumbs"[39m[33m;[39m
[31m[1m>[22m[39m[90m 2 |[39m [36mimport[39m 
[33mPlanCard[39m [36mfrom[39m 
[32m"@/components/shared/plan-card"[39m[33m;[39m
 [90m   |[39m [31m[1m^[22m[39m[31m[1m^[22m[39m[31m[1m
^[22m[39m[31m[1m^[22m[39m[31m[1m^[22m[39m[31m[1m^[22
m[39m[31m[1m^[22m[39m[31m[1m^[22m[39m[31m[1m^[22m[39
m[31m[1m^[22m[39m[31m[1m^[22m[39m[31m[1m^[22m[39m[31
m[1m^[22m[39m[31m[1m^[22m[39m[31m[1m^[22m[39m[31m[1m
^[22m[39m[31m[1m^[22m[39m[31m[1m^[22m[39m[31m[1m^[22
m[39m[31m[1m^[22m[39m[31m[1m^[22m[39m[31m[1m^[22m[39
m[31m[1m^[22m[39m[31m[1m^[22m[39m[31m[1m^[22m[39m[31
m[1m^[22m[39m[31m[1m^[22m[39m[31m[1m^[22m[39m[31m[1m
^[22m[39m[31m[1m^[22m[39m[31m[1m^[22m[39m[31m[1m^[22
m[39m[31m[1m^[22m[39m[31m[1m^[22m[39m[31m[1m^[22m[39
m[31m[1m^[22m[39m[31m[1m^[22m[39m[31m[1m^[22m[39m[31
m[1m^[22m[39m[31m[1m^[22m[39m[31m[1m^[22m[39m[31m[1m
^[22m[39m[31m[1m^[22m[39m[31m[1m^[22m[39m[31m[1m^[22
m[39m[31m[1m^[22m[39m[31m[1m^[22m[39m[31m[1m^[22m[39
m[31m[1m^[22m[39m[31m[1m^[22m[39m[31m[1m^[22m[39m[31
m[1m^[22m[39m[31m[1m^[22m[39m
 [90m 3 |[39m [36mimport[39m [33mReact[39m [36mfrom[39m 
[32m"react"[39m[33m;[39m
 [90m 4 |[39m [36mimport[39m { getTranslations } 
[36mfrom[39m [32m"next-intl/server"[39m[33m;[39m
 [90m 5 |[39m [36mimport[39m {[0m



https://nextjs.org/docs/messages/module-not-found


./src/app/[locale]/partners/page.tsx:3:1
Module not found: Can't resolve '@/components/ui/button'
[0m [90m 1 |[39m [36mimport[39m [33mCustomBreadcrumbs[39m 
[36mfrom[39m 
[32m"@/components/shared/custom-breadcrumbs"[39m[33m;[39m
 [90m 2 |[39m [36mimport[39m [33mPartnerCard[39m 
[36mfrom[39m 
[32m"@/components/shared/partner-card"[39m[33m;[39m
[31m[1m>[22m[39m[90m 3 |[39m [36mimport[39m { 
[33mButton[39m } [36mfrom[39m 
[32m"@/components/ui/button"[39m[33m;[39m
 [90m   |[39m [31m[1m^[22m[39m[31m[1m^[22m[39m[31m[1m
^[22m[39m[31m[1m^[22m[39m[31m[1m^[22m[39m[31m[1m^[22
m[39m[31m[1m^[22m[39m[31m[1m^[22m[39m[31m[1m^[22m[39
m[31m[1m^[22m[39m[31m[1m^[22m[39m[31m[1m^[22m[39m[31
m[1m^[22m[39m[31m[1m^[22m[39m[31m[1m^[22m[39m[31m[1m
^[22m[39m[31m[1m^[22m[39m[31m[1m^[22m[39m[31m[1m^[22
m[39m[31m[1m^[22m[39m[31m[1m^[22m[39m[31m[1m^[22m[39
m[31m[1m^[22m[39m[31m[1m^[22m[39m[31m[1m^[22m[39m[31
m[1m^[22m[39m[31m[1m^[22m[39m[31m[1m^[22m[39m[31m[1m
^[22m[39m[31m[1m^[22m[39m[31m[1m^[22m[39m[31m[1m^[22
m[39m[31m[1m^[22m[39m[31m[1m^[22m[39m[31m[1m^[22m[39
m[31m[1m^[22m[39m[31m[1m^[22m[39m[31m[1m^[22m[39m[31
m[1m^[22m[39m[31m[1m^[22m[39m[31m[1m^[22m[39m[31m[1m
^[22m[39m[31m[1m^[22m[39m[31m[1m^[22m[39m[31m[1m^[22
m[39m[31m[1m^[22m[39m[31m[1m^[22m[39m[31m[1m^[22m[39
m
 [90m 4 |[39m [36mimport[39m { [33mChevronRight[39m } 
[36mfrom[39m [32m"lucide-react"[39m[33m;[39m
 [90m 5 |[39m [36mimport[39m { getTranslations } 
[36mfrom[39m [32m"next-intl/server"[39m[33m;[39m
 [90m 6 |[39m [36mimport[39m { getData } [36mfrom[39m 
[32m"@/lib/fetch-methods"[39m[33m;[39m[0m



https://nextjs.org/docs/messages/module-not-found


./src/app/[locale]/partners/page.tsx:3:1
Module not found: Can't resolve '@/components/ui/button'
[0m [90m 1 |[39m [36mimport[39m [33mCustomBreadcrumbs[39m 
[36mfrom[39m 
[32m"@/components/shared/custom-breadcrumbs"[39m[33m;[39m
 [90m 2 |[39m [36mimport[39m [33mPartnerCard[39m 
[36mfrom[39m 
[32m"@/components/shared/partner-card"[39m[33m;[39m
[31m[1m>[22m[39m[90m 3 |[39m [36mimport[39m { 
[33mButton[39m } [36mfrom[39m 
[32m"@/components/ui/button"[39m[33m;[39m
 [90m   |[39m [31m[1m^[22m[39m[31m[1m^[22m[39m[31m[1m
^[22m[39m[31m[1m^[22m[39m[31m[1m^[22m[39m[31m[1m^[22
m[39m[31m[1m^[22m[39m[31m[1m^[22m[39m[31m[1m^[22m[39
m[31m[1m^[22m[39m[31m[1m^[22m[39m[31m[1m^[22m[39m[31
m[1m^[22m[39m[31m[1m^[22m[39m[31m[1m^[22m[39m[31m[1m
^[22m[39m[31m[1m^[22m[39m[31m[1m^[22m[39m[31m[1m^[22
m[39m[31m[1m^[22m[39m[31m[1m^[22m[39m[31m[1m^[22m[39
m[31m[1m^[22m[39m[31m[1m^[22m[39m[31m[1m^[22m[39m[31
m[1m^[22m[39m[31m[1m^[22m[39m[31m[1m^[22m[39m[31m[1m
^[22m[39m[31m[1m^[22m[39m[31m[1m^[22m[39m[31m[1m^[22
m[39m[31m[1m^[22m[39m[31m[1m^[22m[39m[31m[1m^[22m[39
m[31m[1m^[22m[39m[31m[1m^[22m[39m[31m[1m^[22m[39m[31
m[1m^[22m[39m[31m[1m^[22m[39m[31m[1m^[22m[39m[31m[1m
^[22m[39m[31m[1m^[22m[39m[31m[1m^[22m[39m[31m[1m^[22
m[39m[31m[1m^[22m[39m[31m[1m^[22m[39m[31m[1m^[22m[39
m
 [90m 4 |[39m [36mimport[39m { [33mChevronRight[39m } 
[36mfrom[39m [32m"lucide-react"[39m[33m;[39m
 [90m 5 |[39m [36mimport[39m { getTranslations } 
[36mfrom[39m [32m"next-intl/server"[39m[33m;[39m
 [90m 6 |[39m [36mimport[39m { getData } [36mfrom[39m 
[32m"@/lib/fetch-methods"[39m[33m;[39m[0m



https://nextjs.org/docs/messages/module-not-found


./src/app/[locale]/deals/[id]/page.tsx:3:1
Module not found: Can't resolve '@/components/ui/card'
[0m [90m 1 |[39m [32m"use client"[39m[33m;[39m
 [90m 2 |[39m [36mimport[39m [33mCustomBreadcrumbs[39m 
[36mfrom[39m 
[32m"@/components/shared/custom-breadcrumbs"[39m[33m;[39m
[31m[1m>[22m[39m[90m 3 |[39m [36mimport[39m { 
[33mCard[39m[33m,[39m [33mCardContent[39m } [36mfrom[39m 
[32m"@/components/ui/card"[39m[33m;[39m
 [90m   |[39m [31m[1m^[22m[39m[31m[1m^[22m[39m[31m[1m
^[22m[39m[31m[1m^[22m[39m[31m[1m^[22m[39m[31m[1m^[22
m[39m[31m[1m^[22m[39m[31m[1m^[22m[39m[31m[1m^[22m[39
m[31m[1m^[22m[39m[31m[1m^[22m[39m[31m[1m^[22m[39m[31
m[1m^[22m[39m[31m[1m^[22m[39m[31m[1m^[22m[39m[31m[1m
^[22m[39m[31m[1m^[22m[39m[31m[1m^[22m[39m[31m[1m^[22
m[39m[31m[1m^[22m[39m[31m[1m^[22m[39m[31m[1m^[22m[39
m[31m[1m^[22m[39m[31m[1m^[22m[39m[31m[1m^[22m[39m[31
m[1m^[22m[39m[31m[1m^[22m[39m[31m[1m^[22m[39m[31m[1m
^[22m[39m[31m[1m^[22m[39m[31m[1m^[22m[39m[31m[1m^[22
m[39m[31m[1m^[22m[39m[31m[1m^[22m[39m[31m[1m^[22m[39
m[31m[1m^[22m[39m[31m[1m^[22m[39m[31m[1m^[22m[39m[31
m[1m^[22m[39m[31m[1m^[22m[39m[31m[1m^[22m[39m[31m[1m
^[22m[39m[31m[1m^[22m[39m[31m[1m^[22m[39m[31m[1m^[22
m[39m[31m[1m^[22m[39m[31m[1m^[22m[39m[31m[1m^[22m[39
m[31m[1m^[22m[39m[31m[1m^[22m[39m[31m[1m^[22m[39m[31
m[1m^[22m[39m[31m[1m^[22m[39m[31m[1m^[22m[39m[31m[1m
^[22m[39m[31m[1m^[22m[39m[31m[1m^[22m[39m
 [90m 4 |[39m [36mimport[39m {
 [90m 5 |[39m   [33mFaMoneyBillWave[39m[33m,[39m
 [90m 6 |[39m   [33mFaTag[39m[33m,[39m[0m



https://nextjs.org/docs/messages/module-not-found


./src/app/[locale]/deals/[id]/page.tsx:3:1
Module not found: Can't resolve '@/components/ui/card'
[0m [90m 1 |[39m [32m"use client"[39m[33m;[39m
 [90m 2 |[39m [36mimport[39m [33mCustomBreadcrumbs[39m 
[36mfrom[39m 
[32m"@/components/shared/custom-breadcrumbs"[39m[33m;[39m
[31m[1m>[22m[39m[90m 3 |[39m [36mimport[39m { 
[33mCard[39m[33m,[39m [33mCardContent[39m } [36mfrom[39m 
[32m"@/components/ui/card"[39m[33m;[39m
 [90m   |[39m [31m[1m^[22m[39m[31m[1m^[22m[39m[31m[1m
^[22m[39m[31m[1m^[22m[39m[31m[1m^[22m[39m[31m[1m^[22
m[39m[31m[1m^[22m[39m[31m[1m^[22m[39m[31m[1m^[22m[39
m[31m[1m^[22m[39m[31m[1m^[22m[39m[31m[1m^[22m[39m[31
m[1m^[22m[39m[31m[1m^[22m[39m[31m[1m^[22m[39m[31m[1m
^[22m[39m[31m[1m^[22m[39m[31m[1m^[22m[39m[31m[1m^[22
m[39m[31m[1m^[22m[39m[31m[1m^[22m[39m[31m[1m^[22m[39
m[31m[1m^[22m[39m[31m[1m^[22m[39m[31m[1m^[22m[39m[31
m[1m^[22m[39m[31m[1m^[22m[39m[31m[1m^[22m[39m[31m[1m
^[22m[39m[31m[1m^[22m[39m[31m[1m^[22m[39m[31m[1m^[22
m[39m[31m[1m^[22m[39m[31m[1m^[22m[39m[31m[1m^[22m[39
m[31m[1m^[22m[39m[31m[1m^[22m[39m[31m[1m^[22m[39m[31
m[1m^[22m[39m[31m[1m^[22m[39m[31m[1m^[22m[39m[31m[1m
^[22m[39m[31m[1m^[22m[39m[31m[1m^[22m[39m[31m[1m^[22
m[39m[31m[1m^[22m[39m[31m[1m^[22m[39m[31m[1m^[22m[39
m[31m[1m^[22m[39m[31m[1m^[22m[39m[31m[1m^[22m[39m[31
m[1m^[22m[39m[31m[1m^[22m[39m[31m[1m^[22m[39m[31m[1m
^[22m[39m[31m[1m^[22m[39m[31m[1m^[22m[39m
 [90m 4 |[39m [36mimport[39m {
 [90m 5 |[39m   [33mFaMoneyBillWave[39m[33m,[39m
 [90m 6 |[39m   [33mFaTag[39m[33m,[39m[0m



https://nextjs.org/docs/messages/module-not-found


./src/app/[locale]/deals/[id]/page.tsx:3:1
Module not found: Can't resolve '@/components/ui/card'
[0m [90m 1 |[39m [32m"use client"[39m[33m;[39m
 [90m 2 |[39m [36mimport[39m [33mCustomBreadcrumbs[39m 
[36mfrom[39m 
[32m"@/components/shared/custom-breadcrumbs"[39m[33m;[39m
[31m[1m>[22m[39m[90m 3 |[39m [36mimport[39m { 
[33mCard[39m[33m,[39m [33mCardContent[39m } [36mfrom[39m 
[32m"@/components/ui/card"[39m[33m;[39m
 [90m   |[39m [31m[1m^[22m[39m[31m[1m^[22m[39m[31m[1m
^[22m[39m[31m[1m^[22m[39m[31m[1m^[22m[39m[31m[1m^[22
m[39m[31m[1m^[22m[39m[31m[1m^[22m[39m[31m[1m^[22m[39
m[31m[1m^[22m[39m[31m[1m^[22m[39m[31m[1m^[22m[39m[31
m[1m^[22m[39m[31m[1m^[22m[39m[31m[1m^[22m[39m[31m[1m
^[22m[39m[31m[1m^[22m[39m[31m[1m^[22m[39m[31m[1m^[22
m[39m[31m[1m^[22m[39m[31m[1m^[22m[39m[31m[1m^[22m[39
m[31m[1m^[22m[39m[31m[1m^[22m[39m[31m[1m^[22m[39m[31
m[1m^[22m[39m[31m[1m^[22m[39m[31m[1m^[22m[39m[31m[1m
^[22m[39m[31m[1m^[22m[39m[31m[1m^[22m[39m[31m[1m^[22
m[39m[31m[1m^[22m[39m[31m[1m^[22m[39m[31m[1m^[22m[39
m[31m[1m^[22m[39m[31m[1m^[22m[39m[31m[1m^[22m[39m[31
m[1m^[22m[39m[31m[1m^[22m[39m[31m[1m^[22m[39m[31m[1m
^[22m[39m[31m[1m^[22m[39m[31m[1m^[22m[39m[31m[1m^[22
m[39m[31m[1m^[22m[39m[31m[1m^[22m[39m[31m[1m^[22m[39
m[31m[1m^[22m[39m[31m[1m^[22m[39m[31m[1m^[22m[39m[31
m[1m^[22m[39m[31m[1m^[22m[39m[31m[1m^[22m[39m[31m[1m
^[22m[39m[31m[1m^[22m[39m[31m[1m^[22m[39m
 [90m 4 |[39m [36mimport[39m {
 [90m 5 |[39m   [33mFaMoneyBillWave[39m[33m,[39m
 [90m 6 |[39m   [33mFaTag[39m[33m,[39m[0m



https://nextjs.org/docs/messages/module-not-found


./src/app/[locale]/deals/[id]/page.tsx:3:1
Module not found: Can't resolve '@/components/ui/card'
[0m [90m 1 |[39m [32m"use client"[39m[33m;[39m
 [90m 2 |[39m [36mimport[39m [33mCustomBreadcrumbs[39m 
[36mfrom[39m 
[32m"@/components/shared/custom-breadcrumbs"[39m[33m;[39m
[31m[1m>[22m[39m[90m 3 |[39m [36mimport[39m { 
[33mCard[39m[33m,[39m [33mCardContent[39m } [36mfrom[39m 
[32m"@/components/ui/card"[39m[33m;[39m
 [90m   |[39m [31m[1m^[22m[39m[31m[1m^[22m[39m[31m[1m
^[22m[39m[31m[1m^[22m[39m[31m[1m^[22m[39m[31m[1m^[22
m[39m[31m[1m^[22m[39m[31m[1m^[22m[39m[31m[1m^[22m[39
m[31m[1m^[22m[39m[31m[1m^[22m[39m[31m[1m^[22m[39m[31
m[1m^[22m[39m[31m[1m^[22m[39m[31m[1m^[22m[39m[31m[1m
^[22m[39m[31m[1m^[22m[39m[31m[1m^[22m[39m[31m[1m^[22
m[39m[31m[1m^[22m[39m[31m[1m^[22m[39m[31m[1m^[22m[39
m[31m[1m^[22m[39m[31m[1m^[22m[39m[31m[1m^[22m[39m[31
m[1m^[22m[39m[31m[1m^[22m[39m[31m[1m^[22m[39m[31m[1m
^[22m[39m[31m[1m^[22m[39m[31m[1m^[22m[39m[31m[1m^[22
m[39m[31m[1m^[22m[39m[31m[1m^[22m[39m[31m[1m^[22m[39
m[31m[1m^[22m[39m[31m[1m^[22m[39m[31m[1m^[22m[39m[31
m[1m^[22m[39m[31m[1m^[22m[39m[31m[1m^[22m[39m[31m[1m
^[22m[39m[31m[1m^[22m[39m[31m[1m^[22m[39m[31m[1m^[22
m[39m[31m[1m^[22m[39m[31m[1m^[22m[39m[31m[1m^[22m[39
m[31m[1m^[22m[39m[31m[1m^[22m[39m[31m[1m^[22m[39m[31
m[1m^[22m[39m[31m[1m^[22m[39m[31m[1m^[22m[39m[31m[1m
^[22m[39m[31m[1m^[22m[39m[31m[1m^[22m[39m
 [90m 4 |[39m [36mimport[39m {
 [90m 5 |[39m   [33mFaMoneyBillWave[39m[33m,[39m
 [90m 6 |[39m   [33mFaTag[39m[33m,[39m[0m



https://nextjs.org/docs/messages/module-not-found


./src/app/[locale]/deals/[id]/page.tsx:3:1
Module not found: Can't resolve '@/components/ui/card'
[0m [90m 1 |[39m [32m"use client"[39m[33m;[39m
 [90m 2 |[39m [36mimport[39m [33mCustomBreadcrumbs[39m 
[36mfrom[39m 
[32m"@/components/shared/custom-breadcrumbs"[39m[33m;[39m
[31m[1m>[22m[39m[90m 3 |[39m [36mimport[39m { 
[33mCard[39m[33m,[39m [33mCardContent[39m } [36mfrom[39m 
[32m"@/components/ui/card"[39m[33m;[39m
 [90m   |[39m [31m[1m^[22m[39m[31m[1m^[22m[39m[31m[1m
^[22m[39m[31m[1m^[22m[39m[31m[1m^[22m[39m[31m[1m^[22
m[39m[31m[1m^[22m[39m[31m[1m^[22m[39m[31m[1m^[22m[39
m[31m[1m^[22m[39m[31m[1m^[22m[39m[31m[1m^[22m[39m[31
m[1m^[22m[39m[31m[1m^[22m[39m[31m[1m^[22m[39m[31m[1m
^[22m[39m[31m[1m^[22m[39m[31m[1m^[22m[39m[31m[1m^[22
m[39m[31m[1m^[22m[39m[31m[1m^[22m[39m[31m[1m^[22m[39
m[31m[1m^[22m[39m[31m[1m^[22m[39m[31m[1m^[22m[39m[31
m[1m^[22m[39m[31m[1m^[22m[39m[31m[1m^[22m[39m[31m[1m
^[22m[39m[31m[1m^[22m[39m[31m[1m^[22m[39m[31m[1m^[22
m[39m[31m[1m^[22m[39m[31m[1m^[22m[39m[31m[1m^[22m[39
m[31m[1m^[22m[39m[31m[1m^[22m[39m[31m[1m^[22m[39m[31
m[1m^[22m[39m[31m[1m^[22m[39m[31m[1m^[22m[39m[31m[1m
^[22m[39m[31m[1m^[22m[39m[31m[1m^[22m[39m[31m[1m^[22
m[39m[31m[1m^[22m[39m[31m[1m^[22m[39m[31m[1m^[22m[39
m[31m[1m^[22m[39m[31m[1m^[22m[39m[31m[1m^[22m[39m[31
m[1m^[22m[39m[31m[1m^[22m[39m[31m[1m^[22m[39m[31m[1m
^[22m[39m[31m[1m^[22m[39m[31m[1m^[22m[39m
 [90m 4 |[39m [36mimport[39m {
 [90m 5 |[39m   [33mFaMoneyBillWave[39m[33m,[39m
 [90m 6 |[39m   [33mFaTag[39m[33m,[39m[0m



https://nextjs.org/docs/messages/module-not-found


./src/app/[locale]/deals/[id]/page.tsx:3:1
Module not found: Can't resolve '@/components/ui/card'
[0m [90m 1 |[39m [32m"use client"[39m[33m;[39m
 [90m 2 |[39m [36mimport[39m [33mCustomBreadcrumbs[39m 
[36mfrom[39m 
[32m"@/components/shared/custom-breadcrumbs"[39m[33m;[39m
[31m[1m>[22m[39m[90m 3 |[39m [36mimport[39m { 
[33mCard[39m[33m,[39m [33mCardContent[39m } [36mfrom[39m 
[32m"@/components/ui/card"[39m[33m;[39m
 [90m   |[39m [31m[1m^[22m[39m[31m[1m^[22m[39m[31m[1m
^[22m[39m[31m[1m^[22m[39m[31m[1m^[22m[39m[31m[1m^[22
m[39m[31m[1m^[22m[39m[31m[1m^[22m[39m[31m[1m^[22m[39
m[31m[1m^[22m[39m[31m[1m^[22m[39m[31m[1m^[22m[39m[31
m[1m^[22m[39m[31m[1m^[22m[39m[31m[1m^[22m[39m[31m[1m
^[22m[39m[31m[1m^[22m[39m[31m[1m^[22m[39m[31m[1m^[22
m[39m[31m[1m^[22m[39m[31m[1m^[22m[39m[31m[1m^[22m[39
m[31m[1m^[22m[39m[31m[1m^[22m[39m[31m[1m^[22m[39m[31
m[1m^[22m[39m[31m[1m^[22m[39m[31m[1m^[22m[39m[31m[1m
^[22m[39m[31m[1m^[22m[39m[31m[1m^[22m[39m[31m[1m^[22
m[39m[31m[1m^[22m[39m[31m[1m^[22m[39m[31m[1m^[22m[39
m[31m[1m^[22m[39m[31m[1m^[22m[39m[31m[1m^[22m[39m[31
m[1m^[22m[39m[31m[1m^[22m[39m[31m[1m^[22m[39m[31m[1m
^[22m[39m[31m[1m^[22m[39m[31m[1m^[22m[39m[31m[1m^[22
m[39m[31m[1m^[22m[39m[31m[1m^[22m[39m[31m[1m^[22m[39
m[31m[1m^[22m[39m[31m[1m^[22m[39m[31m[1m^[22m[39m[31
m[1m^[22m[39m[31m[1m^[22m[39m[31m[1m^[22m[39m[31m[1m
^[22m[39m[31m[1m^[22m[39m[31m[1m^[22m[39m
 [90m 4 |[39m [36mimport[39m {
 [90m 5 |[39m   [33mFaMoneyBillWave[39m[33m,[39m
 [90m 6 |[39m   [33mFaTag[39m[33m,[39m[0m



https://nextjs.org/docs/messages/module-not-found


./src/app/[locale]/deals/page.tsx:9:1
Module not found: Can't resolve '@/components/ui/dialog'
[0m [90m  7 |[39m [36mimport[39m { 
[33mFaLocationArrow[39m[33m,[39m [33mFaPlus[39m } 
[36mfrom[39m [32m"react-icons/fa"[39m[33m;[39m
 [90m  8 |[39m [36mimport[39m { 
[33mMdOutlineLocationOn[39m } [36mfrom[39m 
[32m"react-icons/md"[39m[33m;[39m
[31m[1m>[22m[39m[90m  9 |[39m [36mimport[39m {
 [90m    |[39m [31m[1m^[22m[39m[31m[1m^[22m[39m[31m[1
m^[22m[39m[31m[1m^[22m[39m[31m[1m^[22m[39m[31m[1m^[2
2m[39m[31m[1m^[22m[39m[31m[1m^[22m[39m
[31m[1m>[22m[39m[90m 10 |[39m   [33mDialog[39m[33m,[39m
 [90m    |[39m [31m[1m^[22m[39m[31m[1m^[22m[39m[31m[1
m^[22m[39m[31m[1m^[22m[39m[31m[1m^[22m[39m[31m[1m^[2
2m[39m[31m[1m^[22m[39m[31m[1m^[22m[39m[31m[1m^[22m[3
9m
[31m[1m>[22m[39m[90m 11 |[39m   
[33mDialogContent[39m[33m,[39m
 [90m    |[39m [31m[1m^[22m[39m[31m[1m^[22m[39m[31m[1
m^[22m[39m[31m[1m^[22m[39m[31m[1m^[22m[39m[31m[1m^[2
2m[39m[31m[1m^[22m[39m[31m[1m^[22m[39m[31m[1m^[22m[3
9m
[31m[1m>[22m[39m[90m 12 |[39m   
[33mDialogDescription[39m[33m,[39m
 [90m    |[39m [31m[1m^[22m[39m[31m[1m^[22m[39m[31m[1
m^[22m[39m[31m[1m^[22m[39m[31m[1m^[22m[39m[31m[1m^[2
2m[39m[31m[1m^[22m[39m[31m[1m^[22m[39m[31m[1m^[22m[3
9m
[31m[1m>[22m[39m[90m 13 |[39m   
[33mDialogHeader[39m[33m,[39m
 [90m    |[39m [31m[1m^[22m[39m[31m[1m^[22m[39m[31m[1
m^[22m[39m[31m[1m^[22m[39m[31m[1m^[22m[39m[31m[1m^[2
2m[39m[31m[1m^[22m[39m[31m[1m^[22m[39m[31m[1m^[22m[3
9m
[31m[1m>[22m[39m[90m 14 |[39m   
[33mDialogTitle[39m[33m,[39m
 [90m    |[39m [31m[1m^[22m[39m[31m[1m^[22m[39m[31m[1
m^[22m[39m[31m[1m^[22m[39m[31m[1m^[22m[39m[31m[1m^[2
2m[39m[31m[1m^[22m[39m[31m[1m^[22m[39m[31m[1m^[22m[3
9m
[31m[1m>[22m[39m[90m 15 |[39m   
[33mDialogTrigger[39m[33m,[39m
 [90m    |[39m [31m[1m^[22m[39m[31m[1m^[22m[39m[31m[1
m^[22m[39m[31m[1m^[22m[39m[31m[1m^[22m[39m[31m[1m^[2
2m[39m[31m[1m^[22m[39m[31m[1m^[22m[39m[31m[1m^[22m[3
9m
[31m[1m>[22m[39m[90m 16 |[39m } [36mfrom[39m 
[32m"@/components/ui/dialog"[39m[33m;[39m
 [90m    |[39m [31m[1m^[22m[39m[31m[1m^[22m[39m[31m[1
m^[22m[39m[31m[1m^[22m[39m[31m[1m^[22m[39m[31m[1m^[2
2m[39m[31m[1m^[22m[39m[31m[1m^[22m[39m[31m[1m^[22m[3
9m[31m[1m^[22m[39m[31m[1m^[22m[39m[31m[1m^[22m[39m[3
1m[1m^[22m[39m[31m[1m^[22m[39m[31m[1m^[22m[39m[31m[1
m^[22m[39m[31m[1m^[22m[39m[31m[1m^[22m[39m[31m[1m^[2
2m[39m[31m[1m^[22m[39m[31m[1m^[22m[39m[31m[1m^[22m[3
9m[31m[1m^[22m[39m[31m[1m^[22m[39m[31m[1m^[22m[39m[3
1m[1m^[22m[39m[31m[1m^[22m[39m[31m[1m^[22m[39m[31m[1
m^[22m[39m[31m[1m^[22m[39m[31m[1m^[22m[39m[31m[1m^[2
2m[39m[31m[1m^[22m[39m
 [90m 17 |[39m [36mimport[39m [33mAddDealForm[39m 
[36mfrom[39m 
[32m"@/components/deals/add-deal-form"[39m[33m;[39m
 [90m 18 |[39m [36mimport[39m [33mDealsTable[39m 
[36mfrom[39m 
[32m"@/components/shared/deals-table"[39m[33m;[39m
 [90m 19 |[39m [36mimport[39m { getDirectDeals } 
[36mfrom[39m [32m"@/actions/deals"[39m[33m;[39m[0m



https://nextjs.org/docs/messages/module-not-found


./src/app/[locale]/deals/page.tsx:9:1
Module not found: Can't resolve '@/components/ui/dialog'
[0m [90m  7 |[39m [36mimport[39m { 
[33mFaLocationArrow[39m[33m,[39m [33mFaPlus[39m } 
[36mfrom[39m [32m"react-icons/fa"[39m[33m;[39m
 [90m  8 |[39m [36mimport[39m { 
[33mMdOutlineLocationOn[39m } [36mfrom[39m 
[32m"react-icons/md"[39m[33m;[39m
[31m[1m>[22m[39m[90m  9 |[39m [36mimport[39m {
 [90m    |[39m [31m[1m^[22m[39m[31m[1m^[22m[39m[31m[1
m^[22m[39m[31m[1m^[22m[39m[31m[1m^[22m[39m[31m[1m^[2
2m[39m[31m[1m^[22m[39m[31m[1m^[22m[39m
[31m[1m>[22m[39m[90m 10 |[39m   [33mDialog[39m[33m,[39m
 [90m    |[39m [31m[1m^[22m[39m[31m[1m^[22m[39m[31m[1
m^[22m[39m[31m[1m^[22m[39m[31m[1m^[22m[39m[31m[1m^[2
2m[39m[31m[1m^[22m[39m[31m[1m^[22m[39m[31m[1m^[22m[3
9m
[31m[1m>[22m[39m[90m 11 |[39m   
[33mDialogContent[39m[33m,[39m
 [90m    |[39m [31m[1m^[22m[39m[31m[1m^[22m[39m[31m[1
m^[22m[39m[31m[1m^[22m[39m[31m[1m^[22m[39m[31m[1m^[2
2m[39m[31m[1m^[22m[39m[31m[1m^[22m[39m[31m[1m^[22m[3
9m
[31m[1m>[22m[39m[90m 12 |[39m   
[33mDialogDescription[39m[33m,[39m
 [90m    |[39m [31m[1m^[22m[39m[31m[1m^[22m[39m[31m[1
m^[22m[39m[31m[1m^[22m[39m[31m[1m^[22m[39m[31m[1m^[2
2m[39m[31m[1m^[22m[39m[31m[1m^[22m[39m[31m[1m^[22m[3
9m
[31m[1m>[22m[39m[90m 13 |[39m   
[33mDialogHeader[39m[33m,[39m
 [90m    |[39m [31m[1m^[22m[39m[31m[1m^[22m[39m[31m[1
m^[22m[39m[31m[1m^[22m[39m[31m[1m^[22m[39m[31m[1m^[2
2m[39m[31m[1m^[22m[39m[31m[1m^[22m[39m[31m[1m^[22m[3
9m
[31m[1m>[22m[39m[90m 14 |[39m   
[33mDialogTitle[39m[33m,[39m
 [90m    |[39m [31m[1m^[22m[39m[31m[1m^[22m[39m[31m[1
m^[22m[39m[31m[1m^[22m[39m[31m[1m^[22m[39m[31m[1m^[2
2m[39m[31m[1m^[22m[39m[31m[1m^[22m[39m[31m[1m^[22m[3
9m
[31m[1m>[22m[39m[90m 15 |[39m   
[33mDialogTrigger[39m[33m,[39m
 [90m    |[39m [31m[1m^[22m[39m[31m[1m^[22m[39m[31m[1
m^[22m[39m[31m[1m^[22m[39m[31m[1m^[22m[39m[31m[1m^[2
2m[39m[31m[1m^[22m[39m[31m[1m^[22m[39m[31m[1m^[22m[3
9m
[31m[1m>[22m[39m[90m 16 |[39m } [36mfrom[39m 
[32m"@/components/ui/dialog"[39m[33m;[39m
 [90m    |[39m [31m[1m^[22m[39m[31m[1m^[22m[39m[31m[1
m^[22m[39m[31m[1m^[22m[39m[31m[1m^[22m[39m[31m[1m^[2
2m[39m[31m[1m^[22m[39m[31m[1m^[22m[39m[31m[1m^[22m[3
9m[31m[1m^[22m[39m[31m[1m^[22m[39m[31m[1m^[22m[39m[3
1m[1m^[22m[39m[31m[1m^[22m[39m[31m[1m^[22m[39m[31m[1
m^[22m[39m[31m[1m^[22m[39m[31m[1m^[22m[39m[31m[1m^[2
2m[39m[31m[1m^[22m[39m[31m[1m^[22m[39m[31m[1m^[22m[3
9m[31m[1m^[22m[39m[31m[1m^[22m[39m[31m[1m^[22m[39m[3
1m[1m^[22m[39m[31m[1m^[22m[39m[31m[1m^[22m[39m[31m[1
m^[22m[39m[31m[1m^[22m[39m[31m[1m^[22m[39m[31m[1m^[2
2m[39m[31m[1m^[22m[39m
 [90m 17 |[39m [36mimport[39m [33mAddDealForm[39m 
[36mfrom[39m 
[32m"@/components/deals/add-deal-form"[39m[33m;[39m
 [90m 18 |[39m [36mimport[39m [33mDealsTable[39m 
[36mfrom[39m 
[32m"@/components/shared/deals-table"[39m[33m;[39m
 [90m 19 |[39m [36mimport[39m { getDirectDeals } 
[36mfrom[39m [32m"@/actions/deals"[39m[33m;[39m[0m



https://nextjs.org/docs/messages/module-not-found


./src/app/[locale]/deals/page.tsx:9:1
Module not found: Can't resolve '@/components/ui/dialog'
[0m [90m  7 |[39m [36mimport[39m { 
[33mFaLocationArrow[39m[33m,[39m [33mFaPlus[39m } 
[36mfrom[39m [32m"react-icons/fa"[39m[33m;[39m
 [90m  8 |[39m [36mimport[39m { 
[33mMdOutlineLocationOn[39m } [36mfrom[39m 
[32m"react-icons/md"[39m[33m;[39m
[31m[1m>[22m[39m[90m  9 |[39m [36mimport[39m {
 [90m    |[39m [31m[1m^[22m[39m[31m[1m^[22m[39m[31m[1
m^[22m[39m[31m[1m^[22m[39m[31m[1m^[22m[39m[31m[1m^[2
2m[39m[31m[1m^[22m[39m[31m[1m^[22m[39m
[31m[1m>[22m[39m[90m 10 |[39m   [33mDialog[39m[33m,[39m
 [90m    |[39m [31m[1m^[22m[39m[31m[1m^[22m[39m[31m[1
m^[22m[39m[31m[1m^[22m[39m[31m[1m^[22m[39m[31m[1m^[2
2m[39m[31m[1m^[22m[39m[31m[1m^[22m[39m[31m[1m^[22m[3
9m
[31m[1m>[22m[39m[90m 11 |[39m   
[33mDialogContent[39m[33m,[39m
 [90m    |[39m [31m[1m^[22m[39m[31m[1m^[22m[39m[31m[1
m^[22m[39m[31m[1m^[22m[39m[31m[1m^[22m[39m[31m[1m^[2
2m[39m[31m[1m^[22m[39m[31m[1m^[22m[39m[31m[1m^[22m[3
9m
[31m[1m>[22m[39m[90m 12 |[39m   
[33mDialogDescription[39m[33m,[39m
 [90m    |[39m [31m[1m^[22m[39m[31m[1m^[22m[39m[31m[1
m^[22m[39m[31m[1m^[22m[39m[31m[1m^[22m[39m[31m[1m^[2
2m[39m[31m[1m^[22m[39m[31m[1m^[22m[39m[31m[1m^[22m[3
9m
[31m[1m>[22m[39m[90m 13 |[39m   
[33mDialogHeader[39m[33m,[39m
 [90m    |[39m [31m[1m^[22m[39m[31m[1m^[22m[39m[31m[1
m^[22m[39m[31m[1m^[22m[39m[31m[1m^[22m[39m[31m[1m^[2
2m[39m[31m[1m^[22m[39m[31m[1m^[22m[39m[31m[1m^[22m[3
9m
[31m[1m>[22m[39m[90m 14 |[39m   
[33mDialogTitle[39m[33m,[39m
 [90m    |[39m [31m[1m^[22m[39m[31m[1m^[22m[39m[31m[1
m^[22m[39m[31m[1m^[22m[39m[31m[1m^[22m[39m[31m[1m^[2
2m[39m[31m[1m^[22m[39m[31m[1m^[22m[39m[31m[1m^[22m[3
9m
[31m[1m>[22m[39m[90m 15 |[39m   
[33mDialogTrigger[39m[33m,[39m
 [90m    |[39m [31m[1m^[22m[39m[31m[1m^[22m[39m[31m[1
m^[22m[39m[31m[1m^[22m[39m[31m[1m^[22m[39m[31m[1m^[2
2m[39m[31m[1m^[22m[39m[31m[1m^[22m[39m[31m[1m^[22m[3
9m
[31m[1m>[22m[39m[90m 16 |[39m } [36mfrom[39m 
[32m"@/components/ui/dialog"[39m[33m;[39m
 [90m    |[39m [31m[1m^[22m[39m[31m[1m^[22m[39m[31m[1
m^[22m[39m[31m[1m^[22m[39m[31m[1m^[22m[39m[31m[1m^[2
2m[39m[31m[1m^[22m[39m[31m[1m^[22m[39m[31m[1m^[22m[3
9m[31m[1m^[22m[39m[31m[1m^[22m[39m[31m[1m^[22m[39m[3
1m[1m^[22m[39m[31m[1m^[22m[39m[31m[1m^[22m[39m[31m[1
m^[22m[39m[31m[1m^[22m[39m[31m[1m^[22m[39m[31m[1m^[2
2m[39m[31m[1m^[22m[39m[31m[1m^[22m[39m[31m[1m^[22m[3
9m[31m[1m^[22m[39m[31m[1m^[22m[39m[31m[1m^[22m[39m[3
1m[1m^[22m[39m[31m[1m^[22m[39m[31m[1m^[22m[39m[31m[1
m^[22m[39m[31m[1m^[22m[39m[31m[1m^[22m[39m[31m[1m^[2
2m[39m[31m[1m^[22m[39m
 [90m 17 |[39m [36mimport[39m [33mAddDealForm[39m 
[36mfrom[39m 
[32m"@/components/deals/add-deal-form"[39m[33m;[39m
 [90m 18 |[39m [36mimport[39m [33mDealsTable[39m 
[36mfrom[39m 
[32m"@/components/shared/deals-table"[39m[33m;[39m
 [90m 19 |[39m [36mimport[39m { getDirectDeals } 
[36mfrom[39m [32m"@/actions/deals"[39m[33m;[39m[0m



https://nextjs.org/docs/messages/module-not-found


./src/app/[locale]/deals/page.tsx:9:1
Module not found: Can't resolve '@/components/ui/dialog'
[0m [90m  7 |[39m [36mimport[39m { 
[33mFaLocationArrow[39m[33m,[39m [33mFaPlus[39m } 
[36mfrom[39m [32m"react-icons/fa"[39m[33m;[39m
 [90m  8 |[39m [36mimport[39m { 
[33mMdOutlineLocationOn[39m } [36mfrom[39m 
[32m"react-icons/md"[39m[33m;[39m
[31m[1m>[22m[39m[90m  9 |[39m [36mimport[39m {
 [90m    |[39m [31m[1m^[22m[39m[31m[1m^[22m[39m[31m[1
m^[22m[39m[31m[1m^[22m[39m[31m[1m^[22m[39m[31m[1m^[2
2m[39m[31m[1m^[22m[39m[31m[1m^[22m[39m
[31m[1m>[22m[39m[90m 10 |[39m   [33mDialog[39m[33m,[39m
 [90m    |[39m [31m[1m^[22m[39m[31m[1m^[22m[39m[31m[1
m^[22m[39m[31m[1m^[22m[39m[31m[1m^[22m[39m[31m[1m^[2
2m[39m[31m[1m^[22m[39m[31m[1m^[22m[39m[31m[1m^[22m[3
9m
[31m[1m>[22m[39m[90m 11 |[39m   
[33mDialogContent[39m[33m,[39m
 [90m    |[39m [31m[1m^[22m[39m[31m[1m^[22m[39m[31m[1
m^[22m[39m[31m[1m^[22m[39m[31m[1m^[22m[39m[31m[1m^[2
2m[39m[31m[1m^[22m[39m[31m[1m^[22m[39m[31m[1m^[22m[3
9m
[31m[1m>[22m[39m[90m 12 |[39m   
[33mDialogDescription[39m[33m,[39m
 [90m    |[39m [31m[1m^[22m[39m[31m[1m^[22m[39m[31m[1
m^[22m[39m[31m[1m^[22m[39m[31m[1m^[22m[39m[31m[1m^[2
2m[39m[31m[1m^[22m[39m[31m[1m^[22m[39m[31m[1m^[22m[3
9m
[31m[1m>[22m[39m[90m 13 |[39m   
[33mDialogHeader[39m[33m,[39m
 [90m    |[39m [31m[1m^[22m[39m[31m[1m^[22m[39m[31m[1
m^[22m[39m[31m[1m^[22m[39m[31m[1m^[22m[39m[31m[1m^[2
2m[39m[31m[1m^[22m[39m[31m[1m^[22m[39m[31m[1m^[22m[3
9m
[31m[1m>[22m[39m[90m 14 |[39m   
[33mDialogTitle[39m[33m,[39m
 [90m    |[39m [31m[1m^[22m[39m[31m[1m^[22m[39m[31m[1
m^[22m[39m[31m[1m^[22m[39m[31m[1m^[22m[39m[31m[1m^[2
2m[39m[31m[1m^[22m[39m[31m[1m^[22m[39m[31m[1m^[22m[3
9m
[31m[1m>[22m[39m[90m 15 |[39m   
[33mDialogTrigger[39m[33m,[39m
 [90m    |[39m [31m[1m^[22m[39m[31m[1m^[22m[39m[31m[1
m^[22m[39m[31m[1m^[22m[39m[31m[1m^[22m[39m[31m[1m^[2
2m[39m[31m[1m^[22m[39m[31m[1m^[22m[39m[31m[1m^[22m[3
9m
[31m[1m>[22m[39m[90m 16 |[39m } [36mfrom[39m 
[32m"@/components/ui/dialog"[39m[33m;[39m
 [90m    |[39m [31m[1m^[22m[39m[31m[1m^[22m[39m[31m[1
m^[22m[39m[31m[1m^[22m[39m[31m[1m^[22m[39m[31m[1m^[2
2m[39m[31m[1m^[22m[39m[31m[1m^[22m[39m[31m[1m^[22m[3
9m[31m[1m^[22m[39m[31m[1m^[22m[39m[31m[1m^[22m[39m[3
1m[1m^[22m[39m[31m[1m^[22m[39m[31m[1m^[22m[39m[31m[1
m^[22m[39m[31m[1m^[22m[39m[31m[1m^[22m[39m[31m[1m^[2
2m[39m[31m[1m^[22m[39m[31m[1m^[22m[39m[31m[1m^[22m[3
9m[31m[1m^[22m[39m[31m[1m^[22m[39m[31m[1m^[22m[39m[3
1m[1m^[22m[39m[31m[1m^[22m[39m[31m[1m^[22m[39m[31m[1
m^[22m[39m[31m[1m^[22m[39m[31m[1m^[22m[39m[31m[1m^[2
2m[39m[31m[1m^[22m[39m
 [90m 17 |[39m [36mimport[39m [33mAddDealForm[39m 
[36mfrom[39m 
[32m"@/components/deals/add-deal-form"[39m[33m;[39m
 [90m 18 |[39m [36mimport[39m [33mDealsTable[39m 
[36mfrom[39m 
[32m"@/components/shared/deals-table"[39m[33m;[39m
 [90m 19 |[39m [36mimport[39m { getDirectDeals } 
[36mfrom[39m [32m"@/actions/deals"[39m[33m;[39m[0m



https://nextjs.org/docs/messages/module-not-found


./src/app/[locale]/deals/page.tsx:9:1
Module not found: Can't resolve '@/components/ui/dialog'
[0m [90m  7 |[39m [36mimport[39m { 
[33mFaLocationArrow[39m[33m,[39m [33mFaPlus[39m } 
[36mfrom[39m [32m"react-icons/fa"[39m[33m;[39m
 [90m  8 |[39m [36mimport[39m { 
[33mMdOutlineLocationOn[39m } [36mfrom[39m 
[32m"react-icons/md"[39m[33m;[39m
[31m[1m>[22m[39m[90m  9 |[39m [36mimport[39m {
 [90m    |[39m [31m[1m^[22m[39m[31m[1m^[22m[39m[31m[1
m^[22m[39m[31m[1m^[22m[39m[31m[1m^[22m[39m[31m[1m^[2
2m[39m[31m[1m^[22m[39m[31m[1m^[22m[39m
[31m[1m>[22m[39m[90m 10 |[39m   [33mDialog[39m[33m,[39m
 [90m    |[39m [31m[1m^[22m[39m[31m[1m^[22m[39m[31m[1
m^[22m[39m[31m[1m^[22m[39m[31m[1m^[22m[39m[31m[1m^[2
2m[39m[31m[1m^[22m[39m[31m[1m^[22m[39m[31m[1m^[22m[3
9m
[31m[1m>[22m[39m[90m 11 |[39m   
[33mDialogContent[39m[33m,[39m
 [90m    |[39m [31m[1m^[22m[39m[31m[1m^[22m[39m[31m[1
m^[22m[39m[31m[1m^[22m[39m[31m[1m^[22m[39m[31m[1m^[2
2m[39m[31m[1m^[22m[39m[31m[1m^[22m[39m[31m[1m^[22m[3
9m
[31m[1m>[22m[39m[90m 12 |[39m   
[33mDialogDescription[39m[33m,[39m
 [90m    |[39m [31m[1m^[22m[39m[31m[1m^[22m[39m[31m[1
m^[22m[39m[31m[1m^[22m[39m[31m[1m^[22m[39m[31m[1m^[2
2m[39m[31m[1m^[22m[39m[31m[1m^[22m[39m[31m[1m^[22m[3
9m
[31m[1m>[22m[39m[90m 13 |[39m   
[33mDialogHeader[39m[33m,[39m
 [90m    |[39m [31m[1m^[22m[39m[31m[1m^[22m[39m[31m[1
m^[22m[39m[31m[1m^[22m[39m[31m[1m^[22m[39m[31m[1m^[2
2m[39m[31m[1m^[22m[39m[31m[1m^[22m[39m[31m[1m^[22m[3
9m
[31m[1m>[22m[39m[90m 14 |[39m   
[33mDialogTitle[39m[33m,[39m
 [90m    |[39m [31m[1m^[22m[39m[31m[1m^[22m[39m[31m[1
m^[22m[39m[31m[1m^[22m[39m[31m[1m^[22m[39m[31m[1m^[2
2m[39m[31m[1m^[22m[39m[31m[1m^[22m[39m[31m[1m^[22m[3
9m
[31m[1m>[22m[39m[90m 15 |[39m   
[33mDialogTrigger[39m[33m,[39m
 [90m    |[39m [31m[1m^[22m[39m[31m[1m^[22m[39m[31m[1
m^[22m[39m[31m[1m^[22m[39m[31m[1m^[22m[39m[31m[1m^[2
2m[39m[31m[1m^[22m[39m[31m[1m^[22m[39m[31m[1m^[22m[3
9m
[31m[1m>[22m[39m[90m 16 |[39m } [36mfrom[39m 
[32m"@/components/ui/dialog"[39m[33m;[39m
 [90m    |[39m [31m[1m^[22m[39m[31m[1m^[22m[39m[31m[1
m^[22m[39m[31m[1m^[22m[39m[31m[1m^[22m[39m[31m[1m^[2
2m[39m[31m[1m^[22m[39m[31m[1m^[22m[39m[31m[1m^[22m[3
9m[31m[1m^[22m[39m[31m[1m^[22m[39m[31m[1m^[22m[39m[3
1m[1m^[22m[39m[31m[1m^[22m[39m[31m[1m^[22m[39m[31m[1
m^[22m[39m[31m[1m^[22m[39m[31m[1m^[22m[39m[31m[1m^[2
2m[39m[31m[1m^[22m[39m[31m[1m^[22m[39m[31m[1m^[22m[3
9m[31m[1m^[22m[39m[31m[1m^[22m[39m[31m[1m^[22m[39m[3
1m[1m^[22m[39m[31m[1m^[22m[39m[31m[1m^[22m[39m[31m[1
m^[22m[39m[31m[1m^[22m[39m[31m[1m^[22m[39m[31m[1m^[2
2m[39m[31m[1m^[22m[39m
 [90m 17 |[39m [36mimport[39m [33mAddDealForm[39m 
[36mfrom[39m 
[32m"@/components/deals/add-deal-form"[39m[33m;[39m
 [90m 18 |[39m [36mimport[39m [33mDealsTable[39m 
[36mfrom[39m 
[32m"@/components/shared/deals-table"[39m[33m;[39m
 [90m 19 |[39m [36mimport[39m { getDirectDeals } 
[36mfrom[39m [32m"@/actions/deals"[39m[33m;[39m[0m



https://nextjs.org/docs/messages/module-not-found


./src/app/[locale]/deals/page.tsx:9:1
Module not found: Can't resolve '@/components/ui/dialog'
[0m [90m  7 |[39m [36mimport[39m { 
[33mFaLocationArrow[39m[33m,[39m [33mFaPlus[39m } 
[36mfrom[39m [32m"react-icons/fa"[39m[33m;[39m
 [90m  8 |[39m [36mimport[39m { 
[33mMdOutlineLocationOn[39m } [36mfrom[39m 
[32m"react-icons/md"[39m[33m;[39m
[31m[1m>[22m[39m[90m  9 |[39m [36mimport[39m {
 [90m    |[39m [31m[1m^[22m[39m[31m[1m^[22m[39m[31m[1
m^[22m[39m[31m[1m^[22m[39m[31m[1m^[22m[39m[31m[1m^[2
2m[39m[31m[1m^[22m[39m[31m[1m^[22m[39m
[31m[1m>[22m[39m[90m 10 |[39m   [33mDialog[39m[33m,[39m
 [90m    |[39m [31m[1m^[22m[39m[31m[1m^[22m[39m[31m[1
m^[22m[39m[31m[1m^[22m[39m[31m[1m^[22m[39m[31m[1m^[2
2m[39m[31m[1m^[22m[39m[31m[1m^[22m[39m[31m[1m^[22m[3
9m
[31m[1m>[22m[39m[90m 11 |[39m   
[33mDialogContent[39m[33m,[39m
 [90m    |[39m [31m[1m^[22m[39m[31m[1m^[22m[39m[31m[1
m^[22m[39m[31m[1m^[22m[39m[31m[1m^[22m[39m[31m[1m^[2
2m[39m[31m[1m^[22m[39m[31m[1m^[22m[39m[31m[1m^[22m[3
9m
[31m[1m>[22m[39m[90m 12 |[39m   
[33mDialogDescription[39m[33m,[39m
 [90m    |[39m [31m[1m^[22m[39m[31m[1m^[22m[39m[31m[1
m^[22m[39m[31m[1m^[22m[39m[31m[1m^[22m[39m[31m[1m^[2
2m[39m[31m[1m^[22m[39m[31m[1m^[22m[39m[31m[1m^[22m[3
9m
[31m[1m>[22m[39m[90m 13 |[39m   
[33mDialogHeader[39m[33m,[39m
 [90m    |[39m [31m[1m^[22m[39m[31m[1m^[22m[39m[31m[1
m^[22m[39m[31m[1m^[22m[39m[31m[1m^[22m[39m[31m[1m^[2
2m[39m[31m[1m^[22m[39m[31m[1m^[22m[39m[31m[1m^[22m[3
9m
[31m[1m>[22m[39m[90m 14 |[39m   
[33mDialogTitle[39m[33m,[39m
 [90m    |[39m [31m[1m^[22m[39m[31m[1m^[22m[39m[31m[1
m^[22m[39m[31m[1m^[22m[39m[31m[1m^[22m[39m[31m[1m^[2
2m[39m[31m[1m^[22m[39m[31m[1m^[22m[39m[31m[1m^[22m[3
9m
[31m[1m>[22m[39m[90m 15 |[39m   
[33mDialogTrigger[39m[33m,[39m
 [90m    |[39m [31m[1m^[22m[39m[31m[1m^[22m[39m[31m[1
m^[22m[39m[31m[1m^[22m[39m[31m[1m^[22m[39m[31m[1m^[2
2m[39m[31m[1m^[22m[39m[31m[1m^[22m[39m[31m[1m^[22m[3
9m
[31m[1m>[22m[39m[90m 16 |[39m } [36mfrom[39m 
[32m"@/components/ui/dialog"[39m[33m;[39m
 [90m    |[39m [31m[1m^[22m[39m[31m[1m^[22m[39m[31m[1
m^[22m[39m[31m[1m^[22m[39m[31m[1m^[22m[39m[31m[1m^[2
2m[39m[31m[1m^[22m[39m[31m[1m^[22m[39m[31m[1m^[22m[3
9m[31m[1m^[22m[39m[31m[1m^[22m[39m[31m[1m^[22m[39m[3
1m[1m^[22m[39m[31m[1m^[22m[39m[31m[1m^[22m[39m[31m[1
m^[22m[39m[31m[1m^[22m[39m[31m[1m^[22m[39m[31m[1m^[2
2m[39m[31m[1m^[22m[39m[31m[1m^[22m[39m[31m[1m^[22m[3
9m[31m[1m^[22m[39m[31m[1m^[22m[39m[31m[1m^[22m[39m[3
1m[1m^[22m[39m[31m[1m^[22m[39m[31m[1m^[22m[39m[31m[1
m^[22m[39m[31m[1m^[22m[39m[31m[1m^[22m[39m[31m[1m^[2
2m[39m[31m[1m^[22m[39m
 [90m 17 |[39m [36mimport[39m [33mAddDealForm[39m 
[36mfrom[39m 
[32m"@/components/deals/add-deal-form"[39m[33m;[39m
 [90m 18 |[39m [36mimport[39m [33mDealsTable[39m 
[36mfrom[39m 
[32m"@/components/shared/deals-table"[39m[33m;[39m
 [90m 19 |[39m [36mimport[39m { getDirectDeals } 
[36mfrom[39m [32m"@/actions/deals"[39m[33m;[39m[0m



https://nextjs.org/docs/messages/module-not-found


./src/app/[locale]/deals/page.tsx:9:1
Module not found: Can't resolve '@/components/ui/dialog'
[0m [90m  7 |[39m [36mimport[39m { 
[33mFaLocationArrow[39m[33m,[39m [33mFaPlus[39m } 
[36mfrom[39m [32m"react-icons/fa"[39m[33m;[39m
 [90m  8 |[39m [36mimport[39m { 
[33mMdOutlineLocationOn[39m } [36mfrom[39m 
[32m"react-icons/md"[39m[33m;[39m
[31m[1m>[22m[39m[90m  9 |[39m [36mimport[39m {
 [90m    |[39m [31m[1m^[22m[39m[31m[1m^[22m[39m[31m[1
m^[22m[39m[31m[1m^[22m[39m[31m[1m^[22m[39m[31m[1m^[2
2m[39m[31m[1m^[22m[39m[31m[1m^[22m[39m
[31m[1m>[22m[39m[90m 10 |[39m   [33mDialog[39m[33m,[39m
 [90m    |[39m [31m[1m^[22m[39m[31m[1m^[22m[39m[31m[1
m^[22m[39m[31m[1m^[22m[39m[31m[1m^[22m[39m[31m[1m^[2
2m[39m[31m[1m^[22m[39m[31m[1m^[22m[39m[31m[1m^[22m[3
9m
[31m[1m>[22m[39m[90m 11 |[39m   
[33mDialogContent[39m[33m,[39m
 [90m    |[39m [31m[1m^[22m[39m[31m[1m^[22m[39m[31m[1
m^[22m[39m[31m[1m^[22m[39m[31m[1m^[22m[39m[31m[1m^[2
2m[39m[31m[1m^[22m[39m[31m[1m^[22m[39m[31m[1m^[22m[3
9m
[31m[1m>[22m[39m[90m 12 |[39m   
[33mDialogDescription[39m[33m,[39m
 [90m    |[39m [31m[1m^[22m[39m[31m[1m^[22m[39m[31m[1
m^[22m[39m[31m[1m^[22m[39m[31m[1m^[22m[39m[31m[1m^[2
2m[39m[31m[1m^[22m[39m[31m[1m^[22m[39m[31m[1m^[22m[3
9m
[31m[1m>[22m[39m[90m 13 |[39m   
[33mDialogHeader[39m[33m,[39m
 [90m    |[39m [31m[1m^[22m[39m[31m[1m^[22m[39m[31m[1
m^[22m[39m[31m[1m^[22m[39m[31m[1m^[22m[39m[31m[1m^[2
2m[39m[31m[1m^[22m[39m[31m[1m^[22m[39m[31m[1m^[22m[3
9m
[31m[1m>[22m[39m[90m 14 |[39m   
[33mDialogTitle[39m[33m,[39m
 [90m    |[39m [31m[1m^[22m[39m[31m[1m^[22m[39m[31m[1
m^[22m[39m[31m[1m^[22m[39m[31m[1m^[22m[39m[31m[1m^[2
2m[39m[31m[1m^[22m[39m[31m[1m^[22m[39m[31m[1m^[22m[3
9m
[31m[1m>[22m[39m[90m 15 |[39m   
[33mDialogTrigger[39m[33m,[39m
 [90m    |[39m [31m[1m^[22m[39m[31m[1m^[22m[39m[31m[1
m^[22m[39m[31m[1m^[22m[39m[31m[1m^[22m[39m[31m[1m^[2
2m[39m[31m[1m^[22m[39m[31m[1m^[22m[39m[31m[1m^[22m[3
9m
[31m[1m>[22m[39m[90m 16 |[39m } [36mfrom[39m 
[32m"@/components/ui/dialog"[39m[33m;[39m
 [90m    |[39m [31m[1m^[22m[39m[31m[1m^[22m[39m[31m[1
m^[22m[39m[31m[1m^[22m[39m[31m[1m^[22m[39m[31m[1m^[2
2m[39m[31m[1m^[22m[39m[31m[1m^[22m[39m[31m[1m^[22m[3
9m[31m[1m^[22m[39m[31m[1m^[22m[39m[31m[1m^[22m[39m[3
1m[1m^[22m[39m[31m[1m^[22m[39m[31m[1m^[22m[39m[31m[1
m^[22m[39m[31m[1m^[22m[39m[31m[1m^[22m[39m[31m[1m^[2
2m[39m[31m[1m^[22m[39m[31m[1m^[22m[39m[31m[1m^[22m[3
9m[31m[1m^[22m[39m[31m[1m^[22m[39m[31m[1m^[22m[39m[3
1m[1m^[22m[39m[31m[1m^[22m[39m[31m[1m^[22m[39m[31m[1
m^[22m[39m[31m[1m^[22m[39m[31m[1m^[22m[39m[31m[1m^[2
2m[39m[31m[1m^[22m[39m
 [90m 17 |[39m [36mimport[39m [33mAddDealForm[39m 
[36mfrom[39m 
[32m"@/components/deals/add-deal-form"[39m[33m;[39m
 [90m 18 |[39m [36mimport[39m [33mDealsTable[39m 
[36mfrom[39m 
[32m"@/components/shared/deals-table"[39m[33m;[39m
 [90m 19 |[39m [36mimport[39m { getDirectDeals } 
[36mfrom[39m [32m"@/actions/deals"[39m[33m;[39m[0m



https://nextjs.org/docs/messages/module-not-found


./src/app/[locale]/deals/page.tsx:9:1
Module not found: Can't resolve '@/components/ui/dialog'
[0m [90m  7 |[39m [36mimport[39m { 
[33mFaLocationArrow[39m[33m,[39m [33mFaPlus[39m } 
[36mfrom[39m [32m"react-icons/fa"[39m[33m;[39m
 [90m  8 |[39m [36mimport[39m { 
[33mMdOutlineLocationOn[39m } [36mfrom[39m 
[32m"react-icons/md"[39m[33m;[39m
[31m[1m>[22m[39m[90m  9 |[39m [36mimport[39m {
 [90m    |[39m [31m[1m^[22m[39m[31m[1m^[22m[39m[31m[1
m^[22m[39m[31m[1m^[22m[39m[31m[1m^[22m[39m[31m[1m^[2
2m[39m[31m[1m^[22m[39m[31m[1m^[22m[39m
[31m[1m>[22m[39m[90m 10 |[39m   [33mDialog[39m[33m,[39m
 [90m    |[39m [31m[1m^[22m[39m[31m[1m^[22m[39m[31m[1
m^[22m[39m[31m[1m^[22m[39m[31m[1m^[22m[39m[31m[1m^[2
2m[39m[31m[1m^[22m[39m[31m[1m^[22m[39m[31m[1m^[22m[3
9m
[31m[1m>[22m[39m[90m 11 |[39m   
[33mDialogContent[39m[33m,[39m
 [90m    |[39m [31m[1m^[22m[39m[31m[1m^[22m[39m[31m[1
m^[22m[39m[31m[1m^[22m[39m[31m[1m^[22m[39m[31m[1m^[2
2m[39m[31m[1m^[22m[39m[31m[1m^[22m[39m[31m[1m^[22m[3
9m
[31m[1m>[22m[39m[90m 12 |[39m   
[33mDialogDescription[39m[33m,[39m
 [90m    |[39m [31m[1m^[22m[39m[31m[1m^[22m[39m[31m[1
m^[22m[39m[31m[1m^[22m[39m[31m[1m^[22m[39m[31m[1m^[2
2m[39m[31m[1m^[22m[39m[31m[1m^[22m[39m[31m[1m^[22m[3
9m
[31m[1m>[22m[39m[90m 13 |[39m   
[33mDialogHeader[39m[33m,[39m
 [90m    |[39m [31m[1m^[22m[39m[31m[1m^[22m[39m[31m[1
m^[22m[39m[31m[1m^[22m[39m[31m[1m^[22m[39m[31m[1m^[2
2m[39m[31m[1m^[22m[39m[31m[1m^[22m[39m[31m[1m^[22m[3
9m
[31m[1m>[22m[39m[90m 14 |[39m   
[33mDialogTitle[39m[33m,[39m
 [90m    |[39m [31m[1m^[22m[39m[31m[1m^[22m[39m[31m[1
m^[22m[39m[31m[1m^[22m[39m[31m[1m^[22m[39m[31m[1m^[2
2m[39m[31m[1m^[22m[39m[31m[1m^[22m[39m[31m[1m^[22m[3
9m
[31m[1m>[22m[39m[90m 15 |[39m   
[33mDialogTrigger[39m[33m,[39m
 [90m    |[39m [31m[1m^[22m[39m[31m[1m^[22m[39m[31m[1
m^[22m[39m[31m[1m^[22m[39m[31m[1m^[22m[39m[31m[1m^[2
2m[39m[31m[1m^[22m[39m[31m[1m^[22m[39m[31m[1m^[22m[3
9m
[31m[1m>[22m[39m[90m 16 |[39m } [36mfrom[39m 
[32m"@/components/ui/dialog"[39m[33m;[39m
 [90m    |[39m [31m[1m^[22m[39m[31m[1m^[22m[39m[31m[1
m^[22m[39m[31m[1m^[22m[39m[31m[1m^[22m[39m[31m[1m^[2
2m[39m[31m[1m^[22m[39m[31m[1m^[22m[39m[31m[1m^[22m[3
9m[31m[1m^[22m[39m[31m[1m^[22m[39m[31m[1m^[22m[39m[3
1m[1m^[22m[39m[31m[1m^[22m[39m[31m[1m^[22m[39m[31m[1
m^[22m[39m[31m[1m^[22m[39m[31m[1m^[22m[39m[31m[1m^[2
2m[39m[31m[1m^[22m[39m[31m[1m^[22m[39m[31m[1m^[22m[3
9m[31m[1m^[22m[39m[31m[1m^[22m[39m[31m[1m^[22m[39m[3
1m[1m^[22m[39m[31m[1m^[22m[39m[31m[1m^[22m[39m[31m[1
m^[22m[39m[31m[1m^[22m[39m[31m[1m^[22m[39m[31m[1m^[2
2m[39m[31m[1m^[22m[39m
 [90m 17 |[39m [36mimport[39m [33mAddDealForm[39m 
[36mfrom[39m 
[32m"@/components/deals/add-deal-form"[39m[33m;[39m
 [90m 18 |[39m [36mimport[39m [33mDealsTable[39m 
[36mfrom[39m 
[32m"@/components/shared/deals-table"[39m[33m;[39m
 [90m 19 |[39m [36mimport[39m { getDirectDeals } 
[36mfrom[39m [32m"@/actions/deals"[39m[33m;[39m[0m



https://nextjs.org/docs/messages/module-not-found


./src/app/[locale]/deals/page.tsx:9:1
Module not found: Can't resolve '@/components/ui/dialog'
[0m [90m  7 |[39m [36mimport[39m { 
[33mFaLocationArrow[39m[33m,[39m [33mFaPlus[39m } 
[36mfrom[39m [32m"react-icons/fa"[39m[33m;[39m
 [90m  8 |[39m [36mimport[39m { 
[33mMdOutlineLocationOn[39m } [36mfrom[39m 
[32m"react-icons/md"[39m[33m;[39m
[31m[1m>[22m[39m[90m  9 |[39m [36mimport[39m {
 [90m    |[39m [31m[1m^[22m[39m[31m[1m^[22m[39m[31m[1
m^[22m[39m[31m[1m^[22m[39m[31m[1m^[22m[39m[31m[1m^[2
2m[39m[31m[1m^[22m[39m[31m[1m^[22m[39m
[31m[1m>[22m[39m[90m 10 |[39m   [33mDialog[39m[33m,[39m
 [90m    |[39m [31m[1m^[22m[39m[31m[1m^[22m[39m[31m[1
m^[22m[39m[31m[1m^[22m[39m[31m[1m^[22m[39m[31m[1m^[2
2m[39m[31m[1m^[22m[39m[31m[1m^[22m[39m[31m[1m^[22m[3
9m
[31m[1m>[22m[39m[90m 11 |[39m   
[33mDialogContent[39m[33m,[39m
 [90m    |[39m [31m[1m^[22m[39m[31m[1m^[22m[39m[31m[1
m^[22m[39m[31m[1m^[22m[39m[31m[1m^[22m[39m[31m[1m^[2
2m[39m[31m[1m^[22m[39m[31m[1m^[22m[39m[31m[1m^[22m[3
9m
[31m[1m>[22m[39m[90m 12 |[39m   
[33mDialogDescription[39m[33m,[39m
 [90m    |[39m [31m[1m^[22m[39m[31m[1m^[22m[39m[31m[1
m^[22m[39m[31m[1m^[22m[39m[31m[1m^[22m[39m[31m[1m^[2
2m[39m[31m[1m^[22m[39m[31m[1m^[22m[39m[31m[1m^[22m[3
9m
[31m[1m>[22m[39m[90m 13 |[39m   
[33mDialogHeader[39m[33m,[39m
 [90m    |[39m [31m[1m^[22m[39m[31m[1m^[22m[39m[31m[1
m^[22m[39m[31m[1m^[22m[39m[31m[1m^[22m[39m[31m[1m^[2
2m[39m[31m[1m^[22m[39m[31m[1m^[22m[39m[31m[1m^[22m[3
9m
[31m[1m>[22m[39m[90m 14 |[39m   
[33mDialogTitle[39m[33m,[39m
 [90m    |[39m [31m[1m^[22m[39m[31m[1m^[22m[39m[31m[1
m^[22m[39m[31m[1m^[22m[39m[31m[1m^[22m[39m[31m[1m^[2
2m[39m[31m[1m^[22m[39m[31m[1m^[22m[39m[31m[1m^[22m[3
9m
[31m[1m>[22m[39m[90m 15 |[39m   
[33mDialogTrigger[39m[33m,[39m
 [90m    |[39m [31m[1m^[22m[39m[31m[1m^[22m[39m[31m[1
m^[22m[39m[31m[1m^[22m[39m[31m[1m^[22m[39m[31m[1m^[2
2m[39m[31m[1m^[22m[39m[31m[1m^[22m[39m[31m[1m^[22m[3
9m
[31m[1m>[22m[39m[90m 16 |[39m } [36mfrom[39m 
[32m"@/components/ui/dialog"[39m[33m;[39m
 [90m    |[39m [31m[1m^[22m[39m[31m[1m^[22m[39m[31m[1
m^[22m[39m[31m[1m^[22m[39m[31m[1m^[22m[39m[31m[1m^[2
2m[39m[31m[1m^[22m[39m[31m[1m^[22m[39m[31m[1m^[22m[3
9m[31m[1m^[22m[39m[31m[1m^[22m[39m[31m[1m^[22m[39m[3
1m[1m^[22m[39m[31m[1m^[22m[39m[31m[1m^[22m[39m[31m[1
m^[22m[39m[31m[1m^[22m[39m[31m[1m^[22m[39m[31m[1m^[2
2m[39m[31m[1m^[22m[39m[31m[1m^[22m[39m[31m[1m^[22m[3
9m[31m[1m^[22m[39m[31m[1m^[22m[39m[31m[1m^[22m[39m[3
1m[1m^[22m[39m[31m[1m^[22m[39m[31m[1m^[22m[39m[31m[1
m^[22m[39m[31m[1m^[22m[39m[31m[1m^[22m[39m[31m[1m^[2
2m[39m[31m[1m^[22m[39m
 [90m 17 |[39m [36mimport[39m [33mAddDealForm[39m 
[36mfrom[39m 
[32m"@/components/deals/add-deal-form"[39m[33m;[39m
 [90m 18 |[39m [36mimport[39m [33mDealsTable[39m 
[36mfrom[39m 
[32m"@/components/shared/deals-table"[39m[33m;[39m
 [90m 19 |[39m [36mimport[39m { getDirectDeals } 
[36mfrom[39m [32m"@/actions/deals"[39m[33m;[39m[0m



https://nextjs.org/docs/messages/module-not-found


./src/app/[locale]/deals/page.tsx:9:1
Module not found: Can't resolve '@/components/ui/dialog'
[0m [90m  7 |[39m [36mimport[39m { 
[33mFaLocationArrow[39m[33m,[39m [33mFaPlus[39m } 
[36mfrom[39m [32m"react-icons/fa"[39m[33m;[39m
 [90m  8 |[39m [36mimport[39m { 
[33mMdOutlineLocationOn[39m } [36mfrom[39m 
[32m"react-icons/md"[39m[33m;[39m
[31m[1m>[22m[39m[90m  9 |[39m [36mimport[39m {
 [90m    |[39m [31m[1m^[22m[39m[31m[1m^[22m[39m[31m[1
m^[22m[39m[31m[1m^[22m[39m[31m[1m^[22m[39m[31m[1m^[2
2m[39m[31m[1m^[22m[39m[31m[1m^[22m[39m
[31m[1m>[22m[39m[90m 10 |[39m   [33mDialog[39m[33m,[39m
 [90m    |[39m [31m[1m^[22m[39m[31m[1m^[22m[39m[31m[1
m^[22m[39m[31m[1m^[22m[39m[31m[1m^[22m[39m[31m[1m^[2
2m[39m[31m[1m^[22m[39m[31m[1m^[22m[39m[31m[1m^[22m[3
9m
[31m[1m>[22m[39m[90m 11 |[39m   
[33mDialogContent[39m[33m,[39m
 [90m    |[39m [31m[1m^[22m[39m[31m[1m^[22m[39m[31m[1
m^[22m[39m[31m[1m^[22m[39m[31m[1m^[22m[39m[31m[1m^[2
2m[39m[31m[1m^[22m[39m[31m[1m^[22m[39m[31m[1m^[22m[3
9m
[31m[1m>[22m[39m[90m 12 |[39m   
[33mDialogDescription[39m[33m,[39m
 [90m    |[39m [31m[1m^[22m[39m[31m[1m^[22m[39m[31m[1
m^[22m[39m[31m[1m^[22m[39m[31m[1m^[22m[39m[31m[1m^[2
2m[39m[31m[1m^[22m[39m[31m[1m^[22m[39m[31m[1m^[22m[3
9m
[31m[1m>[22m[39m[90m 13 |[39m   
[33mDialogHeader[39m[33m,[39m
 [90m    |[39m [31m[1m^[22m[39m[31m[1m^[22m[39m[31m[1
m^[22m[39m[31m[1m^[22m[39m[31m[1m^[22m[39m[31m[1m^[2
2m[39m[31m[1m^[22m[39m[31m[1m^[22m[39m[31m[1m^[22m[3
9m
[31m[1m>[22m[39m[90m 14 |[39m   
[33mDialogTitle[39m[33m,[39m
 [90m    |[39m [31m[1m^[22m[39m[31m[1m^[22m[39m[31m[1
m^[22m[39m[31m[1m^[22m[39m[31m[1m^[22m[39m[31m[1m^[2
2m[39m[31m[1m^[22m[39m[31m[1m^[22m[39m[31m[1m^[22m[3
9m
[31m[1m>[22m[39m[90m 15 |[39m   
[33mDialogTrigger[39m[33m,[39m
 [90m    |[39m [31m[1m^[22m[39m[31m[1m^[22m[39m[31m[1
m^[22m[39m[31m[1m^[22m[39m[31m[1m^[22m[39m[31m[1m^[2
2m[39m[31m[1m^[22m[39m[31m[1m^[22m[39m[31m[1m^[22m[3
9m
[31m[1m>[22m[39m[90m 16 |[39m } [36mfrom[39m 
[32m"@/components/ui/dialog"[39m[33m;[39m
 [90m    |[39m [31m[1m^[22m[39m[31m[1m^[22m[39m[31m[1
m^[22m[39m[31m[1m^[22m[39m[31m[1m^[22m[39m[31m[1m^[2
2m[39m[31m[1m^[22m[39m[31m[1m^[22m[39m[31m[1m^[22m[3
9m[31m[1m^[22m[39m[31m[1m^[22m[39m[31m[1m^[22m[39m[3
1m[1m^[22m[39m[31m[1m^[22m[39m[31m[1m^[22m[39m[31m[1
m^[22m[39m[31m[1m^[22m[39m[31m[1m^[22m[39m[31m[1m^[2
2m[39m[31m[1m^[22m[39m[31m[1m^[22m[39m[31m[1m^[22m[3
9m[31m[1m^[22m[39m[31m[1m^[22m[39m[31m[1m^[22m[39m[3
1m[1m^[22m[39m[31m[1m^[22m[39m[31m[1m^[22m[39m[31m[1
m^[22m[39m[31m[1m^[22m[39m[31m[1m^[22m[39m[31m[1m^[2
2m[39m[31m[1m^[22m[39m
 [90m 17 |[39m [36mimport[39m [33mAddDealForm[39m 
[36mfrom[39m 
[32m"@/components/deals/add-deal-form"[39m[33m;[39m
 [90m 18 |[39m [36mimport[39m [33mDealsTable[39m 
[36mfrom[39m 
[32m"@/components/shared/deals-table"[39m[33m;[39m
 [90m 19 |[39m [36mimport[39m { getDirectDeals } 
[36mfrom[39m [32m"@/actions/deals"[39m[33m;[39m[0m



https://nextjs.org/docs/messages/module-not-found


./src/app/[locale]/deals/page.tsx:9:1
Module not found: Can't resolve '@/components/ui/dialog'
[0m [90m  7 |[39m [36mimport[39m { 
[33mFaLocationArrow[39m[33m,[39m [33mFaPlus[39m } 
[36mfrom[39m [32m"react-icons/fa"[39m[33m;[39m
 [90m  8 |[39m [36mimport[39m { 
[33mMdOutlineLocationOn[39m } [36mfrom[39m 
[32m"react-icons/md"[39m[33m;[39m
[31m[1m>[22m[39m[90m  9 |[39m [36mimport[39m {
 [90m    |[39m [31m[1m^[22m[39m[31m[1m^[22m[39m[31m[1
m^[22m[39m[31m[1m^[22m[39m[31m[1m^[22m[39m[31m[1m^[2
2m[39m[31m[1m^[22m[39m[31m[1m^[22m[39m
[31m[1m>[22m[39m[90m 10 |[39m   [33mDialog[39m[33m,[39m
 [90m    |[39m [31m[1m^[22m[39m[31m[1m^[22m[39m[31m[1
m^[22m[39m[31m[1m^[22m[39m[31m[1m^[22m[39m[31m[1m^[2
2m[39m[31m[1m^[22m[39m[31m[1m^[22m[39m[31m[1m^[22m[3
9m
[31m[1m>[22m[39m[90m 11 |[39m   
[33mDialogContent[39m[33m,[39m
 [90m    |[39m [31m[1m^[22m[39m[31m[1m^[22m[39m[31m[1
m^[22m[39m[31m[1m^[22m[39m[31m[1m^[22m[39m[31m[1m^[2
2m[39m[31m[1m^[22m[39m[31m[1m^[22m[39m[31m[1m^[22m[3
9m
[31m[1m>[22m[39m[90m 12 |[39m   
[33mDialogDescription[39m[33m,[39m
 [90m    |[39m [31m[1m^[22m[39m[31m[1m^[22m[39m[31m[1
m^[22m[39m[31m[1m^[22m[39m[31m[1m^[22m[39m[31m[1m^[2
2m[39m[31m[1m^[22m[39m[31m[1m^[22m[39m[31m[1m^[22m[3
9m
[31m[1m>[22m[39m[90m 13 |[39m   
[33mDialogHeader[39m[33m,[39m
 [90m    |[39m [31m[1m^[22m[39m[31m[1m^[22m[39m[31m[1
m^[22m[39m[31m[1m^[22m[39m[31m[1m^[22m[39m[31m[1m^[2
2m[39m[31m[1m^[22m[39m[31m[1m^[22m[39m[31m[1m^[22m[3
9m
[31m[1m>[22m[39m[90m 14 |[39m   
[33mDialogTitle[39m[33m,[39m
 [90m    |[39m [31m[1m^[22m[39m[31m[1m^[22m[39m[31m[1
m^[22m[39m[31m[1m^[22m[39m[31m[1m^[22m[39m[31m[1m^[2
2m[39m[31m[1m^[22m[39m[31m[1m^[22m[39m[31m[1m^[22m[3
9m
[31m[1m>[22m[39m[90m 15 |[39m   
[33mDialogTrigger[39m[33m,[39m
 [90m    |[39m [31m[1m^[22m[39m[31m[1m^[22m[39m[31m[1
m^[22m[39m[31m[1m^[22m[39m[31m[1m^[22m[39m[31m[1m^[2
2m[39m[31m[1m^[22m[39m[31m[1m^[22m[39m[31m[1m^[22m[3
9m
[31m[1m>[22m[39m[90m 16 |[39m } [36mfrom[39m 
[32m"@/components/ui/dialog"[39m[33m;[39m
 [90m    |[39m [31m[1m^[22m[39m[31m[1m^[22m[39m[31m[1
m^[22m[39m[31m[1m^[22m[39m[31m[1m^[22m[39m[31m[1m^[2
2m[39m[31m[1m^[22m[39m[31m[1m^[22m[39m[31m[1m^[22m[3
9m[31m[1m^[22m[39m[31m[1m^[22m[39m[31m[1m^[22m[39m[3
1m[1m^[22m[39m[31m[1m^[22m[39m[31m[1m^[22m[39m[31m[1
m^[22m[39m[31m[1m^[22m[39m[31m[1m^[22m[39m[31m[1m^[2
2m[39m[31m[1m^[22m[39m[31m[1m^[22m[39m[31m[1m^[22m[3
9m[31m[1m^[22m[39m[31m[1m^[22m[39m[31m[1m^[22m[39m[3
1m[1m^[22m[39m[31m[1m^[22m[39m[31m[1m^[22m[39m[31m[1
m^[22m[39m[31m[1m^[22m[39m[31m[1m^[22m[39m[31m[1m^[2
2m[39m[31m[1m^[22m[39m
 [90m 17 |[39m [36mimport[39m [33mAddDealForm[39m 
[36mfrom[39m 
[32m"@/components/deals/add-deal-form"[39m[33m;[39m
 [90m 18 |[39m [36mimport[39m [33mDealsTable[39m 
[36mfrom[39m 
[32m"@/components/shared/deals-table"[39m[33m;[39m
 [90m 19 |[39m [36mimport[39m { getDirectDeals } 
[36mfrom[39m [32m"@/actions/deals"[39m[33m;[39m[0m



https://nextjs.org/docs/messages/module-not-found


./src/app/[locale]/deals/page.tsx:9:1
Module not found: Can't resolve '@/components/ui/dialog'
[0m [90m  7 |[39m [36mimport[39m { 
[33mFaLocationArrow[39m[33m,[39m [33mFaPlus[39m } 
[36mfrom[39m [32m"react-icons/fa"[39m[33m;[39m
 [90m  8 |[39m [36mimport[39m { 
[33mMdOutlineLocationOn[39m } [36mfrom[39m 
[32m"react-icons/md"[39m[33m;[39m
[31m[1m>[22m[39m[90m  9 |[39m [36mimport[39m {
 [90m    |[39m [31m[1m^[22m[39m[31m[1m^[22m[39m[31m[1
m^[22m[39m[31m[1m^[22m[39m[31m[1m^[22m[39m[31m[1m^[2
2m[39m[31m[1m^[22m[39m[31m[1m^[22m[39m
[31m[1m>[22m[39m[90m 10 |[39m   [33mDialog[39m[33m,[39m
 [90m    |[39m [31m[1m^[22m[39m[31m[1m^[22m[39m[31m[1
m^[22m[39m[31m[1m^[22m[39m[31m[1m^[22m[39m[31m[1m^[2
2m[39m[31m[1m^[22m[39m[31m[1m^[22m[39m[31m[1m^[22m[3
9m
[31m[1m>[22m[39m[90m 11 |[39m   
[33mDialogContent[39m[33m,[39m
 [90m    |[39m [31m[1m^[22m[39m[31m[1m^[22m[39m[31m[1
m^[22m[39m[31m[1m^[22m[39m[31m[1m^[22m[39m[31m[1m^[2
2m[39m[31m[1m^[22m[39m[31m[1m^[22m[39m[31m[1m^[22m[3
9m
[31m[1m>[22m[39m[90m 12 |[39m   
[33mDialogDescription[39m[33m,[39m
 [90m    |[39m [31m[1m^[22m[39m[31m[1m^[22m[39m[31m[1
m^[22m[39m[31m[1m^[22m[39m[31m[1m^[22m[39m[31m[1m^[2
2m[39m[31m[1m^[22m[39m[31m[1m^[22m[39m[31m[1m^[22m[3
9m
[31m[1m>[22m[39m[90m 13 |[39m   
[33mDialogHeader[39m[33m,[39m
 [90m    |[39m [31m[1m^[22m[39m[31m[1m^[22m[39m[31m[1
m^[22m[39m[31m[1m^[22m[39m[31m[1m^[22m[39m[31m[1m^[2
2m[39m[31m[1m^[22m[39m[31m[1m^[22m[39m[31m[1m^[22m[3
9m
[31m[1m>[22m[39m[90m 14 |[39m   
[33mDialogTitle[39m[33m,[39m
 [90m    |[39m [31m[1m^[22m[39m[31m[1m^[22m[39m[31m[1
m^[22m[39m[31m[1m^[22m[39m[31m[1m^[22m[39m[31m[1m^[2
2m[39m[31m[1m^[22m[39m[31m[1m^[22m[39m[31m[1m^[22m[3
9m
[31m[1m>[22m[39m[90m 15 |[39m   
[33mDialogTrigger[39m[33m,[39m
 [90m    |[39m [31m[1m^[22m[39m[31m[1m^[22m[39m[31m[1
m^[22m[39m[31m[1m^[22m[39m[31m[1m^[22m[39m[31m[1m^[2
2m[39m[31m[1m^[22m[39m[31m[1m^[22m[39m[31m[1m^[22m[3
9m
[31m[1m>[22m[39m[90m 16 |[39m } [36mfrom[39m 
[32m"@/components/ui/dialog"[39m[33m;[39m
 [90m    |[39m [31m[1m^[22m[39m[31m[1m^[22m[39m[31m[1
m^[22m[39m[31m[1m^[22m[39m[31m[1m^[22m[39m[31m[1m^[2
2m[39m[31m[1m^[22m[39m[31m[1m^[22m[39m[31m[1m^[22m[3
9m[31m[1m^[22m[39m[31m[1m^[22m[39m[31m[1m^[22m[39m[3
1m[1m^[22m[39m[31m[1m^[22m[39m[31m[1m^[22m[39m[31m[1
m^[22m[39m[31m[1m^[22m[39m[31m[1m^[22m[39m[31m[1m^[2
2m[39m[31m[1m^[22m[39m[31m[1m^[22m[39m[31m[1m^[22m[3
9m[31m[1m^[22m[39m[31m[1m^[22m[39m[31m[1m^[22m[39m[3
1m[1m^[22m[39m[31m[1m^[22m[39m[31m[1m^[22m[39m[31m[1
m^[22m[39m[31m[1m^[22m[39m[31m[1m^[22m[39m[31m[1m^[2
2m[39m[31m[1m^[22m[39m
 [90m 17 |[39m [36mimport[39m [33mAddDealForm[39m 
[36mfrom[39m 
[32m"@/components/deals/add-deal-form"[39m[33m;[39m
 [90m 18 |[39m [36mimport[39m [33mDealsTable[39m 
[36mfrom[39m 
[32m"@/components/shared/deals-table"[39m[33m;[39m
 [90m 19 |[39m [36mimport[39m { getDirectDeals } 
[36mfrom[39m [32m"@/actions/deals"[39m[33m;[39m[0m



https://nextjs.org/docs/messages/module-not-found


./src/app/[locale]/deals/page.tsx:4:1
Module not found: Can't resolve '@/components/ui/tabs'
[0m [90m 2 |[39m [36mimport[39m [33mCustomBreadcrumbs[39m 
[36mfrom[39m 
[32m"@/components/shared/custom-breadcrumbs"[39m[33m;[39m
 [90m 3 |[39m [36mimport[39m [33mReact[39m[33m,[39m { 
useEffect[33m,[39m useState } [36mfrom[39m 
[32m"react"[39m[33m;[39m
[31m[1m>[22m[39m[90m 4 |[39m [36mimport[39m { 
[33mTabs[39m[33m,[39m [33mTabsContent[39m[33m,[39m 
[33mTabsList[39m[33m,[39m [33mTabsTrigger[39m } 
[36mfrom[39m [32m"@/components/ui/tabs"[39m[33m;[39m
 [90m   |[39m [31m[1m^[22m[39m[31m[1m^[22m[39m[31m[1m
^[22m[39m[31m[1m^[22m[39m[31m[1m^[22m[39m[31m[1m^[22
m[39m[31m[1m^[22m[39m[31m[1m^[22m[39m[31m[1m^[22m[39
m[31m[1m^[22m[39m[31m[1m^[22m[39m[31m[1m^[22m[39m[31
m[1m^[22m[39m[31m[1m^[22m[39m[31m[1m^[22m[39m[31m[1m
^[22m[39m[31m[1m^[22m[39m[31m[1m^[22m[39m[31m[1m^[22
m[39m[31m[1m^[22m[39m[31m[1m^[22m[39m[31m[1m^[22m[39
m[31m[1m^[22m[39m[31m[1m^[22m[39m[31m[1m^[22m[39m[31
m[1m^[22m[39m[31m[1m^[22m[39m[31m[1m^[22m[39m[31m[1m
^[22m[39m[31m[1m^[22m[39m[31m[1m^[22m[39m[31m[1m^[22
m[39m[31m[1m^[22m[39m[31m[1m^[22m[39m[31m[1m^[22m[39
m[31m[1m^[22m[39m[31m[1m^[22m[39m[31m[1m^[22m[39m[31
m[1m^[22m[39m[31m[1m^[22m[39m[31m[1m^[22m[39m[31m[1m
^[22m[39m[31m[1m^[22m[39m[31m[1m^[22m[39m[31m[1m^[22
m[39m[31m[1m^[22m[39m[31m[1m^[22m[39m[31m[1m^[22m[39
m[31m[1m^[22m[39m[31m[1m^[22m[39m[31m[1m^[22m[39m[31
m[1m^[22m[39m[31m[1m^[22m[39m[31m[1m^[22m[39m[31m[1m
^[22m[39m[31m[1m^[22m[39m[31m[1m^[22m[39m[31m[1m^[22
m[39m[31m[1m^[22m[39m[31m[1m^[22m[39m[31m[1m^[22m[39
m[31m[1m^[22m[39m[31m[1m^[22m[39m[31m[1m^[22m[39m[31
m[1m^[22m[39m[31m[1m^[22m[39m[31m[1m^[22m[39m[31m[1m
^[22m[39m[31m[1m^[22m[39m[31m[1m^[22m[39m[31m[1m^[22
m[39m[31m[1m^[22m[39m[31m[1m^[22m[39m[31m[1m^[22m[39
m[31m[1m^[22m[39m[31m[1m^[22m[39m[31m[1m^[22m[39m[31
m[1m^[22m[39m[31m[1m^[22m[39m[31m[1m^[22m[39m
 [90m 5 |[39m [36mimport[39m { [33mInput[39m } 
[36mfrom[39m [32m"@/components/ui/input"[39m[33m;[39m
 [90m 6 |[39m [36mimport[39m { useLocale[33m,[39m 
useTranslations } [36mfrom[39m [32m"next-intl"[39m[33m;[39m
 [90m 7 |[39m [36mimport[39m { 
[33mFaLocationArrow[39m[33m,[39m [33mFaPlus[39m } 
[36mfrom[39m [32m"react-icons/fa"[39m[33m;[39m[0m



https://nextjs.org/docs/messages/module-not-found


./src/app/[locale]/deals/page.tsx:4:1
Module not found: Can't resolve '@/components/ui/tabs'
[0m [90m 2 |[39m [36mimport[39m [33mCustomBreadcrumbs[39m 
[36mfrom[39m 
[32m"@/components/shared/custom-breadcrumbs"[39m[33m;[39m
 [90m 3 |[39m [36mimport[39m [33mReact[39m[33m,[39m { 
useEffect[33m,[39m useState } [36mfrom[39m 
[32m"react"[39m[33m;[39m
[31m[1m>[22m[39m[90m 4 |[39m [36mimport[39m { 
[33mTabs[39m[33m,[39m [33mTabsContent[39m[33m,[39m 
[33mTabsList[39m[33m,[39m [33mTabsTrigger[39m } 
[36mfrom[39m [32m"@/components/ui/tabs"[39m[33m;[39m
 [90m   |[39m [31m[1m^[22m[39m[31m[1m^[22m[39m[31m[1m
^[22m[39m[31m[1m^[22m[39m[31m[1m^[22m[39m[31m[1m^[22
m[39m[31m[1m^[22m[39m[31m[1m^[22m[39m[31m[1m^[22m[39
m[31m[1m^[22m[39m[31m[1m^[22m[39m[31m[1m^[22m[39m[31
m[1m^[22m[39m[31m[1m^[22m[39m[31m[1m^[22m[39m[31m[1m
^[22m[39m[31m[1m^[22m[39m[31m[1m^[22m[39m[31m[1m^[22
m[39m[31m[1m^[22m[39m[31m[1m^[22m[39m[31m[1m^[22m[39
m[31m[1m^[22m[39m[31m[1m^[22m[39m[31m[1m^[22m[39m[31
m[1m^[22m[39m[31m[1m^[22m[39m[31m[1m^[22m[39m[31m[1m
^[22m[39m[31m[1m^[22m[39m[31m[1m^[22m[39m[31m[1m^[22
m[39m[31m[1m^[22m[39m[31m[1m^[22m[39m[31m[1m^[22m[39
m[31m[1m^[22m[39m[31m[1m^[22m[39m[31m[1m^[22m[39m[31
m[1m^[22m[39m[31m[1m^[22m[39m[31m[1m^[22m[39m[31m[1m
^[22m[39m[31m[1m^[22m[39m[31m[1m^[22m[39m[31m[1m^[22
m[39m[31m[1m^[22m[39m[31m[1m^[22m[39m[31m[1m^[22m[39
m[31m[1m^[22m[39m[31m[1m^[22m[39m[31m[1m^[22m[39m[31
m[1m^[22m[39m[31m[1m^[22m[39m[31m[1m^[22m[39m[31m[1m
^[22m[39m[31m[1m^[22m[39m[31m[1m^[22m[39m[31m[1m^[22
m[39m[31m[1m^[22m[39m[31m[1m^[22m[39m[31m[1m^[22m[39
m[31m[1m^[22m[39m[31m[1m^[22m[39m[31m[1m^[22m[39m[31
m[1m^[22m[39m[31m[1m^[22m[39m[31m[1m^[22m[39m[31m[1m
^[22m[39m[31m[1m^[22m[39m[31m[1m^[22m[39m[31m[1m^[22
m[39m[31m[1m^[22m[39m[31m[1m^[22m[39m[31m[1m^[22m[39
m[31m[1m^[22m[39m[31m[1m^[22m[39m[31m[1m^[22m[39m[31
m[1m^[22m[39m[31m[1m^[22m[39m[31m[1m^[22m[39m
 [90m 5 |[39m [36mimport[39m { [33mInput[39m } 
[36mfrom[39m [32m"@/components/ui/input"[39m[33m;[39m
 [90m 6 |[39m [36mimport[39m { useLocale[33m,[39m 
useTranslations } [36mfrom[39m [32m"next-intl"[39m[33m;[39m
 [90m 7 |[39m [36mimport[39m { 
[33mFaLocationArrow[39m[33m,[39m [33mFaPlus[39m } 
[36mfrom[39m [32m"react-icons/fa"[39m[33m;[39m[0m



https://nextjs.org/docs/messages/module-not-found


./src/app/[locale]/deals/page.tsx:4:1
Module not found: Can't resolve '@/components/ui/tabs'
[0m [90m 2 |[39m [36mimport[39m [33mCustomBreadcrumbs[39m 
[36mfrom[39m 
[32m"@/components/shared/custom-breadcrumbs"[39m[33m;[39m
 [90m 3 |[39m [36mimport[39m [33mReact[39m[33m,[39m { 
useEffect[33m,[39m useState } [36mfrom[39m 
[32m"react"[39m[33m;[39m
[31m[1m>[22m[39m[90m 4 |[39m [36mimport[39m { 
[33mTabs[39m[33m,[39m [33mTabsContent[39m[33m,[39m 
[33mTabsList[39m[33m,[39m [33mTabsTrigger[39m } 
[36mfrom[39m [32m"@/components/ui/tabs"[39m[33m;[39m
 [90m   |[39m [31m[1m^[22m[39m[31m[1m^[22m[39m[31m[1m
^[22m[39m[31m[1m^[22m[39m[31m[1m^[22m[39m[31m[1m^[22
m[39m[31m[1m^[22m[39m[31m[1m^[22m[39m[31m[1m^[22m[39
m[31m[1m^[22m[39m[31m[1m^[22m[39m[31m[1m^[22m[39m[31
m[1m^[22m[39m[31m[1m^[22m[39m[31m[1m^[22m[39m[31m[1m
^[22m[39m[31m[1m^[22m[39m[31m[1m^[22m[39m[31m[1m^[22
m[39m[31m[1m^[22m[39m[31m[1m^[22m[39m[31m[1m^[22m[39
m[31m[1m^[22m[39m[31m[1m^[22m[39m[31m[1m^[22m[39m[31
m[1m^[22m[39m[31m[1m^[22m[39m[31m[1m^[22m[39m[31m[1m
^[22m[39m[31m[1m^[22m[39m[31m[1m^[22m[39m[31m[1m^[22
m[39m[31m[1m^[22m[39m[31m[1m^[22m[39m[31m[1m^[22m[39
m[31m[1m^[22m[39m[31m[1m^[22m[39m[31m[1m^[22m[39m[31
m[1m^[22m[39m[31m[1m^[22m[39m[31m[1m^[22m[39m[31m[1m
^[22m[39m[31m[1m^[22m[39m[31m[1m^[22m[39m[31m[1m^[22
m[39m[31m[1m^[22m[39m[31m[1m^[22m[39m[31m[1m^[22m[39
m[31m[1m^[22m[39m[31m[1m^[22m[39m[31m[1m^[22m[39m[31
m[1m^[22m[39m[31m[1m^[22m[39m[31m[1m^[22m[39m[31m[1m
^[22m[39m[31m[1m^[22m[39m[31m[1m^[22m[39m[31m[1m^[22
m[39m[31m[1m^[22m[39m[31m[1m^[22m[39m[31m[1m^[22m[39
m[31m[1m^[22m[39m[31m[1m^[22m[39m[31m[1m^[22m[39m[31
m[1m^[22m[39m[31m[1m^[22m[39m[31m[1m^[22m[39m[31m[1m
^[22m[39m[31m[1m^[22m[39m[31m[1m^[22m[39m[31m[1m^[22
m[39m[31m[1m^[22m[39m[31m[1m^[22m[39m[31m[1m^[22m[39
m[31m[1m^[22m[39m[31m[1m^[22m[39m[31m[1m^[22m[39m[31
m[1m^[22m[39m[31m[1m^[22m[39m[31m[1m^[22m[39m
 [90m 5 |[39m [36mimport[39m { [33mInput[39m } 
[36mfrom[39m [32m"@/components/ui/input"[39m[33m;[39m
 [90m 6 |[39m [36mimport[39m { useLocale[33m,[39m 
useTranslations } [36mfrom[39m [32m"next-intl"[39m[33m;[39m
 [90m 7 |[39m [36mimport[39m { 
[33mFaLocationArrow[39m[33m,[39m [33mFaPlus[39m } 
[36mfrom[39m [32m"react-icons/fa"[39m[33m;[39m[0m



https://nextjs.org/docs/messages/module-not-found


./src/app/[locale]/deals/page.tsx:4:1
Module not found: Can't resolve '@/components/ui/tabs'
[0m [90m 2 |[39m [36mimport[39m [33mCustomBreadcrumbs[39m 
[36mfrom[39m 
[32m"@/components/shared/custom-breadcrumbs"[39m[33m;[39m
 [90m 3 |[39m [36mimport[39m [33mReact[39m[33m,[39m { 
useEffect[33m,[39m useState } [36mfrom[39m 
[32m"react"[39m[33m;[39m
[31m[1m>[22m[39m[90m 4 |[39m [36mimport[39m { 
[33mTabs[39m[33m,[39m [33mTabsContent[39m[33m,[39m 
[33mTabsList[39m[33m,[39m [33mTabsTrigger[39m } 
[36mfrom[39m [32m"@/components/ui/tabs"[39m[33m;[39m
 [90m   |[39m [31m[1m^[22m[39m[31m[1m^[22m[39m[31m[1m
^[22m[39m[31m[1m^[22m[39m[31m[1m^[22m[39m[31m[1m^[22
m[39m[31m[1m^[22m[39m[31m[1m^[22m[39m[31m[1m^[22m[39
m[31m[1m^[22m[39m[31m[1m^[22m[39m[31m[1m^[22m[39m[31
m[1m^[22m[39m[31m[1m^[22m[39m[31m[1m^[22m[39m[31m[1m
^[22m[39m[31m[1m^[22m[39m[31m[1m^[22m[39m[31m[1m^[22
m[39m[31m[1m^[22m[39m[31m[1m^[22m[39m[31m[1m^[22m[39
m[31m[1m^[22m[39m[31m[1m^[22m[39m[31m[1m^[22m[39m[31
m[1m^[22m[39m[31m[1m^[22m[39m[31m[1m^[22m[39m[31m[1m
^[22m[39m[31m[1m^[22m[39m[31m[1m^[22m[39m[31m[1m^[22
m[39m[31m[1m^[22m[39m[31m[1m^[22m[39m[31m[1m^[22m[39
m[31m[1m^[22m[39m[31m[1m^[22m[39m[31m[1m^[22m[39m[31
m[1m^[22m[39m[31m[1m^[22m[39m[31m[1m^[22m[39m[31m[1m
^[22m[39m[31m[1m^[22m[39m[31m[1m^[22m[39m[31m[1m^[22
m[39m[31m[1m^[22m[39m[31m[1m^[22m[39m[31m[1m^[22m[39
m[31m[1m^[22m[39m[31m[1m^[22m[39m[31m[1m^[22m[39m[31
m[1m^[22m[39m[31m[1m^[22m[39m[31m[1m^[22m[39m[31m[1m
^[22m[39m[31m[1m^[22m[39m[31m[1m^[22m[39m[31m[1m^[22
m[39m[31m[1m^[22m[39m[31m[1m^[22m[39m[31m[1m^[22m[39
m[31m[1m^[22m[39m[31m[1m^[22m[39m[31m[1m^[22m[39m[31
m[1m^[22m[39m[31m[1m^[22m[39m[31m[1m^[22m[39m[31m[1m
^[22m[39m[31m[1m^[22m[39m[31m[1m^[22m[39m[31m[1m^[22
m[39m[31m[1m^[22m[39m[31m[1m^[22m[39m[31m[1m^[22m[39
m[31m[1m^[22m[39m[31m[1m^[22m[39m[31m[1m^[22m[39m[31
m[1m^[22m[39m[31m[1m^[22m[39m[31m[1m^[22m[39m
 [90m 5 |[39m [36mimport[39m { [33mInput[39m } 
[36mfrom[39m [32m"@/components/ui/input"[39m[33m;[39m
 [90m 6 |[39m [36mimport[39m { useLocale[33m,[39m 
useTranslations } [36mfrom[39m [32m"next-intl"[39m[33m;[39m
 [90m 7 |[39m [36mimport[39m { 
[33mFaLocationArrow[39m[33m,[39m [33mFaPlus[39m } 
[36mfrom[39m [32m"react-icons/fa"[39m[33m;[39m[0m



https://nextjs.org/docs/messages/module-not-found


./src/app/[locale]/deals/page.tsx:4:1
Module not found: Can't resolve '@/components/ui/tabs'
[0m [90m 2 |[39m [36mimport[39m [33mCustomBreadcrumbs[39m 
[36mfrom[39m 
[32m"@/components/shared/custom-breadcrumbs"[39m[33m;[39m
 [90m 3 |[39m [36mimport[39m [33mReact[39m[33m,[39m { 
useEffect[33m,[39m useState } [36mfrom[39m 
[32m"react"[39m[33m;[39m
[31m[1m>[22m[39m[90m 4 |[39m [36mimport[39m { 
[33mTabs[39m[33m,[39m [33mTabsContent[39m[33m,[39m 
[33mTabsList[39m[33m,[39m [33mTabsTrigger[39m } 
[36mfrom[39m [32m"@/components/ui/tabs"[39m[33m;[39m
 [90m   |[39m [31m[1m^[22m[39m[31m[1m^[22m[39m[31m[1m
^[22m[39m[31m[1m^[22m[39m[31m[1m^[22m[39m[31m[1m^[22
m[39m[31m[1m^[22m[39m[31m[1m^[22m[39m[31m[1m^[22m[39
m[31m[1m^[22m[39m[31m[1m^[22m[39m[31m[1m^[22m[39m[31
m[1m^[22m[39m[31m[1m^[22m[39m[31m[1m^[22m[39m[31m[1m
^[22m[39m[31m[1m^[22m[39m[31m[1m^[22m[39m[31m[1m^[22
m[39m[31m[1m^[22m[39m[31m[1m^[22m[39m[31m[1m^[22m[39
m[31m[1m^[22m[39m[31m[1m^[22m[39m[31m[1m^[22m[39m[31
m[1m^[22m[39m[31m[1m^[22m[39m[31m[1m^[22m[39m[31m[1m
^[22m[39m[31m[1m^[22m[39m[31m[1m^[22m[39m[31m[1m^[22
m[39m[31m[1m^[22m[39m[31m[1m^[22m[39m[31m[1m^[22m[39
m[31m[1m^[22m[39m[31m[1m^[22m[39m[31m[1m^[22m[39m[31
m[1m^[22m[39m[31m[1m^[22m[39m[31m[1m^[22m[39m[31m[1m
^[22m[39m[31m[1m^[22m[39m[31m[1m^[22m[39m[31m[1m^[22
m[39m[31m[1m^[22m[39m[31m[1m^[22m[39m[31m[1m^[22m[39
m[31m[1m^[22m[39m[31m[1m^[22m[39m[31m[1m^[22m[39m[31
m[1m^[22m[39m[31m[1m^[22m[39m[31m[1m^[22m[39m[31m[1m
^[22m[39m[31m[1m^[22m[39m[31m[1m^[22m[39m[31m[1m^[22
m[39m[31m[1m^[22m[39m[31m[1m^[22m[39m[31m[1m^[22m[39
m[31m[1m^[22m[39m[31m[1m^[22m[39m[31m[1m^[22m[39m[31
m[1m^[22m[39m[31m[1m^[22m[39m[31m[1m^[22m[39m[31m[1m
^[22m[39m[31m[1m^[22m[39m[31m[1m^[22m[39m[31m[1m^[22
m[39m[31m[1m^[22m[39m[31m[1m^[22m[39m[31m[1m^[22m[39
m[31m[1m^[22m[39m[31m[1m^[22m[39m[31m[1m^[22m[39m[31
m[1m^[22m[39m[31m[1m^[22m[39m[31m[1m^[22m[39m
 [90m 5 |[39m [36mimport[39m { [33mInput[39m } 
[36mfrom[39m [32m"@/components/ui/input"[39m[33m;[39m
 [90m 6 |[39m [36mimport[39m { useLocale[33m,[39m 
useTranslations } [36mfrom[39m [32m"next-intl"[39m[33m;[39m
 [90m 7 |[39m [36mimport[39m { 
[33mFaLocationArrow[39m[33m,[39m [33mFaPlus[39m } 
[36mfrom[39m [32m"react-icons/fa"[39m[33m;[39m[0m



https://nextjs.org/docs/messages/module-not-found


./src/app/[locale]/deals/page.tsx:4:1
Module not found: Can't resolve '@/components/ui/tabs'
[0m [90m 2 |[39m [36mimport[39m [33mCustomBreadcrumbs[39m 
[36mfrom[39m 
[32m"@/components/shared/custom-breadcrumbs"[39m[33m;[39m
 [90m 3 |[39m [36mimport[39m [33mReact[39m[33m,[39m { 
useEffect[33m,[39m useState } [36mfrom[39m 
[32m"react"[39m[33m;[39m
[31m[1m>[22m[39m[90m 4 |[39m [36mimport[39m { 
[33mTabs[39m[33m,[39m [33mTabsContent[39m[33m,[39m 
[33mTabsList[39m[33m,[39m [33mTabsTrigger[39m } 
[36mfrom[39m [32m"@/components/ui/tabs"[39m[33m;[39m
 [90m   |[39m [31m[1m^[22m[39m[31m[1m^[22m[39m[31m[1m
^[22m[39m[31m[1m^[22m[39m[31m[1m^[22m[39m[31m[1m^[22
m[39m[31m[1m^[22m[39m[31m[1m^[22m[39m[31m[1m^[22m[39
m[31m[1m^[22m[39m[31m[1m^[22m[39m[31m[1m^[22m[39m[31
m[1m^[22m[39m[31m[1m^[22m[39m[31m[1m^[22m[39m[31m[1m
^[22m[39m[31m[1m^[22m[39m[31m[1m^[22m[39m[31m[1m^[22
m[39m[31m[1m^[22m[39m[31m[1m^[22m[39m[31m[1m^[22m[39
m[31m[1m^[22m[39m[31m[1m^[22m[39m[31m[1m^[22m[39m[31
m[1m^[22m[39m[31m[1m^[22m[39m[31m[1m^[22m[39m[31m[1m
^[22m[39m[31m[1m^[22m[39m[31m[1m^[22m[39m[31m[1m^[22
m[39m[31m[1m^[22m[39m[31m[1m^[22m[39m[31m[1m^[22m[39
m[31m[1m^[22m[39m[31m[1m^[22m[39m[31m[1m^[22m[39m[31
m[1m^[22m[39m[31m[1m^[22m[39m[31m[1m^[22m[39m[31m[1m
^[22m[39m[31m[1m^[22m[39m[31m[1m^[22m[39m[31m[1m^[22
m[39m[31m[1m^[22m[39m[31m[1m^[22m[39m[31m[1m^[22m[39
m[31m[1m^[22m[39m[31m[1m^[22m[39m[31m[1m^[22m[39m[31
m[1m^[22m[39m[31m[1m^[22m[39m[31m[1m^[22m[39m[31m[1m
^[22m[39m[31m[1m^[22m[39m[31m[1m^[22m[39m[31m[1m^[22
m[39m[31m[1m^[22m[39m[31m[1m^[22m[39m[31m[1m^[22m[39
m[31m[1m^[22m[39m[31m[1m^[22m[39m[31m[1m^[22m[39m[31
m[1m^[22m[39m[31m[1m^[22m[39m[31m[1m^[22m[39m[31m[1m
^[22m[39m[31m[1m^[22m[39m[31m[1m^[22m[39m[31m[1m^[22
m[39m[31m[1m^[22m[39m[31m[1m^[22m[39m[31m[1m^[22m[39
m[31m[1m^[22m[39m[31m[1m^[22m[39m[31m[1m^[22m[39m[31
m[1m^[22m[39m[31m[1m^[22m[39m[31m[1m^[22m[39m
 [90m 5 |[39m [36mimport[39m { [33mInput[39m } 
[36mfrom[39m [32m"@/components/ui/input"[39m[33m;[39m
 [90m 6 |[39m [36mimport[39m { useLocale[33m,[39m 
useTranslations } [36mfrom[39m [32m"next-intl"[39m[33m;[39m
 [90m 7 |[39m [36mimport[39m { 
[33mFaLocationArrow[39m[33m,[39m [33mFaPlus[39m } 
[36mfrom[39m [32m"react-icons/fa"[39m[33m;[39m[0m



https://nextjs.org/docs/messages/module-not-found


./src/app/[locale]/layout.tsx:11:1
Module not found: Can't resolve '@/context/user-context'
[0m [90m  9 |[39m [36mimport[39m [33mFloatingSocials[39m 
[36mfrom[39m 
[32m"@/components/shared/FloatingSocials"[39m[33m;[39m
 [90m 10 |[39m [36mimport[39m { [33mToaster[39m } 
[36mfrom[39m [32m"sonner"[39m[33m;[39m
[31m[1m>[22m[39m[90m 11 |[39m [36mimport[39m 
[33mUserContextProvider[39m [36mfrom[39m 
[32m"@/context/user-context"[39m[33m;[39m
 [90m    |[39m [31m[1m^[22m[39m[31m[1m^[22m[39m[31m[1
m^[22m[39m[31m[1m^[22m[39m[31m[1m^[22m[39m[31m[1m^[2
2m[39m[31m[1m^[22m[39m[31m[1m^[22m[39m[31m[1m^[22m[3
9m[31m[1m^[22m[39m[31m[1m^[22m[39m[31m[1m^[22m[39m[3
1m[1m^[22m[39m[31m[1m^[22m[39m[31m[1m^[22m[39m[31m[1
m^[22m[39m[31m[1m^[22m[39m[31m[1m^[22m[39m[31m[1m^[2
2m[39m[31m[1m^[22m[39m[31m[1m^[22m[39m[31m[1m^[22m[3
9m[31m[1m^[22m[39m[31m[1m^[22m[39m[31m[1m^[22m[39m[3
1m[1m^[22m[39m[31m[1m^[22m[39m[31m[1m^[22m[39m[31m[1
m^[22m[39m[31m[1m^[22m[39m[31m[1m^[22m[39m[31m[1m^[2
2m[39m[31m[1m^[22m[39m[31m[1m^[22m[39m[31m[1m^[22m[3
9m[31m[1m^[22m[39m[31m[1m^[22m[39m[31m[1m^[22m[39m[3
1m[1m^[22m[39m[31m[1m^[22m[39m[31m[1m^[22m[39m[31m[1
m^[22m[39m[31m[1m^[22m[39m[31m[1m^[22m[39m[31m[1m^[2
2m[39m[31m[1m^[22m[39m[31m[1m^[22m[39m[31m[1m^[22m[3
9m[31m[1m^[22m[39m[31m[1m^[22m[39m[31m[1m^[22m[39m[3
1m[1m^[22m[39m[31m[1m^[22m[39m[31m[1m^[22m[39m[31m[1
m^[22m[39m[31m[1m^[22m[39m[31m[1m^[22m[39m
 [90m 12 |[39m [36mimport[39m { getData } [36mfrom[39m 
[32m"@/lib/fetch-methods"[39m[33m;[39m
 [90m 13 |[39m [36mimport[39m { getSettings } [36mfrom[39m 
[32m"@/lib/settings-actions"[39m[33m;[39m
 [90m 14 |[39m[0m



https://nextjs.org/docs/messages/module-not-found


./src/app/[locale]/layout.tsx:11:1
Module not found: Can't resolve '@/context/user-context'
[0m [90m  9 |[39m [36mimport[39m [33mFloatingSocials[39m 
[36mfrom[39m 
[32m"@/components/shared/FloatingSocials"[39m[33m;[39m
 [90m 10 |[39m [36mimport[39m { [33mToaster[39m } 
[36mfrom[39m [32m"sonner"[39m[33m;[39m
[31m[1m>[22m[39m[90m 11 |[39m [36mimport[39m 
[33mUserContextProvider[39m [36mfrom[39m 
[32m"@/context/user-context"[39m[33m;[39m
 [90m    |[39m [31m[1m^[22m[39m[31m[1m^[22m[39m[31m[1
m^[22m[39m[31m[1m^[22m[39m[31m[1m^[22m[39m[31m[1m^[2
2m[39m[31m[1m^[22m[39m[31m[1m^[22m[39m[31m[1m^[22m[3
9m[31m[1m^[22m[39m[31m[1m^[22m[39m[31m[1m^[22m[39m[3
1m[1m^[22m[39m[31m[1m^[22m[39m[31m[1m^[22m[39m[31m[1
m^[22m[39m[31m[1m^[22m[39m[31m[1m^[22m[39m[31m[1m^[2
2m[39m[31m[1m^[22m[39m[31m[1m^[22m[39m[31m[1m^[22m[3
9m[31m[1m^[22m[39m[31m[1m^[22m[39m[31m[1m^[22m[39m[3
1m[1m^[22m[39m[31m[1m^[22m[39m[31m[1m^[22m[39m[31m[1
m^[22m[39m[31m[1m^[22m[39m[31m[1m^[22m[39m[31m[1m^[2
2m[39m[31m[1m^[22m[39m[31m[1m^[22m[39m[31m[1m^[22m[3
9m[31m[1m^[22m[39m[31m[1m^[22m[39m[31m[1m^[22m[39m[3
1m[1m^[22m[39m[31m[1m^[22m[39m[31m[1m^[22m[39m[31m[1
m^[22m[39m[31m[1m^[22m[39m[31m[1m^[22m[39m[31m[1m^[2
2m[39m[31m[1m^[22m[39m[31m[1m^[22m[39m[31m[1m^[22m[3
9m[31m[1m^[22m[39m[31m[1m^[22m[39m[31m[1m^[22m[39m[3
1m[1m^[22m[39m[31m[1m^[22m[39m[31m[1m^[22m[39m[31m[1
m^[22m[39m[31m[1m^[22m[39m[31m[1m^[22m[39m
 [90m 12 |[39m [36mimport[39m { getData } [36mfrom[39m 
[32m"@/lib/fetch-methods"[39m[33m;[39m
 [90m 13 |[39m [36mimport[39m { getSettings } [36mfrom[39m 
[32m"@/lib/settings-actions"[39m[33m;[39m
 [90m 14 |[39m[0m



https://nextjs.org/docs/messages/module-not-found


./src/app/[locale]/layout.tsx:3:1
Module not found: Can't resolve '@/i18n/routing'
[0m [90m 1 |[39m [36mimport[39m { 
[33mNextIntlClientProvider[39m[33m,[39m hasLocale } 
[36mfrom[39m [32m"next-intl"[39m[33m;[39m
 [90m 2 |[39m [36mimport[39m { notFound } [36mfrom[39m 
[32m"next/navigation"[39m[33m;[39m
[31m[1m>[22m[39m[90m 3 |[39m [36mimport[39m { routing } 
[36mfrom[39m [32m"@/i18n/routing"[39m[33m;[39m
 [90m   |[39m [31m[1m^[22m[39m[31m[1m^[22m[39m[31m[1m
^[22m[39m[31m[1m^[22m[39m[31m[1m^[22m[39m[31m[1m^[22
m[39m[31m[1m^[22m[39m[31m[1m^[22m[39m[31m[1m^[22m[39
m[31m[1m^[22m[39m[31m[1m^[22m[39m[31m[1m^[22m[39m[31
m[1m^[22m[39m[31m[1m^[22m[39m[31m[1m^[22m[39m[31m[1m
^[22m[39m[31m[1m^[22m[39m[31m[1m^[22m[39m[31m[1m^[22
m[39m[31m[1m^[22m[39m[31m[1m^[22m[39m[31m[1m^[22m[39
m[31m[1m^[22m[39m[31m[1m^[22m[39m[31m[1m^[22m[39m[31
m[1m^[22m[39m[31m[1m^[22m[39m[31m[1m^[22m[39m[31m[1m
^[22m[39m[31m[1m^[22m[39m[31m[1m^[22m[39m[31m[1m^[22
m[39m[31m[1m^[22m[39m[31m[1m^[22m[39m[31m[1m^[22m[39
m[31m[1m^[22m[39m[31m[1m^[22m[39m[31m[1m^[22m[39m[31
m[1m^[22m[39m[31m[1m^[22m[39m[31m[1m^[22m[39m
 [90m 4 |[39m [36mimport[39m 
[32m"../globals.css"[39m[33m;[39m
 [90m 5 |[39m [36mimport[39m { getMessages } [36mfrom[39m 
[32m"next-intl/server"[39m[33m;[39m
 [90m 6 |[39m [36mimport[39m { [33mAlexandria[39m } 
[36mfrom[39m [32m"next/font/google"[39m[33m;[39m[0m



https://nextjs.org/docs/messages/module-not-found


./src/app/[locale]/layout.tsx:3:1
Module not found: Can't resolve '@/i18n/routing'
[0m [90m 1 |[39m [36mimport[39m { 
[33mNextIntlClientProvider[39m[33m,[39m hasLocale } 
[36mfrom[39m [32m"next-intl"[39m[33m;[39m
 [90m 2 |[39m [36mimport[39m { notFound } [36mfrom[39m 
[32m"next/navigation"[39m[33m;[39m
[31m[1m>[22m[39m[90m 3 |[39m [36mimport[39m { routing } 
[36mfrom[39m [32m"@/i18n/routing"[39m[33m;[39m
 [90m   |[39m [31m[1m^[22m[39m[31m[1m^[22m[39m[31m[1m
^[22m[39m[31m[1m^[22m[39m[31m[1m^[22m[39m[31m[1m^[22
m[39m[31m[1m^[22m[39m[31m[1m^[22m[39m[31m[1m^[22m[39
m[31m[1m^[22m[39m[31m[1m^[22m[39m[31m[1m^[22m[39m[31
m[1m^[22m[39m[31m[1m^[22m[39m[31m[1m^[22m[39m[31m[1m
^[22m[39m[31m[1m^[22m[39m[31m[1m^[22m[39m[31m[1m^[22
m[39m[31m[1m^[22m[39m[31m[1m^[22m[39m[31m[1m^[22m[39
m[31m[1m^[22m[39m[31m[1m^[22m[39m[31m[1m^[22m[39m[31
m[1m^[22m[39m[31m[1m^[22m[39m[31m[1m^[22m[39m[31m[1m
^[22m[39m[31m[1m^[22m[39m[31m[1m^[22m[39m[31m[1m^[22
m[39m[31m[1m^[22m[39m[31m[1m^[22m[39m[31m[1m^[22m[39
m[31m[1m^[22m[39m[31m[1m^[22m[39m[31m[1m^[22m[39m[31
m[1m^[22m[39m[31m[1m^[22m[39m[31m[1m^[22m[39m
 [90m 4 |[39m [36mimport[39m 
[32m"../globals.css"[39m[33m;[39m
 [90m 5 |[39m [36mimport[39m { getMessages } [36mfrom[39m 
[32m"next-intl/server"[39m[33m;[39m
 [90m 6 |[39m [36mimport[39m { [33mAlexandria[39m } 
[36mfrom[39m [32m"next/font/google"[39m[33m;[39m[0m



https://nextjs.org/docs/messages/module-not-found


./src/app/[locale]/blogs/[id]/page.tsx:5:1
Module not found: Can't resolve '@/lib/blog-actions'
[0m [90m 3 |[39m [36mimport[39m [33mImage[39m 
[36mfrom[39m [32m"next/image"[39m[33m;[39m
 [90m 4 |[39m [36mimport[39m [33mReact[39m [36mfrom[39m 
[32m"react"[39m[33m;[39m
[31m[1m>[22m[39m[90m 5 |[39m [36mimport[39m { 
getBlogById } [36mfrom[39m 
[32m"@/lib/blog-actions"[39m[33m;[39m
 [90m   |[39m [31m[1m^[22m[39m[31m[1m^[22m[39m[31m[1m
^[22m[39m[31m[1m^[22m[39m[31m[1m^[22m[39m[31m[1m^[22
m[39m[31m[1m^[22m[39m[31m[1m^[22m[39m[31m[1m^[22m[39
m[31m[1m^[22m[39m[31m[1m^[22m[39m[31m[1m^[22m[39m[31
m[1m^[22m[39m[31m[1m^[22m[39m[31m[1m^[22m[39m[31m[1m
^[22m[39m[31m[1m^[22m[39m[31m[1m^[22m[39m[31m[1m^[22
m[39m[31m[1m^[22m[39m[31m[1m^[22m[39m[31m[1m^[22m[39
m[31m[1m^[22m[39m[31m[1m^[22m[39m[31m[1m^[22m[39m[31
m[1m^[22m[39m[31m[1m^[22m[39m[31m[1m^[22m[39m[31m[1m
^[22m[39m[31m[1m^[22m[39m[31m[1m^[22m[39m[31m[1m^[22
m[39m[31m[1m^[22m[39m[31m[1m^[22m[39m[31m[1m^[22m[39
m[31m[1m^[22m[39m[31m[1m^[22m[39m[31m[1m^[22m[39m[31
m[1m^[22m[39m[31m[1m^[22m[39m[31m[1m^[22m[39m[31m[1m
^[22m[39m[31m[1m^[22m[39m[31m[1m^[22m[39m[31m[1m^[22
m[39m[31m[1m^[22m[39m[31m[1m^[22m[39m[31m[1m^[22m[39
m[31m[1m^[22m[39m
 [90m 6 |[39m [36mimport[39m { getTranslations } 
[36mfrom[39m [32m"next-intl/server"[39m[33m;[39m
 [90m 7 |[39m [36mimport[39m { notFound } [36mfrom[39m 
[32m"next/navigation"[39m[33m;[39m
 [90m 8 |[39m[0m



https://nextjs.org/docs/messages/module-not-found


./src/app/[locale]/blogs/[id]/page.tsx:5:1
Module not found: Can't resolve '@/lib/blog-actions'
[0m [90m 3 |[39m [36mimport[39m [33mImage[39m 
[36mfrom[39m [32m"next/image"[39m[33m;[39m
 [90m 4 |[39m [36mimport[39m [33mReact[39m [36mfrom[39m 
[32m"react"[39m[33m;[39m
[31m[1m>[22m[39m[90m 5 |[39m [36mimport[39m { 
getBlogById } [36mfrom[39m 
[32m"@/lib/blog-actions"[39m[33m;[39m
 [90m   |[39m [31m[1m^[22m[39m[31m[1m^[22m[39m[31m[1m
^[22m[39m[31m[1m^[22m[39m[31m[1m^[22m[39m[31m[1m^[22
m[39m[31m[1m^[22m[39m[31m[1m^[22m[39m[31m[1m^[22m[39
m[31m[1m^[22m[39m[31m[1m^[22m[39m[31m[1m^[22m[39m[31
m[1m^[22m[39m[31m[1m^[22m[39m[31m[1m^[22m[39m[31m[1m
^[22m[39m[31m[1m^[22m[39m[31m[1m^[22m[39m[31m[1m^[22
m[39m[31m[1m^[22m[39m[31m[1m^[22m[39m[31m[1m^[22m[39
m[31m[1m^[22m[39m[31m[1m^[22m[39m[31m[1m^[22m[39m[31
m[1m^[22m[39m[31m[1m^[22m[39m[31m[1m^[22m[39m[31m[1m
^[22m[39m[31m[1m^[22m[39m[31m[1m^[22m[39m[31m[1m^[22
m[39m[31m[1m^[22m[39m[31m[1m^[22m[39m[31m[1m^[22m[39
m[31m[1m^[22m[39m[31m[1m^[22m[39m[31m[1m^[22m[39m[31
m[1m^[22m[39m[31m[1m^[22m[39m[31m[1m^[22m[39m[31m[1m
^[22m[39m[31m[1m^[22m[39m[31m[1m^[22m[39m[31m[1m^[22
m[39m[31m[1m^[22m[39m[31m[1m^[22m[39m[31m[1m^[22m[39
m[31m[1m^[22m[39m
 [90m 6 |[39m [36mimport[39m { getTranslations } 
[36mfrom[39m [32m"next-intl/server"[39m[33m;[39m
 [90m 7 |[39m [36mimport[39m { notFound } [36mfrom[39m 
[32m"next/navigation"[39m[33m;[39m
 [90m 8 |[39m[0m



https://nextjs.org/docs/messages/module-not-found


./src/app/[locale]/blogs/page.tsx:5:1
Module not found: Can't resolve '@/lib/blog-actions'
[0m [90m 3 |[39m [36mimport[39m [33mBlogCard[39m 
[36mfrom[39m 
[32m"@/components/shared/blog-card"[39m[33m;[39m
 [90m 4 |[39m [36mimport[39m { getTranslations } 
[36mfrom[39m [32m"next-intl/server"[39m[33m;[39m
[31m[1m>[22m[39m[90m 5 |[39m [36mimport[39m { getBlogs } 
[36mfrom[39m [32m"@/lib/blog-actions"[39m[33m;[39m
 [90m   |[39m [31m[1m^[22m[39m[31m[1m^[22m[39m[31m[1m
^[22m[39m[31m[1m^[22m[39m[31m[1m^[22m[39m[31m[1m^[22
m[39m[31m[1m^[22m[39m[31m[1m^[22m[39m[31m[1m^[22m[39
m[31m[1m^[22m[39m[31m[1m^[22m[39m[31m[1m^[22m[39m[31
m[1m^[22m[39m[31m[1m^[22m[39m[31m[1m^[22m[39m[31m[1m
^[22m[39m[31m[1m^[22m[39m[31m[1m^[22m[39m[31m[1m^[22
m[39m[31m[1m^[22m[39m[31m[1m^[22m[39m[31m[1m^[22m[39
m[31m[1m^[22m[39m[31m[1m^[22m[39m[31m[1m^[22m[39m[31
m[1m^[22m[39m[31m[1m^[22m[39m[31m[1m^[22m[39m[31m[1m
^[22m[39m[31m[1m^[22m[39m[31m[1m^[22m[39m[31m[1m^[22
m[39m[31m[1m^[22m[39m[31m[1m^[22m[39m[31m[1m^[22m[39
m[31m[1m^[22m[39m[31m[1m^[22m[39m[31m[1m^[22m[39m[31
m[1m^[22m[39m[31m[1m^[22m[39m[31m[1m^[22m[39m[31m[1m
^[22m[39m[31m[1m^[22m[39m[31m[1m^[22m[39m[31m[1m^[22
m[39m[31m[1m^[22m[39m
 [90m 6 |[39m [36mimport[39m { [33mAnimatedSection[39m } 
[36mfrom[39m 
[32m"@/components/motion/animated-section"[39m[33m;[39m
 [90m 7 |[39m [36mimport[39m { [33mAnimatedItem[39m } 
[36mfrom[39m 
[32m"@/components/motion/animated-section"[39m[33m;[39m
 [90m 8 |[39m[0m



https://nextjs.org/docs/messages/module-not-found


./src/app/[locale]/blogs/page.tsx:5:1
Module not found: Can't resolve '@/lib/blog-actions'
[0m [90m 3 |[39m [36mimport[39m [33mBlogCard[39m 
[36mfrom[39m 
[32m"@/components/shared/blog-card"[39m[33m;[39m
 [90m 4 |[39m [36mimport[39m { getTranslations } 
[36mfrom[39m [32m"next-intl/server"[39m[33m;[39m
[31m[1m>[22m[39m[90m 5 |[39m [36mimport[39m { getBlogs } 
[36mfrom[39m [32m"@/lib/blog-actions"[39m[33m;[39m
 [90m   |[39m [31m[1m^[22m[39m[31m[1m^[22m[39m[31m[1m
^[22m[39m[31m[1m^[22m[39m[31m[1m^[22m[39m[31m[1m^[22
m[39m[31m[1m^[22m[39m[31m[1m^[22m[39m[31m[1m^[22m[39
m[31m[1m^[22m[39m[31m[1m^[22m[39m[31m[1m^[22m[39m[31
m[1m^[22m[39m[31m[1m^[22m[39m[31m[1m^[22m[39m[31m[1m
^[22m[39m[31m[1m^[22m[39m[31m[1m^[22m[39m[31m[1m^[22
m[39m[31m[1m^[22m[39m[31m[1m^[22m[39m[31m[1m^[22m[39
m[31m[1m^[22m[39m[31m[1m^[22m[39m[31m[1m^[22m[39m[31
m[1m^[22m[39m[31m[1m^[22m[39m[31m[1m^[22m[39m[31m[1m
^[22m[39m[31m[1m^[22m[39m[31m[1m^[22m[39m[31m[1m^[22
m[39m[31m[1m^[22m[39m[31m[1m^[22m[39m[31m[1m^[22m[39
m[31m[1m^[22m[39m[31m[1m^[22m[39m[31m[1m^[22m[39m[31
m[1m^[22m[39m[31m[1m^[22m[39m[31m[1m^[22m[39m[31m[1m
^[22m[39m[31m[1m^[22m[39m[31m[1m^[22m[39m[31m[1m^[22
m[39m[31m[1m^[22m[39m
 [90m 6 |[39m [36mimport[39m { [33mAnimatedSection[39m } 
[36mfrom[39m 
[32m"@/components/motion/animated-section"[39m[33m;[39m
 [90m 7 |[39m [36mimport[39m { [33mAnimatedItem[39m } 
[36mfrom[39m 
[32m"@/components/motion/animated-section"[39m[33m;[39m
 [90m 8 |[39m[0m



https://nextjs.org/docs/messages/module-not-found


./src/app/[locale]/about-us/page.tsx:2:1
Module not found: Can't resolve '@/lib/fetch-methods'
[0m [90m 1 |[39m [36mimport[39m [33mCustomBreadcrumbs[39m 
[36mfrom[39m 
[32m"@/components/shared/custom-breadcrumbs"[39m[33m;[39m
[31m[1m>[22m[39m[90m 2 |[39m [36mimport[39m { getData } 
[36mfrom[39m [32m"@/lib/fetch-methods"[39m[33m;[39m
 [90m   |[39m [31m[1m^[22m[39m[31m[1m^[22m[39m[31m[1m
^[22m[39m[31m[1m^[22m[39m[31m[1m^[22m[39m[31m[1m^[22
m[39m[31m[1m^[22m[39m[31m[1m^[22m[39m[31m[1m^[22m[39
m[31m[1m^[22m[39m[31m[1m^[22m[39m[31m[1m^[22m[39m[31
m[1m^[22m[39m[31m[1m^[22m[39m[31m[1m^[22m[39m[31m[1m
^[22m[39m[31m[1m^[22m[39m[31m[1m^[22m[39m[31m[1m^[22
m[39m[31m[1m^[22m[39m[31m[1m^[22m[39m[31m[1m^[22m[39
m[31m[1m^[22m[39m[31m[1m^[22m[39m[31m[1m^[22m[39m[31
m[1m^[22m[39m[31m[1m^[22m[39m[31m[1m^[22m[39m[31m[1m
^[22m[39m[31m[1m^[22m[39m[31m[1m^[22m[39m[31m[1m^[22
m[39m[31m[1m^[22m[39m[31m[1m^[22m[39m[31m[1m^[22m[39
m[31m[1m^[22m[39m[31m[1m^[22m[39m[31m[1m^[22m[39m[31
m[1m^[22m[39m[31m[1m^[22m[39m[31m[1m^[22m[39m[31m[1m
^[22m[39m[31m[1m^[22m[39m[31m[1m^[22m[39m[31m[1m^[22
m[39m[31m[1m^[22m[39m
 [90m 3 |[39m [36mimport[39m [33mImage[39m [36mfrom[39m 
[32m"next/image"[39m[33m;[39m
 [90m 4 |[39m [36mimport[39m [33mReact[39m [36mfrom[39m 
[32m"react"[39m[33m;[39m
 [90m 5 |[39m [36mimport[39m { getTranslations } 
[36mfrom[39m [32m"next-intl/server"[39m[33m;[39m[0m



https://nextjs.org/docs/messages/module-not-found


./src/app/[locale]/about-us/page.tsx:2:1
Module not found: Can't resolve '@/lib/fetch-methods'
[0m [90m 1 |[39m [36mimport[39m [33mCustomBreadcrumbs[39m 
[36mfrom[39m 
[32m"@/components/shared/custom-breadcrumbs"[39m[33m;[39m
[31m[1m>[22m[39m[90m 2 |[39m [36mimport[39m { getData } 
[36mfrom[39m [32m"@/lib/fetch-methods"[39m[33m;[39m
 [90m   |[39m [31m[1m^[22m[39m[31m[1m^[22m[39m[31m[1m
^[22m[39m[31m[1m^[22m[39m[31m[1m^[22m[39m[31m[1m^[22
m[39m[31m[1m^[22m[39m[31m[1m^[22m[39m[31m[1m^[22m[39
m[31m[1m^[22m[39m[31m[1m^[22m[39m[31m[1m^[22m[39m[31
m[1m^[22m[39m[31m[1m^[22m[39m[31m[1m^[22m[39m[31m[1m
^[22m[39m[31m[1m^[22m[39m[31m[1m^[22m[39m[31m[1m^[22
m[39m[31m[1m^[22m[39m[31m[1m^[22m[39m[31m[1m^[22m[39
m[31m[1m^[22m[39m[31m[1m^[22m[39m[31m[1m^[22m[39m[31
m[1m^[22m[39m[31m[1m^[22m[39m[31m[1m^[22m[39m[31m[1m
^[22m[39m[31m[1m^[22m[39m[31m[1m^[22m[39m[31m[1m^[22
m[39m[31m[1m^[22m[39m[31m[1m^[22m[39m[31m[1m^[22m[39
m[31m[1m^[22m[39m[31m[1m^[22m[39m[31m[1m^[22m[39m[31
m[1m^[22m[39m[31m[1m^[22m[39m[31m[1m^[22m[39m[31m[1m
^[22m[39m[31m[1m^[22m[39m[31m[1m^[22m[39m[31m[1m^[22
m[39m[31m[1m^[22m[39m
 [90m 3 |[39m [36mimport[39m [33mImage[39m [36mfrom[39m 
[32m"next/image"[39m[33m;[39m
 [90m 4 |[39m [36mimport[39m [33mReact[39m [36mfrom[39m 
[32m"react"[39m[33m;[39m
 [90m 5 |[39m [36mimport[39m { getTranslations } 
[36mfrom[39m [32m"next-intl/server"[39m[33m;[39m[0m



https://nextjs.org/docs/messages/module-not-found


./src/app/[locale]/deals/[id]/page.tsx:23:1
Module not found: Can't resolve '@/lib/fetch-methods'
[0m [90m 21 |[39m } [36mfrom[39m 
[32m"recharts"[39m[33m;[39m
 [90m 22 |[39m [36mimport[39m { useEffect[33m,[39m 
useState } [36mfrom[39m [32m"react"[39m[33m;[39m
[31m[1m>[22m[39m[90m 23 |[39m [36mimport[39m { getData } 
[36mfrom[39m [32m"@/lib/fetch-methods"[39m[33m;[39m
 [90m    |[39m [31m[1m^[22m[39m[31m[1m^[22m[39m[31m[1
m^[22m[39m[31m[1m^[22m[39m[31m[1m^[22m[39m[31m[1m^[2
2m[39m[31m[1m^[22m[39m[31m[1m^[22m[39m[31m[1m^[22m[3
9m[31m[1m^[22m[39m[31m[1m^[22m[39m[31m[1m^[22m[39m[3
1m[1m^[22m[39m[31m[1m^[22m[39m[31m[1m^[22m[39m[31m[1
m^[22m[39m[31m[1m^[22m[39m[31m[1m^[22m[39m[31m[1m^[2
2m[39m[31m[1m^[22m[39m[31m[1m^[22m[39m[31m[1m^[22m[3
9m[31m[1m^[22m[39m[31m[1m^[22m[39m[31m[1m^[22m[39m[3
1m[1m^[22m[39m[31m[1m^[22m[39m[31m[1m^[22m[39m[31m[1
m^[22m[39m[31m[1m^[22m[39m[31m[1m^[22m[39m[31m[1m^[2
2m[39m[31m[1m^[22m[39m[31m[1m^[22m[39m[31m[1m^[22m[3
9m[31m[1m^[22m[39m[31m[1m^[22m[39m[31m[1m^[22m[39m[3
1m[1m^[22m[39m[31m[1m^[22m[39m[31m[1m^[22m[39m[31m[1
m^[22m[39m[31m[1m^[22m[39m[31m[1m^[22m[39m[31m[1m^[2
2m[39m[31m[1m^[22m[39m
 [90m 24 |[39m [36mimport[39m { toast } [36mfrom[39m 
[32m"sonner"[39m[33m;[39m
 [90m 25 |[39m [36mimport[39m { useParams } [36mfrom[39m 
[32m"next/navigation"[39m[33m;[39m
 [90m 26 |[39m[0m



https://nextjs.org/docs/messages/module-not-found


./src/app/[locale]/deals/[id]/page.tsx:23:1
Module not found: Can't resolve '@/lib/fetch-methods'
[0m [90m 21 |[39m } [36mfrom[39m 
[32m"recharts"[39m[33m;[39m
 [90m 22 |[39m [36mimport[39m { useEffect[33m,[39m 
useState } [36mfrom[39m [32m"react"[39m[33m;[39m
[31m[1m>[22m[39m[90m 23 |[39m [36mimport[39m { getData } 
[36mfrom[39m [32m"@/lib/fetch-methods"[39m[33m;[39m
 [90m    |[39m [31m[1m^[22m[39m[31m[1m^[22m[39m[31m[1
m^[22m[39m[31m[1m^[22m[39m[31m[1m^[22m[39m[31m[1m^[2
2m[39m[31m[1m^[22m[39m[31m[1m^[22m[39m[31m[1m^[22m[3
9m[31m[1m^[22m[39m[31m[1m^[22m[39m[31m[1m^[22m[39m[3
1m[1m^[22m[39m[31m[1m^[22m[39m[31m[1m^[22m[39m[31m[1
m^[22m[39m[31m[1m^[22m[39m[31m[1m^[22m[39m[31m[1m^[2
2m[39m[31m[1m^[22m[39m[31m[1m^[22m[39m[31m[1m^[22m[3
9m[31m[1m^[22m[39m[31m[1m^[22m[39m[31m[1m^[22m[39m[3
1m[1m^[22m[39m[31m[1m^[22m[39m[31m[1m^[22m[39m[31m[1
m^[22m[39m[31m[1m^[22m[39m[31m[1m^[22m[39m[31m[1m^[2
2m[39m[31m[1m^[22m[39m[31m[1m^[22m[39m[31m[1m^[22m[3
9m[31m[1m^[22m[39m[31m[1m^[22m[39m[31m[1m^[22m[39m[3
1m[1m^[22m[39m[31m[1m^[22m[39m[31m[1m^[22m[39m[31m[1
m^[22m[39m[31m[1m^[22m[39m[31m[1m^[22m[39m[31m[1m^[2
2m[39m[31m[1m^[22m[39m
 [90m 24 |[39m [36mimport[39m { toast } [36mfrom[39m 
[32m"sonner"[39m[33m;[39m
 [90m 25 |[39m [36mimport[39m { useParams } [36mfrom[39m 
[32m"next/navigation"[39m[33m;[39m
 [90m 26 |[39m[0m



https://nextjs.org/docs/messages/module-not-found


./src/app/[locale]/deals/[id]/page.tsx:23:1
Module not found: Can't resolve '@/lib/fetch-methods'
[0m [90m 21 |[39m } [36mfrom[39m 
[32m"recharts"[39m[33m;[39m
 [90m 22 |[39m [36mimport[39m { useEffect[33m,[39m 
useState } [36mfrom[39m [32m"react"[39m[33m;[39m
[31m[1m>[22m[39m[90m 23 |[39m [36mimport[39m { getData } 
[36mfrom[39m [32m"@/lib/fetch-methods"[39m[33m;[39m
 [90m    |[39m [31m[1m^[22m[39m[31m[1m^[22m[39m[31m[1
m^[22m[39m[31m[1m^[22m[39m[31m[1m^[22m[39m[31m[1m^[2
2m[39m[31m[1m^[22m[39m[31m[1m^[22m[39m[31m[1m^[22m[3
9m[31m[1m^[22m[39m[31m[1m^[22m[39m[31m[1m^[22m[39m[3
1m[1m^[22m[39m[31m[1m^[22m[39m[31m[1m^[22m[39m[31m[1
m^[22m[39m[31m[1m^[22m[39m[31m[1m^[22m[39m[31m[1m^[2
2m[39m[31m[1m^[22m[39m[31m[1m^[22m[39m[31m[1m^[22m[3
9m[31m[1m^[22m[39m[31m[1m^[22m[39m[31m[1m^[22m[39m[3
1m[1m^[22m[39m[31m[1m^[22m[39m[31m[1m^[22m[39m[31m[1
m^[22m[39m[31m[1m^[22m[39m[31m[1m^[22m[39m[31m[1m^[2
2m[39m[31m[1m^[22m[39m[31m[1m^[22m[39m[31m[1m^[22m[3
9m[31m[1m^[22m[39m[31m[1m^[22m[39m[31m[1m^[22m[39m[3
1m[1m^[22m[39m[31m[1m^[22m[39m[31m[1m^[22m[39m[31m[1
m^[22m[39m[31m[1m^[22m[39m[31m[1m^[22m[39m[31m[1m^[2
2m[39m[31m[1m^[22m[39m
 [90m 24 |[39m [36mimport[39m { toast } [36mfrom[39m 
[32m"sonner"[39m[33m;[39m
 [90m 25 |[39m [36mimport[39m { useParams } [36mfrom[39m 
[32m"next/navigation"[39m[33m;[39m
 [90m 26 |[39m[0m



https://nextjs.org/docs/messages/module-not-found


./src/app/[locale]/deals/[id]/page.tsx:23:1
Module not found: Can't resolve '@/lib/fetch-methods'
[0m [90m 21 |[39m } [36mfrom[39m 
[32m"recharts"[39m[33m;[39m
 [90m 22 |[39m [36mimport[39m { useEffect[33m,[39m 
useState } [36mfrom[39m [32m"react"[39m[33m;[39m
[31m[1m>[22m[39m[90m 23 |[39m [36mimport[39m { getData } 
[36mfrom[39m [32m"@/lib/fetch-methods"[39m[33m;[39m
 [90m    |[39m [31m[1m^[22m[39m[31m[1m^[22m[39m[31m[1
m^[22m[39m[31m[1m^[22m[39m[31m[1m^[22m[39m[31m[1m^[2
2m[39m[31m[1m^[22m[39m[31m[1m^[22m[39m[31m[1m^[22m[3
9m[31m[1m^[22m[39m[31m[1m^[22m[39m[31m[1m^[22m[39m[3
1m[1m^[22m[39m[31m[1m^[22m[39m[31m[1m^[22m[39m[31m[1
m^[22m[39m[31m[1m^[22m[39m[31m[1m^[22m[39m[31m[1m^[2
2m[39m[31m[1m^[22m[39m[31m[1m^[22m[39m[31m[1m^[22m[3
9m[31m[1m^[22m[39m[31m[1m^[22m[39m[31m[1m^[22m[39m[3
1m[1m^[22m[39m[31m[1m^[22m[39m[31m[1m^[22m[39m[31m[1
m^[22m[39m[31m[1m^[22m[39m[31m[1m^[22m[39m[31m[1m^[2
2m[39m[31m[1m^[22m[39m[31m[1m^[22m[39m[31m[1m^[22m[3
9m[31m[1m^[22m[39m[31m[1m^[22m[39m[31m[1m^[22m[39m[3
1m[1m^[22m[39m[31m[1m^[22m[39m[31m[1m^[22m[39m[31m[1
m^[22m[39m[31m[1m^[22m[39m[31m[1m^[22m[39m[31m[1m^[2
2m[39m[31m[1m^[22m[39m
 [90m 24 |[39m [36mimport[39m { toast } [36mfrom[39m 
[32m"sonner"[39m[33m;[39m
 [90m 25 |[39m [36mimport[39m { useParams } [36mfrom[39m 
[32m"next/navigation"[39m[33m;[39m
 [90m 26 |[39m[0m



https://nextjs.org/docs/messages/module-not-found


./src/app/[locale]/layout.tsx:12:1
Module not found: Can't resolve '@/lib/fetch-methods'
[0m [90m 10 |[39m [36mimport[39m { [33mToaster[39m } 
[36mfrom[39m [32m"sonner"[39m[33m;[39m
 [90m 11 |[39m [36mimport[39m [33mUserContextProvider[39m 
[36mfrom[39m [32m"@/context/user-context"[39m[33m;[39m
[31m[1m>[22m[39m[90m 12 |[39m [36mimport[39m { getData } 
[36mfrom[39m [32m"@/lib/fetch-methods"[39m[33m;[39m
 [90m    |[39m [31m[1m^[22m[39m[31m[1m^[22m[39m[31m[1
m^[22m[39m[31m[1m^[22m[39m[31m[1m^[22m[39m[31m[1m^[2
2m[39m[31m[1m^[22m[39m[31m[1m^[22m[39m[31m[1m^[22m[3
9m[31m[1m^[22m[39m[31m[1m^[22m[39m[31m[1m^[22m[39m[3
1m[1m^[22m[39m[31m[1m^[22m[39m[31m[1m^[22m[39m[31m[1
m^[22m[39m[31m[1m^[22m[39m[31m[1m^[22m[39m[31m[1m^[2
2m[39m[31m[1m^[22m[39m[31m[1m^[22m[39m[31m[1m^[22m[3
9m[31m[1m^[22m[39m[31m[1m^[22m[39m[31m[1m^[22m[39m[3
1m[1m^[22m[39m[31m[1m^[22m[39m[31m[1m^[22m[39m[31m[1
m^[22m[39m[31m[1m^[22m[39m[31m[1m^[22m[39m[31m[1m^[2
2m[39m[31m[1m^[22m[39m[31m[1m^[22m[39m[31m[1m^[22m[3
9m[31m[1m^[22m[39m[31m[1m^[22m[39m[31m[1m^[22m[39m[3
1m[1m^[22m[39m[31m[1m^[22m[39m[31m[1m^[22m[39m[31m[1
m^[22m[39m[31m[1m^[22m[39m[31m[1m^[22m[39m[31m[1m^[2
2m[39m[31m[1m^[22m[39m
 [90m 13 |[39m [36mimport[39m { getSettings } [36mfrom[39m 
[32m"@/lib/settings-actions"[39m[33m;[39m
 [90m 14 |[39m
 [90m 15 |[39m [36mconst[39m alexandria [33m=[39m 
[33mAlexandria[39m({[0m



https://nextjs.org/docs/messages/module-not-found


./src/app/[locale]/layout.tsx:12:1
Module not found: Can't resolve '@/lib/fetch-methods'
[0m [90m 10 |[39m [36mimport[39m { [33mToaster[39m } 
[36mfrom[39m [32m"sonner"[39m[33m;[39m
 [90m 11 |[39m [36mimport[39m [33mUserContextProvider[39m 
[36mfrom[39m [32m"@/context/user-context"[39m[33m;[39m
[31m[1m>[22m[39m[90m 12 |[39m [36mimport[39m { getData } 
[36mfrom[39m [32m"@/lib/fetch-methods"[39m[33m;[39m
 [90m    |[39m [31m[1m^[22m[39m[31m[1m^[22m[39m[31m[1
m^[22m[39m[31m[1m^[22m[39m[31m[1m^[22m[39m[31m[1m^[2
2m[39m[31m[1m^[22m[39m[31m[1m^[22m[39m[31m[1m^[22m[3
9m[31m[1m^[22m[39m[31m[1m^[22m[39m[31m[1m^[22m[39m[3
1m[1m^[22m[39m[31m[1m^[22m[39m[31m[1m^[22m[39m[31m[1
m^[22m[39m[31m[1m^[22m[39m[31m[1m^[22m[39m[31m[1m^[2
2m[39m[31m[1m^[22m[39m[31m[1m^[22m[39m[31m[1m^[22m[3
9m[31m[1m^[22m[39m[31m[1m^[22m[39m[31m[1m^[22m[39m[3
1m[1m^[22m[39m[31m[1m^[22m[39m[31m[1m^[22m[39m[31m[1
m^[22m[39m[31m[1m^[22m[39m[31m[1m^[22m[39m[31m[1m^[2
2m[39m[31m[1m^[22m[39m[31m[1m^[22m[39m[31m[1m^[22m[3
9m[31m[1m^[22m[39m[31m[1m^[22m[39m[31m[1m^[22m[39m[3
1m[1m^[22m[39m[31m[1m^[22m[39m[31m[1m^[22m[39m[31m[1
m^[22m[39m[31m[1m^[22m[39m[31m[1m^[22m[39m[31m[1m^[2
2m[39m[31m[1m^[22m[39m
 [90m 13 |[39m [36mimport[39m { getSettings } [36mfrom[39m 
[32m"@/lib/settings-actions"[39m[33m;[39m
 [90m 14 |[39m
 [90m 15 |[39m [36mconst[39m alexandria [33m=[39m 
[33mAlexandria[39m({[0m



https://nextjs.org/docs/messages/module-not-found


./src/app/[locale]/offers/page.tsx:3:1
Module not found: Can't resolve '@/lib/fetch-methods'
[0m [90m 1 |[39m [36mimport[39m [33mCustomBreadcrumbs[39m 
[36mfrom[39m 
[32m"@/components/shared/custom-breadcrumbs"[39m[33m;[39m
 [90m 2 |[39m [36mimport[39m [33mOfferCard[39m 
[36mfrom[39m 
[32m"@/components/shared/offer-card"[39m[33m;[39m
[31m[1m>[22m[39m[90m 3 |[39m [36mimport[39m { getData } 
[36mfrom[39m [32m"@/lib/fetch-methods"[39m[33m;[39m
 [90m   |[39m [31m[1m^[22m[39m[31m[1m^[22m[39m[31m[1m
^[22m[39m[31m[1m^[22m[39m[31m[1m^[22m[39m[31m[1m^[22
m[39m[31m[1m^[22m[39m[31m[1m^[22m[39m[31m[1m^[22m[39
m[31m[1m^[22m[39m[31m[1m^[22m[39m[31m[1m^[22m[39m[31
m[1m^[22m[39m[31m[1m^[22m[39m[31m[1m^[22m[39m[31m[1m
^[22m[39m[31m[1m^[22m[39m[31m[1m^[22m[39m[31m[1m^[22
m[39m[31m[1m^[22m[39m[31m[1m^[22m[39m[31m[1m^[22m[39
m[31m[1m^[22m[39m[31m[1m^[22m[39m[31m[1m^[22m[39m[31
m[1m^[22m[39m[31m[1m^[22m[39m[31m[1m^[22m[39m[31m[1m
^[22m[39m[31m[1m^[22m[39m[31m[1m^[22m[39m[31m[1m^[22
m[39m[31m[1m^[22m[39m[31m[1m^[22m[39m[31m[1m^[22m[39
m[31m[1m^[22m[39m[31m[1m^[22m[39m[31m[1m^[22m[39m[31
m[1m^[22m[39m[31m[1m^[22m[39m[31m[1m^[22m[39m[31m[1m
^[22m[39m[31m[1m^[22m[39m[31m[1m^[22m[39m[31m[1m^[22
m[39m[31m[1m^[22m[39m
 [90m 4 |[39m [36mimport[39m [33mReact[39m [36mfrom[39m 
[32m"react"[39m[33m;[39m
 [90m 5 |[39m [36mimport[39m { getTranslations } 
[36mfrom[39m [32m"next-intl/server"[39m[33m;[39m
 [90m 6 |[39m[0m



https://nextjs.org/docs/messages/module-not-found


./src/app/[locale]/offers/page.tsx:3:1
Module not found: Can't resolve '@/lib/fetch-methods'
[0m [90m 1 |[39m [36mimport[39m [33mCustomBreadcrumbs[39m 
[36mfrom[39m 
[32m"@/components/shared/custom-breadcrumbs"[39m[33m;[39m
 [90m 2 |[39m [36mimport[39m [33mOfferCard[39m 
[36mfrom[39m 
[32m"@/components/shared/offer-card"[39m[33m;[39m
[31m[1m>[22m[39m[90m 3 |[39m [36mimport[39m { getData } 
[36mfrom[39m [32m"@/lib/fetch-methods"[39m[33m;[39m
 [90m   |[39m [31m[1m^[22m[39m[31m[1m^[22m[39m[31m[1m
^[22m[39m[31m[1m^[22m[39m[31m[1m^[22m[39m[31m[1m^[22
m[39m[31m[1m^[22m[39m[31m[1m^[22m[39m[31m[1m^[22m[39
m[31m[1m^[22m[39m[31m[1m^[22m[39m[31m[1m^[22m[39m[31
m[1m^[22m[39m[31m[1m^[22m[39m[31m[1m^[22m[39m[31m[1m
^[22m[39m[31m[1m^[22m[39m[31m[1m^[22m[39m[31m[1m^[22
m[39m[31m[1m^[22m[39m[31m[1m^[22m[39m[31m[1m^[22m[39
m[31m[1m^[22m[39m[31m[1m^[22m[39m[31m[1m^[22m[39m[31
m[1m^[22m[39m[31m[1m^[22m[39m[31m[1m^[22m[39m[31m[1m
^[22m[39m[31m[1m^[22m[39m[31m[1m^[22m[39m[31m[1m^[22
m[39m[31m[1m^[22m[39m[31m[1m^[22m[39m[31m[1m^[22m[39
m[31m[1m^[22m[39m[31m[1m^[22m[39m[31m[1m^[22m[39m[31
m[1m^[22m[39m[31m[1m^[22m[39m[31m[1m^[22m[39m[31m[1m
^[22m[39m[31m[1m^[22m[39m[31m[1m^[22m[39m[31m[1m^[22
m[39m[31m[1m^[22m[39m
 [90m 4 |[39m [36mimport[39m [33mReact[39m [36mfrom[39m 
[32m"react"[39m[33m;[39m
 [90m 5 |[39m [36mimport[39m { getTranslations } 
[36mfrom[39m [32m"next-intl/server"[39m[33m;[39m
 [90m 6 |[39m[0m



https://nextjs.org/docs/messages/module-not-found


./src/app/[locale]/page.tsx:9:1
Module not found: Can't resolve '@/lib/fetch-methods'
[0m [90m  7 |[39m [36mimport[39m 
[33mStateFilterSection[39m [36mfrom[39m 
[32m"@/components/home/state-filter"[39m[33m;[39m
 [90m  8 |[39m [36mimport[39m [33mStatesSection[39m 
[36mfrom[39m 
[32m"@/components/home/states-section"[39m[33m;[39m
[31m[1m>[22m[39m[90m  9 |[39m [36mimport[39m { getData } 
[36mfrom[39m [32m"@/lib/fetch-methods"[39m[33m;[39m
 [90m    |[39m [31m[1m^[22m[39m[31m[1m^[22m[39m[31m[1
m^[22m[39m[31m[1m^[22m[39m[31m[1m^[22m[39m[31m[1m^[2
2m[39m[31m[1m^[22m[39m[31m[1m^[22m[39m[31m[1m^[22m[3
9m[31m[1m^[22m[39m[31m[1m^[22m[39m[31m[1m^[22m[39m[3
1m[1m^[22m[39m[31m[1m^[22m[39m[31m[1m^[22m[39m[31m[1
m^[22m[39m[31m[1m^[22m[39m[31m[1m^[22m[39m[31m[1m^[2
2m[39m[31m[1m^[22m[39m[31m[1m^[22m[39m[31m[1m^[22m[3
9m[31m[1m^[22m[39m[31m[1m^[22m[39m[31m[1m^[22m[39m[3
1m[1m^[22m[39m[31m[1m^[22m[39m[31m[1m^[22m[39m[31m[1
m^[22m[39m[31m[1m^[22m[39m[31m[1m^[22m[39m[31m[1m^[2
2m[39m[31m[1m^[22m[39m[31m[1m^[22m[39m[31m[1m^[22m[3
9m[31m[1m^[22m[39m[31m[1m^[22m[39m[31m[1m^[22m[39m[3
1m[1m^[22m[39m[31m[1m^[22m[39m[31m[1m^[22m[39m[31m[1
m^[22m[39m[31m[1m^[22m[39m[31m[1m^[22m[39m[31m[1m^[2
2m[39m[31m[1m^[22m[39m
 [90m 10 |[39m [36mimport[39m { getSettings } [36mfrom[39m 
[32m"@/lib/settings-actions"[39m[33m;[39m
 [90m 11 |[39m
 [90m 12 |[39m [36mexport[39m [36mdefault[39m 
[36masync[39m [36mfunction[39m [33mHome[39m() {[0m



https://nextjs.org/docs/messages/module-not-found


./src/app/[locale]/page.tsx:9:1
Module not found: Can't resolve '@/lib/fetch-methods'
[0m [90m  7 |[39m [36mimport[39m 
[33mStateFilterSection[39m [36mfrom[39m 
[32m"@/components/home/state-filter"[39m[33m;[39m
 [90m  8 |[39m [36mimport[39m [33mStatesSection[39m 
[36mfrom[39m 
[32m"@/components/home/states-section"[39m[33m;[39m
[31m[1m>[22m[39m[90m  9 |[39m [36mimport[39m { getData } 
[36mfrom[39m [32m"@/lib/fetch-methods"[39m[33m;[39m
 [90m    |[39m [31m[1m^[22m[39m[31m[1m^[22m[39m[31m[1
m^[22m[39m[31m[1m^[22m[39m[31m[1m^[22m[39m[31m[1m^[2
2m[39m[31m[1m^[22m[39m[31m[1m^[22m[39m[31m[1m^[22m[3
9m[31m[1m^[22m[39m[31m[1m^[22m[39m[31m[1m^[22m[39m[3
1m[1m^[22m[39m[31m[1m^[22m[39m[31m[1m^[22m[39m[31m[1
m^[22m[39m[31m[1m^[22m[39m[31m[1m^[22m[39m[31m[1m^[2
2m[39m[31m[1m^[22m[39m[31m[1m^[22m[39m[31m[1m^[22m[3
9m[31m[1m^[22m[39m[31m[1m^[22m[39m[31m[1m^[22m[39m[3
1m[1m^[22m[39m[31m[1m^[22m[39m[31m[1m^[22m[39m[31m[1
m^[22m[39m[31m[1m^[22m[39m[31m[1m^[22m[39m[31m[1m^[2
2m[39m[31m[1m^[22m[39m[31m[1m^[22m[39m[31m[1m^[22m[3
9m[31m[1m^[22m[39m[31m[1m^[22m[39m[31m[1m^[22m[39m[3
1m[1m^[22m[39m[31m[1m^[22m[39m[31m[1m^[22m[39m[31m[1
m^[22m[39m[31m[1m^[22m[39m[31m[1m^[22m[39m[31m[1m^[2
2m[39m[31m[1m^[22m[39m
 [90m 10 |[39m [36mimport[39m { getSettings } [36mfrom[39m 
[32m"@/lib/settings-actions"[39m[33m;[39m
 [90m 11 |[39m
 [90m 12 |[39m [36mexport[39m [36mdefault[39m 
[36masync[39m [36mfunction[39m [33mHome[39m() {[0m



https://nextjs.org/docs/messages/module-not-found


./src/app/[locale]/partners/[id]/page.tsx:6:1
Module not found: Can't resolve '@/lib/fetch-methods'
[0m [90m 4 |[39m [36mimport[39m [33mImage[39m 
[36mfrom[39m [32m"next/image"[39m[33m;[39m
 [90m 5 |[39m [36mimport[39m [33mReact[39m [36mfrom[39m 
[32m"react"[39m[33m;[39m
[31m[1m>[22m[39m[90m 6 |[39m [36mimport[39m { getData } 
[36mfrom[39m [32m"@/lib/fetch-methods"[39m[33m;[39m
 [90m   |[39m [31m[1m^[22m[39m[31m[1m^[22m[39m[31m[1m
^[22m[39m[31m[1m^[22m[39m[31m[1m^[22m[39m[31m[1m^[22
m[39m[31m[1m^[22m[39m[31m[1m^[22m[39m[31m[1m^[22m[39
m[31m[1m^[22m[39m[31m[1m^[22m[39m[31m[1m^[22m[39m[31
m[1m^[22m[39m[31m[1m^[22m[39m[31m[1m^[22m[39m[31m[1m
^[22m[39m[31m[1m^[22m[39m[31m[1m^[22m[39m[31m[1m^[22
m[39m[31m[1m^[22m[39m[31m[1m^[22m[39m[31m[1m^[22m[39
m[31m[1m^[22m[39m[31m[1m^[22m[39m[31m[1m^[22m[39m[31
m[1m^[22m[39m[31m[1m^[22m[39m[31m[1m^[22m[39m[31m[1m
^[22m[39m[31m[1m^[22m[39m[31m[1m^[22m[39m[31m[1m^[22
m[39m[31m[1m^[22m[39m[31m[1m^[22m[39m[31m[1m^[22m[39
m[31m[1m^[22m[39m[31m[1m^[22m[39m[31m[1m^[22m[39m[31
m[1m^[22m[39m[31m[1m^[22m[39m[31m[1m^[22m[39m[31m[1m
^[22m[39m[31m[1m^[22m[39m[31m[1m^[22m[39m[31m[1m^[22
m[39m[31m[1m^[22m[39m
 [90m 7 |[39m [36mimport[39m { getTranslations } 
[36mfrom[39m [32m"next-intl/server"[39m[33m;[39m
 [90m 8 |[39m [36mimport[39m { notFound } [36mfrom[39m 
[32m"next/navigation"[39m[33m;[39m
 [90m 9 |[39m [36mimport[39m [33mMarkdown[39m 
[36mfrom[39m [32m"react-markdown"[39m[33m;[39m[0m



https://nextjs.org/docs/messages/module-not-found


./src/app/[locale]/partners/[id]/page.tsx:6:1
Module not found: Can't resolve '@/lib/fetch-methods'
[0m [90m 4 |[39m [36mimport[39m [33mImage[39m 
[36mfrom[39m [32m"next/image"[39m[33m;[39m
 [90m 5 |[39m [36mimport[39m [33mReact[39m [36mfrom[39m 
[32m"react"[39m[33m;[39m
[31m[1m>[22m[39m[90m 6 |[39m [36mimport[39m { getData } 
[36mfrom[39m [32m"@/lib/fetch-methods"[39m[33m;[39m
 [90m   |[39m [31m[1m^[22m[39m[31m[1m^[22m[39m[31m[1m
^[22m[39m[31m[1m^[22m[39m[31m[1m^[22m[39m[31m[1m^[22
m[39m[31m[1m^[22m[39m[31m[1m^[22m[39m[31m[1m^[22m[39
m[31m[1m^[22m[39m[31m[1m^[22m[39m[31m[1m^[22m[39m[31
m[1m^[22m[39m[31m[1m^[22m[39m[31m[1m^[22m[39m[31m[1m
^[22m[39m[31m[1m^[22m[39m[31m[1m^[22m[39m[31m[1m^[22
m[39m[31m[1m^[22m[39m[31m[1m^[22m[39m[31m[1m^[22m[39
m[31m[1m^[22m[39m[31m[1m^[22m[39m[31m[1m^[22m[39m[31
m[1m^[22m[39m[31m[1m^[22m[39m[31m[1m^[22m[39m[31m[1m
^[22m[39m[31m[1m^[22m[39m[31m[1m^[22m[39m[31m[1m^[22
m[39m[31m[1m^[22m[39m[31m[1m^[22m[39m[31m[1m^[22m[39
m[31m[1m^[22m[39m[31m[1m^[22m[39m[31m[1m^[22m[39m[31
m[1m^[22m[39m[31m[1m^[22m[39m[31m[1m^[22m[39m[31m[1m
^[22m[39m[31m[1m^[22m[39m[31m[1m^[22m[39m[31m[1m^[22
m[39m[31m[1m^[22m[39m
 [90m 7 |[39m [36mimport[39m { getTranslations } 
[36mfrom[39m [32m"next-intl/server"[39m[33m;[39m
 [90m 8 |[39m [36mimport[39m { notFound } [36mfrom[39m 
[32m"next/navigation"[39m[33m;[39m
 [90m 9 |[39m [36mimport[39m [33mMarkdown[39m 
[36mfrom[39m [32m"react-markdown"[39m[33m;[39m[0m



https://nextjs.org/docs/messages/module-not-found


./src/app/[locale]/partners/page.tsx:6:1
Module not found: Can't resolve '@/lib/fetch-methods'
[0m [90m 4 |[39m [36mimport[39m { [33mChevronRight[39m } 
[36mfrom[39m [32m"lucide-react"[39m[33m;[39m
 [90m 5 |[39m [36mimport[39m { getTranslations } 
[36mfrom[39m [32m"next-intl/server"[39m[33m;[39m
[31m[1m>[22m[39m[90m 6 |[39m [36mimport[39m { getData } 
[36mfrom[39m [32m"@/lib/fetch-methods"[39m[33m;[39m
 [90m   |[39m [31m[1m^[22m[39m[31m[1m^[22m[39m[31m[1m
^[22m[39m[31m[1m^[22m[39m[31m[1m^[22m[39m[31m[1m^[22
m[39m[31m[1m^[22m[39m[31m[1m^[22m[39m[31m[1m^[22m[39
m[31m[1m^[22m[39m[31m[1m^[22m[39m[31m[1m^[22m[39m[31
m[1m^[22m[39m[31m[1m^[22m[39m[31m[1m^[22m[39m[31m[1m
^[22m[39m[31m[1m^[22m[39m[31m[1m^[22m[39m[31m[1m^[22
m[39m[31m[1m^[22m[39m[31m[1m^[22m[39m[31m[1m^[22m[39
m[31m[1m^[22m[39m[31m[1m^[22m[39m[31m[1m^[22m[39m[31
m[1m^[22m[39m[31m[1m^[22m[39m[31m[1m^[22m[39m[31m[1m
^[22m[39m[31m[1m^[22m[39m[31m[1m^[22m[39m[31m[1m^[22
m[39m[31m[1m^[22m[39m[31m[1m^[22m[39m[31m[1m^[22m[39
m[31m[1m^[22m[39m[31m[1m^[22m[39m[31m[1m^[22m[39m[31
m[1m^[22m[39m[31m[1m^[22m[39m[31m[1m^[22m[39m[31m[1m
^[22m[39m[31m[1m^[22m[39m[31m[1m^[22m[39m[31m[1m^[22
m[39m[31m[1m^[22m[39m
 [90m 7 |[39m [36mimport[39m {
 [90m 8 |[39m   [33mAnimatedSection[39m[33m,[39m
 [90m 9 |[39m   [33mAnimatedItem[39m[33m,[39m[0m



https://nextjs.org/docs/messages/module-not-found


./src/app/[locale]/partners/page.tsx:6:1
Module not found: Can't resolve '@/lib/fetch-methods'
[0m [90m 4 |[39m [36mimport[39m { [33mChevronRight[39m } 
[36mfrom[39m [32m"lucide-react"[39m[33m;[39m
 [90m 5 |[39m [36mimport[39m { getTranslations } 
[36mfrom[39m [32m"next-intl/server"[39m[33m;[39m
[31m[1m>[22m[39m[90m 6 |[39m [36mimport[39m { getData } 
[36mfrom[39m [32m"@/lib/fetch-methods"[39m[33m;[39m
 [90m   |[39m [31m[1m^[22m[39m[31m[1m^[22m[39m[31m[1m
^[22m[39m[31m[1m^[22m[39m[31m[1m^[22m[39m[31m[1m^[22
m[39m[31m[1m^[22m[39m[31m[1m^[22m[39m[31m[1m^[22m[39
m[31m[1m^[22m[39m[31m[1m^[22m[39m[31m[1m^[22m[39m[31
m[1m^[22m[39m[31m[1m^[22m[39m[31m[1m^[22m[39m[31m[1m
^[22m[39m[31m[1m^[22m[39m[31m[1m^[22m[39m[31m[1m^[22
m[39m[31m[1m^[22m[39m[31m[1m^[22m[39m[31m[1m^[22m[39
m[31m[1m^[22m[39m[31m[1m^[22m[39m[31m[1m^[22m[39m[31
m[1m^[22m[39m[31m[1m^[22m[39m[31m[1m^[22m[39m[31m[1m
^[22m[39m[31m[1m^[22m[39m[31m[1m^[22m[39m[31m[1m^[22
m[39m[31m[1m^[22m[39m[31m[1m^[22m[39m[31m[1m^[22m[39
m[31m[1m^[22m[39m[31m[1m^[22m[39m[31m[1m^[22m[39m[31
m[1m^[22m[39m[31m[1m^[22m[39m[31m[1m^[22m[39m[31m[1m
^[22m[39m[31m[1m^[22m[39m[31m[1m^[22m[39m[31m[1m^[22
m[39m[31m[1m^[22m[39m
 [90m 7 |[39m [36mimport[39m {
 [90m 8 |[39m   [33mAnimatedSection[39m[33m,[39m
 [90m 9 |[39m   [33mAnimatedItem[39m[33m,[39m[0m



https://nextjs.org/docs/messages/module-not-found


./src/app/[locale]/user-manual/page.tsx:2:1
Module not found: Can't resolve '@/lib/fetch-methods'
[0m [90m 1 |[39m [36mimport[39m [33mCustomBreadcrumbs[39m 
[36mfrom[39m 
[32m"@/components/shared/custom-breadcrumbs"[39m[33m;[39m
[31m[1m>[22m[39m[90m 2 |[39m [36mimport[39m { getData } 
[36mfrom[39m [32m"@/lib/fetch-methods"[39m[33m;[39m
 [90m   |[39m [31m[1m^[22m[39m[31m[1m^[22m[39m[31m[1m
^[22m[39m[31m[1m^[22m[39m[31m[1m^[22m[39m[31m[1m^[22
m[39m[31m[1m^[22m[39m[31m[1m^[22m[39m[31m[1m^[22m[39
m[31m[1m^[22m[39m[31m[1m^[22m[39m[31m[1m^[22m[39m[31
m[1m^[22m[39m[31m[1m^[22m[39m[31m[1m^[22m[39m[31m[1m
^[22m[39m[31m[1m^[22m[39m[31m[1m^[22m[39m[31m[1m^[22
m[39m[31m[1m^[22m[39m[31m[1m^[22m[39m[31m[1m^[22m[39
m[31m[1m^[22m[39m[31m[1m^[22m[39m[31m[1m^[22m[39m[31
m[1m^[22m[39m[31m[1m^[22m[39m[31m[1m^[22m[39m[31m[1m
^[22m[39m[31m[1m^[22m[39m[31m[1m^[22m[39m[31m[1m^[22
m[39m[31m[1m^[22m[39m[31m[1m^[22m[39m[31m[1m^[22m[39
m[31m[1m^[22m[39m[31m[1m^[22m[39m[31m[1m^[22m[39m[31
m[1m^[22m[39m[31m[1m^[22m[39m[31m[1m^[22m[39m[31m[1m
^[22m[39m[31m[1m^[22m[39m[31m[1m^[22m[39m[31m[1m^[22
m[39m[31m[1m^[22m[39m
 [90m 3 |[39m [36mimport[39m [33mImage[39m [36mfrom[39m 
[32m"next/image"[39m[33m;[39m
 [90m 4 |[39m [36mimport[39m [33mReact[39m [36mfrom[39m 
[32m"react"[39m[33m;[39m
 [90m 5 |[39m[0m



https://nextjs.org/docs/messages/module-not-found


./src/app/[locale]/user-manual/page.tsx:2:1
Module not found: Can't resolve '@/lib/fetch-methods'
[0m [90m 1 |[39m [36mimport[39m [33mCustomBreadcrumbs[39m 
[36mfrom[39m 
[32m"@/components/shared/custom-breadcrumbs"[39m[33m;[39m
[31m[1m>[22m[39m[90m 2 |[39m [36mimport[39m { getData } 
[36mfrom[39m [32m"@/lib/fetch-methods"[39m[33m;[39m
 [90m   |[39m [31m[1m^[22m[39m[31m[1m^[22m[39m[31m[1m
^[22m[39m[31m[1m^[22m[39m[31m[1m^[22m[39m[31m[1m^[22
m[39m[31m[1m^[22m[39m[31m[1m^[22m[39m[31m[1m^[22m[39
m[31m[1m^[22m[39m[31m[1m^[22m[39m[31m[1m^[22m[39m[31
m[1m^[22m[39m[31m[1m^[22m[39m[31m[1m^[22m[39m[31m[1m
^[22m[39m[31m[1m^[22m[39m[31m[1m^[22m[39m[31m[1m^[22
m[39m[31m[1m^[22m[39m[31m[1m^[22m[39m[31m[1m^[22m[39
m[31m[1m^[22m[39m[31m[1m^[22m[39m[31m[1m^[22m[39m[31
m[1m^[22m[39m[31m[1m^[22m[39m[31m[1m^[22m[39m[31m[1m
^[22m[39m[31m[1m^[22m[39m[31m[1m^[22m[39m[31m[1m^[22
m[39m[31m[1m^[22m[39m[31m[1m^[22m[39m[31m[1m^[22m[39
m[31m[1m^[22m[39m[31m[1m^[22m[39m[31m[1m^[22m[39m[31
m[1m^[22m[39m[31m[1m^[22m[39m[31m[1m^[22m[39m[31m[1m
^[22m[39m[31m[1m^[22m[39m[31m[1m^[22m[39m[31m[1m^[22
m[39m[31m[1m^[22m[39m
 [90m 3 |[39m [36mimport[39m [33mImage[39m [36mfrom[39m 
[32m"next/image"[39m[33m;[39m
 [90m 4 |[39m [36mimport[39m [33mReact[39m [36mfrom[39m 
[32m"react"[39m[33m;[39m
 [90m 5 |[39m[0m



https://nextjs.org/docs/messages/module-not-found


./src/app/[locale]/estats/[slug]/page.tsx:21:1
Module not found: Can't resolve '@/lib/property-actions'
[0m [90m 19 |[39m [36mimport[39m [33mPropertyActions[39m 
[36mfrom[39m 
[32m"@/components/estates/property-actions"[39m[33m;[39m
 [90m 20 |[39m [36mimport[39m [33mPropertyReviews[39m 
[36mfrom[39m 
[32m"@/components/estates/property-reviews"[39m[33m;[39m
[31m[1m>[22m[39m[90m 21 |[39m [36mimport[39m {
 [90m    |[39m [31m[1m^[22m[39m[31m[1m^[22m[39m[31m[1
m^[22m[39m[31m[1m^[22m[39m[31m[1m^[22m[39m[31m[1m^[2
2m[39m[31m[1m^[22m[39m[31m[1m^[22m[39m
[31m[1m>[22m[39m[90m 22 |[39m   
getPropertyBySlug[33m,[39m
 [90m    |[39m [31m[1m^[22m[39m[31m[1m^[22m[39m[31m[1
m^[22m[39m[31m[1m^[22m[39m[31m[1m^[22m[39m[31m[1m^[2
2m[39m[31m[1m^[22m[39m[31m[1m^[22m[39m[31m[1m^[22m[3
9m[31m[1m^[22m[39m[31m[1m^[22m[39m[31m[1m^[22m[39m[3
1m[1m^[22m[39m[31m[1m^[22m[39m[31m[1m^[22m[39m[31m[1
m^[22m[39m[31m[1m^[22m[39m[31m[1m^[22m[39m[31m[1m^[2
2m[39m[31m[1m^[22m[39m
[31m[1m>[22m[39m[90m 23 |[39m   
getSimilarProperties[33m,[39m
 [90m    |[39m [31m[1m^[22m[39m[31m[1m^[22m[39m[31m[1
m^[22m[39m[31m[1m^[22m[39m[31m[1m^[22m[39m[31m[1m^[2
2m[39m[31m[1m^[22m[39m[31m[1m^[22m[39m[31m[1m^[22m[3
9m[31m[1m^[22m[39m[31m[1m^[22m[39m[31m[1m^[22m[39m[3
1m[1m^[22m[39m[31m[1m^[22m[39m[31m[1m^[22m[39m[31m[1
m^[22m[39m[31m[1m^[22m[39m[31m[1m^[22m[39m[31m[1m^[2
2m[39m[31m[1m^[22m[39m
[31m[1m>[22m[39m[90m 24 |[39m } [36mfrom[39m 
[32m"@/lib/property-actions"[39m[33m;[39m
 [90m    |[39m [31m[1m^[22m[39m[31m[1m^[22m[39m[31m[1
m^[22m[39m[31m[1m^[22m[39m[31m[1m^[22m[39m[31m[1m^[2
2m[39m[31m[1m^[22m[39m[31m[1m^[22m[39m[31m[1m^[22m[3
9m[31m[1m^[22m[39m[31m[1m^[22m[39m[31m[1m^[22m[39m[3
1m[1m^[22m[39m[31m[1m^[22m[39m[31m[1m^[22m[39m[31m[1
m^[22m[39m[31m[1m^[22m[39m[31m[1m^[22m[39m[31m[1m^[2
2m[39m[31m[1m^[22m[39m[31m[1m^[22m[39m[31m[1m^[22m[3
9m[31m[1m^[22m[39m[31m[1m^[22m[39m[31m[1m^[22m[39m[3
1m[1m^[22m[39m[31m[1m^[22m[39m[31m[1m^[22m[39m[31m[1
m^[22m[39m[31m[1m^[22m[39m[31m[1m^[22m[39m[31m[1m^[2
2m[39m[31m[1m^[22m[39m
 [90m 25 |[39m
 [90m 26 |[39m [36mexport[39m [36mdefault[39m 
[36masync[39m [36mfunction[39m [33mEstateSinglePage[39m({ 
params }) {
 [90m 27 |[39m   [90m// In Next.js 15, params is a Promise 
and must be awaited[39m[0m



https://nextjs.org/docs/messages/module-not-found


./src/app/[locale]/estats/[slug]/page.tsx:21:1
Module not found: Can't resolve '@/lib/property-actions'
[0m [90m 19 |[39m [36mimport[39m [33mPropertyActions[39m 
[36mfrom[39m 
[32m"@/components/estates/property-actions"[39m[33m;[39m
 [90m 20 |[39m [36mimport[39m [33mPropertyReviews[39m 
[36mfrom[39m 
[32m"@/components/estates/property-reviews"[39m[33m;[39m
[31m[1m>[22m[39m[90m 21 |[39m [36mimport[39m {
 [90m    |[39m [31m[1m^[22m[39m[31m[1m^[22m[39m[31m[1
m^[22m[39m[31m[1m^[22m[39m[31m[1m^[22m[39m[31m[1m^[2
2m[39m[31m[1m^[22m[39m[31m[1m^[22m[39m
[31m[1m>[22m[39m[90m 22 |[39m   
getPropertyBySlug[33m,[39m
 [90m    |[39m [31m[1m^[22m[39m[31m[1m^[22m[39m[31m[1
m^[22m[39m[31m[1m^[22m[39m[31m[1m^[22m[39m[31m[1m^[2
2m[39m[31m[1m^[22m[39m[31m[1m^[22m[39m[31m[1m^[22m[3
9m[31m[1m^[22m[39m[31m[1m^[22m[39m[31m[1m^[22m[39m[3
1m[1m^[22m[39m[31m[1m^[22m[39m[31m[1m^[22m[39m[31m[1
m^[22m[39m[31m[1m^[22m[39m[31m[1m^[22m[39m[31m[1m^[2
2m[39m[31m[1m^[22m[39m
[31m[1m>[22m[39m[90m 23 |[39m   
getSimilarProperties[33m,[39m
 [90m    |[39m [31m[1m^[22m[39m[31m[1m^[22m[39m[31m[1
m^[22m[39m[31m[1m^[22m[39m[31m[1m^[22m[39m[31m[1m^[2
2m[39m[31m[1m^[22m[39m[31m[1m^[22m[39m[31m[1m^[22m[3
9m[31m[1m^[22m[39m[31m[1m^[22m[39m[31m[1m^[22m[39m[3
1m[1m^[22m[39m[31m[1m^[22m[39m[31m[1m^[22m[39m[31m[1
m^[22m[39m[31m[1m^[22m[39m[31m[1m^[22m[39m[31m[1m^[2
2m[39m[31m[1m^[22m[39m
[31m[1m>[22m[39m[90m 24 |[39m } [36mfrom[39m 
[32m"@/lib/property-actions"[39m[33m;[39m
 [90m    |[39m [31m[1m^[22m[39m[31m[1m^[22m[39m[31m[1
m^[22m[39m[31m[1m^[22m[39m[31m[1m^[22m[39m[31m[1m^[2
2m[39m[31m[1m^[22m[39m[31m[1m^[22m[39m[31m[1m^[22m[3
9m[31m[1m^[22m[39m[31m[1m^[22m[39m[31m[1m^[22m[39m[3
1m[1m^[22m[39m[31m[1m^[22m[39m[31m[1m^[22m[39m[31m[1
m^[22m[39m[31m[1m^[22m[39m[31m[1m^[22m[39m[31m[1m^[2
2m[39m[31m[1m^[22m[39m[31m[1m^[22m[39m[31m[1m^[22m[3
9m[31m[1m^[22m[39m[31m[1m^[22m[39m[31m[1m^[22m[39m[3
1m[1m^[22m[39m[31m[1m^[22m[39m[31m[1m^[22m[39m[31m[1
m^[22m[39m[31m[1m^[22m[39m[31m[1m^[22m[39m[31m[1m^[2
2m[39m[31m[1m^[22m[39m
 [90m 25 |[39m
 [90m 26 |[39m [36mexport[39m [36mdefault[39m 
[36masync[39m [36mfunction[39m [33mEstateSinglePage[39m({ 
params }) {
 [90m 27 |[39m   [90m// In Next.js 15, params is a Promise 
and must be awaited[39m[0m



https://nextjs.org/docs/messages/module-not-found


./src/app/[locale]/estats/[slug]/page.tsx:21:1
Module not found: Can't resolve '@/lib/property-actions'
[0m [90m 19 |[39m [36mimport[39m [33mPropertyActions[39m 
[36mfrom[39m 
[32m"@/components/estates/property-actions"[39m[33m;[39m
 [90m 20 |[39m [36mimport[39m [33mPropertyReviews[39m 
[36mfrom[39m 
[32m"@/components/estates/property-reviews"[39m[33m;[39m
[31m[1m>[22m[39m[90m 21 |[39m [36mimport[39m {
 [90m    |[39m [31m[1m^[22m[39m[31m[1m^[22m[39m[31m[1
m^[22m[39m[31m[1m^[22m[39m[31m[1m^[22m[39m[31m[1m^[2
2m[39m[31m[1m^[22m[39m[31m[1m^[22m[39m
[31m[1m>[22m[39m[90m 22 |[39m   
getPropertyBySlug[33m,[39m
 [90m    |[39m [31m[1m^[22m[39m[31m[1m^[22m[39m[31m[1
m^[22m[39m[31m[1m^[22m[39m[31m[1m^[22m[39m[31m[1m^[2
2m[39m[31m[1m^[22m[39m[31m[1m^[22m[39m[31m[1m^[22m[3
9m[31m[1m^[22m[39m[31m[1m^[22m[39m[31m[1m^[22m[39m[3
1m[1m^[22m[39m[31m[1m^[22m[39m[31m[1m^[22m[39m[31m[1
m^[22m[39m[31m[1m^[22m[39m[31m[1m^[22m[39m[31m[1m^[2
2m[39m[31m[1m^[22m[39m
[31m[1m>[22m[39m[90m 23 |[39m   
getSimilarProperties[33m,[39m
 [90m    |[39m [31m[1m^[22m[39m[31m[1m^[22m[39m[31m[1
m^[22m[39m[31m[1m^[22m[39m[31m[1m^[22m[39m[31m[1m^[2
2m[39m[31m[1m^[22m[39m[31m[1m^[22m[39m[31m[1m^[22m[3
9m[31m[1m^[22m[39m[31m[1m^[22m[39m[31m[1m^[22m[39m[3
1m[1m^[22m[39m[31m[1m^[22m[39m[31m[1m^[22m[39m[31m[1
m^[22m[39m[31m[1m^[22m[39m[31m[1m^[22m[39m[31m[1m^[2
2m[39m[31m[1m^[22m[39m
[31m[1m>[22m[39m[90m 24 |[39m } [36mfrom[39m 
[32m"@/lib/property-actions"[39m[33m;[39m
 [90m    |[39m [31m[1m^[22m[39m[31m[1m^[22m[39m[31m[1
m^[22m[39m[31m[1m^[22m[39m[31m[1m^[22m[39m[31m[1m^[2
2m[39m[31m[1m^[22m[39m[31m[1m^[22m[39m[31m[1m^[22m[3
9m[31m[1m^[22m[39m[31m[1m^[22m[39m[31m[1m^[22m[39m[3
1m[1m^[22m[39m[31m[1m^[22m[39m[31m[1m^[22m[39m[31m[1
m^[22m[39m[31m[1m^[22m[39m[31m[1m^[22m[39m[31m[1m^[2
2m[39m[31m[1m^[22m[39m[31m[1m^[22m[39m[31m[1m^[22m[3
9m[31m[1m^[22m[39m[31m[1m^[22m[39m[31m[1m^[22m[39m[3
1m[1m^[22m[39m[31m[1m^[22m[39m[31m[1m^[22m[39m[31m[1
m^[22m[39m[31m[1m^[22m[39m[31m[1m^[22m[39m[31m[1m^[2
2m[39m[31m[1m^[22m[39m
 [90m 25 |[39m
 [90m 26 |[39m [36mexport[39m [36mdefault[39m 
[36masync[39m [36mfunction[39m [33mEstateSinglePage[39m({ 
params }) {
 [90m 27 |[39m   [90m// In Next.js 15, params is a Promise 
and must be awaited[39m[0m



https://nextjs.org/docs/messages/module-not-found


./src/app/[locale]/layout.tsx:13:1
Module not found: Can't resolve '@/lib/settings-actions'
[0m [90m 11 |[39m [36mimport[39m 
[33mUserContextProvider[39m [36mfrom[39m 
[32m"@/context/user-context"[39m[33m;[39m
 [90m 12 |[39m [36mimport[39m { getData } [36mfrom[39m 
[32m"@/lib/fetch-methods"[39m[33m;[39m
[31m[1m>[22m[39m[90m 13 |[39m [36mimport[39m { 
getSettings } [36mfrom[39m 
[32m"@/lib/settings-actions"[39m[33m;[39m
 [90m    |[39m [31m[1m^[22m[39m[31m[1m^[22m[39m[31m[1
m^[22m[39m[31m[1m^[22m[39m[31m[1m^[22m[39m[31m[1m^[2
2m[39m[31m[1m^[22m[39m[31m[1m^[22m[39m[31m[1m^[22m[3
9m[31m[1m^[22m[39m[31m[1m^[22m[39m[31m[1m^[22m[39m[3
1m[1m^[22m[39m[31m[1m^[22m[39m[31m[1m^[22m[39m[31m[1
m^[22m[39m[31m[1m^[22m[39m[31m[1m^[22m[39m[31m[1m^[2
2m[39m[31m[1m^[22m[39m[31m[1m^[22m[39m[31m[1m^[22m[3
9m[31m[1m^[22m[39m[31m[1m^[22m[39m[31m[1m^[22m[39m[3
1m[1m^[22m[39m[31m[1m^[22m[39m[31m[1m^[22m[39m[31m[1
m^[22m[39m[31m[1m^[22m[39m[31m[1m^[22m[39m[31m[1m^[2
2m[39m[31m[1m^[22m[39m[31m[1m^[22m[39m[31m[1m^[22m[3
9m[31m[1m^[22m[39m[31m[1m^[22m[39m[31m[1m^[22m[39m[3
1m[1m^[22m[39m[31m[1m^[22m[39m[31m[1m^[22m[39m[31m[1
m^[22m[39m[31m[1m^[22m[39m[31m[1m^[22m[39m[31m[1m^[2
2m[39m[31m[1m^[22m[39m[31m[1m^[22m[39m[31m[1m^[22m[3
9m[31m[1m^[22m[39m[31m[1m^[22m[39m[31m[1m^[22m[39m[3
1m[1m^[22m[39m[31m[1m^[22m[39m
 [90m 14 |[39m
 [90m 15 |[39m [36mconst[39m alexandria [33m=[39m 
[33mAlexandria[39m({
 [90m 16 |[39m   subsets[33m:[39m 
[[32m"latin"[39m][33m,[39m[0m



https://nextjs.org/docs/messages/module-not-found


./src/app/[locale]/layout.tsx:13:1
Module not found: Can't resolve '@/lib/settings-actions'
[0m [90m 11 |[39m [36mimport[39m 
[33mUserContextProvider[39m [36mfrom[39m 
[32m"@/context/user-context"[39m[33m;[39m
 [90m 12 |[39m [36mimport[39m { getData } [36mfrom[39m 
[32m"@/lib/fetch-methods"[39m[33m;[39m
[31m[1m>[22m[39m[90m 13 |[39m [36mimport[39m { 
getSettings } [36mfrom[39m 
[32m"@/lib/settings-actions"[39m[33m;[39m
 [90m    |[39m [31m[1m^[22m[39m[31m[1m^[22m[39m[31m[1
m^[22m[39m[31m[1m^[22m[39m[31m[1m^[22m[39m[31m[1m^[2
2m[39m[31m[1m^[22m[39m[31m[1m^[22m[39m[31m[1m^[22m[3
9m[31m[1m^[22m[39m[31m[1m^[22m[39m[31m[1m^[22m[39m[3
1m[1m^[22m[39m[31m[1m^[22m[39m[31m[1m^[22m[39m[31m[1
m^[22m[39m[31m[1m^[22m[39m[31m[1m^[22m[39m[31m[1m^[2
2m[39m[31m[1m^[22m[39m[31m[1m^[22m[39m[31m[1m^[22m[3
9m[31m[1m^[22m[39m[31m[1m^[22m[39m[31m[1m^[22m[39m[3
1m[1m^[22m[39m[31m[1m^[22m[39m[31m[1m^[22m[39m[31m[1
m^[22m[39m[31m[1m^[22m[39m[31m[1m^[22m[39m[31m[1m^[2
2m[39m[31m[1m^[22m[39m[31m[1m^[22m[39m[31m[1m^[22m[3
9m[31m[1m^[22m[39m[31m[1m^[22m[39m[31m[1m^[22m[39m[3
1m[1m^[22m[39m[31m[1m^[22m[39m[31m[1m^[22m[39m[31m[1
m^[22m[39m[31m[1m^[22m[39m[31m[1m^[22m[39m[31m[1m^[2
2m[39m[31m[1m^[22m[39m[31m[1m^[22m[39m[31m[1m^[22m[3
9m[31m[1m^[22m[39m[31m[1m^[22m[39m[31m[1m^[22m[39m[3
1m[1m^[22m[39m[31m[1m^[22m[39m
 [90m 14 |[39m
 [90m 15 |[39m [36mconst[39m alexandria [33m=[39m 
[33mAlexandria[39m({
 [90m 16 |[39m   subsets[33m:[39m 
[[32m"latin"[39m][33m,[39m[0m



https://nextjs.org/docs/messages/module-not-found


./src/app/[locale]/page.tsx:10:1
Module not found: Can't resolve '@/lib/settings-actions'
[0m [90m  8 |[39m [36mimport[39m [33mStatesSection[39m 
[36mfrom[39m 
[32m"@/components/home/states-section"[39m[33m;[39m
 [90m  9 |[39m [36mimport[39m { getData } [36mfrom[39m 
[32m"@/lib/fetch-methods"[39m[33m;[39m
[31m[1m>[22m[39m[90m 10 |[39m [36mimport[39m { 
getSettings } [36mfrom[39m 
[32m"@/lib/settings-actions"[39m[33m;[39m
 [90m    |[39m [31m[1m^[22m[39m[31m[1m^[22m[39m[31m[1
m^[22m[39m[31m[1m^[22m[39m[31m[1m^[22m[39m[31m[1m^[2
2m[39m[31m[1m^[22m[39m[31m[1m^[22m[39m[31m[1m^[22m[3
9m[31m[1m^[22m[39m[31m[1m^[22m[39m[31m[1m^[22m[39m[3
1m[1m^[22m[39m[31m[1m^[22m[39m[31m[1m^[22m[39m[31m[1
m^[22m[39m[31m[1m^[22m[39m[31m[1m^[22m[39m[31m[1m^[2
2m[39m[31m[1m^[22m[39m[31m[1m^[22m[39m[31m[1m^[22m[3
9m[31m[1m^[22m[39m[31m[1m^[22m[39m[31m[1m^[22m[39m[3
1m[1m^[22m[39m[31m[1m^[22m[39m[31m[1m^[22m[39m[31m[1
m^[22m[39m[31m[1m^[22m[39m[31m[1m^[22m[39m[31m[1m^[2
2m[39m[31m[1m^[22m[39m[31m[1m^[22m[39m[31m[1m^[22m[3
9m[31m[1m^[22m[39m[31m[1m^[22m[39m[31m[1m^[22m[39m[3
1m[1m^[22m[39m[31m[1m^[22m[39m[31m[1m^[22m[39m[31m[1
m^[22m[39m[31m[1m^[22m[39m[31m[1m^[22m[39m[31m[1m^[2
2m[39m[31m[1m^[22m[39m[31m[1m^[22m[39m[31m[1m^[22m[3
9m[31m[1m^[22m[39m[31m[1m^[22m[39m[31m[1m^[22m[39m[3
1m[1m^[22m[39m[31m[1m^[22m[39m
 [90m 11 |[39m
 [90m 12 |[39m [36mexport[39m [36mdefault[39m 
[36masync[39m [36mfunction[39m [33mHome[39m() {
 [90m 13 |[39m   [36mlet[39m homeData [33m=[39m 
{}[33m;[39m[0m



https://nextjs.org/docs/messages/module-not-found


./src/app/[locale]/page.tsx:10:1
Module not found: Can't resolve '@/lib/settings-actions'
[0m [90m  8 |[39m [36mimport[39m [33mStatesSection[39m 
[36mfrom[39m 
[32m"@/components/home/states-section"[39m[33m;[39m
 [90m  9 |[39m [36mimport[39m { getData } [36mfrom[39m 
[32m"@/lib/fetch-methods"[39m[33m;[39m
[31m[1m>[22m[39m[90m 10 |[39m [36mimport[39m { 
getSettings } [36mfrom[39m 
[32m"@/lib/settings-actions"[39m[33m;[39m
 [90m    |[39m [31m[1m^[22m[39m[31m[1m^[22m[39m[31m[1
m^[22m[39m[31m[1m^[22m[39m[31m[1m^[22m[39m[31m[1m^[2
2m[39m[31m[1m^[22m[39m[31m[1m^[22m[39m[31m[1m^[22m[3
9m[31m[1m^[22m[39m[31m[1m^[22m[39m[31m[1m^[22m[39m[3
1m[1m^[22m[39m[31m[1m^[22m[39m[31m[1m^[22m[39m[31m[1
m^[22m[39m[31m[1m^[22m[39m[31m[1m^[22m[39m[31m[1m^[2
2m[39m[31m[1m^[22m[39m[31m[1m^[22m[39m[31m[1m^[22m[3
9m[31m[1m^[22m[39m[31m[1m^[22m[39m[31m[1m^[22m[39m[3
1m[1m^[22m[39m[31m[1m^[22m[39m[31m[1m^[22m[39m[31m[1
m^[22m[39m[31m[1m^[22m[39m[31m[1m^[22m[39m[31m[1m^[2
2m[39m[31m[1m^[22m[39m[31m[1m^[22m[39m[31m[1m^[22m[3
9m[31m[1m^[22m[39m[31m[1m^[22m[39m[31m[1m^[22m[39m[3
1m[1m^[22m[39m[31m[1m^[22m[39m[31m[1m^[22m[39m[31m[1
m^[22m[39m[31m[1m^[22m[39m[31m[1m^[22m[39m[31m[1m^[2
2m[39m[31m[1m^[22m[39m[31m[1m^[22m[39m[31m[1m^[22m[3
9m[31m[1m^[22m[39m[31m[1m^[22m[39m[31m[1m^[22m[39m[3
1m[1m^[22m[39m[31m[1m^[22m[39m
 [90m 11 |[39m
 [90m 12 |[39m [36mexport[39m [36mdefault[39m 
[36masync[39m [36mfunction[39m [33mHome[39m() {
 [90m 13 |[39m   [36mlet[39m homeData [33m=[39m 
{}[33m;[39m[0m



https://nextjs.org/docs/messages/module-not-found


    at <unknown> (./src/app/[locale]/deals/page.tsx:19:1)
    at <unknown> 
(https://nextjs.org/docs/messages/module-not-found)
    at <unknown> (./src/app/[locale]/deals/page.tsx:19:1)
    at <unknown> 
(https://nextjs.org/docs/messages/module-not-found)
    at <unknown> (./src/app/[locale]/deals/page.tsx:19:1)
    at <unknown> 
(https://nextjs.org/docs/messages/module-not-found)
    at <unknown> (./src/app/[locale]/deals/page.tsx:19:1)
    at <unknown> 
(https://nextjs.org/docs/messages/module-not-found)
    at <unknown> (./src/app/[locale]/estats/[slug]/page.tsx:11:1)
    at <unknown> 
(https://nextjs.org/docs/messages/module-not-found)
    at <unknown> (./src/app/[locale]/estats/[slug]/page.tsx:11:1)
    at <unknown> 
(https://nextjs.org/docs/messages/module-not-found)
    at <unknown> 
(./src/app/[locale]/auth/forgot-password/page.tsx:1:1)
    at <unknown> 
(https://nextjs.org/docs/messages/module-not-found)
    at <unknown> 
(./src/app/[locale]/auth/forgot-password/page.tsx:1:1)
    at <unknown> 
(https://nextjs.org/docs/messages/module-not-found)
    at <unknown> (./src/app/[locale]/auth/login/page.tsx:3:1)
    at <unknown> 
(https://nextjs.org/docs/messages/module-not-found)
    at <unknown> (./src/app/[locale]/auth/login/page.tsx:3:1)
    at <unknown> 
(https://nextjs.org/docs/messages/module-not-found)
    at <unknown> 
(./src/app/[locale]/auth/new-password/page.tsx:5:1)
    at <unknown> 
(https://nextjs.org/docs/messages/module-not-found)
    at <unknown> 
(./src/app/[locale]/auth/new-password/page.tsx:5:1)
    at <unknown> 
(https://nextjs.org/docs/messages/module-not-found)
    at <unknown> 
(./src/app/[locale]/auth/verfiy-otp/page.tsx:4:1)
    at <unknown> 
(https://nextjs.org/docs/messages/module-not-found)
    at <unknown> 
(./src/app/[locale]/auth/verfiy-otp/page.tsx:4:1)
    at <unknown> 
(https://nextjs.org/docs/messages/module-not-found)
    at <unknown> 
(./src/app/[locale]/auth/reset-code/page.tsx:6:1)
    at <unknown> 
(https://nextjs.org/docs/messages/module-not-found)
    at <unknown> 
(./src/app/[locale]/auth/reset-code/page.tsx:6:1)
    at <unknown> 
(https://nextjs.org/docs/messages/module-not-found)
    at <unknown> (./src/app/[locale]/auth/sign-up/page.tsx:4:1)
    at <unknown> 
(https://nextjs.org/docs/messages/module-not-found)
    at <unknown> (./src/app/[locale]/auth/sign-up/page.tsx:4:1)
    at <unknown> 
(https://nextjs.org/docs/messages/module-not-found)
    at <unknown> (./src/app/[locale]/deals/page.tsx:17:1)
    at <unknown> 
(https://nextjs.org/docs/messages/module-not-found)
    at <unknown> (./src/app/[locale]/deals/page.tsx:17:1)
    at <unknown> 
(https://nextjs.org/docs/messages/module-not-found)
    at <unknown> (./src/app/[locale]/deals/page.tsx:17:1)
    at <unknown> 
(https://nextjs.org/docs/messages/module-not-found)
    at <unknown> (./src/app/[locale]/deals/page.tsx:17:1)
    at <unknown> 
(https://nextjs.org/docs/messages/module-not-found)
    at <unknown> (./src/app/[locale]/wishlist/page.tsx:1:1)
    at <unknown> 
(https://nextjs.org/docs/messages/module-not-found)
    at <unknown> (./src/app/[locale]/wishlist/page.tsx:1:1)
    at <unknown> 
(https://nextjs.org/docs/messages/module-not-found)
    at <unknown> (./src/app/[locale]/estats/page.tsx:6:1)
    at <unknown> 
(https://nextjs.org/docs/messages/module-not-found)
    at <unknown> (./src/app/[locale]/estats/page.tsx:6:1)
    at <unknown> 
(https://nextjs.org/docs/messages/module-not-found)
    at <unknown> (./src/app/[locale]/estats/page.tsx:6:1)
    at <unknown> 
(https://nextjs.org/docs/messages/module-not-found)
    at <unknown> (./src/app/[locale]/estats/page.tsx:6:1)
    at <unknown> 
(https://nextjs.org/docs/messages/module-not-found)
    at <unknown> (./src/app/[locale]/estats/page.tsx:7:1)
    at <unknown> 
(https://nextjs.org/docs/messages/module-not-found)
    at <unknown> (./src/app/[locale]/estats/page.tsx:7:1)
    at <unknown> 
(https://nextjs.org/docs/messages/module-not-found)
    at <unknown> (./src/app/[locale]/estats/page.tsx:7:1)
    at <unknown> 
(https://nextjs.org/docs/messages/module-not-found)
    at <unknown> (./src/app/[locale]/estats/page.tsx:7:1)
    at <unknown> 
(https://nextjs.org/docs/messages/module-not-found)
    at <unknown> (./src/app/[locale]/estats/[slug]/page.tsx:19:1)
    at <unknown> 
(https://nextjs.org/docs/messages/module-not-found)
    at <unknown> (./src/app/[locale]/estats/[slug]/page.tsx:19:1)
    at <unknown> 
(https://nextjs.org/docs/messages/module-not-found)
    at <unknown> (./src/app/[locale]/estats/[slug]/page.tsx:18:1)
    at <unknown> 
(https://nextjs.org/docs/messages/module-not-found)
    at <unknown> (./src/app/[locale]/estats/[slug]/page.tsx:18:1)
    at <unknown> 
(https://nextjs.org/docs/messages/module-not-found)
    at <unknown> (./src/app/[locale]/estats/[slug]/page.tsx:20:1)
    at <unknown> 
(https://nextjs.org/docs/messages/module-not-found)
    at <unknown> (./src/app/[locale]/estats/[slug]/page.tsx:20:1)
    at <unknown> 
(https://nextjs.org/docs/messages/module-not-found)
    at <unknown> (./src/app/[locale]/page.tsx:1:1)
    at <unknown> 
(https://nextjs.org/docs/messages/module-not-found)
    at <unknown> (./src/app/[locale]/page.tsx:1:1)
    at <unknown> 
(https://nextjs.org/docs/messages/module-not-found)
    at <unknown> (./src/app/[locale]/blogs/[id]/page.tsx:1:1)
    at <unknown> 
(https://nextjs.org/docs/messages/module-not-found)
    at <unknown> (./src/app/[locale]/blogs/[id]/page.tsx:1:1)
    at <unknown> 
(https://nextjs.org/docs/messages/module-not-found)
    at <unknown> (./src/app/[locale]/page.tsx:2:1)
    at <unknown> 
(https://nextjs.org/docs/messages/module-not-found)
    at <unknown> (./src/app/[locale]/page.tsx:2:1)
    at <unknown> 
(https://nextjs.org/docs/messages/module-not-found)
    at <unknown> (./src/app/[locale]/page.tsx:3:1)
    at <unknown> 
(https://nextjs.org/docs/messages/module-not-found)
    at <unknown> (./src/app/[locale]/page.tsx:3:1)
    at <unknown> 
(https://nextjs.org/docs/messages/module-not-found)
    at <unknown> (./src/app/[locale]/page.tsx:4:1)
    at <unknown> 
(https://nextjs.org/docs/messages/module-not-found)
    at <unknown> (./src/app/[locale]/page.tsx:4:1)
    at <unknown> 
(https://nextjs.org/docs/messages/module-not-found)
    at <unknown> (./src/app/[locale]/page.tsx:5:1)
    at <unknown> 
(https://nextjs.org/docs/messages/module-not-found)
    at <unknown> (./src/app/[locale]/page.tsx:5:1)
    at <unknown> 
(https://nextjs.org/docs/messages/module-not-found)
    at <unknown> (./src/app/[locale]/page.tsx:6:1)
    at <unknown> 
(https://nextjs.org/docs/messages/module-not-found)
    at <unknown> (./src/app/[locale]/page.tsx:6:1)
    at <unknown> 
(https://nextjs.org/docs/messages/module-not-found)
    at <unknown> (./src/app/[locale]/page.tsx:7:1)
    at <unknown> 
(https://nextjs.org/docs/messages/module-not-found)
    at <unknown> (./src/app/[locale]/page.tsx:7:1)
    at <unknown> 
(https://nextjs.org/docs/messages/module-not-found)
    at <unknown> (./src/app/[locale]/estats/[slug]/page.tsx:17:1)
    at <unknown> 
(https://nextjs.org/docs/messages/module-not-found)
    at <unknown> (./src/app/[locale]/estats/[slug]/page.tsx:17:1)
    at <unknown> 
(https://nextjs.org/docs/messages/module-not-found)
    at <unknown> (./src/app/[locale]/page.tsx:8:1)
    at <unknown> 
(https://nextjs.org/docs/messages/module-not-found)
    at <unknown> (./src/app/[locale]/page.tsx:8:1)
    at <unknown> 
(https://nextjs.org/docs/messages/module-not-found)
    at <unknown> (./src/app/[locale]/blogs/page.tsx:6:1)
    at <unknown> 
(https://nextjs.org/docs/messages/module-not-found)
    at <unknown> (./src/app/[locale]/blogs/page.tsx:6:1)
    at <unknown> 
(https://nextjs.org/docs/messages/module-not-found)
    at <unknown> (./src/app/[locale]/blogs/page.tsx:7:1)
    at <unknown> 
(https://nextjs.org/docs/messages/module-not-found)
    at <unknown> (./src/app/[locale]/blogs/page.tsx:7:1)
    at <unknown> 
(https://nextjs.org/docs/messages/module-not-found)
    at <unknown> (./src/app/[locale]/packages/page.tsx:5:1)
    at <unknown> 
(https://nextjs.org/docs/messages/module-not-found)
    at <unknown> (./src/app/[locale]/packages/page.tsx:5:1)
    at <unknown> 
(https://nextjs.org/docs/messages/module-not-found)
    at <unknown> (./src/app/[locale]/packages/page.tsx:5:1)
    at <unknown> 
(https://nextjs.org/docs/messages/module-not-found)
    at <unknown> (./src/app/[locale]/partners/page.tsx:7:1)
    at <unknown> 
(https://nextjs.org/docs/messages/module-not-found)
    at <unknown> (./src/app/[locale]/partners/page.tsx:7:1)
    at <unknown> 
(https://nextjs.org/docs/messages/module-not-found)
    at <unknown> (./src/app/[locale]/partners/page.tsx:7:1)
    at <unknown> 
(https://nextjs.org/docs/messages/module-not-found)
    at <unknown> (./src/app/[locale]/layout.tsx:9:1)
    at <unknown> 
(https://nextjs.org/docs/messages/module-not-found)
    at <unknown> (./src/app/[locale]/layout.tsx:9:1)
    at <unknown> 
(https://nextjs.org/docs/messages/module-not-found)
    at <unknown> (./src/app/[locale]/blogs/page.tsx:3:1)
    at <unknown> 
(https://nextjs.org/docs/messages/module-not-found)
    at <unknown> (./src/app/[locale]/blogs/page.tsx:3:1)
    at <unknown> 
(https://nextjs.org/docs/messages/module-not-found)
    at <unknown> (./src/app/[locale]/complaints/page.tsx:1:1)
    at <unknown> 
(https://nextjs.org/docs/messages/module-not-found)
    at <unknown> (./src/app/[locale]/complaints/page.tsx:1:1)
    at <unknown> 
(https://nextjs.org/docs/messages/module-not-found)
    at <unknown> (./src/app/[locale]/about-us/page.tsx:1:1)
    at <unknown> 
(https://nextjs.org/docs/messages/module-not-found)
    at <unknown> (./src/app/[locale]/about-us/page.tsx:1:1)
    at <unknown> 
(https://nextjs.org/docs/messages/module-not-found)
    at <unknown> 
(./src/app/[locale]/auth/forgot-password/page.tsx:2:1)
    at <unknown> 
(https://nextjs.org/docs/messages/module-not-found)
    at <unknown> 
(./src/app/[locale]/auth/forgot-password/page.tsx:2:1)
    at <unknown> 
(https://nextjs.org/docs/messages/module-not-found)
    at <unknown> (./src/app/[locale]/auth/login/page.tsx:4:1)
    at <unknown> 
(https://nextjs.org/docs/messages/module-not-found)
    at <unknown> (./src/app/[locale]/auth/login/page.tsx:4:1)
    at <unknown> 
(https://nextjs.org/docs/messages/module-not-found)
    at <unknown> 
(./src/app/[locale]/auth/new-password/page.tsx:4:1)
    at <unknown> 
(https://nextjs.org/docs/messages/module-not-found)
    at <unknown> 
(./src/app/[locale]/auth/new-password/page.tsx:4:1)
    at <unknown> 
(https://nextjs.org/docs/messages/module-not-found)
    at <unknown> 
(./src/app/[locale]/auth/reset-code/page.tsx:2:1)
    at <unknown> 
(https://nextjs.org/docs/messages/module-not-found)
    at <unknown> 
(./src/app/[locale]/auth/reset-code/page.tsx:2:1)
    at <unknown> 
(https://nextjs.org/docs/messages/module-not-found)
    at <unknown> (./src/app/[locale]/auth/sign-up/page.tsx:1:1)
    at <unknown> 
(https://nextjs.org/docs/messages/module-not-found)
    at <unknown> (./src/app/[locale]/auth/sign-up/page.tsx:1:1)
    at <unknown> 
(https://nextjs.org/docs/messages/module-not-found)
    at <unknown> 
(./src/app/[locale]/auth/verfiy-otp/page.tsx:2:1)
    at <unknown> 
(https://nextjs.org/docs/messages/module-not-found)
    at <unknown> 
(./src/app/[locale]/auth/verfiy-otp/page.tsx:2:1)
    at <unknown> 
(https://nextjs.org/docs/messages/module-not-found)
    at <unknown> (./src/app/[locale]/blogs/[id]/page.tsx:2:1)
    at <unknown> 
(https://nextjs.org/docs/messages/module-not-found)
    at <unknown> (./src/app/[locale]/blogs/[id]/page.tsx:2:1)
    at <unknown> 
(https://nextjs.org/docs/messages/module-not-found)
    at <unknown> (./src/app/[locale]/blogs/page.tsx:2:1)
    at <unknown> 
(https://nextjs.org/docs/messages/module-not-found)
    at <unknown> (./src/app/[locale]/blogs/page.tsx:2:1)
    at <unknown> 
(https://nextjs.org/docs/messages/module-not-found)
    at <unknown> (./src/app/[locale]/complaints/page.tsx:2:1)
    at <unknown> 
(https://nextjs.org/docs/messages/module-not-found)
    at <unknown> (./src/app/[locale]/complaints/page.tsx:2:1)
    at <unknown> 
(https://nextjs.org/docs/messages/module-not-found)
    at <unknown> (./src/app/[locale]/deals/[id]/page.tsx:2:1)
    at <unknown> 
(https://nextjs.org/docs/messages/module-not-found)
    at <unknown> (./src/app/[locale]/deals/[id]/page.tsx:2:1)
    at <unknown> 
(https://nextjs.org/docs/messages/module-not-found)
    at <unknown> (./src/app/[locale]/deals/[id]/page.tsx:2:1)
    at <unknown> 
(https://nextjs.org/docs/messages/module-not-found)
    at <unknown> (./src/app/[locale]/deals/[id]/page.tsx:2:1)
    at <unknown> 
(https://nextjs.org/docs/messages/module-not-found)
    at <unknown> (./src/app/[locale]/deals/page.tsx:2:1)
    at <unknown> 
(https://nextjs.org/docs/messages/module-not-found)
    at <unknown> (./src/app/[locale]/deals/page.tsx:2:1)
    at <unknown> 
(https://nextjs.org/docs/messages/module-not-found)
    at <unknown> (./src/app/[locale]/deals/page.tsx:2:1)
    at <unknown> 
(https://nextjs.org/docs/messages/module-not-found)
    at <unknown> (./src/app/[locale]/deals/page.tsx:2:1)
    at <unknown> 
(https://nextjs.org/docs/messages/module-not-found)
    at <unknown> (./src/app/[locale]/estats/[slug]/page.tsx:4:1)
    at <unknown> 
(https://nextjs.org/docs/messages/module-not-found)
    at <unknown> (./src/app/[locale]/estats/[slug]/page.tsx:4:1)
    at <unknown> 
(https://nextjs.org/docs/messages/module-not-found)
    at <unknown> (./src/app/[locale]/estats/page.tsx:5:1)
    at <unknown> 
(https://nextjs.org/docs/messages/module-not-found)
    at <unknown> (./src/app/[locale]/estats/page.tsx:5:1)
    at <unknown> 
(https://nextjs.org/docs/messages/module-not-found)
    at <unknown> (./src/app/[locale]/estats/page.tsx:5:1)
    at <unknown> 
(https://nextjs.org/docs/messages/module-not-found)
    at <unknown> (./src/app/[locale]/estats/page.tsx:5:1)
    at <unknown> 
(https://nextjs.org/docs/messages/module-not-found)
    at <unknown> (./src/app/[locale]/notifications/page.tsx:1:1)
    at <unknown> 
(https://nextjs.org/docs/messages/module-not-found)
    at <unknown> (./src/app/[locale]/notifications/page.tsx:1:1)
    at <unknown> 
(https://nextjs.org/docs/messages/module-not-found)
    at <unknown> (./src/app/[locale]/offers/page.tsx:1:1)
    at <unknown> 
(https://nextjs.org/docs/messages/module-not-found)
    at <unknown> (./src/app/[locale]/offers/page.tsx:1:1)
    at <unknown> 
(https://nextjs.org/docs/messages/module-not-found)
    at <unknown> (./src/app/[locale]/packages/page.tsx:1:1)
    at <unknown> 
(https://nextjs.org/docs/messages/module-not-found)
    at <unknown> (./src/app/[locale]/packages/page.tsx:1:1)
    at <unknown> 
(https://nextjs.org/docs/messages/module-not-found)
    at <unknown> (./src/app/[locale]/partners/[id]/page.tsx:2:1)
    at <unknown> 
(https://nextjs.org/docs/messages/module-not-found)
    at <unknown> (./src/app/[locale]/partners/[id]/page.tsx:2:1)
    at <unknown> 
(https://nextjs.org/docs/messages/module-not-found)
    at <unknown> (./src/app/[locale]/partners/page.tsx:1:1)
    at <unknown> 
(https://nextjs.org/docs/messages/module-not-found)
    at <unknown> (./src/app/[locale]/partners/page.tsx:1:1)
    at <unknown> 
(https://nextjs.org/docs/messages/module-not-found)
    at <unknown> (./src/app/[locale]/user-manual/page.tsx:1:1)
    at <unknown> 
(https://nextjs.org/docs/messages/module-not-found)
    at <unknown> (./src/app/[locale]/user-manual/page.tsx:1:1)
    at <unknown> 
(https://nextjs.org/docs/messages/module-not-found)
    at <unknown> (./src/app/[locale]/wishlist/page.tsx:2:1)
    at <unknown> 
(https://nextjs.org/docs/messages/module-not-found)
    at <unknown> (./src/app/[locale]/wishlist/page.tsx:2:1)
    at <unknown> 
(https://nextjs.org/docs/messages/module-not-found)
    at <unknown> (./src/app/[locale]/deals/page.tsx:18:1)
    at <unknown> 
(https://nextjs.org/docs/messages/module-not-found)
    at <unknown> (./src/app/[locale]/deals/page.tsx:18:1)
    at <unknown> 
(https://nextjs.org/docs/messages/module-not-found)
    at <unknown> (./src/app/[locale]/deals/page.tsx:18:1)
    at <unknown> 
(https://nextjs.org/docs/messages/module-not-found)
    at <unknown> (./src/app/[locale]/deals/page.tsx:18:1)
    at <unknown> 
(https://nextjs.org/docs/messages/module-not-found)
    at <unknown> (./src/app/[locale]/layout.tsx:7:1)
    at <unknown> 
(https://nextjs.org/docs/messages/module-not-found)
    at <unknown> (./src/app/[locale]/layout.tsx:7:1)
    at <unknown> 
(https://nextjs.org/docs/messages/module-not-found)
    at <unknown> (./src/app/[locale]/layout.tsx:8:1)
    at <unknown> 
(https://nextjs.org/docs/messages/module-not-found)
    at <unknown> (./src/app/[locale]/layout.tsx:8:1)
    at <unknown> 
(https://nextjs.org/docs/messages/module-not-found)
    at <unknown> (./src/app/[locale]/offers/page.tsx:2:1)
    at <unknown> 
(https://nextjs.org/docs/messages/module-not-found)
    at <unknown> (./src/app/[locale]/offers/page.tsx:2:1)
    at <unknown> 
(https://nextjs.org/docs/messages/module-not-found)
    at <unknown> (./src/app/[locale]/partners/page.tsx:2:1)
    at <unknown> 
(https://nextjs.org/docs/messages/module-not-found)
    at <unknown> (./src/app/[locale]/partners/page.tsx:2:1)
    at <unknown> 
(https://nextjs.org/docs/messages/module-not-found)
    at <unknown> (./src/app/[locale]/packages/page.tsx:2:1)
    at <unknown> 
(https://nextjs.org/docs/messages/module-not-found)
    at <unknown> (./src/app/[locale]/packages/page.tsx:2:1)
    at <unknown> 
(https://nextjs.org/docs/messages/module-not-found)
    at <unknown> (./src/app/[locale]/partners/page.tsx:3:1)
    at <unknown> 
(https://nextjs.org/docs/messages/module-not-found)
    at <unknown> (./src/app/[locale]/partners/page.tsx:3:1)
    at <unknown> 
(https://nextjs.org/docs/messages/module-not-found)
    at <unknown> (./src/app/[locale]/deals/[id]/page.tsx:3:1)
    at <unknown> 
(https://nextjs.org/docs/messages/module-not-found)
    at <unknown> (./src/app/[locale]/deals/[id]/page.tsx:3:1)
    at <unknown> 
(https://nextjs.org/docs/messages/module-not-found)
    at <unknown> (./src/app/[locale]/deals/[id]/page.tsx:3:1)
    at <unknown> 
(https://nextjs.org/docs/messages/module-not-found)
    at <unknown> (./src/app/[locale]/deals/[id]/page.tsx:3:1)
    at <unknown> 
(https://nextjs.org/docs/messages/module-not-found)
    at <unknown> (./src/app/[locale]/deals/[id]/page.tsx:3:1)
    at <unknown> 
(https://nextjs.org/docs/messages/module-not-found)
    at <unknown> (./src/app/[locale]/deals/[id]/page.tsx:3:1)
    at <unknown> 
(https://nextjs.org/docs/messages/module-not-found)
    at <unknown> (./src/app/[locale]/deals/page.tsx:9:1)
    at <unknown> 
(https://nextjs.org/docs/messages/module-not-found)
    at <unknown> (./src/app/[locale]/deals/page.tsx:9:1)
    at <unknown> 
(https://nextjs.org/docs/messages/module-not-found)
    at <unknown> (./src/app/[locale]/deals/page.tsx:9:1)
    at <unknown> 
(https://nextjs.org/docs/messages/module-not-found)
    at <unknown> (./src/app/[locale]/deals/page.tsx:9:1)
    at <unknown> 
(https://nextjs.org/docs/messages/module-not-found)
    at <unknown> (./src/app/[locale]/deals/page.tsx:9:1)
    at <unknown> 
(https://nextjs.org/docs/messages/module-not-found)
    at <unknown> (./src/app/[locale]/deals/page.tsx:9:1)
    at <unknown> 
(https://nextjs.org/docs/messages/module-not-found)
    at <unknown> (./src/app/[locale]/deals/page.tsx:9:1)
    at <unknown> 
(https://nextjs.org/docs/messages/module-not-found)
    at <unknown> (./src/app/[locale]/deals/page.tsx:9:1)
    at <unknown> 
(https://nextjs.org/docs/messages/module-not-found)
    at <unknown> (./src/app/[locale]/deals/page.tsx:9:1)
    at <unknown> 
(https://nextjs.org/docs/messages/module-not-found)
    at <unknown> (./src/app/[locale]/deals/page.tsx:9:1)
    at <unknown> 
(https://nextjs.org/docs/messages/module-not-found)
    at <unknown> (./src/app/[locale]/deals/page.tsx:9:1)
    at <unknown> 
(https://nextjs.org/docs/messages/module-not-found)
    at <unknown> (./src/app/[locale]/deals/page.tsx:9:1)
    at <unknown> 
(https://nextjs.org/docs/messages/module-not-found)
    at <unknown> (./src/app/[locale]/deals/page.tsx:4:1)
    at <unknown> 
(https://nextjs.org/docs/messages/module-not-found)
    at <unknown> (./src/app/[locale]/deals/page.tsx:4:1)
    at <unknown> 
(https://nextjs.org/docs/messages/module-not-found)
    at <unknown> (./src/app/[locale]/deals/page.tsx:4:1)
    at <unknown> 
(https://nextjs.org/docs/messages/module-not-found)
    at <unknown> (./src/app/[locale]/deals/page.tsx:4:1)
    at <unknown> 
(https://nextjs.org/docs/messages/module-not-found)
    at <unknown> (./src/app/[locale]/deals/page.tsx:4:1)
    at <unknown> 
(https://nextjs.org/docs/messages/module-not-found)
    at <unknown> (./src/app/[locale]/deals/page.tsx:4:1)
    at <unknown> 
(https://nextjs.org/docs/messages/module-not-found)
    at <unknown> (./src/app/[locale]/layout.tsx:11:1)
    at <unknown> 
(https://nextjs.org/docs/messages/module-not-found)
    at <unknown> (./src/app/[locale]/layout.tsx:11:1)
    at <unknown> 
(https://nextjs.org/docs/messages/module-not-found)
    at <unknown> (./src/app/[locale]/layout.tsx:3:1)
    at <unknown> 
(https://nextjs.org/docs/messages/module-not-found)
    at <unknown> (./src/app/[locale]/layout.tsx:3:1)
    at <unknown> 
(https://nextjs.org/docs/messages/module-not-found)
    at <unknown> (./src/app/[locale]/blogs/[id]/page.tsx:5:1)
    at <unknown> 
(https://nextjs.org/docs/messages/module-not-found)
    at <unknown> (./src/app/[locale]/blogs/[id]/page.tsx:5:1)
    at <unknown> 
(https://nextjs.org/docs/messages/module-not-found)
    at <unknown> (./src/app/[locale]/blogs/page.tsx:5:1)
    at <unknown> 
(https://nextjs.org/docs/messages/module-not-found)
    at <unknown> (./src/app/[locale]/blogs/page.tsx:5:1)
    at <unknown> 
(https://nextjs.org/docs/messages/module-not-found)
    at <unknown> (./src/app/[locale]/about-us/page.tsx:2:1)
    at <unknown> 
(https://nextjs.org/docs/messages/module-not-found)
    at <unknown> (./src/app/[locale]/about-us/page.tsx:2:1)
    at <unknown> 
(https://nextjs.org/docs/messages/module-not-found)
    at <unknown> (./src/app/[locale]/deals/[id]/page.tsx:23:1)
    at <unknown> 
(https://nextjs.org/docs/messages/module-not-found)
    at <unknown> (./src/app/[locale]/deals/[id]/page.tsx:23:1)
    at <unknown> 
(https://nextjs.org/docs/messages/module-not-found)
    at <unknown> (./src/app/[locale]/deals/[id]/page.tsx:23:1)
    at <unknown> 
(https://nextjs.org/docs/messages/module-not-found)
    at <unknown> (./src/app/[locale]/deals/[id]/page.tsx:23:1)
    at <unknown> 
(https://nextjs.org/docs/messages/module-not-found)
    at <unknown> (./src/app/[locale]/layout.tsx:12:1)
    at <unknown> 
(https://nextjs.org/docs/messages/module-not-found)
    at <unknown> (./src/app/[locale]/layout.tsx:12:1)
    at <unknown> 
(https://nextjs.org/docs/messages/module-not-found)
    at <unknown> (./src/app/[locale]/offers/page.tsx:3:1)
    at <unknown> 
(https://nextjs.org/docs/messages/module-not-found)
    at <unknown> (./src/app/[locale]/offers/page.tsx:3:1)
    at <unknown> 
(https://nextjs.org/docs/messages/module-not-found)
    at <unknown> (./src/app/[locale]/page.tsx:9:1)
    at <unknown> 
(https://nextjs.org/docs/messages/module-not-found)
    at <unknown> (./src/app/[locale]/page.tsx:9:1)
    at <unknown> 
(https://nextjs.org/docs/messages/module-not-found)
    at <unknown> (./src/app/[locale]/partners/[id]/page.tsx:6:1)
    at <unknown> 
(https://nextjs.org/docs/messages/module-not-found)
    at <unknown> (./src/app/[locale]/partners/[id]/page.tsx:6:1)
    at <unknown> 
(https://nextjs.org/docs/messages/module-not-found)
    at <unknown> (./src/app/[locale]/partners/page.tsx:6:1)
    at <unknown> 
(https://nextjs.org/docs/messages/module-not-found)
    at <unknown> (./src/app/[locale]/partners/page.tsx:6:1)
    at <unknown> 
(https://nextjs.org/docs/messages/module-not-found)
    at <unknown> (./src/app/[locale]/user-manual/page.tsx:2:1)
    at <unknown> 
(https://nextjs.org/docs/messages/module-not-found)
    at <unknown> (./src/app/[locale]/user-manual/page.tsx:2:1)
    at <unknown> 
(https://nextjs.org/docs/messages/module-not-found)
    at <unknown> (./src/app/[locale]/estats/[slug]/page.tsx:21:1)
    at <unknown> 
(https://nextjs.org/docs/messages/module-not-found)
    at <unknown> (./src/app/[locale]/estats/[slug]/page.tsx:21:1)
    at <unknown> 
(https://nextjs.org/docs/messages/module-not-found)
    at <unknown> (./src/app/[locale]/estats/[slug]/page.tsx:21:1)
    at <unknown> 
(https://nextjs.org/docs/messages/module-not-found)
    at <unknown> (./src/app/[locale]/layout.tsx:13:1)
    at <unknown> 
(https://nextjs.org/docs/messages/module-not-found)
    at <unknown> (./src/app/[locale]/layout.tsx:13:1)
    at <unknown> 
(https://nextjs.org/docs/messages/module-not-found)
    at <unknown> (./src/app/[locale]/page.tsx:10:1)
    at <unknown> 
(https://nextjs.org/docs/messages/module-not-found)
    at <unknown> (./src/app/[locale]/page.tsx:10:1)
    at <unknown> 
(https://nextjs.org/docs/messages/module-not-found)
